[0/2] Re-checking globbed directories...
[1/5] Building CXX object modules\zenith-core\CMakeFiles\ZenithDAW.dir\src\ui\skia\SkiaMainWindowIntegration.cpp.obj
FAILED: [code=2] modules/zenith-core/CMakeFiles/ZenithDAW.dir/src/ui/skia/SkiaMainWindowIntegration.cpp.obj 
C:\PROGRA~1\MICROS~2\18\COMMUN~1\VC\Tools\MSVC\1450~1.357\bin\Hostx64\x64\cl.exe  /nologo /TP -DJUCE_APP_VERSION=\"0.1.0\" -DJUCE_APP_VERSION_HEX=0x000100 -DJUCE_GLOBAL_MODULE_SETTINGS_INCLUDED=1 -DJUCE_MODULE_AVAILABLE_juce_audio_basics=1 -DJUCE_MODULE_AVAILABLE_juce_audio_devices=1 -DJUCE_MODULE_AVAILABLE_juce_audio_formats=1 -DJUCE_MODULE_AVAILABLE_juce_audio_processors=1 -DJUCE_MODULE_AVAILABLE_juce_audio_utils=1 -DJUCE_MODULE_AVAILABLE_juce_core=1 -DJUCE_MODULE_AVAILABLE_juce_data_structures=1 -DJUCE_MODULE_AVAILABLE_juce_dsp=1 -DJUCE_MODULE_AVAILABLE_juce_events=1 -DJUCE_MODULE_AVAILABLE_juce_graphics=1 -DJUCE_MODULE_AVAILABLE_juce_gui_basics=1 -DJUCE_MODULE_AVAILABLE_juce_gui_extra=1 -DJUCE_MODULE_AVAILABLE_juce_opengl=1 -DJUCE_PLUGINHOST_VST3=1 -DJUCE_PLUGINHOST_VST3_PLUGIN_EDITOR_SHOWS_BY_DEFAULT=0 -DJUCE_STANDALONE_APPLICATION=1 -DJUCE_STRICT_REFCOUNTEDPOINTER=1 -DJUCE_USE_CURL=0 -DJUCE_USE_FLAC=1 -DJUCE_USE_MP3AUDIOFORMAT=1 -DJUCE_USE_OGGVORBIS=1 -DJUCE_WEB_BROWSER=0 -DJucePlugin_Name="\"Zenith DAW\"" -DNDEBUG=1 -DSK_GL=1 -DZENITH_USE_SKIA=1 -D_NDEBUG=1 -IC:\zenith\daw\build\modules\zenith-core\ZenithDAW_artefacts\JuceLibraryCode -IC:\zenith\daw\modules\zenith-core\src\ui\skia -IC:\vcpkg\installed\x64-windows\include\skia -IC:\zenith\daw\modules\zenith-core\include -IC:\zenith\daw\modules\zenith-core\src -IC:\zenith\daw\modules\zenith-core\src\engine -IC:\zenith\daw\modules\zenith-core\src\ui -IC:\zenith\daw\modules\zenith-core\src\commands -IC:\zenith\daw\modules\zenith-core\src\network -IC:\zenith\daw\modules\zenith-core\src\instruments -IC:\zenith\daw\modules\zenith-core\src\rendering -IC:\zenith\daw\build\_deps\juce-src\modules -IC:\zenith\daw\build\_deps\juce-src\modules\juce_audio_processors\format_types\VST3_SDK -IC:\zenith\daw\build\_deps\juce-src\modules\juce_audio_processors\format_types\LV2_SDK -IC:\zenith\daw\build\_deps\juce-src\modules\juce_audio_processors\format_types\LV2_SDK\lv2 -IC:\zenith\daw\build\_deps\juce-src\modules\juce_audio_processors\format_types\LV2_SDK\serd -IC:\zenith\daw\build\_deps\juce-src\modules\juce_audio_processors\format_types\LV2_SDK\sord -IC:\zenith\daw\build\_deps\juce-src\modules\juce_audio_processors\format_types\LV2_SDK\sord\src -IC:\zenith\daw\build\_deps\juce-src\modules\juce_audio_processors\format_types\LV2_SDK\sratom -IC:\zenith\daw\build\_deps\juce-src\modules\juce_audio_processors\format_types\LV2_SDK\lilv -IC:\zenith\daw\build\_deps\juce-src\modules\juce_audio_processors\format_types\LV2_SDK\lilv\src /DWIN32 /D_WINDOWS /EHsc /O2 /Ob2 /DNDEBUG -std:c++20 -MT /W4 /wd4244 /wd4267 /wd4201 /wd4100 /wd4189 /wd4996 /bigobj /Ox /MP /EHsc -GL /showIncludes /Fomodules\zenith-core\CMakeFiles\ZenithDAW.dir\src\ui\skia\SkiaMainWindowIntegration.cpp.obj /Fdmodules\zenith-core\CMakeFiles\ZenithDAW.dir\ /FS -c C:\zenith\daw\modules\zenith-core\src\ui\skia\SkiaMainWindowIntegration.cpp
C:\zenith\daw\build\_deps\juce-src\modules\juce_core\system/juce_StandardHeader.h(62): fatal error C1083: Cannot open include file: 'algorithm': No such file or directory
[2/5] Building CXX object modules\zenith-core\CMakeFiles\ZenithDAW.dir\src\ui\skia\BottomBar.cpp.obj
FAILED: [code=2] modules/zenith-core/CMakeFiles/ZenithDAW.dir/src/ui/skia/BottomBar.cpp.obj 
C:\PROGRA~1\MICROS~2\18\COMMUN~1\VC\Tools\MSVC\1450~1.357\bin\Hostx64\x64\cl.exe  /nologo /TP -DJUCE_APP_VERSION=\"0.1.0\" -DJUCE_APP_VERSION_HEX=0x000100 -DJUCE_GLOBAL_MODULE_SETTINGS_INCLUDED=1 -DJUCE_MODULE_AVAILABLE_juce_audio_basics=1 -DJUCE_MODULE_AVAILABLE_juce_audio_devices=1 -DJUCE_MODULE_AVAILABLE_juce_audio_formats=1 -DJUCE_MODULE_AVAILABLE_juce_audio_processors=1 -DJUCE_MODULE_AVAILABLE_juce_audio_utils=1 -DJUCE_MODULE_AVAILABLE_juce_core=1 -DJUCE_MODULE_AVAILABLE_juce_data_structures=1 -DJUCE_MODULE_AVAILABLE_juce_dsp=1 -DJUCE_MODULE_AVAILABLE_juce_events=1 -DJUCE_MODULE_AVAILABLE_juce_graphics=1 -DJUCE_MODULE_AVAILABLE_juce_gui_basics=1 -DJUCE_MODULE_AVAILABLE_juce_gui_extra=1 -DJUCE_MODULE_AVAILABLE_juce_opengl=1 -DJUCE_PLUGINHOST_VST3=1 -DJUCE_PLUGINHOST_VST3_PLUGIN_EDITOR_SHOWS_BY_DEFAULT=0 -DJUCE_STANDALONE_APPLICATION=1 -DJUCE_STRICT_REFCOUNTEDPOINTER=1 -DJUCE_USE_CURL=0 -DJUCE_USE_FLAC=1 -DJUCE_USE_MP3AUDIOFORMAT=1 -DJUCE_USE_OGGVORBIS=1 -DJUCE_WEB_BROWSER=0 -DJucePlugin_Name="\"Zenith DAW\"" -DNDEBUG=1 -DSK_GL=1 -DZENITH_USE_SKIA=1 -D_NDEBUG=1 -IC:\zenith\daw\build\modules\zenith-core\ZenithDAW_artefacts\JuceLibraryCode -IC:\zenith\daw\modules\zenith-core\src\ui\skia -IC:\vcpkg\installed\x64-windows\include\skia -IC:\zenith\daw\modules\zenith-core\include -IC:\zenith\daw\modules\zenith-core\src -IC:\zenith\daw\modules\zenith-core\src\engine -IC:\zenith\daw\modules\zenith-core\src\ui -IC:\zenith\daw\modules\zenith-core\src\commands -IC:\zenith\daw\modules\zenith-core\src\network -IC:\zenith\daw\modules\zenith-core\src\instruments -IC:\zenith\daw\modules\zenith-core\src\rendering -IC:\zenith\daw\build\_deps\juce-src\modules -IC:\zenith\daw\build\_deps\juce-src\modules\juce_audio_processors\format_types\VST3_SDK -IC:\zenith\daw\build\_deps\juce-src\modules\juce_audio_processors\format_types\LV2_SDK -IC:\zenith\daw\build\_deps\juce-src\modules\juce_audio_processors\format_types\LV2_SDK\lv2 -IC:\zenith\daw\build\_deps\juce-src\modules\juce_audio_processors\format_types\LV2_SDK\serd -IC:\zenith\daw\build\_deps\juce-src\modules\juce_audio_processors\format_types\LV2_SDK\sord -IC:\zenith\daw\build\_deps\juce-src\modules\juce_audio_processors\format_types\LV2_SDK\sord\src -IC:\zenith\daw\build\_deps\juce-src\modules\juce_audio_processors\format_types\LV2_SDK\sratom -IC:\zenith\daw\build\_deps\juce-src\modules\juce_audio_processors\format_types\LV2_SDK\lilv -IC:\zenith\daw\build\_deps\juce-src\modules\juce_audio_processors\format_types\LV2_SDK\lilv\src /DWIN32 /D_WINDOWS /EHsc /O2 /Ob2 /DNDEBUG -std:c++20 -MT /W4 /wd4244 /wd4267 /wd4201 /wd4100 /wd4189 /wd4996 /bigobj /Ox /MP /EHsc -GL /showIncludes /Fomodules\zenith-core\CMakeFiles\ZenithDAW.dir\src\ui\skia\BottomBar.cpp.obj /Fdmodules\zenith-core\CMakeFiles\ZenithDAW.dir\ /FS -c C:\zenith\daw\modules\zenith-core\src\ui\skia\BottomBar.cpp
C:\zenith\daw\build\_deps\juce-src\modules\juce_core\system/juce_StandardHeader.h(62): fatal error C1083: Cannot open include file: 'algorithm': No such file or directory
[3/5] Building CXX object modules\zenith-core\CMakeFiles\ZenithDAW.dir\src\ui\MainLayoutComponent.cpp.obj
FAILED: [code=2] modules/zenith-core/CMakeFiles/ZenithDAW.dir/src/ui/MainLayoutComponent.cpp.obj 
C:\PROGRA~1\MICROS~2\18\COMMUN~1\VC\Tools\MSVC\1450~1.357\bin\Hostx64\x64\cl.exe  /nologo /TP -DJUCE_APP_VERSION=\"0.1.0\" -DJUCE_APP_VERSION_HEX=0x000100 -DJUCE_GLOBAL_MODULE_SETTINGS_INCLUDED=1 -DJUCE_MODULE_AVAILABLE_juce_audio_basics=1 -DJUCE_MODULE_AVAILABLE_juce_audio_devices=1 -DJUCE_MODULE_AVAILABLE_juce_audio_formats=1 -DJUCE_MODULE_AVAILABLE_juce_audio_processors=1 -DJUCE_MODULE_AVAILABLE_juce_audio_utils=1 -DJUCE_MODULE_AVAILABLE_juce_core=1 -DJUCE_MODULE_AVAILABLE_juce_data_structures=1 -DJUCE_MODULE_AVAILABLE_juce_dsp=1 -DJUCE_MODULE_AVAILABLE_juce_events=1 -DJUCE_MODULE_AVAILABLE_juce_graphics=1 -DJUCE_MODULE_AVAILABLE_juce_gui_basics=1 -DJUCE_MODULE_AVAILABLE_juce_gui_extra=1 -DJUCE_MODULE_AVAILABLE_juce_opengl=1 -DJUCE_PLUGINHOST_VST3=1 -DJUCE_PLUGINHOST_VST3_PLUGIN_EDITOR_SHOWS_BY_DEFAULT=0 -DJUCE_STANDALONE_APPLICATION=1 -DJUCE_STRICT_REFCOUNTEDPOINTER=1 -DJUCE_USE_CURL=0 -DJUCE_USE_FLAC=1 -DJUCE_USE_MP3AUDIOFORMAT=1 -DJUCE_USE_OGGVORBIS=1 -DJUCE_WEB_BROWSER=0 -DJucePlugin_Name="\"Zenith DAW\"" -DNDEBUG=1 -DSK_GL=1 -DZENITH_USE_SKIA=1 -D_NDEBUG=1 -IC:\zenith\daw\build\modules\zenith-core\ZenithDAW_artefacts\JuceLibraryCode -IC:\zenith\daw\modules\zenith-core\src\ui\skia -IC:\vcpkg\installed\x64-windows\include\skia -IC:\zenith\daw\modules\zenith-core\include -IC:\zenith\daw\modules\zenith-core\src -IC:\zenith\daw\modules\zenith-core\src\engine -IC:\zenith\daw\modules\zenith-core\src\ui -IC:\zenith\daw\modules\zenith-core\src\commands -IC:\zenith\daw\modules\zenith-core\src\network -IC:\zenith\daw\modules\zenith-core\src\instruments -IC:\zenith\daw\modules\zenith-core\src\rendering -IC:\zenith\daw\build\_deps\juce-src\modules -IC:\zenith\daw\build\_deps\juce-src\modules\juce_audio_processors\format_types\VST3_SDK -IC:\zenith\daw\build\_deps\juce-src\modules\juce_audio_processors\format_types\LV2_SDK -IC:\zenith\daw\build\_deps\juce-src\modules\juce_audio_processors\format_types\LV2_SDK\lv2 -IC:\zenith\daw\build\_deps\juce-src\modules\juce_audio_processors\format_types\LV2_SDK\serd -IC:\zenith\daw\build\_deps\juce-src\modules\juce_audio_processors\format_types\LV2_SDK\sord -IC:\zenith\daw\build\_deps\juce-src\modules\juce_audio_processors\format_types\LV2_SDK\sord\src -IC:\zenith\daw\build\_deps\juce-src\modules\juce_audio_processors\format_types\LV2_SDK\sratom -IC:\zenith\daw\build\_deps\juce-src\modules\juce_audio_processors\format_types\LV2_SDK\lilv -IC:\zenith\daw\build\_deps\juce-src\modules\juce_audio_processors\format_types\LV2_SDK\lilv\src /DWIN32 /D_WINDOWS /EHsc /O2 /Ob2 /DNDEBUG -std:c++20 -MT /W4 /wd4244 /wd4267 /wd4201 /wd4100 /wd4189 /wd4996 /bigobj /Ox /MP /EHsc -GL /showIncludes /Fomodules\zenith-core\CMakeFiles\ZenithDAW.dir\src\ui\MainLayoutComponent.cpp.obj /Fdmodules\zenith-core\CMakeFiles\ZenithDAW.dir\ /FS -c C:\zenith\daw\modules\zenith-core\src\ui\MainLayoutComponent.cpp
C:\zenith\daw\build\_deps\juce-src\modules\juce_core\system/juce_StandardHeader.h(62): fatal error C1083: Cannot open include file: 'algorithm': No such file or directory
ninja: build stopped: subcommand failed.
