MSBuild version 17.14.23+b0019275e for .NET Framework

  Checking File Globs
  InstrumentValidationTests_rc_lib.vcxproj -> C:\zenith\daw\build\modules\zenith-core\InstrumentValidationTests_rc_lib.dir\Release\InstrumentValidationTests_rc_lib.lib
  PresetRegressionTests_rc_lib.vcxproj -> C:\zenith\daw\build\modules\zenith-core\PresetRegressionTests_rc_lib.dir\Release\PresetRegressionTests_rc_lib.lib
  ProjectStateTests_rc_lib.vcxproj -> C:\zenith\daw\build\modules\zenith-core\ProjectStateTests_rc_lib.dir\Release\ProjectStateTests_rc_lib.lib
  RecordingAutomationTests_rc_lib.vcxproj -> C:\zenith\daw\build\modules\zenith-core\RecordingAutomationTests_rc_lib.dir\Release\RecordingAutomationTests_rc_lib.lib
  SkiaSimpleTest_rc_lib.vcxproj -> C:\zenith\daw\build\modules\zenith-core\SkiaSimpleTest_rc_lib.dir\Release\SkiaSimpleTest_rc_lib.lib
  TempoTests_rc_lib.vcxproj -> C:\zenith\daw\build\modules\zenith-core\TempoTests_rc_lib.dir\Release\TempoTests_rc_lib.lib
  TrackInstrumentIntegrationTests_rc_lib.vcxproj -> C:\zenith\daw\build\modules\zenith-core\TrackInstrumentIntegrationTests_rc_lib.dir\Release\TrackInstrumentIntegrationTests_rc_lib.lib
  ZenithDAW_rc_lib.vcxproj -> C:\zenith\daw\build\modules\zenith-core\ZenithDAW_rc_lib.dir\Release\ZenithDAW_rc_lib.lib
  InstrumentValidationTests.cpp
C:\zenith\daw\modules\zenith-core\tests\InstrumentValidationTests.cpp(29,10): error C1083: Cannot open include file: '../Source/instruments/InstrumentPreset.h': No such file or directory [C:\zenith\daw\build\modules\zenith-core\InstrumentValidationTests.vcxproj]
  PresetRegressionTests.cpp
C:\zenith\daw\modules\zenith-core\tests\PresetRegressionTests.cpp(34,10): error C1083: Cannot open include file: '../Source/instruments/InstrumentPreset.h': No such file or directory [C:\zenith\daw\build\modules\zenith-core\PresetRegressionTests.vcxproj]
  ProjectStateTests.vcxproj -> C:\zenith\daw\build\modules\zenith-core\ProjectStateTests_artefacts\Release\ProjectStateTests.exe
  RecordingAutomationTests.vcxproj -> C:\zenith\daw\build\modules\zenith-core\RecordingAutomationTests_artefacts\Release\RecordingAutomationTests.exe
  SkiaSimpleTest.vcxproj -> C:\zenith\daw\build\modules\zenith-core\SkiaSimpleTest_artefacts\Release\SkiaSimpleTest.exe
  TempoTests.vcxproj -> C:\zenith\daw\build\modules\zenith-core\TempoTests_artefacts\Release\TempoTests.exe
  TrackInstrumentIntegrationTests.cpp
C:\zenith\daw\modules\zenith-core\tests\TrackInstrumentIntegrationTests.cpp(22,10): error C1083: Cannot open include file: '../Source/engine/Track.h': No such file or directory [C:\zenith\daw\build\modules\zenith-core\TrackInstrumentIntegrationTests.vcxproj]
ZenithPolySynthUI.obj : error LNK2001: unresolved external symbol "private: void __cdecl zenith::ZenithPolySynthUI::refreshPresetList(void)" (?refreshPresetList@ZenithPolySynthUI@zenith@@AEAAXXZ) [C:\zenith\daw\build\modules\zenith-core\ZenithDAW.vcxproj]
ZenithPolySynthUI.obj : error LNK2001: unresolved external symbol "private: void __cdecl zenith::ZenithPolySynthUI::loadPrevPreset(void)" (?loadPrevPreset@ZenithPolySynthUI@zenith@@AEAAXXZ) [C:\zenith\daw\build\modules\zenith-core\ZenithDAW.vcxproj]
ZenithPolySynthUI.obj : error LNK2001: unresolved external symbol "private: void __cdecl zenith::ZenithPolySynthUI::loadNextPreset(void)" (?loadNextPreset@ZenithPolySynthUI@zenith@@AEAAXXZ) [C:\zenith\daw\build\modules\zenith-core\ZenithDAW.vcxproj]
ZenithPolySynthUI.obj : error LNK2001: unresolved external symbol "private: void __cdecl zenith::ZenithPolySynthUI::toggleLearningMode(void)" (?toggleLearningMode@ZenithPolySynthUI@zenith@@AEAAXXZ) [C:\zenith\daw\build\modules\zenith-core\ZenithDAW.vcxproj]
ZenithPolySynthUI.obj : error LNK2001: unresolved external symbol "private: void __cdecl zenith::ZenithPolySynthUI::toggleAdvancedMode(void)" (?toggleAdvancedMode@ZenithPolySynthUI@zenith@@AEAAXXZ) [C:\zenith\daw\build\modules\zenith-core\ZenithDAW.vcxproj]
ZenithPolySynthUI.obj : error LNK2001: unresolved external symbol "public: virtual void __cdecl zenith::ZenithPolySynthUI::openGLContextClosing(void)" (?openGLContextClosing@ZenithPolySynthUI@zenith@@UEAAXXZ) [C:\zenith\daw\build\modules\zenith-core\ZenithDAW.vcxproj]
ZenithPolySynthUI.obj : error LNK2001: unresolved external symbol "public: virtual void __cdecl zenith::ZenithPolySynthUI::newOpenGLContextCreated(void)" (?newOpenGLContextCreated@ZenithPolySynthUI@zenith@@UEAAXXZ) [C:\zenith\daw\build\modules\zenith-core\ZenithDAW.vcxproj]
ZenithPolySynthUI.obj : error LNK2001: unresolved external symbol "public: virtual __cdecl zenith::ZenithPolySynthUI::~ZenithPolySynthUI(void)" (??1ZenithPolySynthUI@zenith@@UEAA@XZ) [C:\zenith\daw\build\modules\zenith-core\ZenithDAW.vcxproj]
BottomBar.obj : error LNK2001: unresolved external symbol "public: __cdecl zenith::PianoKeyboardViewSkia::PianoKeyboardViewSkia(class juce::MidiKeyboardState &,enum juce::KeyboardComponentBase::Orientation)" (??0PianoKeyboardViewSkia@zenith@@QEAA@AEAVMidiKeyboardState@juce@@W4Orientation@KeyboardComponentBase@3@@Z) [C:\zenith\daw\build\modules\zenith-core\ZenithDAW.vcxproj]
MainLayoutComponent.obj : error LNK2001: unresolved external symbol "public: __cdecl ArrangementComponent::ArrangementComponent(class ProjectState &,class Engine &)" (??0ArrangementComponent@@QEAA@AEAVProjectState@@AEAVEngine@@@Z) [C:\zenith\daw\build\modules\zenith-core\ZenithDAW.vcxproj]
C:\zenith\daw\build\modules\zenith-core\ZenithDAW_artefacts\Release\Zenith DAW.exe : fatal error LNK1120: 10 unresolved externals [C:\zenith\daw\build\modules\zenith-core\ZenithDAW.vcxproj]
