MSBuild version 17.14.14+a129329f1 for .NET Framework

  Checking File Globs
  ZenithDAW_rc_lib.vcxproj -> C:\zenith\daw\build\zenith-core\ZenithDAW_rc_lib.dir\Release\ZenithDAW_rc_lib.lib
  MainWindow.cpp
C:\zenith\daw\zenith-core\include\MixerComponent.h(103,50): warning C4100: 'treeWhoseParentHasChanged': unreferenced parameter [C:\zenith\daw\build\zenith-core\ZenithDAW.vcxproj]
  (compiling source file '../../zenith-core/src/MainWindow.cpp')
  
C:\zenith\daw\zenith-core\include\MixerComponent.h(104,47): warning C4100: 'treeWhichHasBeenChanged': unreferenced parameter [C:\zenith\daw\build\zenith-core\ZenithDAW.vcxproj]
  (compiling source file '../../zenith-core/src/MainWindow.cpp')
  
C:\zenith\daw\zenith-core\Source\instruments\InstrumentMetadata.h(319,42): warning C4100: 'baseValue': unreferenced parameter [C:\zenith\daw\build\zenith-core\ZenithDAW.vcxproj]
  (compiling source file '../../zenith-core/src/MainWindow.cpp')
  
C:\zenith\daw\zenith-core\src\MainWindow.cpp(36,35): warning C4996: 'juce::Font::Font': Use the constructor that takes a FontOptions argument [C:\zenith\daw\build\zenith-core\ZenithDAW.vcxproj]
C:\zenith\daw\zenith-core\src\MainWindow.cpp(451,103): warning C4100: 'menuName': unreferenced parameter [C:\zenith\daw\build\zenith-core\ZenithDAW.vcxproj]
C:\Program Files\Microsoft Visual Studio\2022\Community\VC\Tools\MSVC\14.44.35207\include\memory(3630,35): error C2665: 'ArrangerComponent::ArrangerComponent': no overloaded function could convert all the argument types [C:\zenith\daw\build\zenith-core\ZenithDAW.vcxproj]
  (compiling source file '../../zenith-core/src/MainWindow.cpp')
      C:\zenith\daw\zenith-core\include\ArrangerComponent.h(230,5):
      could be 'ArrangerComponent::ArrangerComponent(const ArrangerComponent &)'
          C:\Program Files\Microsoft Visual Studio\2022\Community\VC\Tools\MSVC\14.44.35207\include\memory(3630,35):
          'ArrangerComponent::ArrangerComponent(const ArrangerComponent &)': cannot convert argument 1 from 'Engine' to 'const ArrangerComponent &'
              C:\Program Files\Microsoft Visual Studio\2022\Community\VC\Tools\MSVC\14.44.35207\include\memory(3630,56):
              Reason: cannot convert from 'Engine' to 'const ArrangerComponent'
              C:\Program Files\Microsoft Visual Studio\2022\Community\VC\Tools\MSVC\14.44.35207\include\memory(3630,56):
              No user-defined-conversion operator available that can perform this conversion, or the operator cannot be called
      C:\zenith\daw\zenith-core\include\ArrangerComponent.h(74,5):
      or       'ArrangerComponent::ArrangerComponent(ProjectState &)'
          C:\Program Files\Microsoft Visual Studio\2022\Community\VC\Tools\MSVC\14.44.35207\include\memory(3630,35):
          'ArrangerComponent::ArrangerComponent(ProjectState &)': cannot convert argument 1 from 'Engine' to 'ProjectState &'
      C:\Program Files\Microsoft Visual Studio\2022\Community\VC\Tools\MSVC\14.44.35207\include\memory(3630,35):
      while trying to match the argument list '(Engine)'
      C:\Program Files\Microsoft Visual Studio\2022\Community\VC\Tools\MSVC\14.44.35207\include\memory(3630,35):
      the template instantiation context (the oldest one first) is
          C:\zenith\daw\zenith-core\src\MainWindow.cpp(86,30):
          see reference to function template instantiation 'std::unique_ptr<ArrangerComponent,std::default_delete<ArrangerComponent>> std::make_unique<ArrangerComponent,Engine&,0>(Engine &)' being compiled
  
