MSBuild version 17.14.23+b0019275e for .NET Framework

  Checking File Globs
  ZenithDAW_rc_lib.vcxproj -> C:\zenith\daw\build\modules\zenith-core\ZenithDAW_rc_lib.dir\Release\ZenithDAW_rc_lib.lib
  PianoKeyboardViewSkia.cpp
C:\vcpkg\installed\x64-windows\include\skia\include\core\SkRefCnt.h(106,34): warning C4251: 'SkRefCntBase::fRefCnt': 'std::atomic<int>' needs to have dll-interface to be used by clients of 'SkRefCntBase' [C:\zenith\daw\build\modules\zenith-core\ZenithDAW.vcxproj]
  (compiling source file '../../../modules/zenith-core/src/ui/skia/views/PianoKeyboardViewSkia.cpp')
      C:\Program Files\Microsoft Visual Studio\2022\Community\VC\Tools\MSVC\14.44.35207\include\atomic(2131,8):
      see declaration of 'std::atomic<int>'
  
C:\vcpkg\installed\x64-windows\include\skia\include\core\SkImageInfo.h(199,25): warning C4251: 'SkColorInfo::fColorSpace': 'sk_sp<SkColorSpace>' needs to have dll-interface to be used by clients of 'SkColorInfo' [C:\zenith\daw\build\modules\zenith-core\ZenithDAW.vcxproj]
  (compiling source file '../../../modules/zenith-core/src/ui/skia/views/PianoKeyboardViewSkia.cpp')
      C:\vcpkg\installed\x64-windows\include\skia\include\core\SkRefCnt.h(220,44):
      see declaration of 'sk_sp<SkColorSpace>'
  
C:\vcpkg\installed\x64-windows\include\skia\include\core\SkPaint.h(664,27): warning C4251: 'SkPaint::fPathEffect': 'sk_sp<SkPathEffect>' needs to have dll-interface to be used by clients of 'SkPaint' [C:\zenith\daw\build\modules\zenith-core\ZenithDAW.vcxproj]
  (compiling source file '../../../modules/zenith-core/src/ui/skia/views/PianoKeyboardViewSkia.cpp')
      C:\vcpkg\installed\x64-windows\include\skia\include\core\SkRefCnt.h(220,44):
      see declaration of 'sk_sp<SkPathEffect>'
  
C:\vcpkg\installed\x64-windows\include\skia\include\core\SkPaint.h(665,27): warning C4251: 'SkPaint::fShader': 'sk_sp<SkShader>' needs to have dll-interface to be used by clients of 'SkPaint' [C:\zenith\daw\build\modules\zenith-core\ZenithDAW.vcxproj]
  (compiling source file '../../../modules/zenith-core/src/ui/skia/views/PianoKeyboardViewSkia.cpp')
      C:\vcpkg\installed\x64-windows\include\skia\include\core\SkRefCnt.h(220,44):
      see declaration of 'sk_sp<SkShader>'
  
C:\vcpkg\installed\x64-windows\include\skia\include\core\SkPaint.h(666,27): warning C4251: 'SkPaint::fMaskFilter': 'sk_sp<SkMaskFilter>' needs to have dll-interface to be used by clients of 'SkPaint' [C:\zenith\daw\build\modules\zenith-core\ZenithDAW.vcxproj]
  (compiling source file '../../../modules/zenith-core/src/ui/skia/views/PianoKeyboardViewSkia.cpp')
      C:\vcpkg\installed\x64-windows\include\skia\include\core\SkRefCnt.h(220,44):
      see declaration of 'sk_sp<SkMaskFilter>'
  
C:\vcpkg\installed\x64-windows\include\skia\include\core\SkPaint.h(667,27): warning C4251: 'SkPaint::fColorFilter': 'sk_sp<SkColorFilter>' needs to have dll-interface to be used by clients of 'SkPaint' [C:\zenith\daw\build\modules\zenith-core\ZenithDAW.vcxproj]
  (compiling source file '../../../modules/zenith-core/src/ui/skia/views/PianoKeyboardViewSkia.cpp')
      C:\vcpkg\installed\x64-windows\include\skia\include\core\SkRefCnt.h(220,44):
      see declaration of 'sk_sp<SkColorFilter>'
  
C:\vcpkg\installed\x64-windows\include\skia\include\core\SkPaint.h(668,27): warning C4251: 'SkPaint::fImageFilter': 'sk_sp<SkImageFilter>' needs to have dll-interface to be used by clients of 'SkPaint' [C:\zenith\daw\build\modules\zenith-core\ZenithDAW.vcxproj]
  (compiling source file '../../../modules/zenith-core/src/ui/skia/views/PianoKeyboardViewSkia.cpp')
      C:\vcpkg\installed\x64-windows\include\skia\include\core\SkRefCnt.h(220,44):
      see declaration of 'sk_sp<SkImageFilter>'
  
C:\vcpkg\installed\x64-windows\include\skia\include\core\SkPaint.h(669,27): warning C4251: 'SkPaint::fBlender': 'sk_sp<SkBlender>' needs to have dll-interface to be used by clients of 'SkPaint' [C:\zenith\daw\build\modules\zenith-core\ZenithDAW.vcxproj]
  (compiling source file '../../../modules/zenith-core/src/ui/skia/views/PianoKeyboardViewSkia.cpp')
      C:\vcpkg\installed\x64-windows\include\skia\include\core\SkRefCnt.h(220,44):
      see declaration of 'sk_sp<SkBlender>'
  
C:\vcpkg\installed\x64-windows\include\skia\include\core\SkString.h(272,16): warning C4251: 'SkString::fRec': 'sk_sp<SkString::Rec>' needs to have dll-interface to be used by clients of 'SkString' [C:\zenith\daw\build\modules\zenith-core\ZenithDAW.vcxproj]
  (compiling source file '../../../modules/zenith-core/src/ui/skia/views/PianoKeyboardViewSkia.cpp')
      C:\vcpkg\installed\x64-windows\include\skia\include\core\SkRefCnt.h(220,44):
      see declaration of 'sk_sp<SkString::Rec>'
  
C:\vcpkg\installed\x64-windows\include\skia\include\core\SkString.h(284,22): warning C4251: 'SkString::gEmptyRec': 'SkString::Rec' needs to have dll-interface to be used by clients of 'SkString' [C:\zenith\daw\build\modules\zenith-core\ZenithDAW.vcxproj]
  (compiling source file '../../../modules/zenith-core/src/ui/skia/views/PianoKeyboardViewSkia.cpp')
      C:\vcpkg\installed\x64-windows\include\skia\include\core\SkString.h(251,12):
      see declaration of 'SkString::Rec'
  
C:\vcpkg\installed\x64-windows\include\skia\include\core\SkCanvas.h(1739,30): warning C4251: 'SkCanvas::ImageSetEntry::fImage': 'sk_sp<const SkImage>' needs to have dll-interface to be used by clients of 'SkCanvas::ImageSetEntry' [C:\zenith\daw\build\modules\zenith-core\ZenithDAW.vcxproj]
  (compiling source file '../../../modules/zenith-core/src/ui/skia/views/PianoKeyboardViewSkia.cpp')
      C:\vcpkg\installed\x64-windows\include\skia\include\core\SkRefCnt.h(220,44):
      see declaration of 'sk_sp<const SkImage>'
  
C:\vcpkg\installed\x64-windows\include\skia\include\core\SkCanvas.h(2565,21): warning C4251: 'SkCanvas::fRootDevice': 'sk_sp<SkDevice>' needs to have dll-interface to be used by clients of 'SkCanvas' [C:\zenith\daw\build\modules\zenith-core\ZenithDAW.vcxproj]
  (compiling source file '../../../modules/zenith-core/src/ui/skia/views/PianoKeyboardViewSkia.cpp')
      C:\vcpkg\installed\x64-windows\include\skia\include\core\SkRefCnt.h(220,44):
      see declaration of 'sk_sp<SkDevice>'
  
C:\vcpkg\installed\x64-windows\include\skia\include\core\SkCanvas.h(2570,46): warning C4251: 'SkCanvas::fAllocator': 'std::unique_ptr<SkRasterHandleAllocator,std::default_delete<SkRasterHandleAllocator>>' needs to have dll-interface to be used by clients of 'SkCanvas' [C:\zenith\daw\build\modules\zenith-core\ZenithDAW.vcxproj]
  (compiling source file '../../../modules/zenith-core/src/ui/skia/views/PianoKeyboardViewSkia.cpp')
      C:\Program Files\Microsoft Visual Studio\2022\Community\VC\Tools\MSVC\14.44.35207\include\memory(3347,7):
      see declaration of 'std::unique_ptr<SkRasterHandleAllocator,std::default_delete<SkRasterHandleAllocator>>'
  
C:\vcpkg\installed\x64-windows\include\skia\include\core\SkCanvas.h(2743,46): warning C4251: 'SkCanvas::fScratchGlyphRunBuilder': 'std::unique_ptr<sktext::GlyphRunBuilder,std::default_delete<sktext::GlyphRunBuilder>>' needs to have dll-interface to be used by clients of 'SkCanvas' [C:\zenith\daw\build\modules\zenith-core\ZenithDAW.vcxproj]
  (compiling source file '../../../modules/zenith-core/src/ui/skia/views/PianoKeyboardViewSkia.cpp')
      C:\Program Files\Microsoft Visual Studio\2022\Community\VC\Tools\MSVC\14.44.35207\include\memory(3347,7):
      see declaration of 'std::unique_ptr<sktext::GlyphRunBuilder,std::default_delete<sktext::GlyphRunBuilder>>'
  
C:\vcpkg\installed\x64-windows\include\skia\include\core\SkColorSpace.h(421,41): warning C4251: 'zenith::SkColorSpace::fLazyDstFieldsOnce': 'zenith::SkOnce' needs to have dll-interface to be used by clients of 'zenith::SkColorSpace' [C:\zenith\daw\build\modules\zenith-core\ZenithDAW.vcxproj]
  (compiling source file '../../../modules/zenith-core/src/ui/skia/views/PianoKeyboardViewSkia.cpp')
      C:\vcpkg\installed\x64-windows\include\skia\include\private\base\SkOnce.h(22,7):
      see declaration of 'zenith::SkOnce'
  
C:\vcpkg\installed\x64-windows\include\skia\include\core\SkColorSpace.h(266,36): warning C4251: 'SkNVRefCnt<zenith::SkColorSpace>::fRefCnt': 'std::atomic<int>' needs to have dll-interface to be used by clients of 'SkNVRefCnt<zenith::SkColorSpace>' [C:\zenith\daw\build\modules\zenith-core\ZenithDAW.vcxproj]
  (compiling source file '../../../modules/zenith-core/src/ui/skia/views/PianoKeyboardViewSkia.cpp')
      C:\Program Files\Microsoft Visual Studio\2022\Community\VC\Tools\MSVC\14.44.35207\include\atomic(2131,8):
      see declaration of 'std::atomic<int>'
  
C:\vcpkg\installed\x64-windows\include\skia\include\effects\SkGradientShader.h(303,66): error C2027: use of undefined type 'zenith::SkTileMode' [C:\zenith\daw\build\modules\zenith-core\ZenithDAW.vcxproj]
  (compiling source file '../../../modules/zenith-core/src/ui/skia/views/PianoKeyboardViewSkia.cpp')
      C:\vcpkg\installed\x64-windows\include\skia\include\core\SkShader.h(22,12):
      see declaration of 'zenith::SkTileMode'
  
C:\vcpkg\installed\x64-windows\include\skia\include\effects\SkGradientShader.h(303,66): error C2065: 'kClamp': undeclared identifier [C:\zenith\daw\build\modules\zenith-core\ZenithDAW.vcxproj]
  (compiling source file '../../../modules/zenith-core/src/ui/skia/views/PianoKeyboardViewSkia.cpp')
  
C:\vcpkg\installed\x64-windows\include\skia\include\effects\SkGradientShader.h(354,89): error C2027: use of undefined type 'zenith::SkTileMode' [C:\zenith\daw\build\modules\zenith-core\ZenithDAW.vcxproj]
  (compiling source file '../../../modules/zenith-core/src/ui/skia/views/PianoKeyboardViewSkia.cpp')
      C:\vcpkg\installed\x64-windows\include\skia\include\core\SkShader.h(22,12):
      see declaration of 'zenith::SkTileMode'
  
C:\vcpkg\installed\x64-windows\include\skia\include\effects\SkGradientShader.h(354,89): error C2065: 'kClamp': undeclared identifier [C:\zenith\daw\build\modules\zenith-core\ZenithDAW.vcxproj]
  (compiling source file '../../../modules/zenith-core/src/ui/skia/views/PianoKeyboardViewSkia.cpp')
  
C:\zenith\daw\modules\zenith-core\src\ui\skia\views\PianoKeyboardViewSkia.cpp(45,95): error C2027: use of undefined type 'zenith::SkTileMode' [C:\zenith\daw\build\modules\zenith-core\ZenithDAW.vcxproj]
      C:\vcpkg\installed\x64-windows\include\skia\include\core\SkShader.h(22,12):
      see declaration of 'zenith::SkTileMode'
  
C:\zenith\daw\modules\zenith-core\src\ui\skia\views\PianoKeyboardViewSkia.cpp(45,95): error C2065: 'kClamp': undeclared identifier [C:\zenith\daw\build\modules\zenith-core\ZenithDAW.vcxproj]
C:\zenith\daw\modules\zenith-core\src\ui\skia\views\PianoKeyboardViewSkia.cpp(51,100): error C2027: use of undefined type 'zenith::SkTileMode' [C:\zenith\daw\build\modules\zenith-core\ZenithDAW.vcxproj]
      C:\vcpkg\installed\x64-windows\include\skia\include\core\SkShader.h(22,12):
      see declaration of 'zenith::SkTileMode'
  
C:\zenith\daw\modules\zenith-core\src\ui\skia\views\PianoKeyboardViewSkia.cpp(51,100): error C2065: 'kClamp': undeclared identifier [C:\zenith\daw\build\modules\zenith-core\ZenithDAW.vcxproj]
C:\zenith\daw\modules\zenith-core\src\ui\skia\views\PianoKeyboardViewSkia.cpp(56,102): error C2027: use of undefined type 'zenith::SkTileMode' [C:\zenith\daw\build\modules\zenith-core\ZenithDAW.vcxproj]
      C:\vcpkg\installed\x64-windows\include\skia\include\core\SkShader.h(22,12):
      see declaration of 'zenith::SkTileMode'
  
C:\zenith\daw\modules\zenith-core\src\ui\skia\views\PianoKeyboardViewSkia.cpp(56,102): error C2065: 'kClamp': undeclared identifier [C:\zenith\daw\build\modules\zenith-core\ZenithDAW.vcxproj]
C:\zenith\daw\modules\zenith-core\src\ui\skia\views\PianoKeyboardViewSkia.cpp(77,16): error C2079: 'keyRect' uses undefined struct 'zenith::SkRect' [C:\zenith\daw\build\modules\zenith-core\ZenithDAW.vcxproj]
C:\zenith\daw\modules\zenith-core\src\ui\skia\views\PianoKeyboardViewSkia.cpp(77,34): error C2027: use of undefined type 'zenith::SkRect' [C:\zenith\daw\build\modules\zenith-core\ZenithDAW.vcxproj]
      C:\vcpkg\installed\x64-windows\include\skia\include\core\SkShader.h(23,8):
      see declaration of 'zenith::SkRect'
  
C:\zenith\daw\modules\zenith-core\src\ui\skia\views\PianoKeyboardViewSkia.cpp(77,34): error C3861: 'MakeXYWH': identifier not found [C:\zenith\daw\build\modules\zenith-core\ZenithDAW.vcxproj]
C:\zenith\daw\modules\zenith-core\src\ui\skia\views\PianoKeyboardViewSkia.cpp(81,21): error C2664: 'void SkCanvas::drawRect(const SkRect &,const SkPaint &)': cannot convert argument 1 from '<error type>' to 'const SkRect &' [C:\zenith\daw\build\modules\zenith-core\ZenithDAW.vcxproj]
      C:\zenith\daw\modules\zenith-core\src\ui\skia\views\PianoKeyboardViewSkia.cpp(81,30):
      Reason: cannot convert from '<error type>' to 'const SkRect'
      C:\zenith\daw\modules\zenith-core\src\ui\skia\views\PianoKeyboardViewSkia.cpp(81,30):
      'SkRect::SkRect': no overloaded function could convert all the argument types
          C:\vcpkg\installed\x64-windows\include\skia\include\core\SkRect.h(1406,1):
          could be 'SkRect::SkRect(SkRect &&)'
              C:\zenith\daw\modules\zenith-core\src\ui\skia\views\PianoKeyboardViewSkia.cpp(81,30):
              'SkRect::SkRect(SkRect &&)': cannot convert argument 1 from '<error type>' to 'SkRect &&'
                  C:\zenith\daw\modules\zenith-core\src\ui\skia\views\PianoKeyboardViewSkia.cpp(81,30):
                  Reason: cannot convert from '<error type>' to 'SkRect'
                  C:\zenith\daw\modules\zenith-core\src\ui\skia\views\PianoKeyboardViewSkia.cpp(81,30):
                  Conversion requires a second user-defined-conversion operator or constructor
          C:\vcpkg\installed\x64-windows\include\skia\include\core\SkRect.h(1406,1):
          or       'SkRect::SkRect(const SkRect &)'
              C:\zenith\daw\modules\zenith-core\src\ui\skia\views\PianoKeyboardViewSkia.cpp(81,30):
              'SkRect::SkRect(const SkRect &)': cannot convert argument 1 from '<error type>' to 'const SkRect &'
                  C:\zenith\daw\modules\zenith-core\src\ui\skia\views\PianoKeyboardViewSkia.cpp(81,30):
                  Reason: cannot convert from '<error type>' to 'const SkRect'
                  C:\zenith\daw\modules\zenith-core\src\ui\skia\views\PianoKeyboardViewSkia.cpp(81,30):
                  Conversion requires a second user-defined-conversion operator or constructor
          C:\zenith\daw\modules\zenith-core\src\ui\skia\views\PianoKeyboardViewSkia.cpp(81,30):
          while trying to match the argument list '(<error type>)'
      C:\vcpkg\installed\x64-windows\include\skia\include\core\SkCanvas.h(1406,10):
      see declaration of 'SkCanvas::drawRect'
      C:\zenith\daw\modules\zenith-core\src\ui\skia\views\PianoKeyboardViewSkia.cpp(81,21):
      while trying to match the argument list '(<error type>, SkPaint)'
  
C:\zenith\daw\modules\zenith-core\src\ui\skia\views\PianoKeyboardViewSkia.cpp(83,21): error C2664: 'void SkCanvas::drawRect(const SkRect &,const SkPaint &)': cannot convert argument 1 from '<error type>' to 'const SkRect &' [C:\zenith\daw\build\modules\zenith-core\ZenithDAW.vcxproj]
      C:\zenith\daw\modules\zenith-core\src\ui\skia\views\PianoKeyboardViewSkia.cpp(83,30):
      Reason: cannot convert from '<error type>' to 'const SkRect'
      C:\zenith\daw\modules\zenith-core\src\ui\skia\views\PianoKeyboardViewSkia.cpp(83,30):
      'SkRect::SkRect': no overloaded function could convert all the argument types
          C:\vcpkg\installed\x64-windows\include\skia\include\core\SkRect.h(1406,1):
          could be 'SkRect::SkRect(SkRect &&)'
              C:\zenith\daw\modules\zenith-core\src\ui\skia\views\PianoKeyboardViewSkia.cpp(83,30):
              'SkRect::SkRect(SkRect &&)': cannot convert argument 1 from '<error type>' to 'SkRect &&'
                  C:\zenith\daw\modules\zenith-core\src\ui\skia\views\PianoKeyboardViewSkia.cpp(83,30):
                  Reason: cannot convert from '<error type>' to 'SkRect'
                  C:\zenith\daw\modules\zenith-core\src\ui\skia\views\PianoKeyboardViewSkia.cpp(83,30):
                  Conversion requires a second user-defined-conversion operator or constructor
          C:\vcpkg\installed\x64-windows\include\skia\include\core\SkRect.h(1406,1):
          or       'SkRect::SkRect(const SkRect &)'
              C:\zenith\daw\modules\zenith-core\src\ui\skia\views\PianoKeyboardViewSkia.cpp(83,30):
              'SkRect::SkRect(const SkRect &)': cannot convert argument 1 from '<error type>' to 'const SkRect &'
                  C:\zenith\daw\modules\zenith-core\src\ui\skia\views\PianoKeyboardViewSkia.cpp(83,30):
                  Reason: cannot convert from '<error type>' to 'const SkRect'
                  C:\zenith\daw\modules\zenith-core\src\ui\skia\views\PianoKeyboardViewSkia.cpp(83,30):
                  Conversion requires a second user-defined-conversion operator or constructor
          C:\zenith\daw\modules\zenith-core\src\ui\skia\views\PianoKeyboardViewSkia.cpp(83,30):
          while trying to match the argument list '(<error type>)'
      C:\vcpkg\installed\x64-windows\include\skia\include\core\SkCanvas.h(1406,10):
      see declaration of 'SkCanvas::drawRect'
      C:\zenith\daw\modules\zenith-core\src\ui\skia\views\PianoKeyboardViewSkia.cpp(83,21):
      while trying to match the argument list '(<error type>, SkPaint)'
  
C:\zenith\daw\modules\zenith-core\src\ui\skia\views\PianoKeyboardViewSkia.cpp(100,16): error C2079: 'keyRect' uses undefined struct 'zenith::SkRect' [C:\zenith\daw\build\modules\zenith-core\ZenithDAW.vcxproj]
C:\zenith\daw\modules\zenith-core\src\ui\skia\views\PianoKeyboardViewSkia.cpp(100,34): error C2027: use of undefined type 'zenith::SkRect' [C:\zenith\daw\build\modules\zenith-core\ZenithDAW.vcxproj]
      C:\vcpkg\installed\x64-windows\include\skia\include\core\SkShader.h(23,8):
      see declaration of 'zenith::SkRect'
  
C:\zenith\daw\modules\zenith-core\src\ui\skia\views\PianoKeyboardViewSkia.cpp(100,34): error C3861: 'MakeXYWH': identifier not found [C:\zenith\daw\build\modules\zenith-core\ZenithDAW.vcxproj]
C:\zenith\daw\modules\zenith-core\src\ui\skia\views\PianoKeyboardViewSkia.cpp(103,21): error C2664: 'void SkCanvas::drawRect(const SkRect &,const SkPaint &)': cannot convert argument 1 from '<error type>' to 'const SkRect &' [C:\zenith\daw\build\modules\zenith-core\ZenithDAW.vcxproj]
      C:\zenith\daw\modules\zenith-core\src\ui\skia\views\PianoKeyboardViewSkia.cpp(103,30):
      Reason: cannot convert from '<error type>' to 'const SkRect'
      C:\zenith\daw\modules\zenith-core\src\ui\skia\views\PianoKeyboardViewSkia.cpp(103,30):
      'SkRect::SkRect': no overloaded function could convert all the argument types
          C:\vcpkg\installed\x64-windows\include\skia\include\core\SkRect.h(1406,1):
          could be 'SkRect::SkRect(SkRect &&)'
              C:\zenith\daw\modules\zenith-core\src\ui\skia\views\PianoKeyboardViewSkia.cpp(103,30):
              'SkRect::SkRect(SkRect &&)': cannot convert argument 1 from '<error type>' to 'SkRect &&'
                  C:\zenith\daw\modules\zenith-core\src\ui\skia\views\PianoKeyboardViewSkia.cpp(103,30):
                  Reason: cannot convert from '<error type>' to 'SkRect'
                  C:\zenith\daw\modules\zenith-core\src\ui\skia\views\PianoKeyboardViewSkia.cpp(103,30):
                  Conversion requires a second user-defined-conversion operator or constructor
          C:\vcpkg\installed\x64-windows\include\skia\include\core\SkRect.h(1406,1):
          or       'SkRect::SkRect(const SkRect &)'
              C:\zenith\daw\modules\zenith-core\src\ui\skia\views\PianoKeyboardViewSkia.cpp(103,30):
              'SkRect::SkRect(const SkRect &)': cannot convert argument 1 from '<error type>' to 'const SkRect &'
                  C:\zenith\daw\modules\zenith-core\src\ui\skia\views\PianoKeyboardViewSkia.cpp(103,30):
                  Reason: cannot convert from '<error type>' to 'const SkRect'
                  C:\zenith\daw\modules\zenith-core\src\ui\skia\views\PianoKeyboardViewSkia.cpp(103,30):
                  Conversion requires a second user-defined-conversion operator or constructor
          C:\zenith\daw\modules\zenith-core\src\ui\skia\views\PianoKeyboardViewSkia.cpp(103,30):
          while trying to match the argument list '(<error type>)'
      C:\vcpkg\installed\x64-windows\include\skia\include\core\SkCanvas.h(1406,10):
      see declaration of 'SkCanvas::drawRect'
      C:\zenith\daw\modules\zenith-core\src\ui\skia\views\PianoKeyboardViewSkia.cpp(103,21):
      while trying to match the argument list '(<error type>, SkPaint)'
  
C:\zenith\daw\modules\zenith-core\src\ui\skia\views\PianoKeyboardViewSkia.cpp(105,21): error C2664: 'void SkCanvas::drawRect(const SkRect &,const SkPaint &)': cannot convert argument 1 from '<error type>' to 'const SkRect &' [C:\zenith\daw\build\modules\zenith-core\ZenithDAW.vcxproj]
      C:\zenith\daw\modules\zenith-core\src\ui\skia\views\PianoKeyboardViewSkia.cpp(105,30):
      Reason: cannot convert from '<error type>' to 'const SkRect'
      C:\zenith\daw\modules\zenith-core\src\ui\skia\views\PianoKeyboardViewSkia.cpp(105,30):
      'SkRect::SkRect': no overloaded function could convert all the argument types
          C:\vcpkg\installed\x64-windows\include\skia\include\core\SkRect.h(1406,1):
          could be 'SkRect::SkRect(SkRect &&)'
              C:\zenith\daw\modules\zenith-core\src\ui\skia\views\PianoKeyboardViewSkia.cpp(105,30):
              'SkRect::SkRect(SkRect &&)': cannot convert argument 1 from '<error type>' to 'SkRect &&'
                  C:\zenith\daw\modules\zenith-core\src\ui\skia\views\PianoKeyboardViewSkia.cpp(105,30):
                  Reason: cannot convert from '<error type>' to 'SkRect'
                  C:\zenith\daw\modules\zenith-core\src\ui\skia\views\PianoKeyboardViewSkia.cpp(105,30):
                  Conversion requires a second user-defined-conversion operator or constructor
          C:\vcpkg\installed\x64-windows\include\skia\include\core\SkRect.h(1406,1):
          or       'SkRect::SkRect(const SkRect &)'
              C:\zenith\daw\modules\zenith-core\src\ui\skia\views\PianoKeyboardViewSkia.cpp(105,30):
              'SkRect::SkRect(const SkRect &)': cannot convert argument 1 from '<error type>' to 'const SkRect &'
                  C:\zenith\daw\modules\zenith-core\src\ui\skia\views\PianoKeyboardViewSkia.cpp(105,30):
                  Reason: cannot convert from '<error type>' to 'const SkRect'
                  C:\zenith\daw\modules\zenith-core\src\ui\skia\views\PianoKeyboardViewSkia.cpp(105,30):
                  Conversion requires a second user-defined-conversion operator or constructor
          C:\zenith\daw\modules\zenith-core\src\ui\skia\views\PianoKeyboardViewSkia.cpp(105,30):
          while trying to match the argument list '(<error type>)'
      C:\vcpkg\installed\x64-windows\include\skia\include\core\SkCanvas.h(1406,10):
      see declaration of 'SkCanvas::drawRect'
      C:\zenith\daw\modules\zenith-core\src\ui\skia\views\PianoKeyboardViewSkia.cpp(105,21):
      while trying to match the argument list '(<error type>, SkPaint)'
  
