=== Starting Clean Build ===
Removed old build directory
Created build directory
'vswhere.exe' is not recognized as an internal or external command,
operable program or batch file.
**********************************************************************
** Visual Studio 2026 Developer PowerShell v18.0
** Copyright (c) 2025 Microsoft Corporation
**********************************************************************
Loaded VS 2026 environment
Running CMake configure...
-- The CXX compiler identification is MSVC 19.50.35718.0
-- Detecting CXX compiler ABI info
-- Detecting CXX compiler ABI info - done
-- Check for working CXX compiler: C:/Program Files/Microsoft Visual Studio/18/Community/VC/Tools/MSVC/14.50.35717/bin/Hostx86/x86/cl.exe - skipped
-- Detecting CXX compile features
-- Detecting CXX compile features - done
-- The C compiler identification is MSVC 19.50.35718.0
-- Detecting C compiler ABI info
-- Detecting C compiler ABI info - done
-- Check for working C compiler: C:/Program Files/Microsoft Visual Studio/18/Community/VC/Tools/MSVC/14.50.35717/bin/Hostx86/x86/cl.exe - skipped
-- Detecting C compile features
-- Detecting C compile features - done
-- Fetching JUCE 8.0.9...
-- Configuring juceaide
-- Building juceaide
-- Exporting juceaide
-- Testing juceaide
-- Finished setting up juceaide
-- JUCE fetched successfully!
-- 
-- ========================================
-- Zenith DAW Configuration
-- ========================================
-- Version: 0.1.0
-- Build Type: Release
-- C++ Standard: C++20
-- JUCE Version: 8.0.9
-- ========================================
-- 
-- Configuring done (82.0s)
-- Generating done (0.4s)
-- Build files have been written to: C:/zenith/daw/build
Running Ninja build...
[0/2] Re-checking globbed directories...
[1/179] Generating ZenithDAW_artefacts/JuceLibraryCode/ZenithDAW_resources.rc
[2/179] Generating RecordingAutomationTests_artefacts/JuceLibraryCode/RecordingAutomationTests_resources.rc
[3/179] Generating InstrumentValidationTests_artefacts/JuceLibraryCode/InstrumentValidationTests_resources.rc
[4/179] Generating PresetRegressionTests_artefacts/JuceLibraryCode/PresetRegressionTests_resources.rc
[5/179] Generating GeneratePolySynthPresets_artefacts/JuceLibraryCode/GeneratePolySynthPresets_resources.rc
[6/179] Generating TrackInstrumentIntegrationTests_artefacts/JuceLibraryCode/TrackInstrumentIntegrationTests_resources.rc
[7/179] Generating ProjectStateTests_artefacts/JuceLibraryCode/ProjectStateTests_resources.rc
[8/179] Generating TempoTests_artefacts/JuceLibraryCode/TempoTests_resources.rc
[9/179] Building RC object zenith-core\CMakeFiles\ZenithDAW_rc_lib.dir\ZenithDAW_artefacts\JuceLibraryCode\ZenithDAW_resources.rc.res
[10/179] Building RC object zenith-core\CMakeFiles\RecordingAutomationTests_rc_lib.dir\RecordingAutomationTests_artefacts\JuceLibraryCode\RecordingAutomationTests_resources.rc.res
[11/179] Building RC object zenith-core\CMakeFiles\InstrumentValidationTests_rc_lib.dir\InstrumentValidationTests_artefacts\JuceLibraryCode\InstrumentValidationTests_resources.rc.res
[12/179] Building RC object zenith-core\CMakeFiles\PresetRegressionTests_rc_lib.dir\PresetRegressionTests_artefacts\JuceLibraryCode\PresetRegressionTests_resources.rc.res
[13/179] Building RC object zenith-core\CMakeFiles\GeneratePolySynthPresets_rc_lib.dir\GeneratePolySynthPresets_artefacts\JuceLibraryCode\GeneratePolySynthPresets_resources.rc.res
[14/179] Building RC object zenith-core\CMakeFiles\TrackInstrumentIntegrationTests_rc_lib.dir\TrackInstrumentIntegrationTests_artefacts\JuceLibraryCode\TrackInstrumentIntegrationTests_resources.rc.res
[15/179] Generating RecordingAutomationTests_artefacts/JuceLibraryCode/JuceHeader.h
[16/179] Generating ZenithDAW_artefacts/JuceLibraryCode/JuceHeader.h
[17/179] Generating InstrumentValidationTests_artefacts/JuceLibraryCode/JuceHeader.h
[18/179] Generating PresetRegressionTests_artefacts/JuceLibraryCode/JuceHeader.h
[19/179] Generating TrackInstrumentIntegrationTests_artefacts/JuceLibraryCode/JuceHeader.h
[20/179] Generating GeneratePolySynthPresets_artefacts/JuceLibraryCode/JuceHeader.h
[21/179] Building CXX object zenith-core\CMakeFiles\ProjectStateTests.dir\tests\ProjectStateTests.cpp.obj
[22/179] Building CXX object zenith-core\CMakeFiles\ProjectStateTests.dir\src\ProjectState.cpp.obj
[23/179] Building CXX object zenith-core\CMakeFiles\ZenithDAW.dir\src\ProjectState.cpp.obj
C:\zenith\daw\zenith-core\src\ProjectState.cpp(386): warning C4100: 'actionName': unreferenced parameter
C:\zenith\daw\zenith-core\src\ProjectState.cpp(463): warning C4100: 'actionName': unreferenced parameter
C:\zenith\daw\zenith-core\src\ProjectState.cpp(583): warning C4100: 'actionName': unreferenced parameter
C:\zenith\daw\zenith-core\src\ProjectState.cpp(1944): warning C4100: 'actionName': unreferenced parameter
C:\zenith\daw\zenith-core\src\ProjectState.cpp(1994): warning C4100: 'actionName': unreferenced parameter
C:\zenith\daw\zenith-core\src\ProjectState.cpp(2054): warning C4100: 'actionName': unreferenced parameter
[24/179] Building CXX object zenith-core\CMakeFiles\ZenithDAW.dir\src\MixerComponent.cpp.obj
C:\zenith\daw\zenith-core\src\../include/MixerComponent.h(103): warning C4100: 'treeWhoseParentHasChanged': unreferenced parameter
C:\zenith\daw\zenith-core\src\../include/MixerComponent.h(104): warning C4100: 'treeWhichHasBeenChanged': unreferenced parameter
C:\zenith\daw\zenith-core\src\MixerComponent.cpp(45): warning C4996: 'juce::Font::Font': Use the constructor that takes a FontOptions argument
C:\zenith\daw\zenith-core\src\MixerComponent.cpp(173): warning C4100: 'indexFromWhichChildWasRemoved': unreferenced parameter
C:\zenith\daw\zenith-core\src\MixerComponent.cpp(188): warning C4100: 'newIndex': unreferenced parameter
C:\zenith\daw\zenith-core\src\MixerComponent.cpp(187): warning C4100: 'oldIndex': unreferenced parameter
C:\zenith\daw\zenith-core\src\MixerComponent.cpp(246): warning C4996: 'juce::Font::Font': Use the constructor that takes a FontOptions argument
[25/179] Building CXX object zenith-core\CMakeFiles\ZenithDAW.dir\src\Main.cpp.obj
C:\zenith\daw\zenith-core\include\MixerComponent.h(103): warning C4100: 'treeWhoseParentHasChanged': unreferenced parameter
C:\zenith\daw\zenith-core\include\MixerComponent.h(104): warning C4100: 'treeWhichHasBeenChanged': unreferenced parameter
[26/179] Building CXX object zenith-core\CMakeFiles\ZenithDAW.dir\src\Engine.cpp.obj
C:\zenith\daw\zenith-core\src\Engine.cpp(139): warning C4189: 'tempo': local variable is initialized but not referenced
C:\zenith\daw\zenith-core\src\Engine.cpp(466): warning C4996: 'juce::AudioFormat::createWriterFor': Use the function taking an AudioFormatWriterOptions instead.
C:\zenith\daw\zenith-core\src\Engine.cpp(1058): warning C4244: 'argument': conversion from 'juce::int64' to 'int', possible loss of data
C:\zenith\daw\zenith-core\src\Engine.cpp(1338): warning C4996: 'juce::AudioFormat::createWriterFor': Use the function taking an AudioFormatWriterOptions instead.
C:\zenith\daw\zenith-core\src\Engine.cpp(1384): warning C4189: 'progress': local variable is initialized but not referenced
C:\zenith\daw\zenith-core\src\Engine.cpp(1460): warning C4100: 'sampleRate': unreferenced parameter
[27/179] Building CXX object zenith-core\CMakeFiles\ZenithDAW.dir\src\MainWindow.cpp.obj
C:\zenith\daw\zenith-core\include\MixerComponent.h(103): warning C4100: 'treeWhoseParentHasChanged': unreferenced parameter
C:\zenith\daw\zenith-core\include\MixerComponent.h(104): warning C4100: 'treeWhichHasBeenChanged': unreferenced parameter
C:\zenith\daw\zenith-core\Source\instruments\InstrumentMetadata.h(319): warning C4100: 'baseValue': unreferenced parameter
C:\zenith\daw\zenith-core\src\MainWindow.cpp(36): warning C4996: 'juce::Font::Font': Use the constructor that takes a FontOptions argument
C:\zenith\daw\zenith-core\src\MainWindow.cpp(449): warning C4100: 'menuName': unreferenced parameter
[28/179] Building CXX object zenith-core\CMakeFiles\ProjectStateTests.dir\__\_deps\juce-src\modules\juce_core\juce_core.cpp.obj
[29/179] Building CXX object zenith-core\CMakeFiles\ZenithDAW.dir\src\TrackAutomationSynchronizer.cpp.obj
[30/179] Building CXX object zenith-core\CMakeFiles\ZenithDAW.dir\src\ClipSynchronizer.cpp.obj
[31/179] Building CXX object zenith-core\CMakeFiles\ZenithDAW.dir\src\ArrangerView.cpp.obj
C:\zenith\daw\zenith-core\src\../include/ArrangerView.h(100): warning C4100: 'newIndex': unreferenced parameter
C:\zenith\daw\zenith-core\src\../include/ArrangerView.h(100): warning C4100: 'oldIndex': unreferenced parameter
C:\zenith\daw\zenith-core\src\../include/ArrangerView.h(100): warning C4100: 'parent': unreferenced parameter
C:\zenith\daw\zenith-core\src\../include/ArrangerView.h(101): warning C4100: 'tree': unreferenced parameter
C:\zenith\daw\zenith-core\src\ArrangerView.cpp(76): warning C4996: 'juce::Font::Font': Use the constructor that takes a FontOptions argument
C:\zenith\daw\zenith-core\src\ArrangerView.cpp(112): warning C4996: 'juce::Font::Font': Use the constructor that takes a FontOptions argument
C:\zenith\daw\zenith-core\src\ArrangerView.cpp(181): warning C4100: 'event': unreferenced parameter
C:\zenith\daw\zenith-core\src\ArrangerView.cpp(334): warning C4996: 'juce::Font::Font': Use the constructor that takes a FontOptions argument
[32/179] Building CXX object zenith-core\CMakeFiles\ZenithDAW.dir\src\PianoRollEditor.cpp.obj
C:\zenith\daw\zenith-core\src\PianoRollEditor.cpp(66): warning C4996: 'juce::Font::Font': Use the constructor that takes a FontOptions argument
C:\zenith\daw\zenith-core\src\PianoRollEditor.cpp(71): warning C4996: 'juce::Font::Font': Use the constructor that takes a FontOptions argument
C:\zenith\daw\zenith-core\src\PianoRollEditor.cpp(115): warning C4996: 'juce::Font::Font': Use the constructor that takes a FontOptions argument
C:\zenith\daw\zenith-core\src\PianoRollEditor.cpp(133): warning C4189: 'pitch': local variable is initialized but not referenced
C:\zenith\daw\zenith-core\src\PianoRollEditor.cpp(134): warning C4189: 'beat': local variable is initialized but not referenced
[33/179] Building CXX object zenith-core\CMakeFiles\ZenithDAW.dir\src\PianoRollComponent.cpp.obj
C:\zenith\daw\zenith-core\src\PianoRollComponent.cpp(115): warning C4244: 'initializing': conversion from 'int' to 'float', possible loss of data
C:\zenith\daw\zenith-core\src\PianoRollComponent.cpp(146): warning C4244: 'return': conversion from 'double' to 'float', possible loss of data
C:\zenith\daw\zenith-core\src\PianoRollComponent.cpp(207): warning C4244: 'initializing': conversion from 'int' to 'float', possible loss of data
C:\zenith\daw\zenith-core\src\PianoRollComponent.cpp(295): warning C4100: 'e': unreferenced parameter
C:\zenith\daw\zenith-core\src\PianoRollComponent.cpp(463): warning C4100: 'e': unreferenced parameter
C:\zenith\daw\zenith-core\src\PianoRollComponent.cpp(820): warning C4244: 'initializing': conversion from 'int' to 'float', possible loss of data
C:\zenith\daw\zenith-core\src\PianoRollComponent.cpp(880): warning C4189: 'centerPitch': local variable is initialized but not referenced
C:\zenith\daw\zenith-core\src\PianoRollComponent.cpp(969): warning C4100: 'child': unreferenced parameter
C:\zenith\daw\zenith-core\src\PianoRollComponent.cpp(978): warning C4100: 'index': unreferenced parameter
C:\zenith\daw\zenith-core\src\PianoRollComponent.cpp(978): warning C4100: 'child': unreferenced parameter
C:\zenith\daw\zenith-core\src\PianoRollComponent.cpp(987): warning C4100: 'property': unreferenced parameter
C:\zenith\daw\zenith-core\src\PianoRollComponent.cpp(1026): warning C4244: 'initializing': conversion from 'int' to 'float', possible loss of data
C:\zenith\daw\zenith-core\src\PianoRollComponent.cpp(1020): warning C4996: 'juce::Font::Font': Use the constructor that takes a FontOptions argument
C:\zenith\daw\zenith-core\src\PianoRollComponent.cpp(1128): warning C4996: 'juce::Font::Font': Use the constructor that takes a FontOptions argument
[34/179] Building CXX object zenith-core\CMakeFiles\ZenithDAW.dir\src\ArrangerComponent.cpp.obj
C:\zenith\daw\zenith-core\src\ArrangerComponent.cpp(177): warning C4244: 'return': conversion from 'int' to 'float', possible loss of data
C:\zenith\daw\zenith-core\src\ArrangerComponent.cpp(771): warning C4189: 'oldPixelsPerBeat': local variable is initialized but not referenced
[35/179] Building CXX object zenith-core\CMakeFiles\ZenithDAW.dir\src\CommandAPI.cpp.obj
C:\zenith\daw\zenith-core\Source\instruments\InstrumentMetadata.h(319): warning C4100: 'baseValue': unreferenced parameter
[36/179] Building CXX object zenith-core\CMakeFiles\ZenithDAW.dir\src\TrackStateSynchronizer.cpp.obj
[37/179] Building CXX object zenith-core\CMakeFiles\ZenithDAW.dir\Source\engine\MixerChannel.cpp.obj
C:\zenith\daw\zenith-core\Source\engine\MixerChannel.cpp(572): warning C4244: '=': conversion from 'double' to 'float', possible loss of data
C:\zenith\daw\zenith-core\Source\engine\MixerChannel.cpp(573): warning C4244: '=': conversion from 'double' to 'float', possible loss of data
[38/179] Building CXX object zenith-core\CMakeFiles\ZenithDAW.dir\Source\engine\Clip.cpp.obj
C:\zenith\daw\zenith-core\Source\engine\Clip.cpp(215): warning C4100: 'clipStartBeats': unreferenced parameter
[39/179] Building CXX object zenith-core\CMakeFiles\ZenithDAW.dir\Source\engine\Track.cpp.obj
C:\zenith\daw\zenith-core\Source\instruments\InstrumentMetadata.h(319): warning C4100: 'baseValue': unreferenced parameter
[40/179] Building CXX object zenith-core\CMakeFiles\ZenithDAW.dir\Source\engine\AudioFilePool.cpp.obj
[41/179] Building CXX object zenith-core\CMakeFiles\ZenithDAW.dir\Source\engine\PluginHost.cpp.obj
[42/179] Building CXX object zenith-core\CMakeFiles\ZenithDAW.dir\Source\ui\PluginEditorWindow.cpp.obj
[43/179] Building CXX object zenith-core\CMakeFiles\ZenithDAW.dir\Source\ui\ArrangerComponent.cpp.obj
C:\zenith\daw\zenith-core\Source\ui\ArrangerComponent.cpp(120): warning C4189: 'relativeY': local variable is initialized but not referenced
C:\zenith\daw\zenith-core\Source\ui\ArrangerComponent.cpp(288): warning C4996: 'juce::Font::Font': Use the constructor that takes a FontOptions argument
C:\zenith\daw\zenith-core\Source\ui\ArrangerComponent.cpp(441): warning C4996: 'juce::Font::Font': Use the constructor that takes a FontOptions argument
[44/179] Building CXX object zenith-core\CMakeFiles\ZenithDAW.dir\Source\ui\PianoRollComponent.cpp.obj
C:\zenith\daw\zenith-core\Source\ui\PianoRollComponent.cpp(235): warning C4996: 'juce::Font::Font': Use the constructor that takes a FontOptions argument
[45/179] Building CXX object zenith-core\CMakeFiles\ZenithDAW.dir\Source\commands\SessionGraph.cpp.obj
[46/179] Building CXX object zenith-core\CMakeFiles\ZenithDAW.dir\Source\instruments\ZenithSampler.cpp.obj
FAILED: [code=2] zenith-core/CMakeFiles/ZenithDAW.dir/Source/instruments/ZenithSampler.cpp.obj 
C:\PROGRA~1\MICROS~2\18\COMMUN~1\VC\Tools\MSVC\1450~1.357\bin\Hostx86\x86\cl.exe  /nologo /TP -DJUCE_APP_VERSION=\"0.1.0\" -DJUCE_APP_VERSION_HEX=0x000100 -DJUCE_GLOBAL_MODULE_SETTINGS_INCLUDED=1 -DJUCE_MODULE_AVAILABLE_juce_audio_basics=1 -DJUCE_MODULE_AVAILABLE_juce_audio_devices=1 -DJUCE_MODULE_AVAILABLE_juce_audio_formats=1 -DJUCE_MODULE_AVAILABLE_juce_audio_processors=1 -DJUCE_MODULE_AVAILABLE_juce_audio_utils=1 -DJUCE_MODULE_AVAILABLE_juce_core=1 -DJUCE_MODULE_AVAILABLE_juce_data_structures=1 -DJUCE_MODULE_AVAILABLE_juce_dsp=1 -DJUCE_MODULE_AVAILABLE_juce_events=1 -DJUCE_MODULE_AVAILABLE_juce_graphics=1 -DJUCE_MODULE_AVAILABLE_juce_gui_basics=1 -DJUCE_MODULE_AVAILABLE_juce_gui_extra=1 -DJUCE_PLUGINHOST_VST3=1 -DJUCE_PLUGINHOST_VST3_PLUGIN_EDITOR_SHOWS_BY_DEFAULT=0 -DJUCE_STANDALONE_APPLICATION=1 -DJUCE_STRICT_REFCOUNTEDPOINTER=1 -DJUCE_USE_CURL=0 -DJUCE_USE_FLAC=1 -DJUCE_USE_MP3AUDIOFORMAT=1 -DJUCE_USE_OGGVORBIS=1 -DJUCE_WEB_BROWSER=0 -DJucePlugin_Name="\"Zenith DAW\"" -DNDEBUG=1 -D_NDEBUG=1 -IC:\zenith\daw\build\zenith-core\ZenithDAW_artefacts\JuceLibraryCode -IC:\zenith\daw\zenith-core\include -IC:\zenith\daw\zenith-core\Source\engine -IC:\zenith\daw\zenith-core\Source\ui -IC:\zenith\daw\zenith-core\Source\commands -IC:\zenith\daw\zenith-core\Source\network -IC:\zenith\daw\zenith-core\Source\instruments -IC:\zenith\daw\build\_deps\juce-src\modules -IC:\zenith\daw\build\_deps\juce-src\modules\juce_audio_processors\format_types\VST3_SDK -IC:\zenith\daw\build\_deps\juce-src\modules\juce_audio_processors\format_types\LV2_SDK -IC:\zenith\daw\build\_deps\juce-src\modules\juce_audio_processors\format_types\LV2_SDK\lv2 -IC:\zenith\daw\build\_deps\juce-src\modules\juce_audio_processors\format_types\LV2_SDK\serd -IC:\zenith\daw\build\_deps\juce-src\modules\juce_audio_processors\format_types\LV2_SDK\sord -IC:\zenith\daw\build\_deps\juce-src\modules\juce_audio_processors\format_types\LV2_SDK\sord\src -IC:\zenith\daw\build\_deps\juce-src\modules\juce_audio_processors\format_types\LV2_SDK\sratom -IC:\zenith\daw\build\_deps\juce-src\modules\juce_audio_processors\format_types\LV2_SDK\lilv -IC:\zenith\daw\build\_deps\juce-src\modules\juce_audio_processors\format_types\LV2_SDK\lilv\src /DWIN32 /D_WINDOWS /EHsc /O2 /Ob2 /DNDEBUG -std:c++20 -MD /W4 /bigobj /Ox /MP /EHsc -GL /showIncludes /Fozenith-core\CMakeFiles\ZenithDAW.dir\Source\instruments\ZenithSampler.cpp.obj /Fdzenith-core\CMakeFiles\ZenithDAW.dir\ /FS -c C:\zenith\daw\zenith-core\Source\instruments\ZenithSampler.cpp
C:\zenith\daw\zenith-core\Source\instruments\ZenithSampler.cpp(1): fatal error C1083: Cannot open include file: 'instruments/ZenithSampler.h': No such file or directory
[47/179] Building CXX object zenith-core\CMakeFiles\ZenithDAW.dir\Source\ui\WingmanPanel.cpp.obj
C:\zenith\daw\zenith-core\Source\ui\WingmanPanel.cpp(31): warning C4996: 'juce::Font::Font': Use the constructor that takes a FontOptions argument
C:\zenith\daw\zenith-core\Source\ui\WingmanPanel.cpp(41): warning C4996: 'juce::Font::Font': Use the constructor that takes a FontOptions argument
C:\zenith\daw\zenith-core\Source\ui\WingmanPanel.cpp(118): warning C4996: 'juce::Font::Font': Use the constructor that takes a FontOptions argument
[48/179] Building CXX object zenith-core\CMakeFiles\ZenithDAW.dir\Source\commands\CommandAPI.cpp.obj
C:\zenith\daw\zenith-core\Source\instruments\InstrumentMetadata.h(319): warning C4100: 'baseValue': unreferenced parameter
C:\zenith\daw\zenith-core\Source\commands\CommandAPI.cpp(165): warning C4100: 'batchName': unreferenced parameter
[49/179] Building CXX object zenith-core\CMakeFiles\ZenithDAW.dir\Source\ui\InstrumentBrowserPanel.cpp.obj
FAILED: [code=2] zenith-core/CMakeFiles/ZenithDAW.dir/Source/ui/InstrumentBrowserPanel.cpp.obj 
C:\PROGRA~1\MICROS~2\18\COMMUN~1\VC\Tools\MSVC\1450~1.357\bin\Hostx86\x86\cl.exe  /nologo /TP -DJUCE_APP_VERSION=\"0.1.0\" -DJUCE_APP_VERSION_HEX=0x000100 -DJUCE_GLOBAL_MODULE_SETTINGS_INCLUDED=1 -DJUCE_MODULE_AVAILABLE_juce_audio_basics=1 -DJUCE_MODULE_AVAILABLE_juce_audio_devices=1 -DJUCE_MODULE_AVAILABLE_juce_audio_formats=1 -DJUCE_MODULE_AVAILABLE_juce_audio_processors=1 -DJUCE_MODULE_AVAILABLE_juce_audio_utils=1 -DJUCE_MODULE_AVAILABLE_juce_core=1 -DJUCE_MODULE_AVAILABLE_juce_data_structures=1 -DJUCE_MODULE_AVAILABLE_juce_dsp=1 -DJUCE_MODULE_AVAILABLE_juce_events=1 -DJUCE_MODULE_AVAILABLE_juce_graphics=1 -DJUCE_MODULE_AVAILABLE_juce_gui_basics=1 -DJUCE_MODULE_AVAILABLE_juce_gui_extra=1 -DJUCE_PLUGINHOST_VST3=1 -DJUCE_PLUGINHOST_VST3_PLUGIN_EDITOR_SHOWS_BY_DEFAULT=0 -DJUCE_STANDALONE_APPLICATION=1 -DJUCE_STRICT_REFCOUNTEDPOINTER=1 -DJUCE_USE_CURL=0 -DJUCE_USE_FLAC=1 -DJUCE_USE_MP3AUDIOFORMAT=1 -DJUCE_USE_OGGVORBIS=1 -DJUCE_WEB_BROWSER=0 -DJucePlugin_Name="\"Zenith DAW\"" -DNDEBUG=1 -D_NDEBUG=1 -IC:\zenith\daw\build\zenith-core\ZenithDAW_artefacts\JuceLibraryCode -IC:\zenith\daw\zenith-core\include -IC:\zenith\daw\zenith-core\Source\engine -IC:\zenith\daw\zenith-core\Source\ui -IC:\zenith\daw\zenith-core\Source\commands -IC:\zenith\daw\zenith-core\Source\network -IC:\zenith\daw\zenith-core\Source\instruments -IC:\zenith\daw\build\_deps\juce-src\modules -IC:\zenith\daw\build\_deps\juce-src\modules\juce_audio_processors\format_types\VST3_SDK -IC:\zenith\daw\build\_deps\juce-src\modules\juce_audio_processors\format_types\LV2_SDK -IC:\zenith\daw\build\_deps\juce-src\modules\juce_audio_processors\format_types\LV2_SDK\lv2 -IC:\zenith\daw\build\_deps\juce-src\modules\juce_audio_processors\format_types\LV2_SDK\serd -IC:\zenith\daw\build\_deps\juce-src\modules\juce_audio_processors\format_types\LV2_SDK\sord -IC:\zenith\daw\build\_deps\juce-src\modules\juce_audio_processors\format_types\LV2_SDK\sord\src -IC:\zenith\daw\build\_deps\juce-src\modules\juce_audio_processors\format_types\LV2_SDK\sratom -IC:\zenith\daw\build\_deps\juce-src\modules\juce_audio_processors\format_types\LV2_SDK\lilv -IC:\zenith\daw\build\_deps\juce-src\modules\juce_audio_processors\format_types\LV2_SDK\lilv\src /DWIN32 /D_WINDOWS /EHsc /O2 /Ob2 /DNDEBUG -std:c++20 -MD /W4 /bigobj /Ox /MP /EHsc -GL /showIncludes /Fozenith-core\CMakeFiles\ZenithDAW.dir\Source\ui\InstrumentBrowserPanel.cpp.obj /Fdzenith-core\CMakeFiles\ZenithDAW.dir\ /FS -c C:\zenith\daw\zenith-core\Source\ui\InstrumentBrowserPanel.cpp
C:\zenith\daw\zenith-core\Source\instruments\InstrumentMetadata.h(319): warning C4100: 'baseValue': unreferenced parameter
C:\zenith\daw\zenith-core\Source\ui\InstrumentBrowserPanel.cpp(31): warning C4996: 'juce::Font::Font': Use the constructor that takes a FontOptions argument
C:\zenith\daw\zenith-core\Source\ui\InstrumentBrowserPanel.cpp(38): warning C4996: 'juce::Font::Font': Use the constructor that takes a FontOptions argument
C:\zenith\daw\zenith-core\Source\ui\InstrumentBrowserPanel.cpp(45): warning C4996: 'juce::Font::Font': Use the constructor that takes a FontOptions argument
C:\zenith\daw\zenith-core\Source\ui\InstrumentBrowserPanel.cpp(55): warning C4996: 'juce::Font::Font': Use the constructor that takes a FontOptions argument
C:\zenith\daw\zenith-core\Source\ui\InstrumentBrowserPanel.cpp(64): warning C4996: 'juce::Font::Font': Use the constructor that takes a FontOptions argument
C:\zenith\daw\zenith-core\Source\ui\InstrumentBrowserPanel.cpp(77): warning C4996: 'juce::Font::Font': Use the constructor that takes a FontOptions argument
C:\zenith\daw\zenith-core\Source\ui\InstrumentBrowserPanel.cpp(95): warning C4996: 'juce::Font::Font': Use the constructor that takes a FontOptions argument
C:\zenith\daw\zenith-core\Source\ui\InstrumentBrowserPanel.cpp(156): warning C4018: '<': signed/unsigned mismatch
C:\zenith\daw\zenith-core\Source\ui\InstrumentBrowserPanel.cpp(284): warning C4100: 'presetIndex': unreferenced parameter
C:\zenith\daw\zenith-core\Source\ui\InstrumentBrowserPanel.cpp(300): warning C4018: '>=': signed/unsigned mismatch
C:\zenith\daw\zenith-core\Source\ui\InstrumentBrowserPanel.cpp(433): warning C4018: '<': signed/unsigned mismatch
C:\zenith\daw\zenith-core\Source\ui\InstrumentBrowserPanel.cpp(497): error C2039: 'getTrack': is not a member of 'Engine'
C:\zenith\daw\zenith-core\Source\ui\../../include/Engine.h(67): note: see declaration of 'Engine'
C:\zenith\daw\zenith-core\Source\ui\InstrumentBrowserPanel.cpp(498): error C3536: 'track': cannot be used before it is initialized
C:\zenith\daw\zenith-core\Source\ui\InstrumentBrowserPanel.cpp(547): warning C4996: 'juce::Font::Font': Use the constructor that takes a FontOptions argument
C:\zenith\daw\zenith-core\Source\ui\InstrumentBrowserPanel.cpp(553): warning C4996: 'juce::Font::Font': Use the constructor that takes a FontOptions argument
C:\zenith\daw\zenith-core\Source\ui\InstrumentBrowserPanel.cpp(561): warning C4996: 'juce::Font::Font': Use the constructor that takes a FontOptions argument
C:\zenith\daw\zenith-core\Source\ui\InstrumentBrowserPanel.cpp(595): warning C4018: '>=': signed/unsigned mismatch
C:\zenith\daw\zenith-core\Source\ui\InstrumentBrowserPanel.cpp(610): warning C4996: 'juce::Font::Font': Use the constructor that takes a FontOptions argument
C:\zenith\daw\zenith-core\Source\ui\InstrumentBrowserPanel.cpp(622): warning C4996: 'juce::Font::Font': Use the constructor that takes a FontOptions argument
[50/179] Building CXX object zenith-core\CMakeFiles\ZenithDAW.dir\Source\network\AIBridgeClient.cpp.obj
FAILED: [code=2] zenith-core/CMakeFiles/ZenithDAW.dir/Source/network/AIBridgeClient.cpp.obj 
C:\PROGRA~1\MICROS~2\18\COMMUN~1\VC\Tools\MSVC\1450~1.357\bin\Hostx86\x86\cl.exe  /nologo /TP -DJUCE_APP_VERSION=\"0.1.0\" -DJUCE_APP_VERSION_HEX=0x000100 -DJUCE_GLOBAL_MODULE_SETTINGS_INCLUDED=1 -DJUCE_MODULE_AVAILABLE_juce_audio_basics=1 -DJUCE_MODULE_AVAILABLE_juce_audio_devices=1 -DJUCE_MODULE_AVAILABLE_juce_audio_formats=1 -DJUCE_MODULE_AVAILABLE_juce_audio_processors=1 -DJUCE_MODULE_AVAILABLE_juce_audio_utils=1 -DJUCE_MODULE_AVAILABLE_juce_core=1 -DJUCE_MODULE_AVAILABLE_juce_data_structures=1 -DJUCE_MODULE_AVAILABLE_juce_dsp=1 -DJUCE_MODULE_AVAILABLE_juce_events=1 -DJUCE_MODULE_AVAILABLE_juce_graphics=1 -DJUCE_MODULE_AVAILABLE_juce_gui_basics=1 -DJUCE_MODULE_AVAILABLE_juce_gui_extra=1 -DJUCE_PLUGINHOST_VST3=1 -DJUCE_PLUGINHOST_VST3_PLUGIN_EDITOR_SHOWS_BY_DEFAULT=0 -DJUCE_STANDALONE_APPLICATION=1 -DJUCE_STRICT_REFCOUNTEDPOINTER=1 -DJUCE_USE_CURL=0 -DJUCE_USE_FLAC=1 -DJUCE_USE_MP3AUDIOFORMAT=1 -DJUCE_USE_OGGVORBIS=1 -DJUCE_WEB_BROWSER=0 -DJucePlugin_Name="\"Zenith DAW\"" -DNDEBUG=1 -D_NDEBUG=1 -IC:\zenith\daw\build\zenith-core\ZenithDAW_artefacts\JuceLibraryCode -IC:\zenith\daw\zenith-core\include -IC:\zenith\daw\zenith-core\Source\engine -IC:\zenith\daw\zenith-core\Source\ui -IC:\zenith\daw\zenith-core\Source\commands -IC:\zenith\daw\zenith-core\Source\network -IC:\zenith\daw\zenith-core\Source\instruments -IC:\zenith\daw\build\_deps\juce-src\modules -IC:\zenith\daw\build\_deps\juce-src\modules\juce_audio_processors\format_types\VST3_SDK -IC:\zenith\daw\build\_deps\juce-src\modules\juce_audio_processors\format_types\LV2_SDK -IC:\zenith\daw\build\_deps\juce-src\modules\juce_audio_processors\format_types\LV2_SDK\lv2 -IC:\zenith\daw\build\_deps\juce-src\modules\juce_audio_processors\format_types\LV2_SDK\serd -IC:\zenith\daw\build\_deps\juce-src\modules\juce_audio_processors\format_types\LV2_SDK\sord -IC:\zenith\daw\build\_deps\juce-src\modules\juce_audio_processors\format_types\LV2_SDK\sord\src -IC:\zenith\daw\build\_deps\juce-src\modules\juce_audio_processors\format_types\LV2_SDK\sratom -IC:\zenith\daw\build\_deps\juce-src\modules\juce_audio_processors\format_types\LV2_SDK\lilv -IC:\zenith\daw\build\_deps\juce-src\modules\juce_audio_processors\format_types\LV2_SDK\lilv\src /DWIN32 /D_WINDOWS /EHsc /O2 /Ob2 /DNDEBUG -std:c++20 -MD /W4 /bigobj /Ox /MP /EHsc -GL /showIncludes /Fozenith-core\CMakeFiles\ZenithDAW.dir\Source\network\AIBridgeClient.cpp.obj /Fdzenith-core\CMakeFiles\ZenithDAW.dir\ /FS -c C:\zenith\daw\zenith-core\Source\network\AIBridgeClient.cpp
C:\zenith\daw\zenith-core\Source\network\AIBridgeClient.cpp(155): error C2039: 'withPostData': is not a member of 'juce::URL::InputStreamOptions'
C:\zenith\daw\build\_deps\juce-src\modules\juce_core\network/juce_URL.h(349): note: see declaration of 'juce::URL::InputStreamOptions'
C:\zenith\daw\zenith-core\Source\network\AIBridgeClient.cpp(160): error C3536: 'stream': cannot be used before it is initialized
[51/179] Building CXX object zenith-core\CMakeFiles\ZenithDAW.dir\Source\instruments\Instrument.cpp.obj
FAILED: [code=2] zenith-core/CMakeFiles/ZenithDAW.dir/Source/instruments/Instrument.cpp.obj 
C:\PROGRA~1\MICROS~2\18\COMMUN~1\VC\Tools\MSVC\1450~1.357\bin\Hostx86\x86\cl.exe  /nologo /TP -DJUCE_APP_VERSION=\"0.1.0\" -DJUCE_APP_VERSION_HEX=0x000100 -DJUCE_GLOBAL_MODULE_SETTINGS_INCLUDED=1 -DJUCE_MODULE_AVAILABLE_juce_audio_basics=1 -DJUCE_MODULE_AVAILABLE_juce_audio_devices=1 -DJUCE_MODULE_AVAILABLE_juce_audio_formats=1 -DJUCE_MODULE_AVAILABLE_juce_audio_processors=1 -DJUCE_MODULE_AVAILABLE_juce_audio_utils=1 -DJUCE_MODULE_AVAILABLE_juce_core=1 -DJUCE_MODULE_AVAILABLE_juce_data_structures=1 -DJUCE_MODULE_AVAILABLE_juce_dsp=1 -DJUCE_MODULE_AVAILABLE_juce_events=1 -DJUCE_MODULE_AVAILABLE_juce_graphics=1 -DJUCE_MODULE_AVAILABLE_juce_gui_basics=1 -DJUCE_MODULE_AVAILABLE_juce_gui_extra=1 -DJUCE_PLUGINHOST_VST3=1 -DJUCE_PLUGINHOST_VST3_PLUGIN_EDITOR_SHOWS_BY_DEFAULT=0 -DJUCE_STANDALONE_APPLICATION=1 -DJUCE_STRICT_REFCOUNTEDPOINTER=1 -DJUCE_USE_CURL=0 -DJUCE_USE_FLAC=1 -DJUCE_USE_MP3AUDIOFORMAT=1 -DJUCE_USE_OGGVORBIS=1 -DJUCE_WEB_BROWSER=0 -DJucePlugin_Name="\"Zenith DAW\"" -DNDEBUG=1 -D_NDEBUG=1 -IC:\zenith\daw\build\zenith-core\ZenithDAW_artefacts\JuceLibraryCode -IC:\zenith\daw\zenith-core\include -IC:\zenith\daw\zenith-core\Source\engine -IC:\zenith\daw\zenith-core\Source\ui -IC:\zenith\daw\zenith-core\Source\commands -IC:\zenith\daw\zenith-core\Source\network -IC:\zenith\daw\zenith-core\Source\instruments -IC:\zenith\daw\build\_deps\juce-src\modules -IC:\zenith\daw\build\_deps\juce-src\modules\juce_audio_processors\format_types\VST3_SDK -IC:\zenith\daw\build\_deps\juce-src\modules\juce_audio_processors\format_types\LV2_SDK -IC:\zenith\daw\build\_deps\juce-src\modules\juce_audio_processors\format_types\LV2_SDK\lv2 -IC:\zenith\daw\build\_deps\juce-src\modules\juce_audio_processors\format_types\LV2_SDK\serd -IC:\zenith\daw\build\_deps\juce-src\modules\juce_audio_processors\format_types\LV2_SDK\sord -IC:\zenith\daw\build\_deps\juce-src\modules\juce_audio_processors\format_types\LV2_SDK\sord\src -IC:\zenith\daw\build\_deps\juce-src\modules\juce_audio_processors\format_types\LV2_SDK\sratom -IC:\zenith\daw\build\_deps\juce-src\modules\juce_audio_processors\format_types\LV2_SDK\lilv -IC:\zenith\daw\build\_deps\juce-src\modules\juce_audio_processors\format_types\LV2_SDK\lilv\src /DWIN32 /D_WINDOWS /EHsc /O2 /Ob2 /DNDEBUG -std:c++20 -MD /W4 /bigobj /Ox /MP /EHsc -GL /showIncludes /Fozenith-core\CMakeFiles\ZenithDAW.dir\Source\instruments\Instrument.cpp.obj /Fdzenith-core\CMakeFiles\ZenithDAW.dir\ /FS -c C:\zenith\daw\zenith-core\Source\instruments\Instrument.cpp
C:\zenith\daw\zenith-core\Source\instruments\InstrumentMetadata.h(319): warning C4100: 'baseValue': unreferenced parameter
C:\zenith\daw\zenith-core\Source\instruments\Instrument.cpp(133): error C2039: 'id': is not a member of 'zenith::InstrumentMetadata'
C:\zenith\daw\zenith-core\Source\instruments\InstrumentMetadata.h(164): note: see declaration of 'zenith::InstrumentMetadata'
C:\zenith\daw\zenith-core\Source\instruments\Instrument.cpp(161): error C2039: 'id': is not a member of 'zenith::InstrumentMetadata'
C:\zenith\daw\zenith-core\Source\instruments\InstrumentMetadata.h(164): note: see declaration of 'zenith::InstrumentMetadata'
[52/179] Building CXX object zenith-core\CMakeFiles\ZenithDAW.dir\Source\instruments\InstrumentRegistry.cpp.obj
C:\zenith\daw\zenith-core\Source\instruments\InstrumentMetadata.h(319): warning C4100: 'baseValue': unreferenced parameter
[53/179] Building CXX object zenith-core\CMakeFiles\ZenithDAW.dir\Source\instruments\ZenithPolySynth.cpp.obj
C:\zenith\daw\zenith-core\Source\instruments\InstrumentMetadata.h(319): warning C4100: 'baseValue': unreferenced parameter
C:\zenith\daw\zenith-core\Source\instruments\ZenithPolySynth.h(508): warning C4100: 'midiNoteNumber': unreferenced parameter
C:\zenith\daw\zenith-core\Source\instruments\ZenithPolySynth.h(509): warning C4100: 'midiChannel': unreferenced parameter
C:\zenith\daw\zenith-core\Source\instruments\ZenithPolySynth.cpp(42): warning C4244: 'initializing': conversion from 'double' to 'float', possible loss of data
C:\zenith\daw\zenith-core\Source\instruments\ZenithPolySynth.cpp(55): warning C4244: 'initializing': conversion from 'double' to 'float', possible loss of data
C:\zenith\daw\zenith-core\Source\instruments\ZenithPolySynth.cpp(56): warning C4244: 'initializing': conversion from 'double' to 'float', possible loss of data
C:\zenith\daw\zenith-core\Source\instruments\ZenithPolySynth.cpp(66): warning C4244: '=': conversion from 'double' to 'float', possible loss of data
C:\zenith\daw\zenith-core\Source\instruments\ZenithPolySynth.cpp(82): warning C4244: 'initializing': conversion from 'double' to 'float', possible loss of data
C:\zenith\daw\zenith-core\Source\instruments\ZenithPolySynth.cpp(83): warning C4244: 'initializing': conversion from 'double' to 'float', possible loss of data
C:\zenith\daw\zenith-core\Source\instruments\ZenithPolySynth.cpp(93): warning C4244: '=': conversion from 'double' to 'float', possible loss of data
C:\zenith\daw\zenith-core\Source\instruments\ZenithPolySynth.cpp(98): warning C4244: '=': conversion from 'double' to 'float', possible loss of data
C:\zenith\daw\zenith-core\Source\instruments\ZenithPolySynth.cpp(240): warning C4244: '=': conversion from 'double' to 'float', possible loss of data
C:\zenith\daw\zenith-core\Source\instruments\ZenithPolySynth.cpp(286): warning C4244: 'argument': conversion from 'float' to 'int', possible loss of data
C:\zenith\daw\zenith-core\Source\instruments\ZenithPolySynth.cpp(286): warning C4244: '=': conversion from 'double' to 'float', possible loss of data
C:\zenith\daw\zenith-core\Source\instruments\ZenithPolySynth.cpp(703): warning C4458: declaration of 'sampleRate' hides class member
C:\zenith\daw\build\_deps\juce-src\modules\juce_audio_basics\synthesisers/juce_Synthesiser.h(636): note: see declaration of 'juce::Synthesiser::sampleRate'
C:\zenith\daw\zenith-core\Source\instruments\ZenithPolySynth.cpp(884): warning C4100: 'currentlyPlayingNote': unreferenced parameter
C:\zenith\daw\zenith-core\Source\instruments\ZenithPolySynth.cpp(883): warning C4100: 'midiNoteNumber': unreferenced parameter
C:\zenith\daw\zenith-core\Source\instruments\ZenithPolySynth.cpp(882): warning C4100: 'midiChannel': unreferenced parameter
C:\zenith\daw\zenith-core\Source\instruments\ZenithPolySynth.cpp(1004): warning C4244: 'argument': conversion from 'int' to 'float', possible loss of data
ninja: build stopped: subcommand failed.
Build failed
