MSBuild version 17.14.23+b0019275e for .NET Framework

  Checking File Globs
EXEC : CMake error : Error processing file: C:/zenith/daw/build/CMakeFiles/VerifyGlobs.cmake [C:\zenith\daw\build\ZERO_CHECK.vcxproj]
C:\Program Files\Microsoft Visual Studio\2022\Community\MSBuild\Microsoft\VC\v170\Microsoft.CppCommon.targets(156,5): error MSB3073: The command "setlocal [C:\zenith\daw\build\ZERO_CHECK.vcxproj]
C:\Program Files\Microsoft Visual Studio\2022\Community\MSBuild\Microsoft\VC\v170\Microsoft.CppCommon.targets(156,5): error MSB3073: "C:\Program Files\CMake\bin\cmake.exe" -P C:/zenith/daw/build/CMakeFiles/VerifyGlobs.cmake [C:\zenith\daw\build\ZERO_CHECK.vcxproj]
C:\Program Files\Microsoft Visual Studio\2022\Community\MSBuild\Microsoft\VC\v170\Microsoft.CppCommon.targets(156,5): error MSB3073: if %errorlevel% neq 0 goto :cmEnd [C:\zenith\daw\build\ZERO_CHECK.vcxproj]
C:\Program Files\Microsoft Visual Studio\2022\Community\MSBuild\Microsoft\VC\v170\Microsoft.CppCommon.targets(156,5): error MSB3073: :cmEnd [C:\zenith\daw\build\ZERO_CHECK.vcxproj]
C:\Program Files\Microsoft Visual Studio\2022\Community\MSBuild\Microsoft\VC\v170\Microsoft.CppCommon.targets(156,5): error MSB3073: endlocal & call :cmErrorLevel %errorlevel% & goto :cmDone [C:\zenith\daw\build\ZERO_CHECK.vcxproj]
C:\Program Files\Microsoft Visual Studio\2022\Community\MSBuild\Microsoft\VC\v170\Microsoft.CppCommon.targets(156,5): error MSB3073: :cmErrorLevel [C:\zenith\daw\build\ZERO_CHECK.vcxproj]
C:\Program Files\Microsoft Visual Studio\2022\Community\MSBuild\Microsoft\VC\v170\Microsoft.CppCommon.targets(156,5): error MSB3073: exit /b %1 [C:\zenith\daw\build\ZERO_CHECK.vcxproj]
C:\Program Files\Microsoft Visual Studio\2022\Community\MSBuild\Microsoft\VC\v170\Microsoft.CppCommon.targets(156,5): error MSB3073: :cmDone [C:\zenith\daw\build\ZERO_CHECK.vcxproj]
C:\Program Files\Microsoft Visual Studio\2022\Community\MSBuild\Microsoft\VC\v170\Microsoft.CppCommon.targets(156,5): error MSB3073: if %errorlevel% neq 0 goto :VCEnd [C:\zenith\daw\build\ZERO_CHECK.vcxproj]
C:\Program Files\Microsoft Visual Studio\2022\Community\MSBuild\Microsoft\VC\v170\Microsoft.CppCommon.targets(156,5): error MSB3073: :VCEnd" exited with code 1. [C:\zenith\daw\build\ZERO_CHECK.vcxproj]
