-- Using ccache: C:/Users/micah/AppData/Local/Microsoft/WinGet/Packages/BrechtSanders.WinLibs.POSIX.UCRT_Microsoft.Winget.Source_8wekyb3d8bbwe/mingw64/bin/ccache.exe
-- Configuring juceaide
-- Building juceaide
-- Exporting juceaide
-- Testing juceaide
-- Finished setting up juceaide
-- ============================================
-- Configuring Skia Integration (Audited)
-- ============================================
--   Strategy: Manual Search (unofficial-skia not found)
--   Skia headers: C:/vcpkg/installed/x64-windows/include/skia
--   Skia library: C:/vcpkg/installed/x64-windows/lib/skia.dll.lib
--   Skia graphics library: LINKED (Manual)
--   Found Skia DLL: C:/vcpkg/installed/x64-windows/bin/skia.dll - Configuring auto-copy
--   Enabling Skia UI Components...
--   Skia UI components: ENABLED
-- ============================================
-- Zenith DAW: Skia rendering ENABLED
-- IPO/LTO enabled for ZenithDAW
-- Configuring done (8.9s)
-- Generating done (1.1s)
-- Build files have been written to: C:/zenith/daw/build_check
