MSBuild version 17.14.23+b0019275e for .NET Framework

  Checking File Globs
  ZenithDAW_rc_lib.vcxproj -> C:\zenith\daw\build_nosk\ZenithDAW_rc_lib.dir\Release\ZenithDAW_rc_lib.lib
  Main.cpp
  CommandAPI.cpp
C:\zenith\daw\apps\desktop\include\ProjectState.h(35,1): error C1083: Cannot open include file: '../engine/RoutingGraph.h': No such file or directory [C:\zenith\daw\build_nosk\ZenithDAW.vcxproj]
  (compiling source file '../apps/desktop/Source/Main.cpp')
  
C:\zenith\daw\apps\desktop\include\Engine.h(744,43): error C2143: syntax error: missing ';' before '*' [C:\zenith\daw\build_nosk\ZenithDAW.vcxproj]
  (compiling source file '../apps/desktop/Source/commands/CommandAPI.cpp')
  
C:\zenith\daw\apps\desktop\include\Engine.h(744,32): error C2838: 'MidiBuffer': illegal qualified name in member declaration [C:\zenith\daw\build_nosk\ZenithDAW.vcxproj]
  (compiling source file '../apps/desktop/Source/commands/CommandAPI.cpp')
  
C:\zenith\daw\apps\desktop\include\Engine.h(744,20): warning C4228: nonstandard extension used: qualifiers after comma in declarator list are ignored [C:\zenith\daw\build_nosk\ZenithDAW.vcxproj]
  (compiling source file '../apps/desktop/Source/commands/CommandAPI.cpp')
  
C:\zenith\daw\apps\desktop\include\Engine.h(744,66): error C2059: syntax error: ')' [C:\zenith\daw\build_nosk\ZenithDAW.vcxproj]
  (compiling source file '../apps/desktop/Source/commands/CommandAPI.cpp')
  
C:\zenith\daw\apps\desktop\include\Engine.h(744,67): error C2238: unexpected token(s) preceding ';' [C:\zenith\daw\build_nosk\ZenithDAW.vcxproj]
  (compiling source file '../apps/desktop/Source/commands/CommandAPI.cpp')
  
C:\zenith\daw\apps\desktop\include\ProjectState.h(1284,1): error C1004: unexpected end-of-file found [C:\zenith\daw\build_nosk\ZenithDAW.vcxproj]
  (compiling source file '../apps/desktop/Source/commands/CommandAPI.cpp')
  
  SessionGraph.cpp
C:\zenith\daw\apps\desktop\include\Engine.h(744,43): error C2143: syntax error: missing ';' before '*' [C:\zenith\daw\build_nosk\ZenithDAW.vcxproj]
  (compiling source file '../apps/desktop/Source/commands/SessionGraph.cpp')
  
C:\zenith\daw\apps\desktop\include\Engine.h(744,32): error C2838: 'MidiBuffer': illegal qualified name in member declaration [C:\zenith\daw\build_nosk\ZenithDAW.vcxproj]
  (compiling source file '../apps/desktop/Source/commands/SessionGraph.cpp')
  
C:\zenith\daw\apps\desktop\include\Engine.h(744,20): warning C4228: nonstandard extension used: qualifiers after comma in declarator list are ignored [C:\zenith\daw\build_nosk\ZenithDAW.vcxproj]
  (compiling source file '../apps/desktop/Source/commands/SessionGraph.cpp')
  
C:\zenith\daw\apps\desktop\include\Engine.h(744,66): error C2059: syntax error: ')' [C:\zenith\daw\build_nosk\ZenithDAW.vcxproj]
  (compiling source file '../apps/desktop/Source/commands/SessionGraph.cpp')
  
C:\zenith\daw\apps\desktop\include\Engine.h(744,67): error C2238: unexpected token(s) preceding ';' [C:\zenith\daw\build_nosk\ZenithDAW.vcxproj]
  (compiling source file '../apps/desktop/Source/commands/SessionGraph.cpp')
  
C:\zenith\daw\apps\desktop\include\ProjectState.h(1284,1): error C1004: unexpected end-of-file found [C:\zenith\daw\build_nosk\ZenithDAW.vcxproj]
  (compiling source file '../apps/desktop/Source/commands/SessionGraph.cpp')
  
  DSPStemSeparator.cpp
  DSPVoiceChanger.cpp
C:\zenith\daw\apps\desktop\Source\dsp\DSPVoiceChanger.cpp(66,29): warning C4244: 'initializing': conversion from 'double' to 'float', possible loss of data [C:\zenith\daw\build_nosk\ZenithDAW.vcxproj]
C:\zenith\daw\apps\desktop\Source\dsp\DSPVoiceChanger.cpp(87,38): warning C4244: '=': conversion from 'int' to 'float', possible loss of data [C:\zenith\daw\build_nosk\ZenithDAW.vcxproj]
  ONNXStemSeparator.cpp
  AudioFilePool.cpp
  AuxBus.cpp
  Clip.cpp
  ClipSynchronizer.cpp
C:\zenith\daw\apps\desktop\include\ProjectState.h(1284,1): error C1004: unexpected end-of-file found [C:\zenith\daw\build_nosk\ZenithDAW.vcxproj]
  (compiling source file '../apps/desktop/Source/engine/ClipSynchronizer.cpp')
  
  Engine.cpp
C:\zenith\daw\apps\desktop\include\Engine.h(744,43): error C2143: syntax error: missing ';' before '*' [C:\zenith\daw\build_nosk\ZenithDAW.vcxproj]
  (compiling source file '../apps/desktop/Source/engine/Engine.cpp')
  
C:\zenith\daw\apps\desktop\include\Engine.h(744,32): error C2838: 'MidiBuffer': illegal qualified name in member declaration [C:\zenith\daw\build_nosk\ZenithDAW.vcxproj]
  (compiling source file '../apps/desktop/Source/engine/Engine.cpp')
  
C:\zenith\daw\apps\desktop\include\Engine.h(744,20): warning C4228: nonstandard extension used: qualifiers after comma in declarator list are ignored [C:\zenith\daw\build_nosk\ZenithDAW.vcxproj]
  (compiling source file '../apps/desktop/Source/engine/Engine.cpp')
  
C:\zenith\daw\apps\desktop\include\Engine.h(744,66): error C2059: syntax error: ')' [C:\zenith\daw\build_nosk\ZenithDAW.vcxproj]
  (compiling source file '../apps/desktop/Source/engine/Engine.cpp')
  
C:\zenith\daw\apps\desktop\include\Engine.h(744,67): error C2238: unexpected token(s) preceding ';' [C:\zenith\daw\build_nosk\ZenithDAW.vcxproj]
  (compiling source file '../apps/desktop/Source/engine/Engine.cpp')
  
C:\zenith\daw\apps\desktop\include\ProjectState.h(1284,1): error C1004: unexpected end-of-file found [C:\zenith\daw\build_nosk\ZenithDAW.vcxproj]
  (compiling source file '../apps/desktop/Source/engine/Engine.cpp')
  
  MixerChannel.cpp
  PluginHost.cpp
C:\zenith\daw\apps\desktop\Source\engine\PluginHost.cpp(67,29): error C2065: 'customSearchPaths': undeclared identifier [C:\zenith\daw\build_nosk\ZenithDAW.vcxproj]
C:\zenith\daw\apps\desktop\Source\engine\PluginHost.cpp(67,22): error C2530: 'path': references must be initialized [C:\zenith\daw\build_nosk\ZenithDAW.vcxproj]
C:\zenith\daw\apps\desktop\Source\engine\PluginHost.cpp(67,22): error C3531: 'path': a symbol whose type contains 'auto' must have an initializer [C:\zenith\daw\build_nosk\ZenithDAW.vcxproj]
C:\zenith\daw\apps\desktop\Source\engine\PluginHost.cpp(67,27): error C2143: syntax error: missing ';' before ':' [C:\zenith\daw\build_nosk\ZenithDAW.vcxproj]
C:\zenith\daw\apps\desktop\Source\engine\PluginHost.cpp(67,46): error C2143: syntax error: missing ';' before ')' [C:\zenith\daw\build_nosk\ZenithDAW.vcxproj]
C:\zenith\daw\apps\desktop\Source\engine\PluginHost.cpp(69,21): error C2664: 'void juce::FileSearchPath::add(const juce::File &,int)': cannot convert argument 1 from '<error type>' to 'const juce::File &' [C:\zenith\daw\build_nosk\ZenithDAW.vcxproj]
      C:\zenith\daw\apps\desktop\Source\engine\PluginHost.cpp(69,25):
      Reason: cannot convert from '<error type>' to 'const juce::File'
      C:\zenith\daw\apps\desktop\Source\engine\PluginHost.cpp(69,25):
      'juce::File::File': no overloaded function could convert all the argument types
          C:\zenith\daw\build_nosk\_deps\juce-src\modules\juce_core\files\juce_File.h(103,5):
          could be 'juce::File::File(juce::File &&) noexcept'
              C:\zenith\daw\apps\desktop\Source\engine\PluginHost.cpp(69,25):
              'juce::File::File(juce::File &&) noexcept': cannot convert argument 1 from '<error type>' to 'juce::File &&'
                  C:\zenith\daw\apps\desktop\Source\engine\PluginHost.cpp(69,25):
                  Reason: cannot convert from '<error type>' to 'juce::File'
                  C:\zenith\daw\apps\desktop\Source\engine\PluginHost.cpp(69,25):
                  Conversion requires a second user-defined-conversion operator or constructor
          C:\zenith\daw\build_nosk\_deps\juce-src\modules\juce_core\files\juce_File.h(82,5):
          or       'juce::File::File(const juce::File &)'
              C:\zenith\daw\apps\desktop\Source\engine\PluginHost.cpp(69,25):
              'juce::File::File(const juce::File &)': cannot convert argument 1 from '<error type>' to 'const juce::File &'
                  C:\zenith\daw\apps\desktop\Source\engine\PluginHost.cpp(69,25):
                  Reason: cannot convert from '<error type>' to 'const juce::File'
                  C:\zenith\daw\apps\desktop\Source\engine\PluginHost.cpp(69,25):
                  Conversion requires a second user-defined-conversion operator or constructor
          C:\zenith\daw\build_nosk\_deps\juce-src\modules\juce_core\files\juce_File.h(79,5):
          or       'juce::File::File(const juce::String &)'
              C:\zenith\daw\apps\desktop\Source\engine\PluginHost.cpp(69,25):
              'juce::File::File(const juce::String &)': cannot convert argument 1 from '<error type>' to 'const juce::String &'
                  C:\zenith\daw\apps\desktop\Source\engine\PluginHost.cpp(69,25):
                  Reason: cannot convert from '<error type>' to 'const juce::String'
                  C:\zenith\daw\apps\desktop\Source\engine\PluginHost.cpp(69,25):
                  Conversion requires a second user-defined-conversion operator or constructor
          C:\zenith\daw\apps\desktop\Source\engine\PluginHost.cpp(69,25):
          while trying to match the argument list '(<error type>)'
      C:\zenith\daw\build_nosk\_deps\juce-src\modules\juce_core\files\juce_FileSearchPath.h(113,10):
      see declaration of 'juce::FileSearchPath::add'
      C:\zenith\daw\apps\desktop\Source\engine\PluginHost.cpp(69,21):
      while trying to match the argument list '(<error type>)'
  
C:\zenith\daw\apps\desktop\Source\engine\PluginHost.cpp(312,10): error C2065: 'customSearchPaths': undeclared identifier [C:\zenith\daw\build_nosk\ZenithDAW.vcxproj]
C:\zenith\daw\apps\desktop\Source\engine\PluginHost.cpp(313,9): error C2065: 'customSearchPaths': undeclared identifier [C:\zenith\daw\build_nosk\ZenithDAW.vcxproj]
C:\zenith\daw\apps\desktop\Source\engine\PluginHost.cpp(318,31): error C2065: 'customSearchPaths': undeclared identifier [C:\zenith\daw\build_nosk\ZenithDAW.vcxproj]
C:\zenith\daw\apps\desktop\Source\engine\PluginHost.cpp(319,9): error C2065: 'customSearchPaths': undeclared identifier [C:\zenith\daw\build_nosk\ZenithDAW.vcxproj]
C:\zenith\daw\apps\desktop\Source\engine\PluginHost.cpp(324,12): error C2065: 'customSearchPaths': undeclared identifier [C:\zenith\daw\build_nosk\ZenithDAW.vcxproj]
  ProjectState.cpp
C:\zenith\daw\apps\desktop\include\ProjectState.h(1284,1): error C1004: unexpected end-of-file found [C:\zenith\daw\build_nosk\ZenithDAW.vcxproj]
  (compiling source file '../apps/desktop/Source/engine/ProjectState.cpp')
  
  RoutingGraph.cpp
  TempoMap.cpp
C:\zenith\daw\apps\desktop\include\ProjectState.h(1284,1): error C1004: unexpected end-of-file found [C:\zenith\daw\build_nosk\ZenithDAW.vcxproj]
  (compiling source file '../apps/desktop/Source/engine/TempoMap.cpp')
  
  TempoMapSynchronizer.cpp
C:\zenith\daw\apps\desktop\include\ProjectState.h(1284,1): error C1004: unexpected end-of-file found [C:\zenith\daw\build_nosk\ZenithDAW.vcxproj]
  (compiling source file '../apps/desktop/Source/engine/TempoMapSynchronizer.cpp')
  
  Track.cpp
  TrackAutomationSynchronizer.cpp
C:\zenith\daw\apps\desktop\include\Engine.h(744,43): error C2143: syntax error: missing ';' before '*' [C:\zenith\daw\build_nosk\ZenithDAW.vcxproj]
  (compiling source file '../apps/desktop/Source/engine/TrackAutomationSynchronizer.cpp')
  
C:\zenith\daw\apps\desktop\include\Engine.h(744,32): error C2838: 'MidiBuffer': illegal qualified name in member declaration [C:\zenith\daw\build_nosk\ZenithDAW.vcxproj]
  (compiling source file '../apps/desktop/Source/engine/TrackAutomationSynchronizer.cpp')
  
C:\zenith\daw\apps\desktop\include\Engine.h(744,20): warning C4228: nonstandard extension used: qualifiers after comma in declarator list are ignored [C:\zenith\daw\build_nosk\ZenithDAW.vcxproj]
  (compiling source file '../apps/desktop/Source/engine/TrackAutomationSynchronizer.cpp')
  
C:\zenith\daw\apps\desktop\include\Engine.h(744,66): error C2059: syntax error: ')' [C:\zenith\daw\build_nosk\ZenithDAW.vcxproj]
  (compiling source file '../apps/desktop/Source/engine/TrackAutomationSynchronizer.cpp')
  
C:\zenith\daw\apps\desktop\include\Engine.h(744,67): error C2238: unexpected token(s) preceding ';' [C:\zenith\daw\build_nosk\ZenithDAW.vcxproj]
  (compiling source file '../apps/desktop/Source/engine/TrackAutomationSynchronizer.cpp')
  
C:\zenith\daw\apps\desktop\include\ProjectState.h(1284,1): error C1004: unexpected end-of-file found [C:\zenith\daw\build_nosk\ZenithDAW.vcxproj]
  (compiling source file '../apps/desktop/Source/engine/TrackAutomationSynchronizer.cpp')
  
  TrackPluginState.cpp
  Compiling...
  TrackStateSynchronizer.cpp
C:\zenith\daw\apps\desktop\include\Engine.h(744,43): error C2143: syntax error: missing ';' before '*' [C:\zenith\daw\build_nosk\ZenithDAW.vcxproj]
  (compiling source file '../apps/desktop/Source/engine/TrackStateSynchronizer.cpp')
  
C:\zenith\daw\apps\desktop\include\Engine.h(744,32): error C2838: 'MidiBuffer': illegal qualified name in member declaration [C:\zenith\daw\build_nosk\ZenithDAW.vcxproj]
  (compiling source file '../apps/desktop/Source/engine/TrackStateSynchronizer.cpp')
  
C:\zenith\daw\apps\desktop\include\Engine.h(744,20): warning C4228: nonstandard extension used: qualifiers after comma in declarator list are ignored [C:\zenith\daw\build_nosk\ZenithDAW.vcxproj]
  (compiling source file '../apps/desktop/Source/engine/TrackStateSynchronizer.cpp')
  
C:\zenith\daw\apps\desktop\include\Engine.h(744,66): error C2059: syntax error: ')' [C:\zenith\daw\build_nosk\ZenithDAW.vcxproj]
  (compiling source file '../apps/desktop/Source/engine/TrackStateSynchronizer.cpp')
  
C:\zenith\daw\apps\desktop\include\Engine.h(744,67): error C2238: unexpected token(s) preceding ';' [C:\zenith\daw\build_nosk\ZenithDAW.vcxproj]
  (compiling source file '../apps/desktop/Source/engine/TrackStateSynchronizer.cpp')
  
C:\zenith\daw\apps\desktop\include\ProjectState.h(1284,1): error C1004: unexpected end-of-file found [C:\zenith\daw\build_nosk\ZenithDAW.vcxproj]
  (compiling source file '../apps/desktop/Source/engine/TrackStateSynchronizer.cpp')
  
  ZenithLogger.cpp
  Instrument.cpp
  InstrumentRegistry.cpp
  PresetGenerator.cpp
  RegisterBuiltInInstruments.cpp
C:\zenith\daw\apps\desktop\Source\utils\PresetGenerator.h(48,63): warning C4267: 'argument': conversion from 'size_t' to 'int', possible loss of data [C:\zenith\daw\build_nosk\ZenithDAW.vcxproj]
  (compiling source file '../apps/desktop/Source/instruments/RegisterBuiltInInstruments.cpp')
  
C:\zenith\daw\apps\desktop\Source\utils\PresetGenerator.h(49,78): warning C4267: 'argument': conversion from 'size_t' to 'int', possible loss of data [C:\zenith\daw\build_nosk\ZenithDAW.vcxproj]
  (compiling source file '../apps/desktop/Source/instruments/RegisterBuiltInInstruments.cpp')
  
  ZenithPolySynth.cpp
C:\zenith\daw\apps\desktop\Source\instruments\ZenithPolySynth.cpp(80,18): warning C4244: 'initializing': conversion from 'double' to 'float', possible loss of data [C:\zenith\daw\build_nosk\ZenithDAW.vcxproj]
C:\zenith\daw\apps\desktop\Source\instruments\ZenithPolySynth.cpp(87,20): warning C4244: 'initializing': conversion from 'double' to 'float', possible loss of data [C:\zenith\daw\build_nosk\ZenithDAW.vcxproj]
C:\zenith\daw\apps\desktop\Source\instruments\ZenithPolySynth.cpp(99,20): warning C4244: 'initializing': conversion from 'double' to 'float', possible loss of data [C:\zenith\daw\build_nosk\ZenithDAW.vcxproj]
C:\zenith\daw\apps\desktop\Source\instruments\ZenithPolySynth.cpp(162,24): warning C4244: 'initializing': conversion from 'double' to 'float', possible loss of data [C:\zenith\daw\build_nosk\ZenithDAW.vcxproj]
C:\zenith\daw\apps\desktop\Source\instruments\ZenithPolySynth.cpp(253,21): warning C4267: 'initializing': conversion from 'size_t' to 'int', possible loss of data [C:\zenith\daw\build_nosk\ZenithDAW.vcxproj]
C:\zenith\daw\apps\desktop\Source\instruments\ZenithPolySynth.cpp(312,62): warning C4244: '=': conversion from 'double' to 'float', possible loss of data [C:\zenith\daw\build_nosk\ZenithDAW.vcxproj]
C:\zenith\daw\apps\desktop\Source\instruments\ZenithPolySynth.cpp(324,11): error C2248: 'zenith::ZenithOscillator::updateSupersawRatios': cannot access private member declared in class 'zenith::ZenithOscillator' [C:\zenith\daw\build_nosk\ZenithDAW.vcxproj]
      C:\zenith\daw\apps\desktop\Source\instruments\ZenithPolySynth.cpp(70,24):
      see declaration of 'zenith::ZenithOscillator::updateSupersawRatios'
      C:\zenith\daw\apps\desktop\Source\instruments\ZenithPolySynth.h(146,7):
      see declaration of 'zenith::ZenithOscillator'
  
C:\zenith\daw\apps\desktop\Source\instruments\ZenithPolySynth.cpp(325,11): error C2248: 'zenith::ZenithOscillator::updateSupersawRatios': cannot access private member declared in class 'zenith::ZenithOscillator' [C:\zenith\daw\build_nosk\ZenithDAW.vcxproj]
      C:\zenith\daw\apps\desktop\Source\instruments\ZenithPolySynth.cpp(70,24):
      see declaration of 'zenith::ZenithOscillator::updateSupersawRatios'
      C:\zenith\daw\apps\desktop\Source\instruments\ZenithPolySynth.h(146,7):
      see declaration of 'zenith::ZenithOscillator'
  
C:\zenith\daw\apps\desktop\Source\instruments\ZenithPolySynth.cpp(326,11): error C2248: 'zenith::ZenithOscillator::updateSupersawRatios': cannot access private member declared in class 'zenith::ZenithOscillator' [C:\zenith\daw\build_nosk\ZenithDAW.vcxproj]
      C:\zenith\daw\apps\desktop\Source\instruments\ZenithPolySynth.cpp(70,24):
      see declaration of 'zenith::ZenithOscillator::updateSupersawRatios'
      C:\zenith\daw\apps\desktop\Source\instruments\ZenithPolySynth.h(146,7):
      see declaration of 'zenith::ZenithOscillator'
  
C:\zenith\daw\apps\desktop\Source\instruments\ZenithPolySynth.cpp(365,11): error C2248: 'zenith::ZenithOscillator::updateSupersawRatios': cannot access private member declared in class 'zenith::ZenithOscillator' [C:\zenith\daw\build_nosk\ZenithDAW.vcxproj]
      C:\zenith\daw\apps\desktop\Source\instruments\ZenithPolySynth.cpp(70,24):
      see declaration of 'zenith::ZenithOscillator::updateSupersawRatios'
      C:\zenith\daw\apps\desktop\Source\instruments\ZenithPolySynth.h(146,7):
      see declaration of 'zenith::ZenithOscillator'
  
C:\zenith\daw\apps\desktop\Source\instruments\ZenithPolySynth.cpp(366,11): error C2248: 'zenith::ZenithOscillator::updateSupersawRatios': cannot access private member declared in class 'zenith::ZenithOscillator' [C:\zenith\daw\build_nosk\ZenithDAW.vcxproj]
      C:\zenith\daw\apps\desktop\Source\instruments\ZenithPolySynth.cpp(70,24):
      see declaration of 'zenith::ZenithOscillator::updateSupersawRatios'
      C:\zenith\daw\apps\desktop\Source\instruments\ZenithPolySynth.h(146,7):
      see declaration of 'zenith::ZenithOscillator'
  
C:\zenith\daw\apps\desktop\Source\instruments\ZenithPolySynth.cpp(367,11): error C2248: 'zenith::ZenithOscillator::updateSupersawRatios': cannot access private member declared in class 'zenith::ZenithOscillator' [C:\zenith\daw\build_nosk\ZenithDAW.vcxproj]
      C:\zenith\daw\apps\desktop\Source\instruments\ZenithPolySynth.cpp(70,24):
      see declaration of 'zenith::ZenithOscillator::updateSupersawRatios'
      C:\zenith\daw\apps\desktop\Source\instruments\ZenithPolySynth.h(146,7):
      see declaration of 'zenith::ZenithOscillator'
  
C:\zenith\daw\apps\desktop\Source\instruments\ZenithPolySynth.cpp(372,29): warning C4244: 'initializing': conversion from 'double' to 'float', possible loss of data [C:\zenith\daw\build_nosk\ZenithDAW.vcxproj]
C:\zenith\daw\apps\desktop\Source\instruments\ZenithPolySynth.cpp(438,9): error C2065: 'effects_': undeclared identifier [C:\zenith\daw\build_nosk\ZenithDAW.vcxproj]
C:\zenith\daw\apps\desktop\Source\instruments\ZenithPolySynth.cpp(450,42): error C2065: 'effects_': undeclared identifier [C:\zenith\daw\build_nosk\ZenithDAW.vcxproj]
C:\zenith\daw\apps\desktop\Source\instruments\ZenithPolySynth.cpp(463,5): error C2065: 'effects_': undeclared identifier [C:\zenith\daw\build_nosk\ZenithDAW.vcxproj]
C:\zenith\daw\apps\desktop\Source\instruments\ZenithPolySynth.cpp(518,26): warning C4244: '=': conversion from 'double' to 'float', possible loss of data [C:\zenith\daw\build_nosk\ZenithDAW.vcxproj]
C:\zenith\daw\apps\desktop\Source\instruments\ZenithPolySynth.cpp(519,26): warning C4244: '=': conversion from 'double' to 'float', possible loss of data [C:\zenith\daw\build_nosk\ZenithDAW.vcxproj]
  ZenithPolySynthEditor.cpp
  ZenithPresetManager.cpp
  ZenithSampler.cpp
C:\zenith\daw\apps\desktop\Source\instruments\ZenithSampler.cpp(1108,15): warning C4189: 'bankLoFiKeysJson': local variable is initialized but not referenced [C:\zenith\daw\build_nosk\ZenithDAW.vcxproj]
C:\zenith\daw\apps\desktop\Source\instruments\ZenithSampler.cpp(1135,15): warning C4189: 'bankFXJson': local variable is initialized but not referenced [C:\zenith\daw\build_nosk\ZenithDAW.vcxproj]
C:\zenith\daw\apps\desktop\Source\instruments\ZenithSampler.cpp(1082,15): warning C4189: 'bank808Json': local variable is initialized but not referenced [C:\zenith\daw\build_nosk\ZenithDAW.vcxproj]
C:\Program Files (x86)\Microsoft Visual Studio\2022\BuildTools\VC\Tools\MSVC\14.44.35207\include\memory(3630,35): warning C4996: 'juce::AudioParameterFloat::AudioParameterFloat': Prefer the signature taking an Attributes argument [C:\zenith\daw\build_nosk\ZenithDAW.vcxproj]
  (compiling source file '../apps/desktop/Source/instruments/ZenithSampler.cpp')
      C:\Program Files (x86)\Microsoft Visual Studio\2022\BuildTools\VC\Tools\MSVC\14.44.35207\include\memory(3630,35):
      the template instantiation context (the oldest one first) is
          C:\zenith\daw\apps\desktop\Source\instruments\ZenithSampler.cpp(72,19):
          see reference to function template instantiation 'std::unique_ptr<juce::AudioParameterFloat,std::default_delete<juce::AudioParameterFloat>> std::make_unique<juce::AudioParameterFloat,const char(&)[7],const char(&)[7],juce::NormalisableRange<float>,float,const char(&)[2],0>(const char (&)[7],const char (&)[7],juce::NormalisableRange<float> &&,float &&,const char (&)[2])' being compiled
  
  ZenithSamplerEditor.cpp
  AIBridgeClient.cpp
  AIPrompts.cpp
  AITools.cpp
C:\zenith\daw\apps\desktop\Source\network\AITools.cpp(69,116): error C2143: syntax error: missing ')' before '}' [C:\zenith\daw\build_nosk\ZenithDAW.vcxproj]
C:\zenith\daw\apps\desktop\Source\network\AITools.cpp(69,116): error C2143: syntax error: missing ';' before '}' [C:\zenith\daw\build_nosk\ZenithDAW.vcxproj]
C:\zenith\daw\apps\desktop\Source\network\AITools.cpp(69,117): error C2001: newline in constant [C:\zenith\daw\build_nosk\ZenithDAW.vcxproj]
C:\zenith\daw\apps\desktop\Source\network\AITools.cpp(69,117): error C2059: syntax error: 'string' [C:\zenith\daw\build_nosk\ZenithDAW.vcxproj]
C:\zenith\daw\apps\desktop\Source\network\AITools.cpp(73,5): error C2059: syntax error: ')' [C:\zenith\daw\build_nosk\ZenithDAW.vcxproj]
C:\zenith\daw\apps\desktop\Source\network\AITools.cpp(73,6): error C2059: syntax error: ')' [C:\zenith\daw\build_nosk\ZenithDAW.vcxproj]
C:\zenith\daw\apps\desktop\Source\network\AITools.cpp(76,5): error C3927: '->': trailing return type is not allowed after a non-function declarator [C:\zenith\daw\build_nosk\ZenithDAW.vcxproj]
C:\zenith\daw\apps\desktop\Source\network\AITools.cpp(76,16): error C3484: syntax error: expected '->' before the return type [C:\zenith\daw\build_nosk\ZenithDAW.vcxproj]
C:\zenith\daw\apps\desktop\Source\network\AITools.cpp(76,17): error C3613: missing return type after '->' ('int' assumed) [C:\zenith\daw\build_nosk\ZenithDAW.vcxproj]
C:\zenith\daw\apps\desktop\Source\network\AITools.cpp(76,5): error C4430: missing type specifier - int assumed. Note: C++ does not support default-int [C:\zenith\daw\build_nosk\ZenithDAW.vcxproj]
C:\zenith\daw\apps\desktop\Source\network\AITools.cpp(76,17): error C2146: syntax error: missing ';' before identifier 'add' [C:\zenith\daw\build_nosk\ZenithDAW.vcxproj]
C:\zenith\daw\apps\desktop\Source\network\AITools.cpp(91,5): error C3927: '->': trailing return type is not allowed after a non-function declarator [C:\zenith\daw\build_nosk\ZenithDAW.vcxproj]
C:\zenith\daw\apps\desktop\Source\network\AITools.cpp(91,16): error C3484: syntax error: expected '->' before the return type [C:\zenith\daw\build_nosk\ZenithDAW.vcxproj]
C:\zenith\daw\apps\desktop\Source\network\AITools.cpp(91,17): error C3613: missing return type after '->' ('int' assumed) [C:\zenith\daw\build_nosk\ZenithDAW.vcxproj]
C:\zenith\daw\apps\desktop\Source\network\AITools.cpp(91,5): error C4430: missing type specifier - int assumed. Note: C++ does not support default-int [C:\zenith\daw\build_nosk\ZenithDAW.vcxproj]
C:\zenith\daw\apps\desktop\Source\network\AITools.cpp(91,5): error C2086: 'int zenith::myFunctions': redefinition [C:\zenith\daw\build_nosk\ZenithDAW.vcxproj]
      C:\zenith\daw\apps\desktop\Source\network\AITools.cpp(76,5):
      see declaration of 'zenith::myFunctions'
  
C:\zenith\daw\apps\desktop\Source\network\AITools.cpp(91,17): error C2146: syntax error: missing ';' before identifier 'add' [C:\zenith\daw\build_nosk\ZenithDAW.vcxproj]
C:\zenith\daw\apps\desktop\Source\network\AITools.cpp(104,5): error C3927: '->': trailing return type is not allowed after a non-function declarator [C:\zenith\daw\build_nosk\ZenithDAW.vcxproj]
C:\zenith\daw\apps\desktop\Source\network\AITools.cpp(104,16): error C3484: syntax error: expected '->' before the return type [C:\zenith\daw\build_nosk\ZenithDAW.vcxproj]
C:\zenith\daw\apps\desktop\Source\network\AITools.cpp(104,17): error C3613: missing return type after '->' ('int' assumed) [C:\zenith\daw\build_nosk\ZenithDAW.vcxproj]
C:\zenith\daw\apps\desktop\Source\network\AITools.cpp(104,5): error C4430: missing type specifier - int assumed. Note: C++ does not support default-int [C:\zenith\daw\build_nosk\ZenithDAW.vcxproj]
C:\zenith\daw\apps\desktop\Source\network\AITools.cpp(104,5): error C2086: 'int zenith::myFunctions': redefinition [C:\zenith\daw\build_nosk\ZenithDAW.vcxproj]
      C:\zenith\daw\apps\desktop\Source\network\AITools.cpp(76,5):
      see declaration of 'zenith::myFunctions'
  
C:\zenith\daw\apps\desktop\Source\network\AITools.cpp(104,17): error C2146: syntax error: missing ';' before identifier 'add' [C:\zenith\daw\build_nosk\ZenithDAW.vcxproj]
C:\zenith\daw\apps\desktop\Source\network\AITools.cpp(112,93): error C2143: syntax error: missing ';' before '}' [C:\zenith\daw\build_nosk\ZenithDAW.vcxproj]
C:\zenith\daw\apps\desktop\Source\network\AITools.cpp(112,93): error C2143: syntax error: missing ')' before ';' [C:\zenith\daw\build_nosk\ZenithDAW.vcxproj]
C:\zenith\daw\apps\desktop\Source\network\AITools.cpp(112,94): error C2059: syntax error: ',' [C:\zenith\daw\build_nosk\ZenithDAW.vcxproj]
C:\zenith\daw\apps\desktop\Source\network\AITools.cpp(112,95): error C2001: newline in constant [C:\zenith\daw\build_nosk\ZenithDAW.vcxproj]
C:\zenith\daw\apps\desktop\Source\network\AITools.cpp(113,96): error C2143: syntax error: missing ';' before '}' [C:\zenith\daw\build_nosk\ZenithDAW.vcxproj]
C:\zenith\daw\apps\desktop\Source\network\AITools.cpp(113,96): error C2059: syntax error: '}' [C:\zenith\daw\build_nosk\ZenithDAW.vcxproj]
C:\zenith\daw\apps\desktop\Source\network\AITools.cpp(113,98): error C2001: newline in constant [C:\zenith\daw\build_nosk\ZenithDAW.vcxproj]
C:\zenith\daw\apps\desktop\Source\network\AITools.cpp(114,94): error C2143: syntax error: missing ';' before '}' [C:\zenith\daw\build_nosk\ZenithDAW.vcxproj]
C:\zenith\daw\apps\desktop\Source\network\AITools.cpp(114,94): error C2059: syntax error: '}' [C:\zenith\daw\build_nosk\ZenithDAW.vcxproj]
C:\zenith\daw\apps\desktop\Source\network\AITools.cpp(114,96): error C2001: newline in constant [C:\zenith\daw\build_nosk\ZenithDAW.vcxproj]
C:\zenith\daw\apps\desktop\Source\network\AITools.cpp(115,88): error C2143: syntax error: missing ';' before '}' [C:\zenith\daw\build_nosk\ZenithDAW.vcxproj]
C:\zenith\daw\apps\desktop\Source\network\AITools.cpp(115,88): error C2059: syntax error: '}' [C:\zenith\daw\build_nosk\ZenithDAW.vcxproj]
C:\zenith\daw\apps\desktop\Source\network\AITools.cpp(115,89): error C2001: newline in constant [C:\zenith\daw\build_nosk\ZenithDAW.vcxproj]
C:\zenith\daw\apps\desktop\Source\network\AITools.cpp(119,5): error C2059: syntax error: ')' [C:\zenith\daw\build_nosk\ZenithDAW.vcxproj]
C:\zenith\daw\apps\desktop\Source\network\AITools.cpp(119,6): error C2059: syntax error: ')' [C:\zenith\daw\build_nosk\ZenithDAW.vcxproj]
C:\zenith\daw\apps\desktop\Source\network\AITools.cpp(122,5): error C3927: '->': trailing return type is not allowed after a non-function declarator [C:\zenith\daw\build_nosk\ZenithDAW.vcxproj]
C:\zenith\daw\apps\desktop\Source\network\AITools.cpp(122,16): error C3484: syntax error: expected '->' before the return type [C:\zenith\daw\build_nosk\ZenithDAW.vcxproj]
C:\zenith\daw\apps\desktop\Source\network\AITools.cpp(122,17): error C3613: missing return type after '->' ('int' assumed) [C:\zenith\daw\build_nosk\ZenithDAW.vcxproj]
C:\zenith\daw\apps\desktop\Source\network\AITools.cpp(122,5): error C4430: missing type specifier - int assumed. Note: C++ does not support default-int [C:\zenith\daw\build_nosk\ZenithDAW.vcxproj]
C:\zenith\daw\apps\desktop\Source\network\AITools.cpp(122,17): error C2146: syntax error: missing ';' before identifier 'add' [C:\zenith\daw\build_nosk\ZenithDAW.vcxproj]
C:\zenith\daw\apps\desktop\Source\network\AITools.cpp(135,5): error C3927: '->': trailing return type is not allowed after a non-function declarator [C:\zenith\daw\build_nosk\ZenithDAW.vcxproj]
C:\zenith\daw\apps\desktop\Source\network\AITools.cpp(135,16): error C3484: syntax error: expected '->' before the return type [C:\zenith\daw\build_nosk\ZenithDAW.vcxproj]
C:\zenith\daw\apps\desktop\Source\network\AITools.cpp(135,17): error C3613: missing return type after '->' ('int' assumed) [C:\zenith\daw\build_nosk\ZenithDAW.vcxproj]
C:\zenith\daw\apps\desktop\Source\network\AITools.cpp(135,5): error C4430: missing type specifier - int assumed. Note: C++ does not support default-int [C:\zenith\daw\build_nosk\ZenithDAW.vcxproj]
C:\zenith\daw\apps\desktop\Source\network\AITools.cpp(135,5): error C2086: 'int myFunctions': redefinition [C:\zenith\daw\build_nosk\ZenithDAW.vcxproj]
      C:\zenith\daw\apps\desktop\Source\network\AITools.cpp(122,5):
      see declaration of 'myFunctions'
  
C:\zenith\daw\apps\desktop\Source\network\AITools.cpp(135,17): error C2146: syntax error: missing ';' before identifier 'add' [C:\zenith\daw\build_nosk\ZenithDAW.vcxproj]
C:\zenith\daw\apps\desktop\Source\network\AITools.cpp(143,102): error C2143: syntax error: missing ';' before '}' [C:\zenith\daw\build_nosk\ZenithDAW.vcxproj]
C:\zenith\daw\apps\desktop\Source\network\AITools.cpp(143,102): error C2143: syntax error: missing ')' before ';' [C:\zenith\daw\build_nosk\ZenithDAW.vcxproj]
C:\zenith\daw\apps\desktop\Source\network\AITools.cpp(143,102): error C2059: syntax error: '}' [C:\zenith\daw\build_nosk\ZenithDAW.vcxproj]
C:\zenith\daw\apps\desktop\Source\network\AITools.cpp(143,104): error C2001: newline in constant [C:\zenith\daw\build_nosk\ZenithDAW.vcxproj]
C:\zenith\daw\apps\desktop\Source\network\AITools.cpp(148,5): error C2059: syntax error: ')' [C:\zenith\daw\build_nosk\ZenithDAW.vcxproj]
C:\zenith\daw\apps\desktop\Source\network\AITools.cpp(148,6): error C2059: syntax error: ')' [C:\zenith\daw\build_nosk\ZenithDAW.vcxproj]
C:\zenith\daw\apps\desktop\Source\network\AITools.cpp(151,5): error C3927: '->': trailing return type is not allowed after a non-function declarator [C:\zenith\daw\build_nosk\ZenithDAW.vcxproj]
C:\zenith\daw\apps\desktop\Source\network\AITools.cpp(151,16): error C3484: syntax error: expected '->' before the return type [C:\zenith\daw\build_nosk\ZenithDAW.vcxproj]
C:\zenith\daw\apps\desktop\Source\network\AITools.cpp(151,17): error C3613: missing return type after '->' ('int' assumed) [C:\zenith\daw\build_nosk\ZenithDAW.vcxproj]
C:\zenith\daw\apps\desktop\Source\network\AITools.cpp(151,5): error C4430: missing type specifier - int assumed. Note: C++ does not support default-int [C:\zenith\daw\build_nosk\ZenithDAW.vcxproj]
C:\zenith\daw\apps\desktop\Source\network\AITools.cpp(151,5): error C2086: 'int myFunctions': redefinition [C:\zenith\daw\build_nosk\ZenithDAW.vcxproj]
      C:\zenith\daw\apps\desktop\Source\network\AITools.cpp(122,5):
      see declaration of 'myFunctions'
  
C:\zenith\daw\apps\desktop\Source\network\AITools.cpp(151,17): error C2146: syntax error: missing ';' before identifier 'add' [C:\zenith\daw\build_nosk\ZenithDAW.vcxproj]
C:\zenith\daw\apps\desktop\Source\network\AITools.cpp(165,5): error C2059: syntax error: 'return' [C:\zenith\daw\build_nosk\ZenithDAW.vcxproj]
C:\zenith\daw\apps\desktop\Source\network\AITools.cpp(166,1): error C2059: syntax error: '}' [C:\zenith\daw\build_nosk\ZenithDAW.vcxproj]
C:\zenith\daw\apps\desktop\Source\network\AITools.cpp(166,1): error C2143: syntax error: missing ';' before '}' [C:\zenith\daw\build_nosk\ZenithDAW.vcxproj]
C:\zenith\daw\apps\desktop\Source\network\AITools.cpp(168,1): error C2143: syntax error: missing ';' before '}' [C:\zenith\daw\build_nosk\ZenithDAW.vcxproj]
C:\zenith\daw\apps\desktop\Source\network\AITools.cpp(168,1): error C2059: syntax error: '}' [C:\zenith\daw\build_nosk\ZenithDAW.vcxproj]
  AudioAnalysisService.cpp
  GrokAPIClient.cpp
  GrokDAWController.cpp
  GrokUtils.cpp
  MockAIProvider.cpp
C:\zenith\daw\apps\desktop\Source\network\MockAIProvider.cpp(21,16): error C2653: 'JSON': is not a class or namespace name [C:\zenith\daw\build_nosk\ZenithDAW.vcxproj]
C:\zenith\daw\apps\desktop\Source\network\MockAIProvider.cpp(21,22): error C3861: 'toString': identifier not found [C:\zenith\daw\build_nosk\ZenithDAW.vcxproj]
C:\zenith\daw\apps\desktop\Source\network\MockAIProvider.cpp(62,24): error C2665: 'juce::JSON::toString': no overloaded function could convert all the argument types [C:\zenith\daw\build_nosk\ZenithDAW.vcxproj]
      C:\zenith\daw\build_nosk\_deps\juce-src\modules\juce_core\javascript\juce_JSON.h(152,19):
      could be 'juce::String juce::JSON::toString(const juce::var &,bool,int)'
          C:\zenith\daw\apps\desktop\Source\network\MockAIProvider.cpp(62,24):
          'juce::String juce::JSON::toString(const juce::var &,bool,int)': cannot convert argument 1 from 'juce::DynamicObject::Ptr' to 'const juce::var &'
              C:\zenith\daw\apps\desktop\Source\network\MockAIProvider.cpp(62,33):
              Reason: cannot convert from 'juce::DynamicObject::Ptr' to 'const juce::var'
              C:\zenith\daw\apps\desktop\Source\network\MockAIProvider.cpp(62,33):
              No user-defined-conversion operator available that can perform this conversion, or the operator cannot be called
      C:\zenith\daw\apps\desktop\Source\network\MockAIProvider.cpp(62,24):
      while trying to match the argument list '(juce::DynamicObject::Ptr)'
  
C:\zenith\daw\apps\desktop\Source\network\MockAIProvider.cpp(14,18): error C1075: '{': no matching token found [C:\zenith\daw\build_nosk\ZenithDAW.vcxproj]
  SecureKeyStore.cpp
  Compiling...
  SkiaRenderer.cpp
C:\zenith\daw\apps\desktop\Source\rendering\SkiaRenderer.cpp(9,1): error C1083: Cannot open include file: 'include/core/SkCanvas.h': No such file or directory [C:\zenith\daw\build_nosk\ZenithDAW.vcxproj]
  ArrangerComponent.cpp
C:\zenith\daw\apps\desktop\include\ProjectState.h(1284,1): error C1004: unexpected end-of-file found [C:\zenith\daw\build_nosk\ZenithDAW.vcxproj]
  (compiling source file '../apps/desktop/Source/ui/ArrangerComponent.cpp')
  
  AudioFeedback.cpp
  AutomationLaneComponent.cpp
C:\zenith\daw\apps\desktop\include\ProjectState.h(1284,1): error C1004: unexpected end-of-file found [C:\zenith\daw\build_nosk\ZenithDAW.vcxproj]
  (compiling source file '../apps/desktop/Source/ui/AutomationLaneComponent.cpp')
  
  ClipComponent.cpp
C:\zenith\daw\apps\desktop\include\ProjectState.h(1284,1): error C1004: unexpected end-of-file found [C:\zenith\daw\build_nosk\ZenithDAW.vcxproj]
  (compiling source file '../apps/desktop/Source/ui/ClipComponent.cpp')
  
  InstrumentBrowserPanel.cpp
C:\zenith\daw\apps\desktop\include\Engine.h(744,43): error C2143: syntax error: missing ';' before '*' [C:\zenith\daw\build_nosk\ZenithDAW.vcxproj]
  (compiling source file '../apps/desktop/Source/ui/InstrumentBrowserPanel.cpp')
  
C:\zenith\daw\apps\desktop\include\Engine.h(744,32): error C2838: 'MidiBuffer': illegal qualified name in member declaration [C:\zenith\daw\build_nosk\ZenithDAW.vcxproj]
  (compiling source file '../apps/desktop/Source/ui/InstrumentBrowserPanel.cpp')
  
C:\zenith\daw\apps\desktop\include\Engine.h(744,20): warning C4228: nonstandard extension used: qualifiers after comma in declarator list are ignored [C:\zenith\daw\build_nosk\ZenithDAW.vcxproj]
  (compiling source file '../apps/desktop/Source/ui/InstrumentBrowserPanel.cpp')
  
C:\zenith\daw\apps\desktop\include\Engine.h(744,66): error C2059: syntax error: ')' [C:\zenith\daw\build_nosk\ZenithDAW.vcxproj]
  (compiling source file '../apps/desktop/Source/ui/InstrumentBrowserPanel.cpp')
  
C:\zenith\daw\apps\desktop\include\Engine.h(744,67): error C2238: unexpected token(s) preceding ';' [C:\zenith\daw\build_nosk\ZenithDAW.vcxproj]
  (compiling source file '../apps/desktop/Source/ui/InstrumentBrowserPanel.cpp')
  
C:\zenith\daw\apps\desktop\include\ProjectState.h(1284,1): error C1004: unexpected end-of-file found [C:\zenith\daw\build_nosk\ZenithDAW.vcxproj]
  (compiling source file '../apps/desktop/Source/ui/InstrumentBrowserPanel.cpp')
  
  MainLayoutComponent.cpp
C:\zenith\daw\apps\desktop\Source\ui\skia\SkiaComponent.h(15,1): error C1083: Cannot open include file: 'core/SkCanvas.h': No such file or directory [C:\zenith\daw\build_nosk\ZenithDAW.vcxproj]
  (compiling source file '../apps/desktop/Source/ui/MainLayoutComponent.cpp')
  
  MainWindow.cpp
C:\zenith\daw\apps\desktop\include\ProjectState.h(1284,1): error C1004: unexpected end-of-file found [C:\zenith\daw\build_nosk\ZenithDAW.vcxproj]
  (compiling source file '../apps/desktop/Source/ui/MainWindow.cpp')
  
  MarkerLaneComponent.cpp
C:\zenith\daw\apps\desktop\include\ProjectState.h(1284,1): error C1004: unexpected end-of-file found [C:\zenith\daw\build_nosk\ZenithDAW.vcxproj]
  (compiling source file '../apps/desktop/Source/ui/MarkerLaneComponent.cpp')
  
  MixerChannelComponent.cpp
C:\zenith\daw\apps\desktop\include\ui\MixerChannelComponent.h(38,1): error C1083: Cannot open include file: 'ZenithKnob.h': No such file or directory [C:\zenith\daw\build_nosk\ZenithDAW.vcxproj]
  (compiling source file '../apps/desktop/Source/ui/MixerChannelComponent.cpp')
  
  MixerComponent.cpp
C:\zenith\daw\apps\desktop\include\ProjectState.h(1284,1): error C1004: unexpected end-of-file found [C:\zenith\daw\build_nosk\ZenithDAW.vcxproj]
  (compiling source file '../apps/desktop/Source/ui/MixerComponent.cpp')
  
  MixerView.cpp
C:\zenith\daw\apps\desktop\include\ui\MixerChannelComponent.h(38,1): error C1083: Cannot open include file: 'ZenithKnob.h': No such file or directory [C:\zenith\daw\build_nosk\ZenithDAW.vcxproj]
  (compiling source file '../apps/desktop/Source/ui/MixerView.cpp')
  
  PianoRollComponent.cpp
C:\zenith\daw\apps\desktop\include\ProjectState.h(1284,1): error C1004: unexpected end-of-file found [C:\zenith\daw\build_nosk\ZenithDAW.vcxproj]
  (compiling source file '../apps/desktop/Source/ui/PianoRollComponent.cpp')
  
  PluginBrowserComponent.cpp
C:\zenith\daw\apps\desktop\include\Engine.h(744,43): error C2143: syntax error: missing ';' before '*' [C:\zenith\daw\build_nosk\ZenithDAW.vcxproj]
  (compiling source file '../apps/desktop/Source/ui/PluginBrowserComponent.cpp')
  
C:\zenith\daw\apps\desktop\include\Engine.h(744,32): error C2838: 'MidiBuffer': illegal qualified name in member declaration [C:\zenith\daw\build_nosk\ZenithDAW.vcxproj]
  (compiling source file '../apps/desktop/Source/ui/PluginBrowserComponent.cpp')
  
C:\zenith\daw\apps\desktop\include\Engine.h(744,20): warning C4228: nonstandard extension used: qualifiers after comma in declarator list are ignored [C:\zenith\daw\build_nosk\ZenithDAW.vcxproj]
  (compiling source file '../apps/desktop/Source/ui/PluginBrowserComponent.cpp')
  
C:\zenith\daw\apps\desktop\include\Engine.h(744,66): error C2059: syntax error: ')' [C:\zenith\daw\build_nosk\ZenithDAW.vcxproj]
  (compiling source file '../apps/desktop/Source/ui/PluginBrowserComponent.cpp')
  
C:\zenith\daw\apps\desktop\include\Engine.h(744,67): error C2238: unexpected token(s) preceding ';' [C:\zenith\daw\build_nosk\ZenithDAW.vcxproj]
  (compiling source file '../apps/desktop/Source/ui/PluginBrowserComponent.cpp')
  
  PluginEditorWindow.cpp
  PresetBrowserComponent.cpp
  TempoLaneComponent.cpp
C:\zenith\daw\apps\desktop\include\ProjectState.h(1284,1): error C1004: unexpected end-of-file found [C:\zenith\daw\build_nosk\ZenithDAW.vcxproj]
  (compiling source file '../apps/desktop/Source/ui/TempoLaneComponent.cpp')
  
  TimelineRuler.cpp
C:\zenith\daw\apps\desktop\Source\ui\TimelineRuler.cpp(303,27): warning C4996: 'juce::Font::Font': Use the constructor that takes a FontOptions argument [C:\zenith\daw\build_nosk\ZenithDAW.vcxproj]
  TrackHeaderComponent.cpp
C:\zenith\daw\apps\desktop\include\ProjectState.h(1284,1): error C1004: unexpected end-of-file found [C:\zenith\daw\build_nosk\ZenithDAW.vcxproj]
  (compiling source file '../apps/desktop/Source/ui/TrackHeaderComponent.cpp')
  
  WingmanPanel.cpp
C:\zenith\daw\apps\desktop\include\Engine.h(744,43): error C2143: syntax error: missing ';' before '*' [C:\zenith\daw\build_nosk\ZenithDAW.vcxproj]
  (compiling source file '../apps/desktop/Source/ui/WingmanPanel.cpp')
  
C:\zenith\daw\apps\desktop\include\Engine.h(744,32): error C2838: 'MidiBuffer': illegal qualified name in member declaration [C:\zenith\daw\build_nosk\ZenithDAW.vcxproj]
  (compiling source file '../apps/desktop/Source/ui/WingmanPanel.cpp')
  
C:\zenith\daw\apps\desktop\include\Engine.h(744,20): warning C4228: nonstandard extension used: qualifiers after comma in declarator list are ignored [C:\zenith\daw\build_nosk\ZenithDAW.vcxproj]
  (compiling source file '../apps/desktop/Source/ui/WingmanPanel.cpp')
  
C:\zenith\daw\apps\desktop\include\Engine.h(744,66): error C2059: syntax error: ')' [C:\zenith\daw\build_nosk\ZenithDAW.vcxproj]
  (compiling source file '../apps/desktop/Source/ui/WingmanPanel.cpp')
  
C:\zenith\daw\apps\desktop\include\Engine.h(744,67): error C2238: unexpected token(s) preceding ';' [C:\zenith\daw\build_nosk\ZenithDAW.vcxproj]
  (compiling source file '../apps/desktop/Source/ui/WingmanPanel.cpp')
  
C:\zenith\daw\apps\desktop\Source\ui\WingmanPanel.cpp(18,1): error C2059: syntax error: 'namespace' [C:\zenith\daw\build_nosk\ZenithDAW.vcxproj]
C:\zenith\daw\apps\desktop\Source\ui\WingmanPanel.cpp(18,18): error C2334: unexpected token(s) preceding '{'; skipping apparent function body [C:\zenith\daw\build_nosk\ZenithDAW.vcxproj]
C:\zenith\daw\apps\desktop\Source\ui\SettingsComponent.h(34,50): error C1075: '{': no matching token found [C:\zenith\daw\build_nosk\ZenithDAW.vcxproj]
  (compiling source file '../apps/desktop/Source/ui/WingmanPanel.cpp')
  
  Compiling...
  ZenithLookAndFeel.cpp
C:\zenith\daw\apps\desktop\Source\ui\ZenithLookAndFeel.cpp(196,39): error C2039: 'getInstance': is not a member of 'zenith::ZenithLookAndFeel' [C:\zenith\daw\build_nosk\ZenithDAW.vcxproj]
      C:\zenith\daw\apps\desktop\Source\ui\ZenithLookAndFeel.h(5,7):
      see declaration of 'zenith::ZenithLookAndFeel'
  
  ZenithTheme.cpp
  juce_audio_basics.cpp
  juce_audio_devices.cpp
  juce_audio_formats.cpp
C:\zenith\daw\build_nosk\_deps\juce-src\modules\juce_audio_formats\codecs\juce_FlacAudioFormat.cpp(109,2): warning C4619: #pragma warning: there is no warning number '111' [C:\zenith\daw\build_nosk\ZenithDAW.vcxproj]
  (compiling source file '_deps/juce-src/modules/juce_audio_formats/juce_audio_formats.cpp')
  
C:\zenith\daw\build_nosk\_deps\juce-src\modules\juce_audio_formats\codecs\flac\libFLAC\bitreader.c(143,119): warning C4242: 'argument': conversion from 'uint32_t' to 'juce::FlacNamespace::FLAC__uint16', possible loss of data [C:\zenith\daw\build_nosk\ZenithDAW.vcxproj]
  (compiling source file '_deps/juce-src/modules/juce_audio_formats/juce_audio_formats.cpp')
  
C:\zenith\daw\build_nosk\_deps\juce-src\modules\juce_audio_formats\codecs\flac\libFLAC\bitreader.c(378,11): warning C4242: 'return': conversion from 'uint32_t' to 'juce::FlacNamespace::FLAC__uint16', possible loss of data [C:\zenith\daw\build_nosk\ZenithDAW.vcxproj]
  (compiling source file '_deps/juce-src/modules/juce_audio_formats/juce_audio_formats.cpp')
  
C:\zenith\daw\build_nosk\_deps\juce-src\modules\juce_audio_formats\codecs\flac\libFLAC\md5.c(292,31): warning C4242: '=': conversion from 'const juce::FlacNamespace::FLAC__int32' to 'juce::FlacNamespace::FLAC__byte', possible loss of data [C:\zenith\daw\build_nosk\ZenithDAW.vcxproj]
  (compiling source file '_deps/juce-src/modules/juce_audio_formats/juce_audio_formats.cpp')
  
C:\zenith\daw\build_nosk\_deps\juce-src\modules\juce_audio_formats\codecs\flac\libFLAC\md5.c(297,31): warning C4242: '=': conversion from 'const juce::FlacNamespace::FLAC__int32' to 'juce::FlacNamespace::FLAC__byte', possible loss of data [C:\zenith\daw\build_nosk\ZenithDAW.vcxproj]
  (compiling source file '_deps/juce-src/modules/juce_audio_formats/juce_audio_formats.cpp')
  
C:\zenith\daw\build_nosk\_deps\juce-src\modules\juce_audio_formats\codecs\flac\libFLAC\md5.c(298,31): warning C4242: '=': conversion from 'const juce::FlacNamespace::FLAC__int32' to 'juce::FlacNamespace::FLAC__byte', possible loss of data [C:\zenith\daw\build_nosk\ZenithDAW.vcxproj]
  (compiling source file '_deps/juce-src/modules/juce_audio_formats/juce_audio_formats.cpp')
  
C:\zenith\daw\build_nosk\_deps\juce-src\modules\juce_audio_formats\codecs\flac\libFLAC\md5.c(304,31): warning C4242: '=': conversion from 'const juce::FlacNamespace::FLAC__int32' to 'juce::FlacNamespace::FLAC__byte', possible loss of data [C:\zenith\daw\build_nosk\ZenithDAW.vcxproj]
  (compiling source file '_deps/juce-src/modules/juce_audio_formats/juce_audio_formats.cpp')
  
C:\zenith\daw\build_nosk\_deps\juce-src\modules\juce_audio_formats\codecs\flac\libFLAC\md5.c(305,31): warning C4242: '=': conversion from 'const juce::FlacNamespace::FLAC__int32' to 'juce::FlacNamespace::FLAC__byte', possible loss of data [C:\zenith\daw\build_nosk\ZenithDAW.vcxproj]
  (compiling source file '_deps/juce-src/modules/juce_audio_formats/juce_audio_formats.cpp')
  
C:\zenith\daw\build_nosk\_deps\juce-src\modules\juce_audio_formats\codecs\flac\libFLAC\md5.c(306,31): warning C4242: '=': conversion from 'const juce::FlacNamespace::FLAC__int32' to 'juce::FlacNamespace::FLAC__byte', possible loss of data [C:\zenith\daw\build_nosk\ZenithDAW.vcxproj]
  (compiling source file '_deps/juce-src/modules/juce_audio_formats/juce_audio_formats.cpp')
  
C:\zenith\daw\build_nosk\_deps\juce-src\modules\juce_audio_formats\codecs\flac\libFLAC\md5.c(307,31): warning C4242: '=': conversion from 'const juce::FlacNamespace::FLAC__int32' to 'juce::FlacNamespace::FLAC__byte', possible loss of data [C:\zenith\daw\build_nosk\ZenithDAW.vcxproj]
  (compiling source file '_deps/juce-src/modules/juce_audio_formats/juce_audio_formats.cpp')
  
C:\zenith\daw\build_nosk\_deps\juce-src\modules\juce_audio_formats\codecs\flac\libFLAC\md5.c(313,31): warning C4242: '=': conversion from 'const juce::FlacNamespace::FLAC__int32' to 'juce::FlacNamespace::FLAC__byte', possible loss of data [C:\zenith\daw\build_nosk\ZenithDAW.vcxproj]
  (compiling source file '_deps/juce-src/modules/juce_audio_formats/juce_audio_formats.cpp')
  
C:\zenith\daw\build_nosk\_deps\juce-src\modules\juce_audio_formats\codecs\flac\libFLAC\md5.c(314,31): warning C4242: '=': conversion from 'const juce::FlacNamespace::FLAC__int32' to 'juce::FlacNamespace::FLAC__byte', possible loss of data [C:\zenith\daw\build_nosk\ZenithDAW.vcxproj]
  (compiling source file '_deps/juce-src/modules/juce_audio_formats/juce_audio_formats.cpp')
  
C:\zenith\daw\build_nosk\_deps\juce-src\modules\juce_audio_formats\codecs\flac\libFLAC\md5.c(315,31): warning C4242: '=': conversion from 'const juce::FlacNamespace::FLAC__int32' to 'juce::FlacNamespace::FLAC__byte', possible loss of data [C:\zenith\daw\build_nosk\ZenithDAW.vcxproj]
  (compiling source file '_deps/juce-src/modules/juce_audio_formats/juce_audio_formats.cpp')
  
C:\zenith\daw\build_nosk\_deps\juce-src\modules\juce_audio_formats\codecs\flac\libFLAC\md5.c(316,31): warning C4242: '=': conversion from 'const juce::FlacNamespace::FLAC__int32' to 'juce::FlacNamespace::FLAC__byte', possible loss of data [C:\zenith\daw\build_nosk\ZenithDAW.vcxproj]
  (compiling source file '_deps/juce-src/modules/juce_audio_formats/juce_audio_formats.cpp')
  
C:\zenith\daw\build_nosk\_deps\juce-src\modules\juce_audio_formats\codecs\flac\libFLAC\md5.c(317,31): warning C4242: '=': conversion from 'const juce::FlacNamespace::FLAC__int32' to 'juce::FlacNamespace::FLAC__byte', possible loss of data [C:\zenith\daw\build_nosk\ZenithDAW.vcxproj]
  (compiling source file '_deps/juce-src/modules/juce_audio_formats/juce_audio_formats.cpp')
  
C:\zenith\daw\build_nosk\_deps\juce-src\modules\juce_audio_formats\codecs\flac\libFLAC\md5.c(318,31): warning C4242: '=': conversion from 'const juce::FlacNamespace::FLAC__int32' to 'juce::FlacNamespace::FLAC__byte', possible loss of data [C:\zenith\daw\build_nosk\ZenithDAW.vcxproj]
  (compiling source file '_deps/juce-src/modules/juce_audio_formats/juce_audio_formats.cpp')
  
C:\zenith\daw\build_nosk\_deps\juce-src\modules\juce_audio_formats\codecs\flac\libFLAC\md5.c(324,31): warning C4242: '=': conversion from 'const juce::FlacNamespace::FLAC__int32' to 'juce::FlacNamespace::FLAC__byte', possible loss of data [C:\zenith\daw\build_nosk\ZenithDAW.vcxproj]
  (compiling source file '_deps/juce-src/modules/juce_audio_formats/juce_audio_formats.cpp')
  
C:\zenith\daw\build_nosk\_deps\juce-src\modules\juce_audio_formats\codecs\flac\libFLAC\md5.c(325,31): warning C4242: '=': conversion from 'const juce::FlacNamespace::FLAC__int32' to 'juce::FlacNamespace::FLAC__byte', possible loss of data [C:\zenith\daw\build_nosk\ZenithDAW.vcxproj]
  (compiling source file '_deps/juce-src/modules/juce_audio_formats/juce_audio_formats.cpp')
  
C:\zenith\daw\build_nosk\_deps\juce-src\modules\juce_audio_formats\codecs\flac\libFLAC\md5.c(326,31): warning C4242: '=': conversion from 'const juce::FlacNamespace::FLAC__int32' to 'juce::FlacNamespace::FLAC__byte', possible loss of data [C:\zenith\daw\build_nosk\ZenithDAW.vcxproj]
  (compiling source file '_deps/juce-src/modules/juce_audio_formats/juce_audio_formats.cpp')
  
C:\zenith\daw\build_nosk\_deps\juce-src\modules\juce_audio_formats\codecs\flac\libFLAC\md5.c(327,31): warning C4242: '=': conversion from 'const juce::FlacNamespace::FLAC__int32' to 'juce::FlacNamespace::FLAC__byte', possible loss of data [C:\zenith\daw\build_nosk\ZenithDAW.vcxproj]
  (compiling source file '_deps/juce-src/modules/juce_audio_formats/juce_audio_formats.cpp')
  
C:\zenith\daw\build_nosk\_deps\juce-src\modules\juce_audio_formats\codecs\flac\libFLAC\md5.c(328,31): warning C4242: '=': conversion from 'const juce::FlacNamespace::FLAC__int32' to 'juce::FlacNamespace::FLAC__byte', possible loss of data [C:\zenith\daw\build_nosk\ZenithDAW.vcxproj]
  (compiling source file '_deps/juce-src/modules/juce_audio_formats/juce_audio_formats.cpp')
  
C:\zenith\daw\build_nosk\_deps\juce-src\modules\juce_audio_formats\codecs\flac\libFLAC\md5.c(329,31): warning C4242: '=': conversion from 'const juce::FlacNamespace::FLAC__int32' to 'juce::FlacNamespace::FLAC__byte', possible loss of data [C:\zenith\daw\build_nosk\ZenithDAW.vcxproj]
  (compiling source file '_deps/juce-src/modules/juce_audio_formats/juce_audio_formats.cpp')
  
C:\zenith\daw\build_nosk\_deps\juce-src\modules\juce_audio_formats\codecs\flac\libFLAC\md5.c(330,31): warning C4242: '=': conversion from 'const juce::FlacNamespace::FLAC__int32' to 'juce::FlacNamespace::FLAC__byte', possible loss of data [C:\zenith\daw\build_nosk\ZenithDAW.vcxproj]
  (compiling source file '_deps/juce-src/modules/juce_audio_formats/juce_audio_formats.cpp')
  
C:\zenith\daw\build_nosk\_deps\juce-src\modules\juce_audio_formats\codecs\flac\libFLAC\md5.c(331,31): warning C4242: '=': conversion from 'const juce::FlacNamespace::FLAC__int32' to 'juce::FlacNamespace::FLAC__byte', possible loss of data [C:\zenith\daw\build_nosk\ZenithDAW.vcxproj]
  (compiling source file '_deps/juce-src/modules/juce_audio_formats/juce_audio_formats.cpp')
  
C:\zenith\daw\build_nosk\_deps\juce-src\modules\juce_audio_formats\codecs\flac\libFLAC\md5.c(338,16): warning C4242: '=': conversion from 'const juce::FlacNamespace::FLAC__int32' to 'juce::FlacNamespace::FLAC__int16', possible loss of data [C:\zenith\daw\build_nosk\ZenithDAW.vcxproj]
  (compiling source file '_deps/juce-src/modules/juce_audio_formats/juce_audio_formats.cpp')
  
C:\zenith\daw\build_nosk\_deps\juce-src\modules\juce_audio_formats\codecs\flac\libFLAC\md5.c(343,16): warning C4242: '=': conversion from 'const juce::FlacNamespace::FLAC__int32' to 'juce::FlacNamespace::FLAC__int16', possible loss of data [C:\zenith\daw\build_nosk\ZenithDAW.vcxproj]
  (compiling source file '_deps/juce-src/modules/juce_audio_formats/juce_audio_formats.cpp')
  
C:\zenith\daw\build_nosk\_deps\juce-src\modules\juce_audio_formats\codecs\flac\libFLAC\md5.c(344,16): warning C4242: '=': conversion from 'const juce::FlacNamespace::FLAC__int32' to 'juce::FlacNamespace::FLAC__int16', possible loss of data [C:\zenith\daw\build_nosk\ZenithDAW.vcxproj]
  (compiling source file '_deps/juce-src/modules/juce_audio_formats/juce_audio_formats.cpp')
  
C:\zenith\daw\build_nosk\_deps\juce-src\modules\juce_audio_formats\codecs\flac\libFLAC\md5.c(350,16): warning C4242: '=': conversion from 'const juce::FlacNamespace::FLAC__int32' to 'juce::FlacNamespace::FLAC__int16', possible loss of data [C:\zenith\daw\build_nosk\ZenithDAW.vcxproj]
  (compiling source file '_deps/juce-src/modules/juce_audio_formats/juce_audio_formats.cpp')
  
C:\zenith\daw\build_nosk\_deps\juce-src\modules\juce_audio_formats\codecs\flac\libFLAC\md5.c(351,16): warning C4242: '=': conversion from 'const juce::FlacNamespace::FLAC__int32' to 'juce::FlacNamespace::FLAC__int16', possible loss of data [C:\zenith\daw\build_nosk\ZenithDAW.vcxproj]
  (compiling source file '_deps/juce-src/modules/juce_audio_formats/juce_audio_formats.cpp')
  
C:\zenith\daw\build_nosk\_deps\juce-src\modules\juce_audio_formats\codecs\flac\libFLAC\md5.c(352,16): warning C4242: '=': conversion from 'const juce::FlacNamespace::FLAC__int32' to 'juce::FlacNamespace::FLAC__int16', possible loss of data [C:\zenith\daw\build_nosk\ZenithDAW.vcxproj]
  (compiling source file '_deps/juce-src/modules/juce_audio_formats/juce_audio_formats.cpp')
  
C:\zenith\daw\build_nosk\_deps\juce-src\modules\juce_audio_formats\codecs\flac\libFLAC\md5.c(353,16): warning C4242: '=': conversion from 'const juce::FlacNamespace::FLAC__int32' to 'juce::FlacNamespace::FLAC__int16', possible loss of data [C:\zenith\daw\build_nosk\ZenithDAW.vcxproj]
  (compiling source file '_deps/juce-src/modules/juce_audio_formats/juce_audio_formats.cpp')
  
C:\zenith\daw\build_nosk\_deps\juce-src\modules\juce_audio_formats\codecs\flac\libFLAC\md5.c(359,16): warning C4242: '=': conversion from 'const juce::FlacNamespace::FLAC__int32' to 'juce::FlacNamespace::FLAC__int16', possible loss of data [C:\zenith\daw\build_nosk\ZenithDAW.vcxproj]
  (compiling source file '_deps/juce-src/modules/juce_audio_formats/juce_audio_formats.cpp')
  
C:\zenith\daw\build_nosk\_deps\juce-src\modules\juce_audio_formats\codecs\flac\libFLAC\md5.c(360,16): warning C4242: '=': conversion from 'const juce::FlacNamespace::FLAC__int32' to 'juce::FlacNamespace::FLAC__int16', possible loss of data [C:\zenith\daw\build_nosk\ZenithDAW.vcxproj]
  (compiling source file '_deps/juce-src/modules/juce_audio_formats/juce_audio_formats.cpp')
  
C:\zenith\daw\build_nosk\_deps\juce-src\modules\juce_audio_formats\codecs\flac\libFLAC\md5.c(361,16): warning C4242: '=': conversion from 'const juce::FlacNamespace::FLAC__int32' to 'juce::FlacNamespace::FLAC__int16', possible loss of data [C:\zenith\daw\build_nosk\ZenithDAW.vcxproj]
  (compiling source file '_deps/juce-src/modules/juce_audio_formats/juce_audio_formats.cpp')
  
C:\zenith\daw\build_nosk\_deps\juce-src\modules\juce_audio_formats\codecs\flac\libFLAC\md5.c(362,16): warning C4242: '=': conversion from 'const juce::FlacNamespace::FLAC__int32' to 'juce::FlacNamespace::FLAC__int16', possible loss of data [C:\zenith\daw\build_nosk\ZenithDAW.vcxproj]
  (compiling source file '_deps/juce-src/modules/juce_audio_formats/juce_audio_formats.cpp')
  
C:\zenith\daw\build_nosk\_deps\juce-src\modules\juce_audio_formats\codecs\flac\libFLAC\md5.c(363,16): warning C4242: '=': conversion from 'const juce::FlacNamespace::FLAC__int32' to 'juce::FlacNamespace::FLAC__int16', possible loss of data [C:\zenith\daw\build_nosk\ZenithDAW.vcxproj]
  (compiling source file '_deps/juce-src/modules/juce_audio_formats/juce_audio_formats.cpp')
  
C:\zenith\daw\build_nosk\_deps\juce-src\modules\juce_audio_formats\codecs\flac\libFLAC\md5.c(364,16): warning C4242: '=': conversion from 'const juce::FlacNamespace::FLAC__int32' to 'juce::FlacNamespace::FLAC__int16', possible loss of data [C:\zenith\daw\build_nosk\ZenithDAW.vcxproj]
  (compiling source file '_deps/juce-src/modules/juce_audio_formats/juce_audio_formats.cpp')
  
C:\zenith\daw\build_nosk\_deps\juce-src\modules\juce_audio_formats\codecs\flac\libFLAC\md5.c(370,16): warning C4242: '=': conversion from 'const juce::FlacNamespace::FLAC__int32' to 'juce::FlacNamespace::FLAC__int16', possible loss of data [C:\zenith\daw\build_nosk\ZenithDAW.vcxproj]
  (compiling source file '_deps/juce-src/modules/juce_audio_formats/juce_audio_formats.cpp')
  
C:\zenith\daw\build_nosk\_deps\juce-src\modules\juce_audio_formats\codecs\flac\libFLAC\md5.c(371,16): warning C4242: '=': conversion from 'const juce::FlacNamespace::FLAC__int32' to 'juce::FlacNamespace::FLAC__int16', possible loss of data [C:\zenith\daw\build_nosk\ZenithDAW.vcxproj]
  (compiling source file '_deps/juce-src/modules/juce_audio_formats/juce_audio_formats.cpp')
  
C:\zenith\daw\build_nosk\_deps\juce-src\modules\juce_audio_formats\codecs\flac\libFLAC\md5.c(372,16): warning C4242: '=': conversion from 'const juce::FlacNamespace::FLAC__int32' to 'juce::FlacNamespace::FLAC__int16', possible loss of data [C:\zenith\daw\build_nosk\ZenithDAW.vcxproj]
  (compiling source file '_deps/juce-src/modules/juce_audio_formats/juce_audio_formats.cpp')
  
C:\zenith\daw\build_nosk\_deps\juce-src\modules\juce_audio_formats\codecs\flac\libFLAC\md5.c(373,16): warning C4242: '=': conversion from 'const juce::FlacNamespace::FLAC__int32' to 'juce::FlacNamespace::FLAC__int16', possible loss of data [C:\zenith\daw\build_nosk\ZenithDAW.vcxproj]
  (compiling source file '_deps/juce-src/modules/juce_audio_formats/juce_audio_formats.cpp')
  
C:\zenith\daw\build_nosk\_deps\juce-src\modules\juce_audio_formats\codecs\flac\libFLAC\md5.c(374,16): warning C4242: '=': conversion from 'const juce::FlacNamespace::FLAC__int32' to 'juce::FlacNamespace::FLAC__int16', possible loss of data [C:\zenith\daw\build_nosk\ZenithDAW.vcxproj]
  (compiling source file '_deps/juce-src/modules/juce_audio_formats/juce_audio_formats.cpp')
  
C:\zenith\daw\build_nosk\_deps\juce-src\modules\juce_audio_formats\codecs\flac\libFLAC\md5.c(375,16): warning C4242: '=': conversion from 'const juce::FlacNamespace::FLAC__int32' to 'juce::FlacNamespace::FLAC__int16', possible loss of data [C:\zenith\daw\build_nosk\ZenithDAW.vcxproj]
  (compiling source file '_deps/juce-src/modules/juce_audio_formats/juce_audio_formats.cpp')
  
C:\zenith\daw\build_nosk\_deps\juce-src\modules\juce_audio_formats\codecs\flac\libFLAC\md5.c(376,16): warning C4242: '=': conversion from 'const juce::FlacNamespace::FLAC__int32' to 'juce::FlacNamespace::FLAC__int16', possible loss of data [C:\zenith\daw\build_nosk\ZenithDAW.vcxproj]
  (compiling source file '_deps/juce-src/modules/juce_audio_formats/juce_audio_formats.cpp')
  
C:\zenith\daw\build_nosk\_deps\juce-src\modules\juce_audio_formats\codecs\flac\libFLAC\md5.c(377,16): warning C4242: '=': conversion from 'const juce::FlacNamespace::FLAC__int32' to 'juce::FlacNamespace::FLAC__int16', possible loss of data [C:\zenith\daw\build_nosk\ZenithDAW.vcxproj]
  (compiling source file '_deps/juce-src/modules/juce_audio_formats/juce_audio_formats.cpp')
  
C:\zenith\daw\build_nosk\_deps\juce-src\modules\juce_audio_formats\codecs\flac\libFLAC\md5.c(459,38): warning C4242: '=': conversion from 'const juce::FlacNamespace::FLAC__int32' to 'juce::FlacNamespace::FLAC__byte', possible loss of data [C:\zenith\daw\build_nosk\ZenithDAW.vcxproj]
  (compiling source file '_deps/juce-src/modules/juce_audio_formats/juce_audio_formats.cpp')
  
C:\zenith\daw\build_nosk\_deps\juce-src\modules\juce_audio_formats\codecs\flac\libFLAC\md5.c(465,17): warning C4242: '=': conversion from 'const juce::FlacNamespace::FLAC__int32' to 'juce::FlacNamespace::FLAC__int16', possible loss of data [C:\zenith\daw\build_nosk\ZenithDAW.vcxproj]
  (compiling source file '_deps/juce-src/modules/juce_audio_formats/juce_audio_formats.cpp')
  
C:\zenith\daw\build_nosk\_deps\juce-src\modules\juce_audio_formats\codecs\oggvorbis\libvorbis-1.3.7\lib\vorbisfile.c(2061,23): warning C4242: '=': conversion from 'int' to 'short', possible loss of data [C:\zenith\daw\build_nosk\ZenithDAW.vcxproj]
  (compiling source file '_deps/juce-src/modules/juce_audio_formats/juce_audio_formats.cpp')
  
  juce_audio_processors.cpp
  juce_audio_processors_ara.cpp
  juce_audio_processors_lv2_libs.cpp
  juce_audio_utils.cpp
  juce_core.cpp
C:\zenith\daw\build_nosk\_deps\juce-src\modules\juce_core\zip\zlib\deflate.c(662,17): warning C4242: '=': conversion from 'int' to 'juce::zlibNamespace::z_Bytef', possible loss of data [C:\zenith\daw\build_nosk\ZenithDAW.vcxproj]
  (compiling source file '_deps/juce-src/modules/juce_core/juce_core.cpp')
  
C:\zenith\daw\build_nosk\_deps\juce-src\modules\juce_core\zip\zlib\deflate.c(693,17): warning C4242: '=': conversion from 'int' to 'juce::zlibNamespace::z_Bytef', possible loss of data [C:\zenith\daw\build_nosk\ZenithDAW.vcxproj]
  (compiling source file '_deps/juce-src/modules/juce_core/juce_core.cpp')
  
C:\zenith\daw\build_nosk\_deps\juce-src\modules\juce_core\zip\zlib\inflate.c(695,62): warning C4242: '=': conversion from 'unsigned int' to 'juce::zlibNamespace::z_Bytef', possible loss of data [C:\zenith\daw\build_nosk\ZenithDAW.vcxproj]
  (compiling source file '_deps/juce-src/modules/juce_core/juce_core.cpp')
  
C:\zenith\daw\build_nosk\_deps\juce-src\modules\juce_core\zip\zlib\inflate.c(716,65): warning C4242: '=': conversion from 'unsigned int' to 'juce::zlibNamespace::z_Bytef', possible loss of data [C:\zenith\daw\build_nosk\ZenithDAW.vcxproj]
  (compiling source file '_deps/juce-src/modules/juce_core/juce_core.cpp')
  
C:\zenith\daw\build_nosk\_deps\juce-src\modules\juce_core\zip\zlib\trees.c(595,34): warning C4242: '=': conversion from 'unsigned int' to 'juce::zlibNamespace::ush', possible loss of data [C:\zenith\daw\build_nosk\ZenithDAW.vcxproj]
  (compiling source file '_deps/juce-src/modules/juce_core/juce_core.cpp')
  
C:\zenith\daw\build_nosk\_deps\juce-src\modules\juce_core\zip\zlib\trees.c(717,40): warning C4242: '+=': conversion from 'int' to 'juce::zlibNamespace::ush', possible loss of data [C:\zenith\daw\build_nosk\ZenithDAW.vcxproj]
  (compiling source file '_deps/juce-src/modules/juce_core/juce_core.cpp')
  
  juce_core_CompilationTime.cpp
  juce_data_structures.cpp
  juce_dsp.cpp
  juce_events.cpp
  juce_graphics.cpp
C:\Program Files (x86)\Windows Kits\10\Include\10.0.26100.0\um\dcomp.h(1623,5): warning C4263: 'HRESULT IDCompositionVisual3::SetTransform(IDCompositionTransform3D *)': member function does not override any base class virtual member function [C:\zenith\daw\build_nosk\ZenithDAW.vcxproj]
  (compiling source file '_deps/juce-src/modules/juce_graphics/juce_graphics.cpp')
  
C:\Program Files (x86)\Windows Kits\10\Include\10.0.26100.0\um\dcomp.h(1618,5): warning C4263: 'HRESULT IDCompositionVisual3::SetTransform(const D2D_MATRIX_4X4_F &)': member function does not override any base class virtual member function [C:\zenith\daw\build_nosk\ZenithDAW.vcxproj]
  (compiling source file '_deps/juce-src/modules/juce_graphics/juce_graphics.cpp')
  
C:\Program Files (x86)\Windows Kits\10\Include\10.0.26100.0\um\dwrite_3.h(3022,5): warning C4263: 'HRESULT IDWriteFontSet1::GetMatchingFonts(const DWRITE_FONT_PROPERTY *,const DWRITE_FONT_AXIS_VALUE *,UINT32,IDWriteFontSet1 **)': member function does not override any base class virtual member function [C:\zenith\daw\build_nosk\ZenithDAW.vcxproj]
  (compiling source file '_deps/juce-src/modules/juce_graphics/juce_graphics.cpp')
  
C:\Program Files (x86)\Windows Kits\10\Include\10.0.26100.0\um\dwrite_3.h(3724,5): warning C4263: 'HRESULT IDWriteFontSet4::GetMatchingFonts(const WCHAR *,const DWRITE_FONT_AXIS_VALUE *,UINT32,DWRITE_FONT_SIMULATIONS,IDWriteFontSet4 **)': member function does not override any base class virtual member function [C:\zenith\daw\build_nosk\ZenithDAW.vcxproj]
  (compiling source file '_deps/juce-src/modules/juce_graphics/juce_graphics.cpp')
  
C:\Program Files (x86)\Windows Kits\10\Include\10.0.26100.0\um\dwrite_3.h(4467,5): warning C4263: 'HRESULT IDWriteFactory8::TranslateColorGlyphRun(D2D1_POINT_2F,const DWRITE_GLYPH_RUN *,const DWRITE_GLYPH_RUN_DESCRIPTION *,DWRITE_GLYPH_IMAGE_FORMATS,DWRITE_PAINT_FEATURE_LEVEL,DWRITE_MEASURING_MODE,const DWRITE_MATRIX *,UINT32,IDWriteColorGlyphRunEnumerator1 **)': member function does not override any base class virtual member function [C:\zenith\daw\build_nosk\ZenithDAW.vcxproj]
  (compiling source file '_deps/juce-src/modules/juce_graphics/juce_graphics.cpp')
  
C:\zenith\daw\build_nosk\_deps\juce-src\modules\juce_graphics\image_formats\jpglib\jdphuff.c(546,18): warning C4242: '+=': conversion from 'int' to 'juce::jpeglibNamespace::JCOEF', possible loss of data [C:\zenith\daw\build_nosk\ZenithDAW.vcxproj]
  (compiling source file '_deps/juce-src/modules/juce_graphics/juce_graphics.cpp')
  
C:\zenith\daw\build_nosk\_deps\juce-src\modules\juce_graphics\image_formats\jpglib\jdphuff.c(548,18): warning C4242: '+=': conversion from 'int' to 'juce::jpeglibNamespace::JCOEF', possible loss of data [C:\zenith\daw\build_nosk\ZenithDAW.vcxproj]
  (compiling source file '_deps/juce-src/modules/juce_graphics/juce_graphics.cpp')
  
C:\zenith\daw\build_nosk\_deps\juce-src\modules\juce_graphics\image_formats\jpglib\jdphuff.c(580,16): warning C4242: '+=': conversion from 'int' to 'juce::jpeglibNamespace::JCOEF', possible loss of data [C:\zenith\daw\build_nosk\ZenithDAW.vcxproj]
  (compiling source file '_deps/juce-src/modules/juce_graphics/juce_graphics.cpp')
  
C:\zenith\daw\build_nosk\_deps\juce-src\modules\juce_graphics\image_formats\jpglib\jdphuff.c(582,16): warning C4242: '+=': conversion from 'int' to 'juce::jpeglibNamespace::JCOEF', possible loss of data [C:\zenith\daw\build_nosk\ZenithDAW.vcxproj]
  (compiling source file '_deps/juce-src/modules/juce_graphics/juce_graphics.cpp')
  
  juce_graphics_Harfbuzz.cpp
C:\zenith\daw\build_nosk\_deps\juce-src\modules\juce_graphics\fonts\harfbuzz\hb.hh(258,30): warning C5105: macro expansion producing 'defined' has undefined behavior [C:\zenith\daw\build_nosk\ZenithDAW.vcxproj]
  (compiling source file '_deps/juce-src/modules/juce_graphics/juce_graphics_Harfbuzz.cpp')
  
C:\zenith\daw\build_nosk\_deps\juce-src\modules\juce_graphics\fonts\harfbuzz\hb-algs.hh(88,27): warning C4242: 'argument': conversion from 'uint32_t' to 'uint16_t', possible loss of data [C:\zenith\daw\build_nosk\ZenithDAW.vcxproj]
  (compiling source file '_deps/juce-src/modules/juce_graphics/juce_graphics_Harfbuzz.cpp')
  
C:\zenith\daw\build_nosk\_deps\juce-src\modules\juce_graphics\fonts\harfbuzz\hb-algs.hh(95,7): warning C5105: macro expansion producing 'defined' has undefined behavior [C:\zenith\daw\build_nosk\ZenithDAW.vcxproj]
  (compiling source file '_deps/juce-src/modules/juce_graphics/juce_graphics_Harfbuzz.cpp')
  
C:\zenith\daw\build_nosk\_deps\juce-src\modules\juce_graphics\fonts\harfbuzz\hb-algs.hh(96,7): warning C5105: macro expansion producing 'defined' has undefined behavior [C:\zenith\daw\build_nosk\ZenithDAW.vcxproj]
  (compiling source file '_deps/juce-src/modules/juce_graphics/juce_graphics_Harfbuzz.cpp')
  
C:\zenith\daw\build_nosk\_deps\juce-src\modules\juce_graphics\fonts\harfbuzz\hb-algs.hh(738,5): warning C5105: macro expansion producing 'defined' has undefined behavior [C:\zenith\daw\build_nosk\ZenithDAW.vcxproj]
  (compiling source file '_deps/juce-src/modules/juce_graphics/juce_graphics_Harfbuzz.cpp')
  
C:\zenith\daw\build_nosk\_deps\juce-src\modules\juce_graphics\fonts\harfbuzz\hb-algs.hh(743,5): warning C5105: macro expansion producing 'defined' has undefined behavior [C:\zenith\daw\build_nosk\ZenithDAW.vcxproj]
  (compiling source file '_deps/juce-src/modules/juce_graphics/juce_graphics_Harfbuzz.cpp')
  
C:\zenith\daw\build_nosk\_deps\juce-src\modules\juce_graphics\fonts\harfbuzz\hb-algs.hh(748,5): warning C5105: macro expansion producing 'defined' has undefined behavior [C:\zenith\daw\build_nosk\ZenithDAW.vcxproj]
  (compiling source file '_deps/juce-src/modules/juce_graphics/juce_graphics_Harfbuzz.cpp')
  
C:\zenith\daw\build_nosk\_deps\juce-src\modules\juce_graphics\fonts\harfbuzz\hb-algs.hh(787,5): warning C5105: macro expansion producing 'defined' has undefined behavior [C:\zenith\daw\build_nosk\ZenithDAW.vcxproj]
  (compiling source file '_deps/juce-src/modules/juce_graphics/juce_graphics_Harfbuzz.cpp')
  
C:\zenith\daw\build_nosk\_deps\juce-src\modules\juce_graphics\fonts\harfbuzz\hb-algs.hh(792,5): warning C5105: macro expansion producing 'defined' has undefined behavior [C:\zenith\daw\build_nosk\ZenithDAW.vcxproj]
  (compiling source file '_deps/juce-src/modules/juce_graphics/juce_graphics_Harfbuzz.cpp')
  
C:\zenith\daw\build_nosk\_deps\juce-src\modules\juce_graphics\fonts\harfbuzz\hb-algs.hh(797,5): warning C5105: macro expansion producing 'defined' has undefined behavior [C:\zenith\daw\build_nosk\ZenithDAW.vcxproj]
  (compiling source file '_deps/juce-src/modules/juce_graphics/juce_graphics_Harfbuzz.cpp')
  
C:\zenith\daw\build_nosk\_deps\juce-src\modules\juce_graphics\fonts\harfbuzz\hb-algs.hh(865,5): warning C5105: macro expansion producing 'defined' has undefined behavior [C:\zenith\daw\build_nosk\ZenithDAW.vcxproj]
  (compiling source file '_deps/juce-src/modules/juce_graphics/juce_graphics_Harfbuzz.cpp')
  
C:\zenith\daw\build_nosk\_deps\juce-src\modules\juce_graphics\fonts\harfbuzz\hb-algs.hh(870,5): warning C5105: macro expansion producing 'defined' has undefined behavior [C:\zenith\daw\build_nosk\ZenithDAW.vcxproj]
  (compiling source file '_deps/juce-src/modules/juce_graphics/juce_graphics_Harfbuzz.cpp')
  
C:\zenith\daw\build_nosk\_deps\juce-src\modules\juce_graphics\fonts\harfbuzz\hb-algs.hh(875,5): warning C5105: macro expansion producing 'defined' has undefined behavior [C:\zenith\daw\build_nosk\ZenithDAW.vcxproj]
  (compiling source file '_deps/juce-src/modules/juce_graphics/juce_graphics_Harfbuzz.cpp')
  
C:\zenith\daw\build_nosk\_deps\juce-src\modules\juce_graphics\fonts\harfbuzz\hb-algs.hh(1029,5): warning C5105: macro expansion producing 'defined' has undefined behavior [C:\zenith\daw\build_nosk\ZenithDAW.vcxproj]
  (compiling source file '_deps/juce-src/modules/juce_graphics/juce_graphics_Harfbuzz.cpp')
  
C:\zenith\daw\build_nosk\_deps\juce-src\modules\juce_graphics\fonts\harfbuzz\hb-font.hh(194,36): warning C4242: 'argument': conversion from 'hb_position_t' to 'int16_t', possible loss of data [C:\zenith\daw\build_nosk\ZenithDAW.vcxproj]
  (compiling source file '_deps/juce-src/modules/juce_graphics/juce_graphics_Harfbuzz.cpp')
  
C:\zenith\daw\build_nosk\_deps\juce-src\modules\juce_graphics\fonts\harfbuzz\hb-font.hh(195,36): warning C4242: 'argument': conversion from 'hb_position_t' to 'int16_t', possible loss of data [C:\zenith\daw\build_nosk\ZenithDAW.vcxproj]
  (compiling source file '_deps/juce-src/modules/juce_graphics/juce_graphics_Harfbuzz.cpp')
  
C:\zenith\daw\build_nosk\_deps\juce-src\modules\juce_graphics\fonts\harfbuzz\hb-ot-layout.hh(248,27): warning C4242: '=': conversion from 'unsigned int' to 'uint16_t', possible loss of data [C:\zenith\daw\build_nosk\ZenithDAW.vcxproj]
  (compiling source file '_deps/juce-src/modules/juce_graphics/juce_graphics_Harfbuzz.cpp')
  
C:\zenith\daw\build_nosk\_deps\juce-src\modules\juce_graphics\fonts\harfbuzz\hb-ot-layout.hh(487,25): warning C4242: '=': conversion from 'unsigned int' to 'uint16_t', possible loss of data [C:\zenith\daw\build_nosk\ZenithDAW.vcxproj]
  (compiling source file '_deps/juce-src/modules/juce_graphics/juce_graphics_Harfbuzz.cpp')
  
C:\zenith\daw\build_nosk\_deps\juce-src\modules\juce_graphics\fonts\harfbuzz\hb-ot-layout-common.hh(769,3): warning C4296: '>=': expression is always true [C:\zenith\daw\build_nosk\ZenithDAW.vcxproj]
  (compiling source file '_deps/juce-src/modules/juce_graphics/juce_graphics_Harfbuzz.cpp')
  
C:\zenith\daw\build_nosk\_deps\juce-src\modules\juce_graphics\fonts\harfbuzz\hb-ot-layout-common.hh(860,20): warning C4242: 'argument': conversion from 'unsigned int' to 'unsigned short', possible loss of data [C:\zenith\daw\build_nosk\ZenithDAW.vcxproj]
  (compiling source file '_deps/juce-src/modules/juce_graphics/juce_graphics_Harfbuzz.cpp')
  
C:\zenith\daw\build_nosk\_deps\juce-src\modules\juce_graphics\fonts\harfbuzz\hb-ot-layout-common.hh(1354,18): warning C4242: 'argument': conversion from 'unsigned int' to 'Type', possible loss of data [C:\zenith\daw\build_nosk\ZenithDAW.vcxproj]
C:\zenith\daw\build_nosk\_deps\juce-src\modules\juce_graphics\fonts\harfbuzz\hb-ot-layout-common.hh(1354,18): warning C4242:         with [C:\zenith\daw\build_nosk\ZenithDAW.vcxproj]
C:\zenith\daw\build_nosk\_deps\juce-src\modules\juce_graphics\fonts\harfbuzz\hb-ot-layout-common.hh(1354,18): warning C4242:         [ [C:\zenith\daw\build_nosk\ZenithDAW.vcxproj]
C:\zenith\daw\build_nosk\_deps\juce-src\modules\juce_graphics\fonts\harfbuzz\hb-ot-layout-common.hh(1354,18): warning C4242:             Type=uint16_t [C:\zenith\daw\build_nosk\ZenithDAW.vcxproj]
C:\zenith\daw\build_nosk\_deps\juce-src\modules\juce_graphics\fonts\harfbuzz\hb-ot-layout-common.hh(1354,18): warning C4242:         ] [C:\zenith\daw\build_nosk\ZenithDAW.vcxproj]
  (compiling source file '_deps/juce-src/modules/juce_graphics/juce_graphics_Harfbuzz.cpp')
  
C:\zenith\daw\build_nosk\_deps\juce-src\modules\juce_graphics\fonts\harfbuzz\hb-ot-layout-common.hh(2254,56): warning C4242: 'argument': conversion from 'unsigned int' to 'uint16_t', possible loss of data [C:\zenith\daw\build_nosk\ZenithDAW.vcxproj]
  (compiling source file '_deps/juce-src/modules/juce_graphics/juce_graphics_Harfbuzz.cpp')
  
C:\zenith\daw\build_nosk\_deps\juce-src\modules\juce_graphics\fonts\harfbuzz\hb-ot-layout-common.hh(2255,56): warning C4242: 'argument': conversion from 'unsigned int' to 'uint16_t', possible loss of data [C:\zenith\daw\build_nosk\ZenithDAW.vcxproj]
  (compiling source file '_deps/juce-src/modules/juce_graphics/juce_graphics_Harfbuzz.cpp')
  
C:\zenith\daw\build_nosk\_deps\juce-src\modules\juce_graphics\fonts\harfbuzz\hb-ot-layout-common.hh(2577,17): warning C4242: 'argument': conversion from 'unsigned int' to 'Type', possible loss of data [C:\zenith\daw\build_nosk\ZenithDAW.vcxproj]
C:\zenith\daw\build_nosk\_deps\juce-src\modules\juce_graphics\fonts\harfbuzz\hb-ot-layout-common.hh(2577,17): warning C4242:         with [C:\zenith\daw\build_nosk\ZenithDAW.vcxproj]
C:\zenith\daw\build_nosk\_deps\juce-src\modules\juce_graphics\fonts\harfbuzz\hb-ot-layout-common.hh(2577,17): warning C4242:         [ [C:\zenith\daw\build_nosk\ZenithDAW.vcxproj]
C:\zenith\daw\build_nosk\_deps\juce-src\modules\juce_graphics\fonts\harfbuzz\hb-ot-layout-common.hh(2577,17): warning C4242:             Type=uint16_t [C:\zenith\daw\build_nosk\ZenithDAW.vcxproj]
C:\zenith\daw\build_nosk\_deps\juce-src\modules\juce_graphics\fonts\harfbuzz\hb-ot-layout-common.hh(2577,17): warning C4242:         ] [C:\zenith\daw\build_nosk\ZenithDAW.vcxproj]
  (compiling source file '_deps/juce-src/modules/juce_graphics/juce_graphics_Harfbuzz.cpp')
  
C:\zenith\daw\build_nosk\_deps\juce-src\modules\juce_graphics\fonts\harfbuzz\hb-ot-layout-common.hh(2578,19): warning C4242: 'argument': conversion from 'unsigned int' to 'uint16_t', possible loss of data [C:\zenith\daw\build_nosk\ZenithDAW.vcxproj]
  (compiling source file '_deps/juce-src/modules/juce_graphics/juce_graphics_Harfbuzz.cpp')
  
C:\zenith\daw\build_nosk\_deps\juce-src\modules\juce_graphics\fonts\harfbuzz\hb-ot-layout-common.hh(2612,45): warning C4242: 'argument': conversion from 'unsigned int' to 'uint16_t', possible loss of data [C:\zenith\daw\build_nosk\ZenithDAW.vcxproj]
  (compiling source file '_deps/juce-src/modules/juce_graphics/juce_graphics_Harfbuzz.cpp')
  
C:\zenith\daw\build_nosk\_deps\juce-src\modules\juce_graphics\fonts\harfbuzz\hb-ot-layout-common.hh(2771,17): warning C4242: 'argument': conversion from 'unsigned int' to 'Type', possible loss of data [C:\zenith\daw\build_nosk\ZenithDAW.vcxproj]
C:\zenith\daw\build_nosk\_deps\juce-src\modules\juce_graphics\fonts\harfbuzz\hb-ot-layout-common.hh(2771,17): warning C4242:         with [C:\zenith\daw\build_nosk\ZenithDAW.vcxproj]
C:\zenith\daw\build_nosk\_deps\juce-src\modules\juce_graphics\fonts\harfbuzz\hb-ot-layout-common.hh(2771,17): warning C4242:         [ [C:\zenith\daw\build_nosk\ZenithDAW.vcxproj]
C:\zenith\daw\build_nosk\_deps\juce-src\modules\juce_graphics\fonts\harfbuzz\hb-ot-layout-common.hh(2771,17): warning C4242:             Type=uint16_t [C:\zenith\daw\build_nosk\ZenithDAW.vcxproj]
C:\zenith\daw\build_nosk\_deps\juce-src\modules\juce_graphics\fonts\harfbuzz\hb-ot-layout-common.hh(2771,17): warning C4242:         ] [C:\zenith\daw\build_nosk\ZenithDAW.vcxproj]
  (compiling source file '_deps/juce-src/modules/juce_graphics/juce_graphics_Harfbuzz.cpp')
  
C:\zenith\daw\build_nosk\_deps\juce-src\modules\juce_graphics\fonts\harfbuzz\hb-ot-layout-common.hh(2815,25): warning C4242: 'argument': conversion from 'unsigned int' to 'Type', possible loss of data [C:\zenith\daw\build_nosk\ZenithDAW.vcxproj]
C:\zenith\daw\build_nosk\_deps\juce-src\modules\juce_graphics\fonts\harfbuzz\hb-ot-layout-common.hh(2815,25): warning C4242:         with [C:\zenith\daw\build_nosk\ZenithDAW.vcxproj]
C:\zenith\daw\build_nosk\_deps\juce-src\modules\juce_graphics\fonts\harfbuzz\hb-ot-layout-common.hh(2815,25): warning C4242:         [ [C:\zenith\daw\build_nosk\ZenithDAW.vcxproj]
C:\zenith\daw\build_nosk\_deps\juce-src\modules\juce_graphics\fonts\harfbuzz\hb-ot-layout-common.hh(2815,25): warning C4242:             Type=uint16_t [C:\zenith\daw\build_nosk\ZenithDAW.vcxproj]
C:\zenith\daw\build_nosk\_deps\juce-src\modules\juce_graphics\fonts\harfbuzz\hb-ot-layout-common.hh(2815,25): warning C4242:         ] [C:\zenith\daw\build_nosk\ZenithDAW.vcxproj]
  (compiling source file '_deps/juce-src/modules/juce_graphics/juce_graphics_Harfbuzz.cpp')
  
C:\zenith\daw\build_nosk\_deps\juce-src\modules\juce_graphics\fonts\harfbuzz\hb-ot-layout-common.hh(2823,26): warning C4242: 'argument': conversion from 'hb_codepoint_t' to 'Type', possible loss of data [C:\zenith\daw\build_nosk\ZenithDAW.vcxproj]
C:\zenith\daw\build_nosk\_deps\juce-src\modules\juce_graphics\fonts\harfbuzz\hb-ot-layout-common.hh(2823,26): warning C4242:         with [C:\zenith\daw\build_nosk\ZenithDAW.vcxproj]
C:\zenith\daw\build_nosk\_deps\juce-src\modules\juce_graphics\fonts\harfbuzz\hb-ot-layout-common.hh(2823,26): warning C4242:         [ [C:\zenith\daw\build_nosk\ZenithDAW.vcxproj]
C:\zenith\daw\build_nosk\_deps\juce-src\modules\juce_graphics\fonts\harfbuzz\hb-ot-layout-common.hh(2823,26): warning C4242:             Type=uint16_t [C:\zenith\daw\build_nosk\ZenithDAW.vcxproj]
C:\zenith\daw\build_nosk\_deps\juce-src\modules\juce_graphics\fonts\harfbuzz\hb-ot-layout-common.hh(2823,26): warning C4242:         ] [C:\zenith\daw\build_nosk\ZenithDAW.vcxproj]
  (compiling source file '_deps/juce-src/modules/juce_graphics/juce_graphics_Harfbuzz.cpp')
  
C:\zenith\daw\build_nosk\_deps\juce-src\modules\juce_graphics\fonts\harfbuzz\hb-ot-layout-common.hh(2846,42): warning C4242: 'argument': conversion from 'hb_codepoint_t' to 'Type', possible loss of data [C:\zenith\daw\build_nosk\ZenithDAW.vcxproj]
C:\zenith\daw\build_nosk\_deps\juce-src\modules\juce_graphics\fonts\harfbuzz\hb-ot-layout-common.hh(2846,42): warning C4242:         with [C:\zenith\daw\build_nosk\ZenithDAW.vcxproj]
C:\zenith\daw\build_nosk\_deps\juce-src\modules\juce_graphics\fonts\harfbuzz\hb-ot-layout-common.hh(2846,42): warning C4242:         [ [C:\zenith\daw\build_nosk\ZenithDAW.vcxproj]
C:\zenith\daw\build_nosk\_deps\juce-src\modules\juce_graphics\fonts\harfbuzz\hb-ot-layout-common.hh(2846,42): warning C4242:             Type=uint16_t [C:\zenith\daw\build_nosk\ZenithDAW.vcxproj]
C:\zenith\daw\build_nosk\_deps\juce-src\modules\juce_graphics\fonts\harfbuzz\hb-ot-layout-common.hh(2846,42): warning C4242:         ] [C:\zenith\daw\build_nosk\ZenithDAW.vcxproj]
  (compiling source file '_deps/juce-src/modules/juce_graphics/juce_graphics_Harfbuzz.cpp')
  
C:\zenith\daw\build_nosk\_deps\juce-src\modules\juce_graphics\fonts\harfbuzz\hb-ot-layout-common.hh(2918,25): warning C4242: 'argument': conversion from 'unsigned int' to 'Type', possible loss of data [C:\zenith\daw\build_nosk\ZenithDAW.vcxproj]
C:\zenith\daw\build_nosk\_deps\juce-src\modules\juce_graphics\fonts\harfbuzz\hb-ot-layout-common.hh(2918,25): warning C4242:         with [C:\zenith\daw\build_nosk\ZenithDAW.vcxproj]
C:\zenith\daw\build_nosk\_deps\juce-src\modules\juce_graphics\fonts\harfbuzz\hb-ot-layout-common.hh(2918,25): warning C4242:         [ [C:\zenith\daw\build_nosk\ZenithDAW.vcxproj]
C:\zenith\daw\build_nosk\_deps\juce-src\modules\juce_graphics\fonts\harfbuzz\hb-ot-layout-common.hh(2918,25): warning C4242:             Type=uint16_t [C:\zenith\daw\build_nosk\ZenithDAW.vcxproj]
C:\zenith\daw\build_nosk\_deps\juce-src\modules\juce_graphics\fonts\harfbuzz\hb-ot-layout-common.hh(2918,25): warning C4242:         ] [C:\zenith\daw\build_nosk\ZenithDAW.vcxproj]
  (compiling source file '_deps/juce-src/modules/juce_graphics/juce_graphics_Harfbuzz.cpp')
  
C:\zenith\daw\build_nosk\_deps\juce-src\modules\juce_graphics\fonts\harfbuzz\hb-ot-layout-common.hh(2923,66): warning C4242: 'argument': conversion from 'hb_codepoint_t' to 'Type', possible loss of data [C:\zenith\daw\build_nosk\ZenithDAW.vcxproj]
C:\zenith\daw\build_nosk\_deps\juce-src\modules\juce_graphics\fonts\harfbuzz\hb-ot-layout-common.hh(2923,66): warning C4242:         with [C:\zenith\daw\build_nosk\ZenithDAW.vcxproj]
C:\zenith\daw\build_nosk\_deps\juce-src\modules\juce_graphics\fonts\harfbuzz\hb-ot-layout-common.hh(2923,66): warning C4242:         [ [C:\zenith\daw\build_nosk\ZenithDAW.vcxproj]
C:\zenith\daw\build_nosk\_deps\juce-src\modules\juce_graphics\fonts\harfbuzz\hb-ot-layout-common.hh(2923,66): warning C4242:             Type=uint16_t [C:\zenith\daw\build_nosk\ZenithDAW.vcxproj]
C:\zenith\daw\build_nosk\_deps\juce-src\modules\juce_graphics\fonts\harfbuzz\hb-ot-layout-common.hh(2923,66): warning C4242:         ] [C:\zenith\daw\build_nosk\ZenithDAW.vcxproj]
  (compiling source file '_deps/juce-src/modules/juce_graphics/juce_graphics_Harfbuzz.cpp')
  
C:\zenith\daw\build_nosk\_deps\juce-src\modules\juce_graphics\fonts\harfbuzz\hb-ot-layout-common.hh(3010,78): warning C4242: 'argument': conversion from 'int32_t' to 'Type', possible loss of data [C:\zenith\daw\build_nosk\ZenithDAW.vcxproj]
C:\zenith\daw\build_nosk\_deps\juce-src\modules\juce_graphics\fonts\harfbuzz\hb-ot-layout-common.hh(3010,78): warning C4242:         with [C:\zenith\daw\build_nosk\ZenithDAW.vcxproj]
C:\zenith\daw\build_nosk\_deps\juce-src\modules\juce_graphics\fonts\harfbuzz\hb-ot-layout-common.hh(3010,78): warning C4242:         [ [C:\zenith\daw\build_nosk\ZenithDAW.vcxproj]
C:\zenith\daw\build_nosk\_deps\juce-src\modules\juce_graphics\fonts\harfbuzz\hb-ot-layout-common.hh(3010,78): warning C4242:             Type=int16_t [C:\zenith\daw\build_nosk\ZenithDAW.vcxproj]
C:\zenith\daw\build_nosk\_deps\juce-src\modules\juce_graphics\fonts\harfbuzz\hb-ot-layout-common.hh(3010,78): warning C4242:         ] [C:\zenith\daw\build_nosk\ZenithDAW.vcxproj]
  (compiling source file '_deps/juce-src/modules/juce_graphics/juce_graphics_Harfbuzz.cpp')
  
C:\zenith\daw\build_nosk\_deps\juce-src\modules\juce_graphics\fonts\harfbuzz\hb-ot-layout-common.hh(3015,28): warning C4242: 'argument': conversion from 'int32_t' to 'Type', possible loss of data [C:\zenith\daw\build_nosk\ZenithDAW.vcxproj]
C:\zenith\daw\build_nosk\_deps\juce-src\modules\juce_graphics\fonts\harfbuzz\hb-ot-layout-common.hh(3015,28): warning C4242:         with [C:\zenith\daw\build_nosk\ZenithDAW.vcxproj]
C:\zenith\daw\build_nosk\_deps\juce-src\modules\juce_graphics\fonts\harfbuzz\hb-ot-layout-common.hh(3015,28): warning C4242:         [ [C:\zenith\daw\build_nosk\ZenithDAW.vcxproj]
C:\zenith\daw\build_nosk\_deps\juce-src\modules\juce_graphics\fonts\harfbuzz\hb-ot-layout-common.hh(3015,28): warning C4242:             Type=int16_t [C:\zenith\daw\build_nosk\ZenithDAW.vcxproj]
C:\zenith\daw\build_nosk\_deps\juce-src\modules\juce_graphics\fonts\harfbuzz\hb-ot-layout-common.hh(3015,28): warning C4242:         ] [C:\zenith\daw\build_nosk\ZenithDAW.vcxproj]
  (compiling source file '_deps/juce-src/modules/juce_graphics/juce_graphics_Harfbuzz.cpp')
  
C:\zenith\daw\build_nosk\_deps\juce-src\modules\juce_graphics\fonts\harfbuzz\hb-ot-layout-common.hh(3017,65): warning C4242: 'argument': conversion from 'int32_t' to 'Type', possible loss of data [C:\zenith\daw\build_nosk\ZenithDAW.vcxproj]
C:\zenith\daw\build_nosk\_deps\juce-src\modules\juce_graphics\fonts\harfbuzz\hb-ot-layout-common.hh(3017,65): warning C4242:         with [C:\zenith\daw\build_nosk\ZenithDAW.vcxproj]
C:\zenith\daw\build_nosk\_deps\juce-src\modules\juce_graphics\fonts\harfbuzz\hb-ot-layout-common.hh(3017,65): warning C4242:         [ [C:\zenith\daw\build_nosk\ZenithDAW.vcxproj]
C:\zenith\daw\build_nosk\_deps\juce-src\modules\juce_graphics\fonts\harfbuzz\hb-ot-layout-common.hh(3017,65): warning C4242:             Type=int8_t [C:\zenith\daw\build_nosk\ZenithDAW.vcxproj]
C:\zenith\daw\build_nosk\_deps\juce-src\modules\juce_graphics\fonts\harfbuzz\hb-ot-layout-common.hh(3017,65): warning C4242:         ] [C:\zenith\daw\build_nosk\ZenithDAW.vcxproj]
  (compiling source file '_deps/juce-src/modules/juce_graphics/juce_graphics_Harfbuzz.cpp')
  
C:\zenith\daw\build_nosk\_deps\juce-src\modules\juce_graphics\fonts\harfbuzz\hb-ot-layout-common.hh(3183,20): warning C4242: 'argument': conversion from 'unsigned int' to 'Type', possible loss of data [C:\zenith\daw\build_nosk\ZenithDAW.vcxproj]
C:\zenith\daw\build_nosk\_deps\juce-src\modules\juce_graphics\fonts\harfbuzz\hb-ot-layout-common.hh(3183,20): warning C4242:         with [C:\zenith\daw\build_nosk\ZenithDAW.vcxproj]
C:\zenith\daw\build_nosk\_deps\juce-src\modules\juce_graphics\fonts\harfbuzz\hb-ot-layout-common.hh(3183,20): warning C4242:         [ [C:\zenith\daw\build_nosk\ZenithDAW.vcxproj]
C:\zenith\daw\build_nosk\_deps\juce-src\modules\juce_graphics\fonts\harfbuzz\hb-ot-layout-common.hh(3183,20): warning C4242:             Type=uint16_t [C:\zenith\daw\build_nosk\ZenithDAW.vcxproj]
C:\zenith\daw\build_nosk\_deps\juce-src\modules\juce_graphics\fonts\harfbuzz\hb-ot-layout-common.hh(3183,20): warning C4242:         ] [C:\zenith\daw\build_nosk\ZenithDAW.vcxproj]
  (compiling source file '_deps/juce-src/modules/juce_graphics/juce_graphics_Harfbuzz.cpp')
  
C:\zenith\daw\build_nosk\_deps\juce-src\modules\juce_graphics\fonts\harfbuzz\hb-ot-layout-common.hh(3629,25): warning C4242: 'argument': conversion from 'uint32_t' to 'Type', possible loss of data [C:\zenith\daw\build_nosk\ZenithDAW.vcxproj]
C:\zenith\daw\build_nosk\_deps\juce-src\modules\juce_graphics\fonts\harfbuzz\hb-ot-layout-common.hh(3629,25): warning C4242:         with [C:\zenith\daw\build_nosk\ZenithDAW.vcxproj]
C:\zenith\daw\build_nosk\_deps\juce-src\modules\juce_graphics\fonts\harfbuzz\hb-ot-layout-common.hh(3629,25): warning C4242:         [ [C:\zenith\daw\build_nosk\ZenithDAW.vcxproj]
C:\zenith\daw\build_nosk\_deps\juce-src\modules\juce_graphics\fonts\harfbuzz\hb-ot-layout-common.hh(3629,25): warning C4242:             Type=uint16_t [C:\zenith\daw\build_nosk\ZenithDAW.vcxproj]
C:\zenith\daw\build_nosk\_deps\juce-src\modules\juce_graphics\fonts\harfbuzz\hb-ot-layout-common.hh(3629,25): warning C4242:         ] [C:\zenith\daw\build_nosk\ZenithDAW.vcxproj]
  (compiling source file '_deps/juce-src/modules/juce_graphics/juce_graphics_Harfbuzz.cpp')
  
C:\zenith\daw\build_nosk\_deps\juce-src\modules\juce_graphics\fonts\harfbuzz\hb-ot-var-common.hh(648,22): warning C4242: 'argument': conversion from 'unsigned int' to 'Type', possible loss of data [C:\zenith\daw\build_nosk\ZenithDAW.vcxproj]
C:\zenith\daw\build_nosk\_deps\juce-src\modules\juce_graphics\fonts\harfbuzz\hb-ot-var-common.hh(648,22): warning C4242:         with [C:\zenith\daw\build_nosk\ZenithDAW.vcxproj]
C:\zenith\daw\build_nosk\_deps\juce-src\modules\juce_graphics\fonts\harfbuzz\hb-ot-var-common.hh(648,22): warning C4242:         [ [C:\zenith\daw\build_nosk\ZenithDAW.vcxproj]
C:\zenith\daw\build_nosk\_deps\juce-src\modules\juce_graphics\fonts\harfbuzz\hb-ot-var-common.hh(648,22): warning C4242:             Type=uint16_t [C:\zenith\daw\build_nosk\ZenithDAW.vcxproj]
C:\zenith\daw\build_nosk\_deps\juce-src\modules\juce_graphics\fonts\harfbuzz\hb-ot-var-common.hh(648,22): warning C4242:         ] [C:\zenith\daw\build_nosk\ZenithDAW.vcxproj]
  (compiling source file '_deps/juce-src/modules/juce_graphics/juce_graphics_Harfbuzz.cpp')
  
C:\zenith\daw\build_nosk\_deps\juce-src\modules\juce_graphics\fonts\harfbuzz\hb-ot-var-common.hh(649,21): warning C4242: 'argument': conversion from 'unsigned int' to 'uint16_t', possible loss of data [C:\zenith\daw\build_nosk\ZenithDAW.vcxproj]
  (compiling source file '_deps/juce-src/modules/juce_graphics/juce_graphics_Harfbuzz.cpp')
  
C:\zenith\daw\build_nosk\_deps\juce-src\modules\juce_graphics\fonts\harfbuzz\hb-ot-var-common.hh(907,27): warning C4242: 'initializing': conversion from 'Type' to 'int16_t', possible loss of data [C:\zenith\daw\build_nosk\ZenithDAW.vcxproj]
C:\zenith\daw\build_nosk\_deps\juce-src\modules\juce_graphics\fonts\harfbuzz\hb-ot-var-common.hh(907,27): warning C4242:         with [C:\zenith\daw\build_nosk\ZenithDAW.vcxproj]
C:\zenith\daw\build_nosk\_deps\juce-src\modules\juce_graphics\fonts\harfbuzz\hb-ot-var-common.hh(907,27): warning C4242:         [ [C:\zenith\daw\build_nosk\ZenithDAW.vcxproj]
C:\zenith\daw\build_nosk\_deps\juce-src\modules\juce_graphics\fonts\harfbuzz\hb-ot-var-common.hh(907,27): warning C4242:             Type=int [C:\zenith\daw\build_nosk\ZenithDAW.vcxproj]
C:\zenith\daw\build_nosk\_deps\juce-src\modules\juce_graphics\fonts\harfbuzz\hb-ot-var-common.hh(907,27): warning C4242:         ] [C:\zenith\daw\build_nosk\ZenithDAW.vcxproj]
  (compiling source file '_deps/juce-src/modules/juce_graphics/juce_graphics_Harfbuzz.cpp')
  
C:\zenith\daw\build_nosk\_deps\juce-src\modules\juce_graphics\fonts\harfbuzz\hb-ot-var-common.hh(924,27): warning C4242: 'initializing': conversion from 'Type' to 'int16_t', possible loss of data [C:\zenith\daw\build_nosk\ZenithDAW.vcxproj]
C:\zenith\daw\build_nosk\_deps\juce-src\modules\juce_graphics\fonts\harfbuzz\hb-ot-var-common.hh(924,27): warning C4242:         with [C:\zenith\daw\build_nosk\ZenithDAW.vcxproj]
C:\zenith\daw\build_nosk\_deps\juce-src\modules\juce_graphics\fonts\harfbuzz\hb-ot-var-common.hh(924,27): warning C4242:         [ [C:\zenith\daw\build_nosk\ZenithDAW.vcxproj]
C:\zenith\daw\build_nosk\_deps\juce-src\modules\juce_graphics\fonts\harfbuzz\hb-ot-var-common.hh(924,27): warning C4242:             Type=int [C:\zenith\daw\build_nosk\ZenithDAW.vcxproj]
C:\zenith\daw\build_nosk\_deps\juce-src\modules\juce_graphics\fonts\harfbuzz\hb-ot-var-common.hh(924,27): warning C4242:         ] [C:\zenith\daw\build_nosk\ZenithDAW.vcxproj]
  (compiling source file '_deps/juce-src/modules/juce_graphics/juce_graphics_Harfbuzz.cpp')
  
C:\zenith\daw\build_nosk\_deps\juce-src\modules\juce_graphics\fonts\harfbuzz\hb-ot-var-common.hh(1327,20): warning C4242: '=': conversion from 'unsigned int' to 'char', possible loss of data [C:\zenith\daw\build_nosk\ZenithDAW.vcxproj]
  (compiling source file '_deps/juce-src/modules/juce_graphics/juce_graphics_Harfbuzz.cpp')
  
C:\zenith\daw\build_nosk\_deps\juce-src\modules\juce_graphics\fonts\harfbuzz\hb-ot-var-common.hh(1368,24): warning C4242: '=': conversion from 'unsigned int' to 'char', possible loss of data [C:\zenith\daw\build_nosk\ZenithDAW.vcxproj]
  (compiling source file '_deps/juce-src/modules/juce_graphics/juce_graphics_Harfbuzz.cpp')
  
C:\zenith\daw\build_nosk\_deps\juce-src\modules\juce_graphics\fonts\harfbuzz\OT\Layout\GDEF\GDEF.hh(139,71): warning C4242: 'argument': conversion from 'int' to 'int16_t', possible loss of data [C:\zenith\daw\build_nosk\ZenithDAW.vcxproj]
  (compiling source file '_deps/juce-src/modules/juce_graphics/juce_graphics_Harfbuzz.cpp')
  
C:\zenith\daw\build_nosk\_deps\juce-src\modules\juce_graphics\fonts\harfbuzz\OT\Layout\GDEF\GDEF.hh(139,103): warning C4242: 'argument': conversion from 'int' to 'int16_t', possible loss of data [C:\zenith\daw\build_nosk\ZenithDAW.vcxproj]
  (compiling source file '_deps/juce-src/modules/juce_graphics/juce_graphics_Harfbuzz.cpp')
  
C:\zenith\daw\build_nosk\_deps\juce-src\modules\juce_graphics\fonts\harfbuzz\OT\Layout\GDEF\GDEF.hh(195,23): warning C4242: 'argument': conversion from 'int' to 'int16_t', possible loss of data [C:\zenith\daw\build_nosk\ZenithDAW.vcxproj]
  (compiling source file '_deps/juce-src/modules/juce_graphics/juce_graphics_Harfbuzz.cpp')
  
C:\zenith\daw\build_nosk\_deps\juce-src\modules\juce_graphics\fonts\harfbuzz\OT\Layout\GDEF\GDEF.hh(196,23): warning C4242: 'argument': conversion from 'int' to 'int16_t', possible loss of data [C:\zenith\daw\build_nosk\ZenithDAW.vcxproj]
  (compiling source file '_deps/juce-src/modules/juce_graphics/juce_graphics_Harfbuzz.cpp')
  
C:\zenith\daw\build_nosk\_deps\juce-src\modules\juce_graphics\fonts\harfbuzz\hb-ot-layout-gsubgpos.hh(843,34): warning C4242: '=': conversion from 'unsigned int' to 'uint8_t', possible loss of data [C:\zenith\daw\build_nosk\ZenithDAW.vcxproj]
  (compiling source file '_deps/juce-src/modules/juce_graphics/juce_graphics_Harfbuzz.cpp')
  
C:\zenith\daw\build_nosk\_deps\juce-src\modules\juce_graphics\fonts\harfbuzz\hb-ot-layout-gsubgpos.hh(1089,14): warning C4242: 'argument': conversion from 'unsigned int' to 'unsigned short', possible loss of data [C:\zenith\daw\build_nosk\ZenithDAW.vcxproj]
  (compiling source file '_deps/juce-src/modules/juce_graphics/juce_graphics_Harfbuzz.cpp')
  
C:\zenith\daw\build_nosk\_deps\juce-src\modules\juce_graphics\fonts\harfbuzz\hb-ot-layout-gsubgpos.hh(1126,14): warning C4242: 'argument': conversion from 'unsigned int' to 'unsigned short', possible loss of data [C:\zenith\daw\build_nosk\ZenithDAW.vcxproj]
  (compiling source file '_deps/juce-src/modules/juce_graphics/juce_graphics_Harfbuzz.cpp')
  
C:\zenith\daw\build_nosk\_deps\juce-src\modules\juce_graphics\fonts\harfbuzz\hb-ot-layout-gsubgpos.hh(1157,14): warning C4242: 'argument': conversion from 'unsigned int' to 'unsigned short', possible loss of data [C:\zenith\daw\build_nosk\ZenithDAW.vcxproj]
  (compiling source file '_deps/juce-src/modules/juce_graphics/juce_graphics_Harfbuzz.cpp')
  
C:\zenith\daw\build_nosk\_deps\juce-src\modules\juce_graphics\fonts\harfbuzz\hb-ot-layout-gsubgpos.hh(1196,23): warning C4242: '=': conversion from 'unsigned int' to 'uint8_t', possible loss of data [C:\zenith\daw\build_nosk\ZenithDAW.vcxproj]
  (compiling source file '_deps/juce-src/modules/juce_graphics/juce_graphics_Harfbuzz.cpp')
  
C:\zenith\daw\build_nosk\_deps\juce-src\modules\juce_graphics\fonts\harfbuzz\hb-ot-layout-gsubgpos.hh(1224,14): warning C4242: 'argument': conversion from 'unsigned int' to 'unsigned short', possible loss of data [C:\zenith\daw\build_nosk\ZenithDAW.vcxproj]
  (compiling source file '_deps/juce-src/modules/juce_graphics/juce_graphics_Harfbuzz.cpp')
  
C:\zenith\daw\build_nosk\_deps\juce-src\modules\juce_graphics\fonts\harfbuzz\OT\Layout\GPOS\ValueFormat.hh(100,81): warning C4242: 'argument': conversion from 'int' to 'int16_t', possible loss of data [C:\zenith\daw\build_nosk\ZenithDAW.vcxproj]
  (compiling source file '_deps/juce-src/modules/juce_graphics/juce_graphics_Harfbuzz.cpp')
  
C:\zenith\daw\build_nosk\_deps\juce-src\modules\juce_graphics\fonts\harfbuzz\OT\Layout\GPOS\ValueFormat.hh(101,81): warning C4242: 'argument': conversion from 'int' to 'int16_t', possible loss of data [C:\zenith\daw\build_nosk\ZenithDAW.vcxproj]
  (compiling source file '_deps/juce-src/modules/juce_graphics/juce_graphics_Harfbuzz.cpp')
  
C:\zenith\daw\build_nosk\_deps\juce-src\modules\juce_graphics\fonts\harfbuzz\OT\Layout\GPOS\ValueFormat.hh(103,83): warning C4242: 'argument': conversion from 'int' to 'int16_t', possible loss of data [C:\zenith\daw\build_nosk\ZenithDAW.vcxproj]
  (compiling source file '_deps/juce-src/modules/juce_graphics/juce_graphics_Harfbuzz.cpp')
  
C:\zenith\daw\build_nosk\_deps\juce-src\modules\juce_graphics\fonts\harfbuzz\OT\Layout\GPOS\ValueFormat.hh(108,86): warning C4242: 'argument': conversion from 'int' to 'int16_t', possible loss of data [C:\zenith\daw\build_nosk\ZenithDAW.vcxproj]
  (compiling source file '_deps/juce-src/modules/juce_graphics/juce_graphics_Harfbuzz.cpp')
  
C:\zenith\daw\build_nosk\_deps\juce-src\modules\juce_graphics\fonts\harfbuzz\OT\Layout\GPOS\AnchorFormat1.hh(27,29): warning C4242: 'argument': conversion from 'int' to 'int16_t', possible loss of data [C:\zenith\daw\build_nosk\ZenithDAW.vcxproj]
  (compiling source file '_deps/juce-src/modules/juce_graphics/juce_graphics_Harfbuzz.cpp')
  
C:\zenith\daw\build_nosk\_deps\juce-src\modules\juce_graphics\fonts\harfbuzz\OT\Layout\GPOS\AnchorFormat1.hh(28,29): warning C4242: 'argument': conversion from 'int' to 'int16_t', possible loss of data [C:\zenith\daw\build_nosk\ZenithDAW.vcxproj]
  (compiling source file '_deps/juce-src/modules/juce_graphics/juce_graphics_Harfbuzz.cpp')
  
C:\zenith\daw\build_nosk\_deps\juce-src\modules\juce_graphics\fonts\harfbuzz\OT\Layout\GPOS\AnchorFormat2.hh(43,50): warning C4242: 'argument': conversion from 'int' to 'int16_t', possible loss of data [C:\zenith\daw\build_nosk\ZenithDAW.vcxproj]
  (compiling source file '_deps/juce-src/modules/juce_graphics/juce_graphics_Harfbuzz.cpp')
  
C:\zenith\daw\build_nosk\_deps\juce-src\modules\juce_graphics\fonts\harfbuzz\OT\Layout\GPOS\AnchorFormat2.hh(44,50): warning C4242: 'argument': conversion from 'int' to 'int16_t', possible loss of data [C:\zenith\daw\build_nosk\ZenithDAW.vcxproj]
  (compiling source file '_deps/juce-src/modules/juce_graphics/juce_graphics_Harfbuzz.cpp')
  
C:\zenith\daw\build_nosk\_deps\juce-src\modules\juce_graphics\fonts\harfbuzz\OT\Layout\GPOS\AnchorFormat3.hh(37,29): warning C4242: 'argument': conversion from 'int' to 'int16_t', possible loss of data [C:\zenith\daw\build_nosk\ZenithDAW.vcxproj]
  (compiling source file '_deps/juce-src/modules/juce_graphics/juce_graphics_Harfbuzz.cpp')
  
C:\zenith\daw\build_nosk\_deps\juce-src\modules\juce_graphics\fonts\harfbuzz\OT\Layout\GPOS\AnchorFormat3.hh(38,29): warning C4242: 'argument': conversion from 'int' to 'int16_t', possible loss of data [C:\zenith\daw\build_nosk\ZenithDAW.vcxproj]
  (compiling source file '_deps/juce-src/modules/juce_graphics/juce_graphics_Harfbuzz.cpp')
  
C:\zenith\daw\build_nosk\_deps\juce-src\modules\juce_graphics\fonts\harfbuzz\OT\Layout\GPOS\CursivePosFormat1.hh(75,26): warning C4242: '=': conversion from 'int' to 'uint8_t', possible loss of data [C:\zenith\daw\build_nosk\ZenithDAW.vcxproj]
  (compiling source file '_deps/juce-src/modules/juce_graphics/juce_graphics_Harfbuzz.cpp')
  
C:\zenith\daw\build_nosk\_deps\juce-src\modules\juce_graphics\fonts\harfbuzz\OT\Layout\GPOS\MarkRecord.hh(35,37): warning C4242: 'argument': conversion from 'const V' to 'Type', possible loss of data [C:\zenith\daw\build_nosk\ZenithDAW.vcxproj]
C:\zenith\daw\build_nosk\_deps\juce-src\modules\juce_graphics\fonts\harfbuzz\OT\Layout\GPOS\MarkRecord.hh(35,37): warning C4242:         with [C:\zenith\daw\build_nosk\ZenithDAW.vcxproj]
C:\zenith\daw\build_nosk\_deps\juce-src\modules\juce_graphics\fonts\harfbuzz\OT\Layout\GPOS\MarkRecord.hh(35,37): warning C4242:         [ [C:\zenith\daw\build_nosk\ZenithDAW.vcxproj]
C:\zenith\daw\build_nosk\_deps\juce-src\modules\juce_graphics\fonts\harfbuzz\OT\Layout\GPOS\MarkRecord.hh(35,37): warning C4242:             V=hb_codepoint_t [C:\zenith\daw\build_nosk\ZenithDAW.vcxproj]
C:\zenith\daw\build_nosk\_deps\juce-src\modules\juce_graphics\fonts\harfbuzz\OT\Layout\GPOS\MarkRecord.hh(35,37): warning C4242:         ] [C:\zenith\daw\build_nosk\ZenithDAW.vcxproj]
C:\zenith\daw\build_nosk\_deps\juce-src\modules\juce_graphics\fonts\harfbuzz\OT\Layout\GPOS\MarkRecord.hh(35,37): warning C4242:         and [C:\zenith\daw\build_nosk\ZenithDAW.vcxproj]
C:\zenith\daw\build_nosk\_deps\juce-src\modules\juce_graphics\fonts\harfbuzz\OT\Layout\GPOS\MarkRecord.hh(35,37): warning C4242:         [ [C:\zenith\daw\build_nosk\ZenithDAW.vcxproj]
C:\zenith\daw\build_nosk\_deps\juce-src\modules\juce_graphics\fonts\harfbuzz\OT\Layout\GPOS\MarkRecord.hh(35,37): warning C4242:             Type=uint16_t [C:\zenith\daw\build_nosk\ZenithDAW.vcxproj]
C:\zenith\daw\build_nosk\_deps\juce-src\modules\juce_graphics\fonts\harfbuzz\OT\Layout\GPOS\MarkRecord.hh(35,37): warning C4242:         ] [C:\zenith\daw\build_nosk\ZenithDAW.vcxproj]
  (compiling source file '_deps/juce-src/modules/juce_graphics/juce_graphics_Harfbuzz.cpp')
  
C:\zenith\daw\build_nosk\_deps\juce-src\modules\juce_graphics\fonts\harfbuzz\OT\Layout\GPOS\PosLookupSubTable.hh(72,3): warning C4296: '>=': expression is always true [C:\zenith\daw\build_nosk\ZenithDAW.vcxproj]
  (compiling source file '_deps/juce-src/modules/juce_graphics/juce_graphics_Harfbuzz.cpp')
  
C:\zenith\daw\build_nosk\_deps\juce-src\modules\juce_graphics\fonts\harfbuzz\hb-utf.hh(148,16): warning C4242: '=': conversion from 'hb_codepoint_t' to 'hb_utf8_t::codepoint_t', possible loss of data [C:\zenith\daw\build_nosk\ZenithDAW.vcxproj]
  (compiling source file '_deps/juce-src/modules/juce_graphics/juce_graphics_Harfbuzz.cpp')
  
C:\zenith\daw\build_nosk\_deps\juce-src\modules\juce_graphics\fonts\harfbuzz\hb-utf.hh(397,15): warning C4242: '=': conversion from 'hb_codepoint_t' to 'hb_latin1_t::codepoint_t', possible loss of data [C:\zenith\daw\build_nosk\ZenithDAW.vcxproj]
  (compiling source file '_deps/juce-src/modules/juce_graphics/juce_graphics_Harfbuzz.cpp')
  
C:\zenith\daw\build_nosk\_deps\juce-src\modules\juce_graphics\fonts\harfbuzz\hb-utf.hh(453,15): warning C4242: '=': conversion from 'hb_codepoint_t' to 'hb_ascii_t::codepoint_t', possible loss of data [C:\zenith\daw\build_nosk\ZenithDAW.vcxproj]
  (compiling source file '_deps/juce-src/modules/juce_graphics/juce_graphics_Harfbuzz.cpp')
  
C:\zenith\daw\build_nosk\_deps\juce-src\modules\juce_graphics\fonts\harfbuzz\hb-cff-interp-common.hh(283,3): warning C4296: '>=': expression is always true [C:\zenith\daw\build_nosk\ZenithDAW.vcxproj]
  (compiling source file '_deps/juce-src/modules/juce_graphics/juce_graphics_Harfbuzz.cpp')
  
C:\zenith\daw\build_nosk\_deps\juce-src\modules\juce_graphics\fonts\harfbuzz\hb-ot-os2-table.hh(277,36): warning C4242: 'argument': conversion from 'unsigned int' to 'Type', possible loss of data [C:\zenith\daw\build_nosk\ZenithDAW.vcxproj]
C:\zenith\daw\build_nosk\_deps\juce-src\modules\juce_graphics\fonts\harfbuzz\hb-ot-os2-table.hh(277,36): warning C4242:         with [C:\zenith\daw\build_nosk\ZenithDAW.vcxproj]
C:\zenith\daw\build_nosk\_deps\juce-src\modules\juce_graphics\fonts\harfbuzz\hb-ot-os2-table.hh(277,36): warning C4242:         [ [C:\zenith\daw\build_nosk\ZenithDAW.vcxproj]
C:\zenith\daw\build_nosk\_deps\juce-src\modules\juce_graphics\fonts\harfbuzz\hb-ot-os2-table.hh(277,36): warning C4242:             Type=uint16_t [C:\zenith\daw\build_nosk\ZenithDAW.vcxproj]
C:\zenith\daw\build_nosk\_deps\juce-src\modules\juce_graphics\fonts\harfbuzz\hb-ot-os2-table.hh(277,36): warning C4242:         ] [C:\zenith\daw\build_nosk\ZenithDAW.vcxproj]
  (compiling source file '_deps/juce-src/modules/juce_graphics/juce_graphics_Harfbuzz.cpp')
  
C:\zenith\daw\build_nosk\_deps\juce-src\modules\juce_graphics\fonts\harfbuzz\hb-ot-os2-table.hh(284,35): warning C4242: 'argument': conversion from 'unsigned int' to 'Type', possible loss of data [C:\zenith\daw\build_nosk\ZenithDAW.vcxproj]
C:\zenith\daw\build_nosk\_deps\juce-src\modules\juce_graphics\fonts\harfbuzz\hb-ot-os2-table.hh(284,35): warning C4242:         with [C:\zenith\daw\build_nosk\ZenithDAW.vcxproj]
C:\zenith\daw\build_nosk\_deps\juce-src\modules\juce_graphics\fonts\harfbuzz\hb-ot-os2-table.hh(284,35): warning C4242:         [ [C:\zenith\daw\build_nosk\ZenithDAW.vcxproj]
C:\zenith\daw\build_nosk\_deps\juce-src\modules\juce_graphics\fonts\harfbuzz\hb-ot-os2-table.hh(284,35): warning C4242:             Type=uint16_t [C:\zenith\daw\build_nosk\ZenithDAW.vcxproj]
C:\zenith\daw\build_nosk\_deps\juce-src\modules\juce_graphics\fonts\harfbuzz\hb-ot-os2-table.hh(284,35): warning C4242:         ] [C:\zenith\daw\build_nosk\ZenithDAW.vcxproj]
  (compiling source file '_deps/juce-src/modules/juce_graphics/juce_graphics_Harfbuzz.cpp')
  
C:\zenith\daw\build_nosk\_deps\juce-src\modules\juce_graphics\fonts\harfbuzz\hb-ot-os2-table.hh(290,42): warning C4242: 'argument': conversion from 'T' to 'Type', possible loss of data [C:\zenith\daw\build_nosk\ZenithDAW.vcxproj]
C:\zenith\daw\build_nosk\_deps\juce-src\modules\juce_graphics\fonts\harfbuzz\hb-ot-os2-table.hh(290,42): warning C4242:         with [C:\zenith\daw\build_nosk\ZenithDAW.vcxproj]
C:\zenith\daw\build_nosk\_deps\juce-src\modules\juce_graphics\fonts\harfbuzz\hb-ot-os2-table.hh(290,42): warning C4242:         [ [C:\zenith\daw\build_nosk\ZenithDAW.vcxproj]
C:\zenith\daw\build_nosk\_deps\juce-src\modules\juce_graphics\fonts\harfbuzz\hb-ot-os2-table.hh(290,42): warning C4242:             T=unsigned int [C:\zenith\daw\build_nosk\ZenithDAW.vcxproj]
C:\zenith\daw\build_nosk\_deps\juce-src\modules\juce_graphics\fonts\harfbuzz\hb-ot-os2-table.hh(290,42): warning C4242:         ] [C:\zenith\daw\build_nosk\ZenithDAW.vcxproj]
C:\zenith\daw\build_nosk\_deps\juce-src\modules\juce_graphics\fonts\harfbuzz\hb-ot-os2-table.hh(290,42): warning C4242:         and [C:\zenith\daw\build_nosk\ZenithDAW.vcxproj]
C:\zenith\daw\build_nosk\_deps\juce-src\modules\juce_graphics\fonts\harfbuzz\hb-ot-os2-table.hh(290,42): warning C4242:         [ [C:\zenith\daw\build_nosk\ZenithDAW.vcxproj]
C:\zenith\daw\build_nosk\_deps\juce-src\modules\juce_graphics\fonts\harfbuzz\hb-ot-os2-table.hh(290,42): warning C4242:             Type=uint16_t [C:\zenith\daw\build_nosk\ZenithDAW.vcxproj]
C:\zenith\daw\build_nosk\_deps\juce-src\modules\juce_graphics\fonts\harfbuzz\hb-ot-os2-table.hh(290,42): warning C4242:         ] [C:\zenith\daw\build_nosk\ZenithDAW.vcxproj]
  (compiling source file '_deps/juce-src/modules/juce_graphics/juce_graphics_Harfbuzz.cpp')
  
C:\zenith\daw\build_nosk\_deps\juce-src\modules\juce_graphics\fonts\harfbuzz\hb-ot-os2-table.hh(291,42): warning C4242: 'argument': conversion from 'T' to 'Type', possible loss of data [C:\zenith\daw\build_nosk\ZenithDAW.vcxproj]
C:\zenith\daw\build_nosk\_deps\juce-src\modules\juce_graphics\fonts\harfbuzz\hb-ot-os2-table.hh(291,42): warning C4242:         with [C:\zenith\daw\build_nosk\ZenithDAW.vcxproj]
C:\zenith\daw\build_nosk\_deps\juce-src\modules\juce_graphics\fonts\harfbuzz\hb-ot-os2-table.hh(291,42): warning C4242:         [ [C:\zenith\daw\build_nosk\ZenithDAW.vcxproj]
C:\zenith\daw\build_nosk\_deps\juce-src\modules\juce_graphics\fonts\harfbuzz\hb-ot-os2-table.hh(291,42): warning C4242:             T=unsigned int [C:\zenith\daw\build_nosk\ZenithDAW.vcxproj]
C:\zenith\daw\build_nosk\_deps\juce-src\modules\juce_graphics\fonts\harfbuzz\hb-ot-os2-table.hh(291,42): warning C4242:         ] [C:\zenith\daw\build_nosk\ZenithDAW.vcxproj]
C:\zenith\daw\build_nosk\_deps\juce-src\modules\juce_graphics\fonts\harfbuzz\hb-ot-os2-table.hh(291,42): warning C4242:         and [C:\zenith\daw\build_nosk\ZenithDAW.vcxproj]
C:\zenith\daw\build_nosk\_deps\juce-src\modules\juce_graphics\fonts\harfbuzz\hb-ot-os2-table.hh(291,42): warning C4242:         [ [C:\zenith\daw\build_nosk\ZenithDAW.vcxproj]
C:\zenith\daw\build_nosk\_deps\juce-src\modules\juce_graphics\fonts\harfbuzz\hb-ot-os2-table.hh(291,42): warning C4242:             Type=uint16_t [C:\zenith\daw\build_nosk\ZenithDAW.vcxproj]
C:\zenith\daw\build_nosk\_deps\juce-src\modules\juce_graphics\fonts\harfbuzz\hb-ot-os2-table.hh(291,42): warning C4242:         ] [C:\zenith\daw\build_nosk\ZenithDAW.vcxproj]
  (compiling source file '_deps/juce-src/modules/juce_graphics/juce_graphics_Harfbuzz.cpp')
  
C:\zenith\daw\build_nosk\_deps\juce-src\modules\juce_graphics\fonts\harfbuzz\hb-ot-cmap-table.hh(1002,24): warning C4242: 'argument': conversion from 'int' to 'Type', possible loss of data [C:\zenith\daw\build_nosk\ZenithDAW.vcxproj]
C:\zenith\daw\build_nosk\_deps\juce-src\modules\juce_graphics\fonts\harfbuzz\hb-ot-cmap-table.hh(1002,24): warning C4242:         with [C:\zenith\daw\build_nosk\ZenithDAW.vcxproj]
C:\zenith\daw\build_nosk\_deps\juce-src\modules\juce_graphics\fonts\harfbuzz\hb-ot-cmap-table.hh(1002,24): warning C4242:         [ [C:\zenith\daw\build_nosk\ZenithDAW.vcxproj]
C:\zenith\daw\build_nosk\_deps\juce-src\modules\juce_graphics\fonts\harfbuzz\hb-ot-cmap-table.hh(1002,24): warning C4242:             Type=uint8_t [C:\zenith\daw\build_nosk\ZenithDAW.vcxproj]
C:\zenith\daw\build_nosk\_deps\juce-src\modules\juce_graphics\fonts\harfbuzz\hb-ot-cmap-table.hh(1002,24): warning C4242:         ] [C:\zenith\daw\build_nosk\ZenithDAW.vcxproj]
  (compiling source file '_deps/juce-src/modules/juce_graphics/juce_graphics_Harfbuzz.cpp')
  
C:\zenith\daw\build_nosk\_deps\juce-src\modules\juce_graphics\fonts\harfbuzz\hb-ot-cmap-table.hh(1096,40): warning C4242: 'argument': conversion from 'const V' to 'uint16_t', possible loss of data [C:\zenith\daw\build_nosk\ZenithDAW.vcxproj]
C:\zenith\daw\build_nosk\_deps\juce-src\modules\juce_graphics\fonts\harfbuzz\hb-ot-cmap-table.hh(1096,40): warning C4242:         with [C:\zenith\daw\build_nosk\ZenithDAW.vcxproj]
C:\zenith\daw\build_nosk\_deps\juce-src\modules\juce_graphics\fonts\harfbuzz\hb-ot-cmap-table.hh(1096,40): warning C4242:         [ [C:\zenith\daw\build_nosk\ZenithDAW.vcxproj]
C:\zenith\daw\build_nosk\_deps\juce-src\modules\juce_graphics\fonts\harfbuzz\hb-ot-cmap-table.hh(1096,40): warning C4242:             V=hb_codepoint_t [C:\zenith\daw\build_nosk\ZenithDAW.vcxproj]
C:\zenith\daw\build_nosk\_deps\juce-src\modules\juce_graphics\fonts\harfbuzz\hb-ot-cmap-table.hh(1096,40): warning C4242:         ] [C:\zenith\daw\build_nosk\ZenithDAW.vcxproj]
  (compiling source file '_deps/juce-src/modules/juce_graphics/juce_graphics_Harfbuzz.cpp')
  
C:\zenith\daw\build_nosk\_deps\juce-src\modules\juce_graphics\fonts\harfbuzz\hb-ot-cmap-table.hh(2028,22): warning C4242: 'argument': conversion from 'unsigned int' to 'Type', possible loss of data [C:\zenith\daw\build_nosk\ZenithDAW.vcxproj]
C:\zenith\daw\build_nosk\_deps\juce-src\modules\juce_graphics\fonts\harfbuzz\hb-ot-cmap-table.hh(2028,22): warning C4242:         with [C:\zenith\daw\build_nosk\ZenithDAW.vcxproj]
C:\zenith\daw\build_nosk\_deps\juce-src\modules\juce_graphics\fonts\harfbuzz\hb-ot-cmap-table.hh(2028,22): warning C4242:         [ [C:\zenith\daw\build_nosk\ZenithDAW.vcxproj]
C:\zenith\daw\build_nosk\_deps\juce-src\modules\juce_graphics\fonts\harfbuzz\hb-ot-cmap-table.hh(2028,22): warning C4242:             Type=uint16_t [C:\zenith\daw\build_nosk\ZenithDAW.vcxproj]
C:\zenith\daw\build_nosk\_deps\juce-src\modules\juce_graphics\fonts\harfbuzz\hb-ot-cmap-table.hh(2028,22): warning C4242:         ] [C:\zenith\daw\build_nosk\ZenithDAW.vcxproj]
  (compiling source file '_deps/juce-src/modules/juce_graphics/juce_graphics_Harfbuzz.cpp')
  
C:\zenith\daw\build_nosk\_deps\juce-src\modules\juce_graphics\fonts\harfbuzz\hb-ot-cmap-table.hh(2029,22): warning C4242: 'argument': conversion from 'unsigned int' to 'Type', possible loss of data [C:\zenith\daw\build_nosk\ZenithDAW.vcxproj]
C:\zenith\daw\build_nosk\_deps\juce-src\modules\juce_graphics\fonts\harfbuzz\hb-ot-cmap-table.hh(2029,22): warning C4242:         with [C:\zenith\daw\build_nosk\ZenithDAW.vcxproj]
C:\zenith\daw\build_nosk\_deps\juce-src\modules\juce_graphics\fonts\harfbuzz\hb-ot-cmap-table.hh(2029,22): warning C4242:         [ [C:\zenith\daw\build_nosk\ZenithDAW.vcxproj]
C:\zenith\daw\build_nosk\_deps\juce-src\modules\juce_graphics\fonts\harfbuzz\hb-ot-cmap-table.hh(2029,22): warning C4242:             Type=uint16_t [C:\zenith\daw\build_nosk\ZenithDAW.vcxproj]
C:\zenith\daw\build_nosk\_deps\juce-src\modules\juce_graphics\fonts\harfbuzz\hb-ot-cmap-table.hh(2029,22): warning C4242:         ] [C:\zenith\daw\build_nosk\ZenithDAW.vcxproj]
  (compiling source file '_deps/juce-src/modules/juce_graphics/juce_graphics_Harfbuzz.cpp')
  
C:\zenith\daw\build_nosk\_deps\juce-src\modules\juce_graphics\fonts\harfbuzz\hb-ot-cmap-table.hh(2042,22): warning C4242: 'argument': conversion from 'unsigned int' to 'Type', possible loss of data [C:\zenith\daw\build_nosk\ZenithDAW.vcxproj]
C:\zenith\daw\build_nosk\_deps\juce-src\modules\juce_graphics\fonts\harfbuzz\hb-ot-cmap-table.hh(2042,22): warning C4242:         with [C:\zenith\daw\build_nosk\ZenithDAW.vcxproj]
C:\zenith\daw\build_nosk\_deps\juce-src\modules\juce_graphics\fonts\harfbuzz\hb-ot-cmap-table.hh(2042,22): warning C4242:         [ [C:\zenith\daw\build_nosk\ZenithDAW.vcxproj]
C:\zenith\daw\build_nosk\_deps\juce-src\modules\juce_graphics\fonts\harfbuzz\hb-ot-cmap-table.hh(2042,22): warning C4242:             Type=uint16_t [C:\zenith\daw\build_nosk\ZenithDAW.vcxproj]
C:\zenith\daw\build_nosk\_deps\juce-src\modules\juce_graphics\fonts\harfbuzz\hb-ot-cmap-table.hh(2042,22): warning C4242:         ] [C:\zenith\daw\build_nosk\ZenithDAW.vcxproj]
  (compiling source file '_deps/juce-src/modules/juce_graphics/juce_graphics_Harfbuzz.cpp')
  
C:\zenith\daw\build_nosk\_deps\juce-src\modules\juce_graphics\fonts\harfbuzz\hb-ot-cmap-table.hh(2043,22): warning C4242: 'argument': conversion from 'unsigned int' to 'Type', possible loss of data [C:\zenith\daw\build_nosk\ZenithDAW.vcxproj]
C:\zenith\daw\build_nosk\_deps\juce-src\modules\juce_graphics\fonts\harfbuzz\hb-ot-cmap-table.hh(2043,22): warning C4242:         with [C:\zenith\daw\build_nosk\ZenithDAW.vcxproj]
C:\zenith\daw\build_nosk\_deps\juce-src\modules\juce_graphics\fonts\harfbuzz\hb-ot-cmap-table.hh(2043,22): warning C4242:         [ [C:\zenith\daw\build_nosk\ZenithDAW.vcxproj]
C:\zenith\daw\build_nosk\_deps\juce-src\modules\juce_graphics\fonts\harfbuzz\hb-ot-cmap-table.hh(2043,22): warning C4242:             Type=uint16_t [C:\zenith\daw\build_nosk\ZenithDAW.vcxproj]
C:\zenith\daw\build_nosk\_deps\juce-src\modules\juce_graphics\fonts\harfbuzz\hb-ot-cmap-table.hh(2043,22): warning C4242:         ] [C:\zenith\daw\build_nosk\ZenithDAW.vcxproj]
  (compiling source file '_deps/juce-src/modules/juce_graphics/juce_graphics_Harfbuzz.cpp')
  
C:\zenith\daw\build_nosk\_deps\juce-src\modules\juce_graphics\fonts\harfbuzz\OT\Color\COLR\COLR.hh(1673,29): warning C4242: 'argument': conversion from 'hb_codepoint_t' to 'Type', possible loss of data [C:\zenith\daw\build_nosk\ZenithDAW.vcxproj]
C:\zenith\daw\build_nosk\_deps\juce-src\modules\juce_graphics\fonts\harfbuzz\OT\Color\COLR\COLR.hh(1673,29): warning C4242:         with [C:\zenith\daw\build_nosk\ZenithDAW.vcxproj]
C:\zenith\daw\build_nosk\_deps\juce-src\modules\juce_graphics\fonts\harfbuzz\OT\Color\COLR\COLR.hh(1673,29): warning C4242:         [ [C:\zenith\daw\build_nosk\ZenithDAW.vcxproj]
C:\zenith\daw\build_nosk\_deps\juce-src\modules\juce_graphics\fonts\harfbuzz\OT\Color\COLR\COLR.hh(1673,29): warning C4242:             Type=uint16_t [C:\zenith\daw\build_nosk\ZenithDAW.vcxproj]
C:\zenith\daw\build_nosk\_deps\juce-src\modules\juce_graphics\fonts\harfbuzz\OT\Color\COLR\COLR.hh(1673,29): warning C4242:         ] [C:\zenith\daw\build_nosk\ZenithDAW.vcxproj]
  (compiling source file '_deps/juce-src/modules/juce_graphics/juce_graphics_Harfbuzz.cpp')
  
C:\zenith\daw\build_nosk\_deps\juce-src\modules\juce_graphics\fonts\harfbuzz\OT\Color\COLR\COLR.hh(1674,27): warning C4242: 'argument': conversion from 'hb_codepoint_t' to 'Type', possible loss of data [C:\zenith\daw\build_nosk\ZenithDAW.vcxproj]
C:\zenith\daw\build_nosk\_deps\juce-src\modules\juce_graphics\fonts\harfbuzz\OT\Color\COLR\COLR.hh(1674,27): warning C4242:         with [C:\zenith\daw\build_nosk\ZenithDAW.vcxproj]
C:\zenith\daw\build_nosk\_deps\juce-src\modules\juce_graphics\fonts\harfbuzz\OT\Color\COLR\COLR.hh(1674,27): warning C4242:         [ [C:\zenith\daw\build_nosk\ZenithDAW.vcxproj]
C:\zenith\daw\build_nosk\_deps\juce-src\modules\juce_graphics\fonts\harfbuzz\OT\Color\COLR\COLR.hh(1674,27): warning C4242:             Type=uint16_t [C:\zenith\daw\build_nosk\ZenithDAW.vcxproj]
C:\zenith\daw\build_nosk\_deps\juce-src\modules\juce_graphics\fonts\harfbuzz\OT\Color\COLR\COLR.hh(1674,27): warning C4242:         ] [C:\zenith\daw\build_nosk\ZenithDAW.vcxproj]
  (compiling source file '_deps/juce-src/modules/juce_graphics/juce_graphics_Harfbuzz.cpp')
  
C:\zenith\daw\build_nosk\_deps\juce-src\modules\juce_graphics\fonts\harfbuzz\OT\Color\COLR\COLR.hh(1688,29): warning C4242: 'argument': conversion from 'hb_codepoint_t' to 'Type', possible loss of data [C:\zenith\daw\build_nosk\ZenithDAW.vcxproj]
C:\zenith\daw\build_nosk\_deps\juce-src\modules\juce_graphics\fonts\harfbuzz\OT\Color\COLR\COLR.hh(1688,29): warning C4242:         with [C:\zenith\daw\build_nosk\ZenithDAW.vcxproj]
C:\zenith\daw\build_nosk\_deps\juce-src\modules\juce_graphics\fonts\harfbuzz\OT\Color\COLR\COLR.hh(1688,29): warning C4242:         [ [C:\zenith\daw\build_nosk\ZenithDAW.vcxproj]
C:\zenith\daw\build_nosk\_deps\juce-src\modules\juce_graphics\fonts\harfbuzz\OT\Color\COLR\COLR.hh(1688,29): warning C4242:             Type=uint16_t [C:\zenith\daw\build_nosk\ZenithDAW.vcxproj]
C:\zenith\daw\build_nosk\_deps\juce-src\modules\juce_graphics\fonts\harfbuzz\OT\Color\COLR\COLR.hh(1688,29): warning C4242:         ] [C:\zenith\daw\build_nosk\ZenithDAW.vcxproj]
  (compiling source file '_deps/juce-src/modules/juce_graphics/juce_graphics_Harfbuzz.cpp')
  
C:\zenith\daw\build_nosk\_deps\juce-src\modules\juce_graphics\fonts\harfbuzz\OT\Color\COLR\COLR.hh(1689,27): warning C4242: 'argument': conversion from 'hb_codepoint_t' to 'Type', possible loss of data [C:\zenith\daw\build_nosk\ZenithDAW.vcxproj]
C:\zenith\daw\build_nosk\_deps\juce-src\modules\juce_graphics\fonts\harfbuzz\OT\Color\COLR\COLR.hh(1689,27): warning C4242:         with [C:\zenith\daw\build_nosk\ZenithDAW.vcxproj]
C:\zenith\daw\build_nosk\_deps\juce-src\modules\juce_graphics\fonts\harfbuzz\OT\Color\COLR\COLR.hh(1689,27): warning C4242:         [ [C:\zenith\daw\build_nosk\ZenithDAW.vcxproj]
C:\zenith\daw\build_nosk\_deps\juce-src\modules\juce_graphics\fonts\harfbuzz\OT\Color\COLR\COLR.hh(1689,27): warning C4242:             Type=uint16_t [C:\zenith\daw\build_nosk\ZenithDAW.vcxproj]
C:\zenith\daw\build_nosk\_deps\juce-src\modules\juce_graphics\fonts\harfbuzz\OT\Color\COLR\COLR.hh(1689,27): warning C4242:         ] [C:\zenith\daw\build_nosk\ZenithDAW.vcxproj]
  (compiling source file '_deps/juce-src/modules/juce_graphics/juce_graphics_Harfbuzz.cpp')
  
C:\zenith\daw\build_nosk\_deps\juce-src\modules\juce_graphics\fonts\harfbuzz\OT\Color\COLR\COLR.hh(2157,26): warning C4242: 'argument': conversion from 'hb_codepoint_t' to 'uint16_t', possible loss of data [C:\zenith\daw\build_nosk\ZenithDAW.vcxproj]
  (compiling source file '_deps/juce-src/modules/juce_graphics/juce_graphics_Harfbuzz.cpp')
  
C:\zenith\daw\build_nosk\_deps\juce-src\modules\juce_graphics\fonts\harfbuzz\OT\Color\COLR\COLR.hh(2187,31): warning C4242: 'argument': conversion from 'hb_codepoint_t' to 'uint16_t', possible loss of data [C:\zenith\daw\build_nosk\ZenithDAW.vcxproj]
  (compiling source file '_deps/juce-src/modules/juce_graphics/juce_graphics_Harfbuzz.cpp')
  
C:\zenith\daw\build_nosk\_deps\juce-src\modules\juce_graphics\fonts\harfbuzz\OT\Color\COLR\COLR.hh(2188,59): warning C4242: 'argument': conversion from 'const V' to 'uint16_t', possible loss of data [C:\zenith\daw\build_nosk\ZenithDAW.vcxproj]
C:\zenith\daw\build_nosk\_deps\juce-src\modules\juce_graphics\fonts\harfbuzz\OT\Color\COLR\COLR.hh(2188,59): warning C4242:         with [C:\zenith\daw\build_nosk\ZenithDAW.vcxproj]
C:\zenith\daw\build_nosk\_deps\juce-src\modules\juce_graphics\fonts\harfbuzz\OT\Color\COLR\COLR.hh(2188,59): warning C4242:         [ [C:\zenith\daw\build_nosk\ZenithDAW.vcxproj]
C:\zenith\daw\build_nosk\_deps\juce-src\modules\juce_graphics\fonts\harfbuzz\OT\Color\COLR\COLR.hh(2188,59): warning C4242:             V=hb_codepoint_t [C:\zenith\daw\build_nosk\ZenithDAW.vcxproj]
C:\zenith\daw\build_nosk\_deps\juce-src\modules\juce_graphics\fonts\harfbuzz\OT\Color\COLR\COLR.hh(2188,59): warning C4242:         ] [C:\zenith\daw\build_nosk\ZenithDAW.vcxproj]
  (compiling source file '_deps/juce-src/modules/juce_graphics/juce_graphics_Harfbuzz.cpp')
  
C:\zenith\daw\build_nosk\_deps\juce-src\modules\juce_graphics\fonts\harfbuzz\hb-ot-maxp-table.hh(80,17): warning C4242: 'argument': conversion from 'unsigned int' to 'Type', possible loss of data [C:\zenith\daw\build_nosk\ZenithDAW.vcxproj]
C:\zenith\daw\build_nosk\_deps\juce-src\modules\juce_graphics\fonts\harfbuzz\hb-ot-maxp-table.hh(80,17): warning C4242:         with [C:\zenith\daw\build_nosk\ZenithDAW.vcxproj]
C:\zenith\daw\build_nosk\_deps\juce-src\modules\juce_graphics\fonts\harfbuzz\hb-ot-maxp-table.hh(80,17): warning C4242:         [ [C:\zenith\daw\build_nosk\ZenithDAW.vcxproj]
C:\zenith\daw\build_nosk\_deps\juce-src\modules\juce_graphics\fonts\harfbuzz\hb-ot-maxp-table.hh(80,17): warning C4242:             Type=uint16_t [C:\zenith\daw\build_nosk\ZenithDAW.vcxproj]
C:\zenith\daw\build_nosk\_deps\juce-src\modules\juce_graphics\fonts\harfbuzz\hb-ot-maxp-table.hh(80,17): warning C4242:         ] [C:\zenith\daw\build_nosk\ZenithDAW.vcxproj]
  (compiling source file '_deps/juce-src/modules/juce_graphics/juce_graphics_Harfbuzz.cpp')
  
C:\zenith\daw\build_nosk\_deps\juce-src\modules\juce_graphics\fonts\harfbuzz\hb-ot-maxp-table.hh(103,36): warning C4242: 'argument': conversion from 'T' to 'Type', possible loss of data [C:\zenith\daw\build_nosk\ZenithDAW.vcxproj]
C:\zenith\daw\build_nosk\_deps\juce-src\modules\juce_graphics\fonts\harfbuzz\hb-ot-maxp-table.hh(103,36): warning C4242:         with [C:\zenith\daw\build_nosk\ZenithDAW.vcxproj]
C:\zenith\daw\build_nosk\_deps\juce-src\modules\juce_graphics\fonts\harfbuzz\hb-ot-maxp-table.hh(103,36): warning C4242:         [ [C:\zenith\daw\build_nosk\ZenithDAW.vcxproj]
C:\zenith\daw\build_nosk\_deps\juce-src\modules\juce_graphics\fonts\harfbuzz\hb-ot-maxp-table.hh(103,36): warning C4242:             T=unsigned int [C:\zenith\daw\build_nosk\ZenithDAW.vcxproj]
C:\zenith\daw\build_nosk\_deps\juce-src\modules\juce_graphics\fonts\harfbuzz\hb-ot-maxp-table.hh(103,36): warning C4242:         ] [C:\zenith\daw\build_nosk\ZenithDAW.vcxproj]
C:\zenith\daw\build_nosk\_deps\juce-src\modules\juce_graphics\fonts\harfbuzz\hb-ot-maxp-table.hh(103,36): warning C4242:         and [C:\zenith\daw\build_nosk\ZenithDAW.vcxproj]
C:\zenith\daw\build_nosk\_deps\juce-src\modules\juce_graphics\fonts\harfbuzz\hb-ot-maxp-table.hh(103,36): warning C4242:         [ [C:\zenith\daw\build_nosk\ZenithDAW.vcxproj]
C:\zenith\daw\build_nosk\_deps\juce-src\modules\juce_graphics\fonts\harfbuzz\hb-ot-maxp-table.hh(103,36): warning C4242:             Type=uint16_t [C:\zenith\daw\build_nosk\ZenithDAW.vcxproj]
C:\zenith\daw\build_nosk\_deps\juce-src\modules\juce_graphics\fonts\harfbuzz\hb-ot-maxp-table.hh(103,36): warning C4242:         ] [C:\zenith\daw\build_nosk\ZenithDAW.vcxproj]
  (compiling source file '_deps/juce-src/modules/juce_graphics/juce_graphics_Harfbuzz.cpp')
  
C:\zenith\daw\build_nosk\_deps\juce-src\modules\juce_graphics\fonts\harfbuzz\hb-ot-maxp-table.hh(123,35): warning C4242: 'argument': conversion from 'unsigned int' to 'Type', possible loss of data [C:\zenith\daw\build_nosk\ZenithDAW.vcxproj]
C:\zenith\daw\build_nosk\_deps\juce-src\modules\juce_graphics\fonts\harfbuzz\hb-ot-maxp-table.hh(123,35): warning C4242:         with [C:\zenith\daw\build_nosk\ZenithDAW.vcxproj]
C:\zenith\daw\build_nosk\_deps\juce-src\modules\juce_graphics\fonts\harfbuzz\hb-ot-maxp-table.hh(123,35): warning C4242:         [ [C:\zenith\daw\build_nosk\ZenithDAW.vcxproj]
C:\zenith\daw\build_nosk\_deps\juce-src\modules\juce_graphics\fonts\harfbuzz\hb-ot-maxp-table.hh(123,35): warning C4242:             Type=uint16_t [C:\zenith\daw\build_nosk\ZenithDAW.vcxproj]
C:\zenith\daw\build_nosk\_deps\juce-src\modules\juce_graphics\fonts\harfbuzz\hb-ot-maxp-table.hh(123,35): warning C4242:         ] [C:\zenith\daw\build_nosk\ZenithDAW.vcxproj]
  (compiling source file '_deps/juce-src/modules/juce_graphics/juce_graphics_Harfbuzz.cpp')
  
C:\zenith\daw\build_nosk\_deps\juce-src\modules\juce_graphics\fonts\harfbuzz\hb-ot-maxp-table.hh(124,37): warning C4242: 'argument': conversion from 'unsigned int' to 'Type', possible loss of data [C:\zenith\daw\build_nosk\ZenithDAW.vcxproj]
C:\zenith\daw\build_nosk\_deps\juce-src\modules\juce_graphics\fonts\harfbuzz\hb-ot-maxp-table.hh(124,37): warning C4242:         with [C:\zenith\daw\build_nosk\ZenithDAW.vcxproj]
C:\zenith\daw\build_nosk\_deps\juce-src\modules\juce_graphics\fonts\harfbuzz\hb-ot-maxp-table.hh(124,37): warning C4242:         [ [C:\zenith\daw\build_nosk\ZenithDAW.vcxproj]
C:\zenith\daw\build_nosk\_deps\juce-src\modules\juce_graphics\fonts\harfbuzz\hb-ot-maxp-table.hh(124,37): warning C4242:             Type=uint16_t [C:\zenith\daw\build_nosk\ZenithDAW.vcxproj]
C:\zenith\daw\build_nosk\_deps\juce-src\modules\juce_graphics\fonts\harfbuzz\hb-ot-maxp-table.hh(124,37): warning C4242:         ] [C:\zenith\daw\build_nosk\ZenithDAW.vcxproj]
  (compiling source file '_deps/juce-src/modules/juce_graphics/juce_graphics_Harfbuzz.cpp')
  
C:\zenith\daw\build_nosk\_deps\juce-src\modules\juce_graphics\fonts\harfbuzz\hb-ot-maxp-table.hh(125,44): warning C4242: 'argument': conversion from 'unsigned int' to 'Type', possible loss of data [C:\zenith\daw\build_nosk\ZenithDAW.vcxproj]
C:\zenith\daw\build_nosk\_deps\juce-src\modules\juce_graphics\fonts\harfbuzz\hb-ot-maxp-table.hh(125,44): warning C4242:         with [C:\zenith\daw\build_nosk\ZenithDAW.vcxproj]
C:\zenith\daw\build_nosk\_deps\juce-src\modules\juce_graphics\fonts\harfbuzz\hb-ot-maxp-table.hh(125,44): warning C4242:         [ [C:\zenith\daw\build_nosk\ZenithDAW.vcxproj]
C:\zenith\daw\build_nosk\_deps\juce-src\modules\juce_graphics\fonts\harfbuzz\hb-ot-maxp-table.hh(125,44): warning C4242:             Type=uint16_t [C:\zenith\daw\build_nosk\ZenithDAW.vcxproj]
C:\zenith\daw\build_nosk\_deps\juce-src\modules\juce_graphics\fonts\harfbuzz\hb-ot-maxp-table.hh(125,44): warning C4242:         ] [C:\zenith\daw\build_nosk\ZenithDAW.vcxproj]
  (compiling source file '_deps/juce-src/modules/juce_graphics/juce_graphics_Harfbuzz.cpp')
  
C:\zenith\daw\build_nosk\_deps\juce-src\modules\juce_graphics\fonts\harfbuzz\hb-ot-maxp-table.hh(126,46): warning C4242: 'argument': conversion from 'unsigned int' to 'Type', possible loss of data [C:\zenith\daw\build_nosk\ZenithDAW.vcxproj]
C:\zenith\daw\build_nosk\_deps\juce-src\modules\juce_graphics\fonts\harfbuzz\hb-ot-maxp-table.hh(126,46): warning C4242:         with [C:\zenith\daw\build_nosk\ZenithDAW.vcxproj]
C:\zenith\daw\build_nosk\_deps\juce-src\modules\juce_graphics\fonts\harfbuzz\hb-ot-maxp-table.hh(126,46): warning C4242:         [ [C:\zenith\daw\build_nosk\ZenithDAW.vcxproj]
C:\zenith\daw\build_nosk\_deps\juce-src\modules\juce_graphics\fonts\harfbuzz\hb-ot-maxp-table.hh(126,46): warning C4242:             Type=uint16_t [C:\zenith\daw\build_nosk\ZenithDAW.vcxproj]
C:\zenith\daw\build_nosk\_deps\juce-src\modules\juce_graphics\fonts\harfbuzz\hb-ot-maxp-table.hh(126,46): warning C4242:         ] [C:\zenith\daw\build_nosk\ZenithDAW.vcxproj]
  (compiling source file '_deps/juce-src/modules/juce_graphics/juce_graphics_Harfbuzz.cpp')
  
C:\zenith\daw\build_nosk\_deps\juce-src\modules\juce_graphics\fonts\harfbuzz\hb-ot-maxp-table.hh(127,46): warning C4242: 'argument': conversion from 'unsigned int' to 'Type', possible loss of data [C:\zenith\daw\build_nosk\ZenithDAW.vcxproj]
C:\zenith\daw\build_nosk\_deps\juce-src\modules\juce_graphics\fonts\harfbuzz\hb-ot-maxp-table.hh(127,46): warning C4242:         with [C:\zenith\daw\build_nosk\ZenithDAW.vcxproj]
C:\zenith\daw\build_nosk\_deps\juce-src\modules\juce_graphics\fonts\harfbuzz\hb-ot-maxp-table.hh(127,46): warning C4242:         [ [C:\zenith\daw\build_nosk\ZenithDAW.vcxproj]
C:\zenith\daw\build_nosk\_deps\juce-src\modules\juce_graphics\fonts\harfbuzz\hb-ot-maxp-table.hh(127,46): warning C4242:             Type=uint16_t [C:\zenith\daw\build_nosk\ZenithDAW.vcxproj]
C:\zenith\daw\build_nosk\_deps\juce-src\modules\juce_graphics\fonts\harfbuzz\hb-ot-maxp-table.hh(127,46): warning C4242:         ] [C:\zenith\daw\build_nosk\ZenithDAW.vcxproj]
  (compiling source file '_deps/juce-src/modules/juce_graphics/juce_graphics_Harfbuzz.cpp')
  
C:\zenith\daw\build_nosk\_deps\juce-src\modules\juce_graphics\fonts\harfbuzz\hb-ot-maxp-table.hh(128,43): warning C4242: 'argument': conversion from 'unsigned int' to 'Type', possible loss of data [C:\zenith\daw\build_nosk\ZenithDAW.vcxproj]
C:\zenith\daw\build_nosk\_deps\juce-src\modules\juce_graphics\fonts\harfbuzz\hb-ot-maxp-table.hh(128,43): warning C4242:         with [C:\zenith\daw\build_nosk\ZenithDAW.vcxproj]
C:\zenith\daw\build_nosk\_deps\juce-src\modules\juce_graphics\fonts\harfbuzz\hb-ot-maxp-table.hh(128,43): warning C4242:         [ [C:\zenith\daw\build_nosk\ZenithDAW.vcxproj]
C:\zenith\daw\build_nosk\_deps\juce-src\modules\juce_graphics\fonts\harfbuzz\hb-ot-maxp-table.hh(128,43): warning C4242:             Type=uint16_t [C:\zenith\daw\build_nosk\ZenithDAW.vcxproj]
C:\zenith\daw\build_nosk\_deps\juce-src\modules\juce_graphics\fonts\harfbuzz\hb-ot-maxp-table.hh(128,43): warning C4242:         ] [C:\zenith\daw\build_nosk\ZenithDAW.vcxproj]
  (compiling source file '_deps/juce-src/modules/juce_graphics/juce_graphics_Harfbuzz.cpp')
  
C:\zenith\daw\build_nosk\_deps\juce-src\modules\juce_graphics\fonts\harfbuzz\hb-ot-var-gvar-table.hh(419,31): warning C4242: 'argument': conversion from 'T' to 'Type', possible loss of data [C:\zenith\daw\build_nosk\ZenithDAW.vcxproj]
C:\zenith\daw\build_nosk\_deps\juce-src\modules\juce_graphics\fonts\harfbuzz\hb-ot-var-gvar-table.hh(419,31): warning C4242:         with [C:\zenith\daw\build_nosk\ZenithDAW.vcxproj]
C:\zenith\daw\build_nosk\_deps\juce-src\modules\juce_graphics\fonts\harfbuzz\hb-ot-var-gvar-table.hh(419,31): warning C4242:         [ [C:\zenith\daw\build_nosk\ZenithDAW.vcxproj]
C:\zenith\daw\build_nosk\_deps\juce-src\modules\juce_graphics\fonts\harfbuzz\hb-ot-var-gvar-table.hh(419,31): warning C4242:             T=unsigned int [C:\zenith\daw\build_nosk\ZenithDAW.vcxproj]
C:\zenith\daw\build_nosk\_deps\juce-src\modules\juce_graphics\fonts\harfbuzz\hb-ot-var-gvar-table.hh(419,31): warning C4242:         ] [C:\zenith\daw\build_nosk\ZenithDAW.vcxproj]
C:\zenith\daw\build_nosk\_deps\juce-src\modules\juce_graphics\fonts\harfbuzz\hb-ot-var-gvar-table.hh(419,31): warning C4242:         and [C:\zenith\daw\build_nosk\ZenithDAW.vcxproj]
C:\zenith\daw\build_nosk\_deps\juce-src\modules\juce_graphics\fonts\harfbuzz\hb-ot-var-gvar-table.hh(419,31): warning C4242:         [ [C:\zenith\daw\build_nosk\ZenithDAW.vcxproj]
C:\zenith\daw\build_nosk\_deps\juce-src\modules\juce_graphics\fonts\harfbuzz\hb-ot-var-gvar-table.hh(419,31): warning C4242:             Type=uint16_t [C:\zenith\daw\build_nosk\ZenithDAW.vcxproj]
C:\zenith\daw\build_nosk\_deps\juce-src\modules\juce_graphics\fonts\harfbuzz\hb-ot-var-gvar-table.hh(419,31): warning C4242:         ] [C:\zenith\daw\build_nosk\ZenithDAW.vcxproj]
  (compiling source file '_deps/juce-src/modules/juce_graphics/juce_graphics_Harfbuzz.cpp')
  
C:\zenith\daw\build_nosk\_deps\juce-src\modules\juce_graphics\fonts\harfbuzz\OT\glyf\loca.hh(34,3): warning C4296: '>=': expression is always true [C:\zenith\daw\build_nosk\ZenithDAW.vcxproj]
  (compiling source file '_deps/juce-src/modules/juce_graphics/juce_graphics_Harfbuzz.cpp')
  
C:\zenith\daw\build_nosk\_deps\juce-src\modules\juce_graphics\fonts\harfbuzz\OT\glyf\glyf-helpers.hh(69,44): warning C4242: 'argument': conversion from 'int' to 'Type', possible loss of data [C:\zenith\daw\build_nosk\ZenithDAW.vcxproj]
C:\zenith\daw\build_nosk\_deps\juce-src\modules\juce_graphics\fonts\harfbuzz\OT\glyf\glyf-helpers.hh(69,44): warning C4242:         with [C:\zenith\daw\build_nosk\ZenithDAW.vcxproj]
C:\zenith\daw\build_nosk\_deps\juce-src\modules\juce_graphics\fonts\harfbuzz\OT\glyf\glyf-helpers.hh(69,44): warning C4242:         [ [C:\zenith\daw\build_nosk\ZenithDAW.vcxproj]
C:\zenith\daw\build_nosk\_deps\juce-src\modules\juce_graphics\fonts\harfbuzz\OT\glyf\glyf-helpers.hh(69,44): warning C4242:             Type=int16_t [C:\zenith\daw\build_nosk\ZenithDAW.vcxproj]
C:\zenith\daw\build_nosk\_deps\juce-src\modules\juce_graphics\fonts\harfbuzz\OT\glyf\glyf-helpers.hh(69,44): warning C4242:         ] [C:\zenith\daw\build_nosk\ZenithDAW.vcxproj]
  (compiling source file '_deps/juce-src/modules/juce_graphics/juce_graphics_Harfbuzz.cpp')
  
C:\zenith\daw\build_nosk\_deps\juce-src\modules\juce_graphics\fonts\harfbuzz\OT\glyf\glyf-helpers.hh(70,44): warning C4242: 'argument': conversion from 'int' to 'Type', possible loss of data [C:\zenith\daw\build_nosk\ZenithDAW.vcxproj]
C:\zenith\daw\build_nosk\_deps\juce-src\modules\juce_graphics\fonts\harfbuzz\OT\glyf\glyf-helpers.hh(70,44): warning C4242:         with [C:\zenith\daw\build_nosk\ZenithDAW.vcxproj]
C:\zenith\daw\build_nosk\_deps\juce-src\modules\juce_graphics\fonts\harfbuzz\OT\glyf\glyf-helpers.hh(70,44): warning C4242:         [ [C:\zenith\daw\build_nosk\ZenithDAW.vcxproj]
C:\zenith\daw\build_nosk\_deps\juce-src\modules\juce_graphics\fonts\harfbuzz\OT\glyf\glyf-helpers.hh(70,44): warning C4242:             Type=int16_t [C:\zenith\daw\build_nosk\ZenithDAW.vcxproj]
C:\zenith\daw\build_nosk\_deps\juce-src\modules\juce_graphics\fonts\harfbuzz\OT\glyf\glyf-helpers.hh(70,44): warning C4242:         ] [C:\zenith\daw\build_nosk\ZenithDAW.vcxproj]
  (compiling source file '_deps/juce-src/modules/juce_graphics/juce_graphics_Harfbuzz.cpp')
  
C:\zenith\daw\build_nosk\_deps\juce-src\modules\juce_graphics\fonts\harfbuzz\OT\glyf\glyf-helpers.hh(71,44): warning C4242: 'argument': conversion from 'int' to 'Type', possible loss of data [C:\zenith\daw\build_nosk\ZenithDAW.vcxproj]
C:\zenith\daw\build_nosk\_deps\juce-src\modules\juce_graphics\fonts\harfbuzz\OT\glyf\glyf-helpers.hh(71,44): warning C4242:         with [C:\zenith\daw\build_nosk\ZenithDAW.vcxproj]
C:\zenith\daw\build_nosk\_deps\juce-src\modules\juce_graphics\fonts\harfbuzz\OT\glyf\glyf-helpers.hh(71,44): warning C4242:         [ [C:\zenith\daw\build_nosk\ZenithDAW.vcxproj]
C:\zenith\daw\build_nosk\_deps\juce-src\modules\juce_graphics\fonts\harfbuzz\OT\glyf\glyf-helpers.hh(71,44): warning C4242:             Type=int16_t [C:\zenith\daw\build_nosk\ZenithDAW.vcxproj]
C:\zenith\daw\build_nosk\_deps\juce-src\modules\juce_graphics\fonts\harfbuzz\OT\glyf\glyf-helpers.hh(71,44): warning C4242:         ] [C:\zenith\daw\build_nosk\ZenithDAW.vcxproj]
  (compiling source file '_deps/juce-src/modules/juce_graphics/juce_graphics_Harfbuzz.cpp')
  
C:\zenith\daw\build_nosk\_deps\juce-src\modules\juce_graphics\fonts\harfbuzz\OT\glyf\glyf-helpers.hh(72,44): warning C4242: 'argument': conversion from 'int' to 'Type', possible loss of data [C:\zenith\daw\build_nosk\ZenithDAW.vcxproj]
C:\zenith\daw\build_nosk\_deps\juce-src\modules\juce_graphics\fonts\harfbuzz\OT\glyf\glyf-helpers.hh(72,44): warning C4242:         with [C:\zenith\daw\build_nosk\ZenithDAW.vcxproj]
C:\zenith\daw\build_nosk\_deps\juce-src\modules\juce_graphics\fonts\harfbuzz\OT\glyf\glyf-helpers.hh(72,44): warning C4242:         [ [C:\zenith\daw\build_nosk\ZenithDAW.vcxproj]
C:\zenith\daw\build_nosk\_deps\juce-src\modules\juce_graphics\fonts\harfbuzz\OT\glyf\glyf-helpers.hh(72,44): warning C4242:             Type=int16_t [C:\zenith\daw\build_nosk\ZenithDAW.vcxproj]
C:\zenith\daw\build_nosk\_deps\juce-src\modules\juce_graphics\fonts\harfbuzz\OT\glyf\glyf-helpers.hh(72,44): warning C4242:         ] [C:\zenith\daw\build_nosk\ZenithDAW.vcxproj]
  (compiling source file '_deps/juce-src/modules/juce_graphics/juce_graphics_Harfbuzz.cpp')
  
C:\zenith\daw\build_nosk\_deps\juce-src\modules\juce_graphics\fonts\harfbuzz\OT\glyf\glyf-helpers.hh(79,25): warning C4242: 'argument': conversion from 'unsigned int' to 'Type', possible loss of data [C:\zenith\daw\build_nosk\ZenithDAW.vcxproj]
C:\zenith\daw\build_nosk\_deps\juce-src\modules\juce_graphics\fonts\harfbuzz\OT\glyf\glyf-helpers.hh(79,25): warning C4242:         with [C:\zenith\daw\build_nosk\ZenithDAW.vcxproj]
C:\zenith\daw\build_nosk\_deps\juce-src\modules\juce_graphics\fonts\harfbuzz\OT\glyf\glyf-helpers.hh(79,25): warning C4242:         [ [C:\zenith\daw\build_nosk\ZenithDAW.vcxproj]
C:\zenith\daw\build_nosk\_deps\juce-src\modules\juce_graphics\fonts\harfbuzz\OT\glyf\glyf-helpers.hh(79,25): warning C4242:             Type=uint16_t [C:\zenith\daw\build_nosk\ZenithDAW.vcxproj]
C:\zenith\daw\build_nosk\_deps\juce-src\modules\juce_graphics\fonts\harfbuzz\OT\glyf\glyf-helpers.hh(79,25): warning C4242:         ] [C:\zenith\daw\build_nosk\ZenithDAW.vcxproj]
  (compiling source file '_deps/juce-src/modules/juce_graphics/juce_graphics_Harfbuzz.cpp')
  
C:\zenith\daw\build_nosk\_deps\juce-src\modules\juce_graphics\fonts\harfbuzz\OT\glyf\SimpleGlyph.hh(134,20): warning C4242: 'initializing': conversion from 'unsigned int' to 'uint8_t', possible loss of data [C:\zenith\daw\build_nosk\ZenithDAW.vcxproj]
  (compiling source file '_deps/juce-src/modules/juce_graphics/juce_graphics_Harfbuzz.cpp')
  
C:\zenith\daw\build_nosk\_deps\juce-src\modules\juce_graphics\fonts\harfbuzz\OT\glyf\SimpleGlyph.hh(239,19): warning C4242: 'initializing': conversion from 'int' to 'int16_t', possible loss of data [C:\zenith\daw\build_nosk\ZenithDAW.vcxproj]
  (compiling source file '_deps/juce-src/modules/juce_graphics/juce_graphics_Harfbuzz.cpp')
  
C:\zenith\daw\build_nosk\_deps\juce-src\modules\juce_graphics\fonts\harfbuzz\OT\glyf\SimpleGlyph.hh(256,40): warning C4242: '=': conversion from 'unsigned int' to 'Type', possible loss of data [C:\zenith\daw\build_nosk\ZenithDAW.vcxproj]
C:\zenith\daw\build_nosk\_deps\juce-src\modules\juce_graphics\fonts\harfbuzz\OT\glyf\SimpleGlyph.hh(256,40): warning C4242:         with [C:\zenith\daw\build_nosk\ZenithDAW.vcxproj]
C:\zenith\daw\build_nosk\_deps\juce-src\modules\juce_graphics\fonts\harfbuzz\OT\glyf\SimpleGlyph.hh(256,40): warning C4242:         [ [C:\zenith\daw\build_nosk\ZenithDAW.vcxproj]
C:\zenith\daw\build_nosk\_deps\juce-src\modules\juce_graphics\fonts\harfbuzz\OT\glyf\SimpleGlyph.hh(256,40): warning C4242:             Type=uint8_t [C:\zenith\daw\build_nosk\ZenithDAW.vcxproj]
C:\zenith\daw\build_nosk\_deps\juce-src\modules\juce_graphics\fonts\harfbuzz\OT\glyf\SimpleGlyph.hh(256,40): warning C4242:         ] [C:\zenith\daw\build_nosk\ZenithDAW.vcxproj]
  (compiling source file '_deps/juce-src/modules/juce_graphics/juce_graphics_Harfbuzz.cpp')
  
C:\zenith\daw\build_nosk\_deps\juce-src\modules\juce_graphics\fonts\harfbuzz\OT\glyf\SimpleGlyph.hh(262,31): warning C4242: '=': conversion from 'unsigned int' to 'Type', possible loss of data [C:\zenith\daw\build_nosk\ZenithDAW.vcxproj]
C:\zenith\daw\build_nosk\_deps\juce-src\modules\juce_graphics\fonts\harfbuzz\OT\glyf\SimpleGlyph.hh(262,31): warning C4242:         with [C:\zenith\daw\build_nosk\ZenithDAW.vcxproj]
C:\zenith\daw\build_nosk\_deps\juce-src\modules\juce_graphics\fonts\harfbuzz\OT\glyf\SimpleGlyph.hh(262,31): warning C4242:         [ [C:\zenith\daw\build_nosk\ZenithDAW.vcxproj]
C:\zenith\daw\build_nosk\_deps\juce-src\modules\juce_graphics\fonts\harfbuzz\OT\glyf\SimpleGlyph.hh(262,31): warning C4242:             Type=uint8_t [C:\zenith\daw\build_nosk\ZenithDAW.vcxproj]
C:\zenith\daw\build_nosk\_deps\juce-src\modules\juce_graphics\fonts\harfbuzz\OT\glyf\SimpleGlyph.hh(262,31): warning C4242:         ] [C:\zenith\daw\build_nosk\ZenithDAW.vcxproj]
  (compiling source file '_deps/juce-src/modules/juce_graphics/juce_graphics_Harfbuzz.cpp')
  
C:\zenith\daw\build_nosk\_deps\juce-src\modules\juce_graphics\fonts\harfbuzz\OT\glyf\SimpleGlyph.hh(268,38): warning C4242: '=': conversion from 'unsigned int' to 'Type', possible loss of data [C:\zenith\daw\build_nosk\ZenithDAW.vcxproj]
C:\zenith\daw\build_nosk\_deps\juce-src\modules\juce_graphics\fonts\harfbuzz\OT\glyf\SimpleGlyph.hh(268,38): warning C4242:         with [C:\zenith\daw\build_nosk\ZenithDAW.vcxproj]
C:\zenith\daw\build_nosk\_deps\juce-src\modules\juce_graphics\fonts\harfbuzz\OT\glyf\SimpleGlyph.hh(268,38): warning C4242:         [ [C:\zenith\daw\build_nosk\ZenithDAW.vcxproj]
C:\zenith\daw\build_nosk\_deps\juce-src\modules\juce_graphics\fonts\harfbuzz\OT\glyf\SimpleGlyph.hh(268,38): warning C4242:             Type=uint8_t [C:\zenith\daw\build_nosk\ZenithDAW.vcxproj]
C:\zenith\daw\build_nosk\_deps\juce-src\modules\juce_graphics\fonts\harfbuzz\OT\glyf\SimpleGlyph.hh(268,38): warning C4242:         ] [C:\zenith\daw\build_nosk\ZenithDAW.vcxproj]
  (compiling source file '_deps/juce-src/modules/juce_graphics/juce_graphics_Harfbuzz.cpp')
  
C:\zenith\daw\build_nosk\_deps\juce-src\modules\juce_graphics\fonts\harfbuzz\OT\glyf\CompositeGlyph.hh(182,16): warning C4242: 'argument': conversion from 'int' to 'Type', possible loss of data [C:\zenith\daw\build_nosk\ZenithDAW.vcxproj]
C:\zenith\daw\build_nosk\_deps\juce-src\modules\juce_graphics\fonts\harfbuzz\OT\glyf\CompositeGlyph.hh(182,16): warning C4242:         with [C:\zenith\daw\build_nosk\ZenithDAW.vcxproj]
C:\zenith\daw\build_nosk\_deps\juce-src\modules\juce_graphics\fonts\harfbuzz\OT\glyf\CompositeGlyph.hh(182,16): warning C4242:         [ [C:\zenith\daw\build_nosk\ZenithDAW.vcxproj]
C:\zenith\daw\build_nosk\_deps\juce-src\modules\juce_graphics\fonts\harfbuzz\OT\glyf\CompositeGlyph.hh(182,16): warning C4242:             Type=int8_t [C:\zenith\daw\build_nosk\ZenithDAW.vcxproj]
C:\zenith\daw\build_nosk\_deps\juce-src\modules\juce_graphics\fonts\harfbuzz\OT\glyf\CompositeGlyph.hh(182,16): warning C4242:         ] [C:\zenith\daw\build_nosk\ZenithDAW.vcxproj]
  (compiling source file '_deps/juce-src/modules/juce_graphics/juce_graphics_Harfbuzz.cpp')
  
C:\zenith\daw\build_nosk\_deps\juce-src\modules\juce_graphics\fonts\harfbuzz\OT\glyf\CompositeGlyph.hh(183,16): warning C4242: 'argument': conversion from 'int' to 'Type', possible loss of data [C:\zenith\daw\build_nosk\ZenithDAW.vcxproj]
C:\zenith\daw\build_nosk\_deps\juce-src\modules\juce_graphics\fonts\harfbuzz\OT\glyf\CompositeGlyph.hh(183,16): warning C4242:         with [C:\zenith\daw\build_nosk\ZenithDAW.vcxproj]
C:\zenith\daw\build_nosk\_deps\juce-src\modules\juce_graphics\fonts\harfbuzz\OT\glyf\CompositeGlyph.hh(183,16): warning C4242:         [ [C:\zenith\daw\build_nosk\ZenithDAW.vcxproj]
C:\zenith\daw\build_nosk\_deps\juce-src\modules\juce_graphics\fonts\harfbuzz\OT\glyf\CompositeGlyph.hh(183,16): warning C4242:             Type=int8_t [C:\zenith\daw\build_nosk\ZenithDAW.vcxproj]
C:\zenith\daw\build_nosk\_deps\juce-src\modules\juce_graphics\fonts\harfbuzz\OT\glyf\CompositeGlyph.hh(183,16): warning C4242:         ] [C:\zenith\daw\build_nosk\ZenithDAW.vcxproj]
  (compiling source file '_deps/juce-src/modules/juce_graphics/juce_graphics_Harfbuzz.cpp')
  
C:\zenith\daw\build_nosk\_deps\juce-src\modules\juce_graphics\fonts\harfbuzz\OT\glyf\CompositeGlyph.hh(196,21): warning C4242: 'argument': conversion from 'int' to 'Type', possible loss of data [C:\zenith\daw\build_nosk\ZenithDAW.vcxproj]
C:\zenith\daw\build_nosk\_deps\juce-src\modules\juce_graphics\fonts\harfbuzz\OT\glyf\CompositeGlyph.hh(196,21): warning C4242:         with [C:\zenith\daw\build_nosk\ZenithDAW.vcxproj]
C:\zenith\daw\build_nosk\_deps\juce-src\modules\juce_graphics\fonts\harfbuzz\OT\glyf\CompositeGlyph.hh(196,21): warning C4242:         [ [C:\zenith\daw\build_nosk\ZenithDAW.vcxproj]
C:\zenith\daw\build_nosk\_deps\juce-src\modules\juce_graphics\fonts\harfbuzz\OT\glyf\CompositeGlyph.hh(196,21): warning C4242:             Type=int16_t [C:\zenith\daw\build_nosk\ZenithDAW.vcxproj]
C:\zenith\daw\build_nosk\_deps\juce-src\modules\juce_graphics\fonts\harfbuzz\OT\glyf\CompositeGlyph.hh(196,21): warning C4242:         ] [C:\zenith\daw\build_nosk\ZenithDAW.vcxproj]
  (compiling source file '_deps/juce-src/modules/juce_graphics/juce_graphics_Harfbuzz.cpp')
  
C:\zenith\daw\build_nosk\_deps\juce-src\modules\juce_graphics\fonts\harfbuzz\OT\glyf\CompositeGlyph.hh(200,21): warning C4242: 'argument': conversion from 'int' to 'Type', possible loss of data [C:\zenith\daw\build_nosk\ZenithDAW.vcxproj]
C:\zenith\daw\build_nosk\_deps\juce-src\modules\juce_graphics\fonts\harfbuzz\OT\glyf\CompositeGlyph.hh(200,21): warning C4242:         with [C:\zenith\daw\build_nosk\ZenithDAW.vcxproj]
C:\zenith\daw\build_nosk\_deps\juce-src\modules\juce_graphics\fonts\harfbuzz\OT\glyf\CompositeGlyph.hh(200,21): warning C4242:         [ [C:\zenith\daw\build_nosk\ZenithDAW.vcxproj]
C:\zenith\daw\build_nosk\_deps\juce-src\modules\juce_graphics\fonts\harfbuzz\OT\glyf\CompositeGlyph.hh(200,21): warning C4242:             Type=int16_t [C:\zenith\daw\build_nosk\ZenithDAW.vcxproj]
C:\zenith\daw\build_nosk\_deps\juce-src\modules\juce_graphics\fonts\harfbuzz\OT\glyf\CompositeGlyph.hh(200,21): warning C4242:         ] [C:\zenith\daw\build_nosk\ZenithDAW.vcxproj]
  (compiling source file '_deps/juce-src/modules/juce_graphics/juce_graphics_Harfbuzz.cpp')
  
C:\zenith\daw\build_nosk\_deps\juce-src\modules\juce_graphics\fonts\harfbuzz\OT\glyf\CompositeGlyph.hh(287,42): warning C4242: 'argument': conversion from 'hb_codepoint_t' to 'uint16_t', possible loss of data [C:\zenith\daw\build_nosk\ZenithDAW.vcxproj]
  (compiling source file '_deps/juce-src/modules/juce_graphics/juce_graphics_Harfbuzz.cpp')
  
C:\zenith\daw\build_nosk\_deps\juce-src\modules\juce_graphics\fonts\harfbuzz\OT\glyf\VarCompositeGlyph.hh(76,32): warning C4242: 'argument': conversion from 'hb_codepoint_t' to 'uint16_t', possible loss of data [C:\zenith\daw\build_nosk\ZenithDAW.vcxproj]
  (compiling source file '_deps/juce-src/modules/juce_graphics/juce_graphics_Harfbuzz.cpp')
  
C:\zenith\daw\build_nosk\_deps\juce-src\modules\juce_graphics\fonts\harfbuzz\OT\glyf\Glyph.hh(256,26): warning C4242: 'argument': conversion from 'int' to 'Type', possible loss of data [C:\zenith\daw\build_nosk\ZenithDAW.vcxproj]
C:\zenith\daw\build_nosk\_deps\juce-src\modules\juce_graphics\fonts\harfbuzz\OT\glyf\Glyph.hh(256,26): warning C4242:         with [C:\zenith\daw\build_nosk\ZenithDAW.vcxproj]
C:\zenith\daw\build_nosk\_deps\juce-src\modules\juce_graphics\fonts\harfbuzz\OT\glyf\Glyph.hh(256,26): warning C4242:         [ [C:\zenith\daw\build_nosk\ZenithDAW.vcxproj]
C:\zenith\daw\build_nosk\_deps\juce-src\modules\juce_graphics\fonts\harfbuzz\OT\glyf\Glyph.hh(256,26): warning C4242:             Type=int16_t [C:\zenith\daw\build_nosk\ZenithDAW.vcxproj]
C:\zenith\daw\build_nosk\_deps\juce-src\modules\juce_graphics\fonts\harfbuzz\OT\glyf\Glyph.hh(256,26): warning C4242:         ] [C:\zenith\daw\build_nosk\ZenithDAW.vcxproj]
  (compiling source file '_deps/juce-src/modules/juce_graphics/juce_graphics_Harfbuzz.cpp')
  
C:\zenith\daw\build_nosk\_deps\juce-src\modules\juce_graphics\fonts\harfbuzz\OT\glyf\Glyph.hh(257,26): warning C4242: 'argument': conversion from 'int' to 'Type', possible loss of data [C:\zenith\daw\build_nosk\ZenithDAW.vcxproj]
C:\zenith\daw\build_nosk\_deps\juce-src\modules\juce_graphics\fonts\harfbuzz\OT\glyf\Glyph.hh(257,26): warning C4242:         with [C:\zenith\daw\build_nosk\ZenithDAW.vcxproj]
C:\zenith\daw\build_nosk\_deps\juce-src\modules\juce_graphics\fonts\harfbuzz\OT\glyf\Glyph.hh(257,26): warning C4242:         [ [C:\zenith\daw\build_nosk\ZenithDAW.vcxproj]
C:\zenith\daw\build_nosk\_deps\juce-src\modules\juce_graphics\fonts\harfbuzz\OT\glyf\Glyph.hh(257,26): warning C4242:             Type=int16_t [C:\zenith\daw\build_nosk\ZenithDAW.vcxproj]
C:\zenith\daw\build_nosk\_deps\juce-src\modules\juce_graphics\fonts\harfbuzz\OT\glyf\Glyph.hh(257,26): warning C4242:         ] [C:\zenith\daw\build_nosk\ZenithDAW.vcxproj]
  (compiling source file '_deps/juce-src/modules/juce_graphics/juce_graphics_Harfbuzz.cpp')
  
C:\zenith\daw\build_nosk\_deps\juce-src\modules\juce_graphics\fonts\harfbuzz\OT\glyf\Glyph.hh(258,26): warning C4242: 'argument': conversion from 'int' to 'Type', possible loss of data [C:\zenith\daw\build_nosk\ZenithDAW.vcxproj]
C:\zenith\daw\build_nosk\_deps\juce-src\modules\juce_graphics\fonts\harfbuzz\OT\glyf\Glyph.hh(258,26): warning C4242:         with [C:\zenith\daw\build_nosk\ZenithDAW.vcxproj]
C:\zenith\daw\build_nosk\_deps\juce-src\modules\juce_graphics\fonts\harfbuzz\OT\glyf\Glyph.hh(258,26): warning C4242:         [ [C:\zenith\daw\build_nosk\ZenithDAW.vcxproj]
C:\zenith\daw\build_nosk\_deps\juce-src\modules\juce_graphics\fonts\harfbuzz\OT\glyf\Glyph.hh(258,26): warning C4242:             Type=int16_t [C:\zenith\daw\build_nosk\ZenithDAW.vcxproj]
C:\zenith\daw\build_nosk\_deps\juce-src\modules\juce_graphics\fonts\harfbuzz\OT\glyf\Glyph.hh(258,26): warning C4242:         ] [C:\zenith\daw\build_nosk\ZenithDAW.vcxproj]
  (compiling source file '_deps/juce-src/modules/juce_graphics/juce_graphics_Harfbuzz.cpp')
  
C:\zenith\daw\build_nosk\_deps\juce-src\modules\juce_graphics\fonts\harfbuzz\OT\glyf\Glyph.hh(259,26): warning C4242: 'argument': conversion from 'int' to 'Type', possible loss of data [C:\zenith\daw\build_nosk\ZenithDAW.vcxproj]
C:\zenith\daw\build_nosk\_deps\juce-src\modules\juce_graphics\fonts\harfbuzz\OT\glyf\Glyph.hh(259,26): warning C4242:         with [C:\zenith\daw\build_nosk\ZenithDAW.vcxproj]
C:\zenith\daw\build_nosk\_deps\juce-src\modules\juce_graphics\fonts\harfbuzz\OT\glyf\Glyph.hh(259,26): warning C4242:         [ [C:\zenith\daw\build_nosk\ZenithDAW.vcxproj]
C:\zenith\daw\build_nosk\_deps\juce-src\modules\juce_graphics\fonts\harfbuzz\OT\glyf\Glyph.hh(259,26): warning C4242:             Type=int16_t [C:\zenith\daw\build_nosk\ZenithDAW.vcxproj]
C:\zenith\daw\build_nosk\_deps\juce-src\modules\juce_graphics\fonts\harfbuzz\OT\glyf\Glyph.hh(259,26): warning C4242:         ] [C:\zenith\daw\build_nosk\ZenithDAW.vcxproj]
  (compiling source file '_deps/juce-src/modules/juce_graphics/juce_graphics_Harfbuzz.cpp')
  
C:\zenith\daw\build_nosk\_deps\juce-src\modules\juce_graphics\fonts\harfbuzz\OT\glyf\glyf.hh(160,3): warning C4296: '>=': expression is always true [C:\zenith\daw\build_nosk\ZenithDAW.vcxproj]
  (compiling source file '_deps/juce-src/modules/juce_graphics/juce_graphics_Harfbuzz.cpp')
  
C:\zenith\daw\build_nosk\_deps\juce-src\modules\juce_graphics\fonts\harfbuzz\hb-directwrite.cc(573,33): warning C4242: '=': conversion from 'hb_codepoint_t' to 'wchar_t', possible loss of data [C:\zenith\daw\build_nosk\ZenithDAW.vcxproj]
  (compiling source file '_deps/juce-src/modules/juce_graphics/juce_graphics_Harfbuzz.cpp')
  
C:\zenith\daw\build_nosk\_deps\juce-src\modules\juce_graphics\fonts\harfbuzz\hb-directwrite.cc(590,33): warning C4242: '=': conversion from 'unsigned int' to 'WORD', possible loss of data [C:\zenith\daw\build_nosk\ZenithDAW.vcxproj]
  (compiling source file '_deps/juce-src/modules/juce_graphics/juce_graphics_Harfbuzz.cpp')
  
C:\zenith\daw\build_nosk\_deps\juce-src\modules\juce_graphics\fonts\harfbuzz\hb-directwrite.cc(592,35): warning C4242: '=': conversion from 'unsigned int' to 'WORD', possible loss of data [C:\zenith\daw\build_nosk\ZenithDAW.vcxproj]
  (compiling source file '_deps/juce-src/modules/juce_graphics/juce_graphics_Harfbuzz.cpp')
  
C:\zenith\daw\build_nosk\_deps\juce-src\modules\juce_graphics\fonts\harfbuzz\hb-ot-var-avar-table.hh(189,33): warning C4242: 'argument': conversion from 'int' to 'short', possible loss of data [C:\zenith\daw\build_nosk\ZenithDAW.vcxproj]
  (compiling source file '_deps/juce-src/modules/juce_graphics/juce_graphics_Harfbuzz.cpp')
  
C:\zenith\daw\build_nosk\_deps\juce-src\modules\juce_graphics\fonts\harfbuzz\hb-ot-var-avar-table.hh(193,33): warning C4242: 'argument': conversion from 'int' to 'short', possible loss of data [C:\zenith\daw\build_nosk\ZenithDAW.vcxproj]
  (compiling source file '_deps/juce-src/modules/juce_graphics/juce_graphics_Harfbuzz.cpp')
  
C:\zenith\daw\build_nosk\_deps\juce-src\modules\juce_graphics\fonts\harfbuzz\hb-ot-var-avar-table.hh(197,33): warning C4242: 'argument': conversion from 'int' to 'short', possible loss of data [C:\zenith\daw\build_nosk\ZenithDAW.vcxproj]
  (compiling source file '_deps/juce-src/modules/juce_graphics/juce_graphics_Harfbuzz.cpp')
  
C:\zenith\daw\build_nosk\_deps\juce-src\modules\juce_graphics\fonts\harfbuzz\hb-ot-cff-common.hh(439,3): warning C4296: '>=': expression is always true [C:\zenith\daw\build_nosk\ZenithDAW.vcxproj]
  (compiling source file '_deps/juce-src/modules/juce_graphics/juce_graphics_Harfbuzz.cpp')
  
C:\zenith\daw\build_nosk\_deps\juce-src\modules\juce_graphics\fonts\harfbuzz\hb-subset-cff-common.hh(192,38): warning C4242: 'argument': conversion from 'CFF::op_code_t' to 'unsigned char', possible loss of data [C:\zenith\daw\build_nosk\ZenithDAW.vcxproj]
  (compiling source file '_deps/juce-src/modules/juce_graphics/juce_graphics_Harfbuzz.cpp')
  
C:\zenith\daw\build_nosk\_deps\juce-src\modules\juce_graphics\fonts\harfbuzz\hb-subset-cff-common.hh(195,20): warning C4242: 'argument': conversion from 'CFF::op_code_t' to 'unsigned char', possible loss of data [C:\zenith\daw\build_nosk\ZenithDAW.vcxproj]
  (compiling source file '_deps/juce-src/modules/juce_graphics/juce_graphics_Harfbuzz.cpp')
  
C:\zenith\daw\build_nosk\_deps\juce-src\modules\juce_graphics\fonts\harfbuzz\hb-subset-cff-common.hh(353,14): warning C4242: 'initializing': conversion from 'unsigned int' to 'uint16_t', possible loss of data [C:\zenith\daw\build_nosk\ZenithDAW.vcxproj]
  (compiling source file '_deps/juce-src/modules/juce_graphics/juce_graphics_Harfbuzz.cpp')
  
C:\zenith\daw\build_nosk\_deps\juce-src\modules\juce_graphics\fonts\harfbuzz\hb-ot-cff1-table.hh(195,25): warning C4242: 'argument': conversion from 'unsigned int' to 'Type', possible loss of data [C:\zenith\daw\build_nosk\ZenithDAW.vcxproj]
C:\zenith\daw\build_nosk\_deps\juce-src\modules\juce_graphics\fonts\harfbuzz\hb-ot-cff1-table.hh(195,25): warning C4242:         with [C:\zenith\daw\build_nosk\ZenithDAW.vcxproj]
C:\zenith\daw\build_nosk\_deps\juce-src\modules\juce_graphics\fonts\harfbuzz\hb-ot-cff1-table.hh(195,25): warning C4242:         [ [C:\zenith\daw\build_nosk\ZenithDAW.vcxproj]
C:\zenith\daw\build_nosk\_deps\juce-src\modules\juce_graphics\fonts\harfbuzz\hb-ot-cff1-table.hh(195,25): warning C4242:             Type=uint8_t [C:\zenith\daw\build_nosk\ZenithDAW.vcxproj]
C:\zenith\daw\build_nosk\_deps\juce-src\modules\juce_graphics\fonts\harfbuzz\hb-ot-cff1-table.hh(195,25): warning C4242:         ] [C:\zenith\daw\build_nosk\ZenithDAW.vcxproj]
  (compiling source file '_deps/juce-src/modules/juce_graphics/juce_graphics_Harfbuzz.cpp')
  
C:\zenith\daw\build_nosk\_deps\juce-src\modules\juce_graphics\fonts\harfbuzz\hb-ot-cff1-table.hh(212,37): warning C4242: 'argument': conversion from 'const unsigned int' to 'Type', possible loss of data [C:\zenith\daw\build_nosk\ZenithDAW.vcxproj]
C:\zenith\daw\build_nosk\_deps\juce-src\modules\juce_graphics\fonts\harfbuzz\hb-ot-cff1-table.hh(212,37): warning C4242:         with [C:\zenith\daw\build_nosk\ZenithDAW.vcxproj]
C:\zenith\daw\build_nosk\_deps\juce-src\modules\juce_graphics\fonts\harfbuzz\hb-ot-cff1-table.hh(212,37): warning C4242:         [ [C:\zenith\daw\build_nosk\ZenithDAW.vcxproj]
C:\zenith\daw\build_nosk\_deps\juce-src\modules\juce_graphics\fonts\harfbuzz\hb-ot-cff1-table.hh(212,37): warning C4242:             Type=uint8_t [C:\zenith\daw\build_nosk\ZenithDAW.vcxproj]
C:\zenith\daw\build_nosk\_deps\juce-src\modules\juce_graphics\fonts\harfbuzz\hb-ot-cff1-table.hh(212,37): warning C4242:         ] [C:\zenith\daw\build_nosk\ZenithDAW.vcxproj]
  (compiling source file '_deps/juce-src/modules/juce_graphics/juce_graphics_Harfbuzz.cpp')
  
C:\zenith\daw\build_nosk\_deps\juce-src\modules\juce_graphics\fonts\harfbuzz\hb-ot-cff1-table.hh(217,40): warning C4242: 'argument': conversion from 'const unsigned int' to 'Type', possible loss of data [C:\zenith\daw\build_nosk\ZenithDAW.vcxproj]
C:\zenith\daw\build_nosk\_deps\juce-src\modules\juce_graphics\fonts\harfbuzz\hb-ot-cff1-table.hh(217,40): warning C4242:         with [C:\zenith\daw\build_nosk\ZenithDAW.vcxproj]
C:\zenith\daw\build_nosk\_deps\juce-src\modules\juce_graphics\fonts\harfbuzz\hb-ot-cff1-table.hh(217,40): warning C4242:         [ [C:\zenith\daw\build_nosk\ZenithDAW.vcxproj]
C:\zenith\daw\build_nosk\_deps\juce-src\modules\juce_graphics\fonts\harfbuzz\hb-ot-cff1-table.hh(217,40): warning C4242:             Type=uint8_t [C:\zenith\daw\build_nosk\ZenithDAW.vcxproj]
C:\zenith\daw\build_nosk\_deps\juce-src\modules\juce_graphics\fonts\harfbuzz\hb-ot-cff1-table.hh(217,40): warning C4242:         ] [C:\zenith\daw\build_nosk\ZenithDAW.vcxproj]
  (compiling source file '_deps/juce-src/modules/juce_graphics/juce_graphics_Harfbuzz.cpp')
  
C:\zenith\daw\build_nosk\_deps\juce-src\modules\juce_graphics\fonts\harfbuzz\hb-ot-cff1-table.hh(218,40): warning C4242: 'argument': conversion from 'const hb_codepoint_t' to 'Type', possible loss of data [C:\zenith\daw\build_nosk\ZenithDAW.vcxproj]
C:\zenith\daw\build_nosk\_deps\juce-src\modules\juce_graphics\fonts\harfbuzz\hb-ot-cff1-table.hh(218,40): warning C4242:         with [C:\zenith\daw\build_nosk\ZenithDAW.vcxproj]
C:\zenith\daw\build_nosk\_deps\juce-src\modules\juce_graphics\fonts\harfbuzz\hb-ot-cff1-table.hh(218,40): warning C4242:         [ [C:\zenith\daw\build_nosk\ZenithDAW.vcxproj]
C:\zenith\daw\build_nosk\_deps\juce-src\modules\juce_graphics\fonts\harfbuzz\hb-ot-cff1-table.hh(218,40): warning C4242:             Type=uint8_t [C:\zenith\daw\build_nosk\ZenithDAW.vcxproj]
C:\zenith\daw\build_nosk\_deps\juce-src\modules\juce_graphics\fonts\harfbuzz\hb-ot-cff1-table.hh(218,40): warning C4242:         ] [C:\zenith\daw\build_nosk\ZenithDAW.vcxproj]
  (compiling source file '_deps/juce-src/modules/juce_graphics/juce_graphics_Harfbuzz.cpp')
  
C:\zenith\daw\build_nosk\_deps\juce-src\modules\juce_graphics\fonts\harfbuzz\hb-ot-cff1-table.hh(229,38): warning C4242: 'argument': conversion from 'const unsigned int' to 'Type', possible loss of data [C:\zenith\daw\build_nosk\ZenithDAW.vcxproj]
C:\zenith\daw\build_nosk\_deps\juce-src\modules\juce_graphics\fonts\harfbuzz\hb-ot-cff1-table.hh(229,38): warning C4242:         with [C:\zenith\daw\build_nosk\ZenithDAW.vcxproj]
C:\zenith\daw\build_nosk\_deps\juce-src\modules\juce_graphics\fonts\harfbuzz\hb-ot-cff1-table.hh(229,38): warning C4242:         [ [C:\zenith\daw\build_nosk\ZenithDAW.vcxproj]
C:\zenith\daw\build_nosk\_deps\juce-src\modules\juce_graphics\fonts\harfbuzz\hb-ot-cff1-table.hh(229,38): warning C4242:             Type=uint8_t [C:\zenith\daw\build_nosk\ZenithDAW.vcxproj]
C:\zenith\daw\build_nosk\_deps\juce-src\modules\juce_graphics\fonts\harfbuzz\hb-ot-cff1-table.hh(229,38): warning C4242:         ] [C:\zenith\daw\build_nosk\ZenithDAW.vcxproj]
  (compiling source file '_deps/juce-src/modules/juce_graphics/juce_graphics_Harfbuzz.cpp')
  
C:\zenith\daw\build_nosk\_deps\juce-src\modules\juce_graphics\fonts\harfbuzz\hb-ot-cff1-table.hh(232,41): warning C4242: 'argument': conversion from 'const unsigned int' to 'Type', possible loss of data [C:\zenith\daw\build_nosk\ZenithDAW.vcxproj]
C:\zenith\daw\build_nosk\_deps\juce-src\modules\juce_graphics\fonts\harfbuzz\hb-ot-cff1-table.hh(232,41): warning C4242:         with [C:\zenith\daw\build_nosk\ZenithDAW.vcxproj]
C:\zenith\daw\build_nosk\_deps\juce-src\modules\juce_graphics\fonts\harfbuzz\hb-ot-cff1-table.hh(232,41): warning C4242:         [ [C:\zenith\daw\build_nosk\ZenithDAW.vcxproj]
C:\zenith\daw\build_nosk\_deps\juce-src\modules\juce_graphics\fonts\harfbuzz\hb-ot-cff1-table.hh(232,41): warning C4242:             Type=uint8_t [C:\zenith\daw\build_nosk\ZenithDAW.vcxproj]
C:\zenith\daw\build_nosk\_deps\juce-src\modules\juce_graphics\fonts\harfbuzz\hb-ot-cff1-table.hh(232,41): warning C4242:         ] [C:\zenith\daw\build_nosk\ZenithDAW.vcxproj]
  (compiling source file '_deps/juce-src/modules/juce_graphics/juce_graphics_Harfbuzz.cpp')
  
C:\zenith\daw\build_nosk\_deps\juce-src\modules\juce_graphics\fonts\harfbuzz\hb-ot-cff1-table.hh(233,42): warning C4242: 'argument': conversion from 'const hb_codepoint_t' to 'Type', possible loss of data [C:\zenith\daw\build_nosk\ZenithDAW.vcxproj]
C:\zenith\daw\build_nosk\_deps\juce-src\modules\juce_graphics\fonts\harfbuzz\hb-ot-cff1-table.hh(233,42): warning C4242:         with [C:\zenith\daw\build_nosk\ZenithDAW.vcxproj]
C:\zenith\daw\build_nosk\_deps\juce-src\modules\juce_graphics\fonts\harfbuzz\hb-ot-cff1-table.hh(233,42): warning C4242:         [ [C:\zenith\daw\build_nosk\ZenithDAW.vcxproj]
C:\zenith\daw\build_nosk\_deps\juce-src\modules\juce_graphics\fonts\harfbuzz\hb-ot-cff1-table.hh(233,42): warning C4242:             Type=uint16_t [C:\zenith\daw\build_nosk\ZenithDAW.vcxproj]
C:\zenith\daw\build_nosk\_deps\juce-src\modules\juce_graphics\fonts\harfbuzz\hb-ot-cff1-table.hh(233,42): warning C4242:         ] [C:\zenith\daw\build_nosk\ZenithDAW.vcxproj]
  (compiling source file '_deps/juce-src/modules/juce_graphics/juce_graphics_Harfbuzz.cpp')
  
C:\zenith\daw\build_nosk\_deps\juce-src\modules\juce_graphics\fonts\harfbuzz\hb-ot-cff1-table.hh(540,27): warning C4242: 'argument': conversion from 'unsigned int' to 'Type', possible loss of data [C:\zenith\daw\build_nosk\ZenithDAW.vcxproj]
C:\zenith\daw\build_nosk\_deps\juce-src\modules\juce_graphics\fonts\harfbuzz\hb-ot-cff1-table.hh(540,27): warning C4242:         with [C:\zenith\daw\build_nosk\ZenithDAW.vcxproj]
C:\zenith\daw\build_nosk\_deps\juce-src\modules\juce_graphics\fonts\harfbuzz\hb-ot-cff1-table.hh(540,27): warning C4242:         [ [C:\zenith\daw\build_nosk\ZenithDAW.vcxproj]
C:\zenith\daw\build_nosk\_deps\juce-src\modules\juce_graphics\fonts\harfbuzz\hb-ot-cff1-table.hh(540,27): warning C4242:             Type=uint16_t [C:\zenith\daw\build_nosk\ZenithDAW.vcxproj]
C:\zenith\daw\build_nosk\_deps\juce-src\modules\juce_graphics\fonts\harfbuzz\hb-ot-cff1-table.hh(540,27): warning C4242:         ] [C:\zenith\daw\build_nosk\ZenithDAW.vcxproj]
  (compiling source file '_deps/juce-src/modules/juce_graphics/juce_graphics_Harfbuzz.cpp')
  
C:\zenith\daw\build_nosk\_deps\juce-src\modules\juce_graphics\fonts\harfbuzz\hb-ot-cff1-table.hh(541,27): warning C4242: 'argument': conversion from 'hb_codepoint_t' to 'Type', possible loss of data [C:\zenith\daw\build_nosk\ZenithDAW.vcxproj]
C:\zenith\daw\build_nosk\_deps\juce-src\modules\juce_graphics\fonts\harfbuzz\hb-ot-cff1-table.hh(541,27): warning C4242:         with [C:\zenith\daw\build_nosk\ZenithDAW.vcxproj]
C:\zenith\daw\build_nosk\_deps\juce-src\modules\juce_graphics\fonts\harfbuzz\hb-ot-cff1-table.hh(541,27): warning C4242:         [ [C:\zenith\daw\build_nosk\ZenithDAW.vcxproj]
C:\zenith\daw\build_nosk\_deps\juce-src\modules\juce_graphics\fonts\harfbuzz\hb-ot-cff1-table.hh(541,27): warning C4242:             Type=uint8_t [C:\zenith\daw\build_nosk\ZenithDAW.vcxproj]
C:\zenith\daw\build_nosk\_deps\juce-src\modules\juce_graphics\fonts\harfbuzz\hb-ot-cff1-table.hh(541,27): warning C4242:         ] [C:\zenith\daw\build_nosk\ZenithDAW.vcxproj]
  (compiling source file '_deps/juce-src/modules/juce_graphics/juce_graphics_Harfbuzz.cpp')
  
C:\zenith\daw\build_nosk\_deps\juce-src\modules\juce_graphics\fonts\harfbuzz\hb-ot-cff1-table.hh(557,27): warning C4242: 'argument': conversion from 'unsigned int' to 'Type', possible loss of data [C:\zenith\daw\build_nosk\ZenithDAW.vcxproj]
C:\zenith\daw\build_nosk\_deps\juce-src\modules\juce_graphics\fonts\harfbuzz\hb-ot-cff1-table.hh(557,27): warning C4242:         with [C:\zenith\daw\build_nosk\ZenithDAW.vcxproj]
C:\zenith\daw\build_nosk\_deps\juce-src\modules\juce_graphics\fonts\harfbuzz\hb-ot-cff1-table.hh(557,27): warning C4242:         [ [C:\zenith\daw\build_nosk\ZenithDAW.vcxproj]
C:\zenith\daw\build_nosk\_deps\juce-src\modules\juce_graphics\fonts\harfbuzz\hb-ot-cff1-table.hh(557,27): warning C4242:             Type=uint16_t [C:\zenith\daw\build_nosk\ZenithDAW.vcxproj]
C:\zenith\daw\build_nosk\_deps\juce-src\modules\juce_graphics\fonts\harfbuzz\hb-ot-cff1-table.hh(557,27): warning C4242:         ] [C:\zenith\daw\build_nosk\ZenithDAW.vcxproj]
  (compiling source file '_deps/juce-src/modules/juce_graphics/juce_graphics_Harfbuzz.cpp')
  
C:\zenith\daw\build_nosk\_deps\juce-src\modules\juce_graphics\fonts\harfbuzz\hb-ot-cff1-table.hh(558,27): warning C4242: 'argument': conversion from 'hb_codepoint_t' to 'Type', possible loss of data [C:\zenith\daw\build_nosk\ZenithDAW.vcxproj]
C:\zenith\daw\build_nosk\_deps\juce-src\modules\juce_graphics\fonts\harfbuzz\hb-ot-cff1-table.hh(558,27): warning C4242:         with [C:\zenith\daw\build_nosk\ZenithDAW.vcxproj]
C:\zenith\daw\build_nosk\_deps\juce-src\modules\juce_graphics\fonts\harfbuzz\hb-ot-cff1-table.hh(558,27): warning C4242:         [ [C:\zenith\daw\build_nosk\ZenithDAW.vcxproj]
C:\zenith\daw\build_nosk\_deps\juce-src\modules\juce_graphics\fonts\harfbuzz\hb-ot-cff1-table.hh(558,27): warning C4242:             Type=uint16_t [C:\zenith\daw\build_nosk\ZenithDAW.vcxproj]
C:\zenith\daw\build_nosk\_deps\juce-src\modules\juce_graphics\fonts\harfbuzz\hb-ot-cff1-table.hh(558,27): warning C4242:         ] [C:\zenith\daw\build_nosk\ZenithDAW.vcxproj]
  (compiling source file '_deps/juce-src/modules/juce_graphics/juce_graphics_Harfbuzz.cpp')
  
C:\zenith\daw\build_nosk\_deps\juce-src\modules\juce_graphics\fonts\harfbuzz\hb-ot-cff1-table.hh(1452,18): warning C4242: '=': conversion from 'hb_codepoint_t' to 'uint16_t', possible loss of data [C:\zenith\daw\build_nosk\ZenithDAW.vcxproj]
  (compiling source file '_deps/juce-src/modules/juce_graphics/juce_graphics_Harfbuzz.cpp')
  
C:\zenith\daw\build_nosk\_deps\juce-src\modules\juce_graphics\fonts\harfbuzz\OT\Color\CBDT\CBDT.hh(345,28): warning C4242: 'argument': conversion from 'unsigned int' to 'Type', possible loss of data [C:\zenith\daw\build_nosk\ZenithDAW.vcxproj]
C:\zenith\daw\build_nosk\_deps\juce-src\modules\juce_graphics\fonts\harfbuzz\OT\Color\CBDT\CBDT.hh(345,28): warning C4242:         with [C:\zenith\daw\build_nosk\ZenithDAW.vcxproj]
C:\zenith\daw\build_nosk\_deps\juce-src\modules\juce_graphics\fonts\harfbuzz\OT\Color\CBDT\CBDT.hh(345,28): warning C4242:         [ [C:\zenith\daw\build_nosk\ZenithDAW.vcxproj]
C:\zenith\daw\build_nosk\_deps\juce-src\modules\juce_graphics\fonts\harfbuzz\OT\Color\CBDT\CBDT.hh(345,28): warning C4242:             Type=uint16_t [C:\zenith\daw\build_nosk\ZenithDAW.vcxproj]
C:\zenith\daw\build_nosk\_deps\juce-src\modules\juce_graphics\fonts\harfbuzz\OT\Color\CBDT\CBDT.hh(345,28): warning C4242:         ] [C:\zenith\daw\build_nosk\ZenithDAW.vcxproj]
  (compiling source file '_deps/juce-src/modules/juce_graphics/juce_graphics_Harfbuzz.cpp')
  
C:\zenith\daw\build_nosk\_deps\juce-src\modules\juce_graphics\fonts\harfbuzz\OT\Color\CBDT\CBDT.hh(346,28): warning C4242: 'argument': conversion from 'unsigned int' to 'Type', possible loss of data [C:\zenith\daw\build_nosk\ZenithDAW.vcxproj]
C:\zenith\daw\build_nosk\_deps\juce-src\modules\juce_graphics\fonts\harfbuzz\OT\Color\CBDT\CBDT.hh(346,28): warning C4242:         with [C:\zenith\daw\build_nosk\ZenithDAW.vcxproj]
C:\zenith\daw\build_nosk\_deps\juce-src\modules\juce_graphics\fonts\harfbuzz\OT\Color\CBDT\CBDT.hh(346,28): warning C4242:         [ [C:\zenith\daw\build_nosk\ZenithDAW.vcxproj]
C:\zenith\daw\build_nosk\_deps\juce-src\modules\juce_graphics\fonts\harfbuzz\OT\Color\CBDT\CBDT.hh(346,28): warning C4242:             Type=uint16_t [C:\zenith\daw\build_nosk\ZenithDAW.vcxproj]
C:\zenith\daw\build_nosk\_deps\juce-src\modules\juce_graphics\fonts\harfbuzz\OT\Color\CBDT\CBDT.hh(346,28): warning C4242:         ] [C:\zenith\daw\build_nosk\ZenithDAW.vcxproj]
  (compiling source file '_deps/juce-src/modules/juce_graphics/juce_graphics_Harfbuzz.cpp')
  
C:\zenith\daw\build_nosk\_deps\juce-src\modules\juce_graphics\fonts\harfbuzz\OT\Color\CBDT\CBDT.hh(500,25): warning C4242: 'argument': conversion from 'hb_codepoint_t' to 'uint16_t', possible loss of data [C:\zenith\daw\build_nosk\ZenithDAW.vcxproj]
  (compiling source file '_deps/juce-src/modules/juce_graphics/juce_graphics_Harfbuzz.cpp')
  
C:\zenith\daw\build_nosk\_deps\juce-src\modules\juce_graphics\fonts\harfbuzz\OT\Color\CBDT\CBDT.hh(501,24): warning C4242: 'argument': conversion from 'hb_codepoint_t' to 'uint16_t', possible loss of data [C:\zenith\daw\build_nosk\ZenithDAW.vcxproj]
  (compiling source file '_deps/juce-src/modules/juce_graphics/juce_graphics_Harfbuzz.cpp')
  
C:\zenith\daw\build_nosk\_deps\juce-src\modules\juce_graphics\fonts\harfbuzz\OT\Color\CBDT\CBDT.hh(508,22): warning C4242: 'argument': conversion from 'hb_codepoint_t' to 'uint16_t', possible loss of data [C:\zenith\daw\build_nosk\ZenithDAW.vcxproj]
  (compiling source file '_deps/juce-src/modules/juce_graphics/juce_graphics_Harfbuzz.cpp')
  
C:\zenith\daw\build_nosk\_deps\juce-src\modules\juce_graphics\fonts\harfbuzz\OT\Color\CBDT\CBDT.hh(683,53): warning C4242: 'argument': conversion from 'hb_codepoint_t' to 'uint16_t', possible loss of data [C:\zenith\daw\build_nosk\ZenithDAW.vcxproj]
  (compiling source file '_deps/juce-src/modules/juce_graphics/juce_graphics_Harfbuzz.cpp')
  
C:\zenith\daw\build_nosk\_deps\juce-src\modules\juce_graphics\fonts\harfbuzz\OT\Color\CBDT\CBDT.hh(684,51): warning C4242: 'argument': conversion from 'hb_codepoint_t' to 'uint16_t', possible loss of data [C:\zenith\daw\build_nosk\ZenithDAW.vcxproj]
  (compiling source file '_deps/juce-src/modules/juce_graphics/juce_graphics_Harfbuzz.cpp')
  
C:\zenith\daw\build_nosk\_deps\juce-src\modules\juce_graphics\fonts\harfbuzz\OT\Color\CPAL\CPAL.hh(290,60): warning C4242: 'argument': conversion from 'unsigned int' to 'Type', possible loss of data [C:\zenith\daw\build_nosk\ZenithDAW.vcxproj]
C:\zenith\daw\build_nosk\_deps\juce-src\modules\juce_graphics\fonts\harfbuzz\OT\Color\CPAL\CPAL.hh(290,60): warning C4242:         with [C:\zenith\daw\build_nosk\ZenithDAW.vcxproj]
C:\zenith\daw\build_nosk\_deps\juce-src\modules\juce_graphics\fonts\harfbuzz\OT\Color\CPAL\CPAL.hh(290,60): warning C4242:         [ [C:\zenith\daw\build_nosk\ZenithDAW.vcxproj]
C:\zenith\daw\build_nosk\_deps\juce-src\modules\juce_graphics\fonts\harfbuzz\OT\Color\CPAL\CPAL.hh(290,60): warning C4242:             Type=uint16_t [C:\zenith\daw\build_nosk\ZenithDAW.vcxproj]
C:\zenith\daw\build_nosk\_deps\juce-src\modules\juce_graphics\fonts\harfbuzz\OT\Color\CPAL\CPAL.hh(290,60): warning C4242:         ] [C:\zenith\daw\build_nosk\ZenithDAW.vcxproj]
  (compiling source file '_deps/juce-src/modules/juce_graphics/juce_graphics_Harfbuzz.cpp')
  
C:\zenith\daw\build_nosk\_deps\juce-src\modules\juce_graphics\fonts\harfbuzz\OT\name\name.hh(497,23): warning C4242: '=': conversion from 'unsigned int' to 'uint16_t', possible loss of data [C:\zenith\daw\build_nosk\ZenithDAW.vcxproj]
  (compiling source file '_deps/juce-src/modules/juce_graphics/juce_graphics_Harfbuzz.cpp')
  
C:\zenith\daw\build_nosk\_deps\juce-src\modules\juce_graphics\fonts\harfbuzz\hb-ot-post-table.hh(196,14): warning C4242: '=': conversion from 'unsigned int' to 'uint16_t', possible loss of data [C:\zenith\daw\build_nosk\ZenithDAW.vcxproj]
  (compiling source file '_deps/juce-src/modules/juce_graphics/juce_graphics_Harfbuzz.cpp')
  
C:\zenith\daw\build_nosk\_deps\juce-src\modules\juce_graphics\fonts\harfbuzz\OT\Layout\GSUB\AlternateSubst.hh(47,16): warning C4242: 'argument': conversion from 'unsigned int' to 'Type', possible loss of data [C:\zenith\daw\build_nosk\ZenithDAW.vcxproj]
C:\zenith\daw\build_nosk\_deps\juce-src\modules\juce_graphics\fonts\harfbuzz\OT\Layout\GSUB\AlternateSubst.hh(47,16): warning C4242:         with [C:\zenith\daw\build_nosk\ZenithDAW.vcxproj]
C:\zenith\daw\build_nosk\_deps\juce-src\modules\juce_graphics\fonts\harfbuzz\OT\Layout\GSUB\AlternateSubst.hh(47,16): warning C4242:         [ [C:\zenith\daw\build_nosk\ZenithDAW.vcxproj]
C:\zenith\daw\build_nosk\_deps\juce-src\modules\juce_graphics\fonts\harfbuzz\OT\Layout\GSUB\AlternateSubst.hh(47,16): warning C4242:             Type=uint16_t [C:\zenith\daw\build_nosk\ZenithDAW.vcxproj]
C:\zenith\daw\build_nosk\_deps\juce-src\modules\juce_graphics\fonts\harfbuzz\OT\Layout\GSUB\AlternateSubst.hh(47,16): warning C4242:         ] [C:\zenith\daw\build_nosk\ZenithDAW.vcxproj]
  (compiling source file '_deps/juce-src/modules/juce_graphics/juce_graphics_Harfbuzz.cpp')
  
C:\zenith\daw\build_nosk\_deps\juce-src\modules\juce_graphics\fonts\harfbuzz\OT\Layout\GSUB\LigatureSubst.hh(50,16): warning C4242: 'argument': conversion from 'unsigned int' to 'Type', possible loss of data [C:\zenith\daw\build_nosk\ZenithDAW.vcxproj]
C:\zenith\daw\build_nosk\_deps\juce-src\modules\juce_graphics\fonts\harfbuzz\OT\Layout\GSUB\LigatureSubst.hh(50,16): warning C4242:         with [C:\zenith\daw\build_nosk\ZenithDAW.vcxproj]
C:\zenith\daw\build_nosk\_deps\juce-src\modules\juce_graphics\fonts\harfbuzz\OT\Layout\GSUB\LigatureSubst.hh(50,16): warning C4242:         [ [C:\zenith\daw\build_nosk\ZenithDAW.vcxproj]
C:\zenith\daw\build_nosk\_deps\juce-src\modules\juce_graphics\fonts\harfbuzz\OT\Layout\GSUB\LigatureSubst.hh(50,16): warning C4242:             Type=uint16_t [C:\zenith\daw\build_nosk\ZenithDAW.vcxproj]
C:\zenith\daw\build_nosk\_deps\juce-src\modules\juce_graphics\fonts\harfbuzz\OT\Layout\GSUB\LigatureSubst.hh(50,16): warning C4242:         ] [C:\zenith\daw\build_nosk\ZenithDAW.vcxproj]
  (compiling source file '_deps/juce-src/modules/juce_graphics/juce_graphics_Harfbuzz.cpp')
  
C:\zenith\daw\build_nosk\_deps\juce-src\modules\juce_graphics\fonts\harfbuzz\OT\Layout\GSUB\SubstLookupSubTable.hh(35,3): warning C4296: '>=': expression is always true [C:\zenith\daw\build_nosk\ZenithDAW.vcxproj]
  (compiling source file '_deps/juce-src/modules/juce_graphics/juce_graphics_Harfbuzz.cpp')
  
C:\zenith\daw\build_nosk\_deps\juce-src\modules\juce_graphics\fonts\harfbuzz\hb-ot-vorg-table.hh(105,18): warning C4242: 'argument': conversion from 'hb_codepoint_t' to 'uint16_t', possible loss of data [C:\zenith\daw\build_nosk\ZenithDAW.vcxproj]
  (compiling source file '_deps/juce-src/modules/juce_graphics/juce_graphics_Harfbuzz.cpp')
  
C:\zenith\daw\build_nosk\_deps\juce-src\modules\juce_graphics\fonts\harfbuzz\hb-ot-font.cc(249,77): warning C4242: 'argument': conversion from 'unsigned int' to 'int16_t', possible loss of data [C:\zenith\daw\build_nosk\ZenithDAW.vcxproj]
  (compiling source file '_deps/juce-src/modules/juce_graphics/juce_graphics_Harfbuzz.cpp')
  
C:\zenith\daw\build_nosk\_deps\juce-src\modules\juce_graphics\fonts\harfbuzz\hb-ot-font.cc(273,42): warning C4242: 'argument': conversion from 'hb_position_t' to 'int16_t', possible loss of data [C:\zenith\daw\build_nosk\ZenithDAW.vcxproj]
  (compiling source file '_deps/juce-src/modules/juce_graphics/juce_graphics_Harfbuzz.cpp')
  
C:\zenith\daw\build_nosk\_deps\juce-src\modules\juce_graphics\fonts\harfbuzz\hb-ot-font.cc(400,50): warning C4242: 'argument': conversion from 'int' to 'int16_t', possible loss of data [C:\zenith\daw\build_nosk\ZenithDAW.vcxproj]
  (compiling source file '_deps/juce-src/modules/juce_graphics/juce_graphics_Harfbuzz.cpp')
  
C:\zenith\daw\build_nosk\_deps\juce-src\modules\juce_graphics\fonts\harfbuzz\hb-ot-layout-base-table.hh(46,71): warning C4242: 'argument': conversion from 'int' to 'int16_t', possible loss of data [C:\zenith\daw\build_nosk\ZenithDAW.vcxproj]
  (compiling source file '_deps/juce-src/modules/juce_graphics/juce_graphics_Harfbuzz.cpp')
  
C:\zenith\daw\build_nosk\_deps\juce-src\modules\juce_graphics\fonts\harfbuzz\hb-ot-layout-base-table.hh(46,103): warning C4242: 'argument': conversion from 'int' to 'int16_t', possible loss of data [C:\zenith\daw\build_nosk\ZenithDAW.vcxproj]
  (compiling source file '_deps/juce-src/modules/juce_graphics/juce_graphics_Harfbuzz.cpp')
  
C:\zenith\daw\build_nosk\_deps\juce-src\modules\juce_graphics\fonts\harfbuzz\hb-ot-layout-base-table.hh(67,71): warning C4242: 'argument': conversion from 'int' to 'int16_t', possible loss of data [C:\zenith\daw\build_nosk\ZenithDAW.vcxproj]
  (compiling source file '_deps/juce-src/modules/juce_graphics/juce_graphics_Harfbuzz.cpp')
  
C:\zenith\daw\build_nosk\_deps\juce-src\modules\juce_graphics\fonts\harfbuzz\hb-ot-layout-base-table.hh(67,103): warning C4242: 'argument': conversion from 'int' to 'int16_t', possible loss of data [C:\zenith\daw\build_nosk\ZenithDAW.vcxproj]
  (compiling source file '_deps/juce-src/modules/juce_graphics/juce_graphics_Harfbuzz.cpp')
  
C:\zenith\daw\build_nosk\_deps\juce-src\modules\juce_graphics\fonts\harfbuzz\hb-ot-layout-base-table.hh(95,23): warning C4242: 'argument': conversion from 'int' to 'int16_t', possible loss of data [C:\zenith\daw\build_nosk\ZenithDAW.vcxproj]
  (compiling source file '_deps/juce-src/modules/juce_graphics/juce_graphics_Harfbuzz.cpp')
  
C:\zenith\daw\build_nosk\_deps\juce-src\modules\juce_graphics\fonts\harfbuzz\hb-ot-layout-base-table.hh(96,23): warning C4242: 'argument': conversion from 'int' to 'int16_t', possible loss of data [C:\zenith\daw\build_nosk\ZenithDAW.vcxproj]
  (compiling source file '_deps/juce-src/modules/juce_graphics/juce_graphics_Harfbuzz.cpp')
  
C:\zenith\daw\build_nosk\_deps\juce-src\modules\juce_graphics\fonts\harfbuzz\hb-aat-layout-opbd-table.hh(67,26): warning C4242: 'argument': conversion from 'int' to 'int16_t', possible loss of data [C:\zenith\daw\build_nosk\ZenithDAW.vcxproj]
  (compiling source file '_deps/juce-src/modules/juce_graphics/juce_graphics_Harfbuzz.cpp')
  
C:\zenith\daw\build_nosk\_deps\juce-src\modules\juce_graphics\fonts\harfbuzz\hb-aat-layout-opbd-table.hh(68,26): warning C4242: 'argument': conversion from 'int' to 'int16_t', possible loss of data [C:\zenith\daw\build_nosk\ZenithDAW.vcxproj]
  (compiling source file '_deps/juce-src/modules/juce_graphics/juce_graphics_Harfbuzz.cpp')
  
C:\zenith\daw\build_nosk\_deps\juce-src\modules\juce_graphics\fonts\harfbuzz\hb-aat-layout-opbd-table.hh(69,26): warning C4242: 'argument': conversion from 'int' to 'int16_t', possible loss of data [C:\zenith\daw\build_nosk\ZenithDAW.vcxproj]
  (compiling source file '_deps/juce-src/modules/juce_graphics/juce_graphics_Harfbuzz.cpp')
  
C:\zenith\daw\build_nosk\_deps\juce-src\modules\juce_graphics\fonts\harfbuzz\hb-aat-layout-opbd-table.hh(70,26): warning C4242: 'argument': conversion from 'int' to 'int16_t', possible loss of data [C:\zenith\daw\build_nosk\ZenithDAW.vcxproj]
  (compiling source file '_deps/juce-src/modules/juce_graphics/juce_graphics_Harfbuzz.cpp')
  
C:\zenith\daw\build_nosk\_deps\juce-src\modules\juce_graphics\fonts\harfbuzz\hb-ot-map.cc(161,39): warning C4242: '=': conversion from 'unsigned int' to 'unsigned short', possible loss of data [C:\zenith\daw\build_nosk\ZenithDAW.vcxproj]
  (compiling source file '_deps/juce-src/modules/juce_graphics/juce_graphics_Harfbuzz.cpp')
  
C:\zenith\daw\build_nosk\_deps\juce-src\modules\juce_graphics\fonts\harfbuzz\hb-ot-math-table.hh(40,30): warning C4242: 'argument': conversion from 'int' to 'int16_t', possible loss of data [C:\zenith\daw\build_nosk\ZenithDAW.vcxproj]
  (compiling source file '_deps/juce-src/modules/juce_graphics/juce_graphics_Harfbuzz.cpp')
  
C:\zenith\daw\build_nosk\_deps\juce-src\modules\juce_graphics\fonts\harfbuzz\hb-ot-math-table.hh(42,30): warning C4242: 'argument': conversion from 'int' to 'int16_t', possible loss of data [C:\zenith\daw\build_nosk\ZenithDAW.vcxproj]
  (compiling source file '_deps/juce-src/modules/juce_graphics/juce_graphics_Harfbuzz.cpp')
  
C:\zenith\daw\build_nosk\_deps\juce-src\modules\juce_graphics\fonts\harfbuzz\hb-ot-math-table.hh(123,105): warning C4242: 'argument': conversion from 'unsigned int' to 'int16_t', possible loss of data [C:\zenith\daw\build_nosk\ZenithDAW.vcxproj]
  (compiling source file '_deps/juce-src/modules/juce_graphics/juce_graphics_Harfbuzz.cpp')
  
C:\zenith\daw\build_nosk\_deps\juce-src\modules\juce_graphics\fonts\harfbuzz\hb-ot-math-table.hh(719,49): warning C4242: 'argument': conversion from 'unsigned int' to 'int16_t', possible loss of data [C:\zenith\daw\build_nosk\ZenithDAW.vcxproj]
  (compiling source file '_deps/juce-src/modules/juce_graphics/juce_graphics_Harfbuzz.cpp')
  
C:\zenith\daw\build_nosk\_deps\juce-src\modules\juce_graphics\fonts\harfbuzz\hb-ot-math-table.hh(720,47): warning C4242: 'argument': conversion from 'unsigned int' to 'int16_t', possible loss of data [C:\zenith\daw\build_nosk\ZenithDAW.vcxproj]
  (compiling source file '_deps/juce-src/modules/juce_graphics/juce_graphics_Harfbuzz.cpp')
  
C:\zenith\daw\build_nosk\_deps\juce-src\modules\juce_graphics\fonts\harfbuzz\hb-ot-math-table.hh(721,40): warning C4242: 'argument': conversion from 'unsigned int' to 'int16_t', possible loss of data [C:\zenith\daw\build_nosk\ZenithDAW.vcxproj]
  (compiling source file '_deps/juce-src/modules/juce_graphics/juce_graphics_Harfbuzz.cpp')
  
C:\zenith\daw\build_nosk\_deps\juce-src\modules\juce_graphics\fonts\harfbuzz\hb-ot-math-table.hh(858,58): warning C4242: 'argument': conversion from 'unsigned int' to 'int16_t', possible loss of data [C:\zenith\daw\build_nosk\ZenithDAW.vcxproj]
  (compiling source file '_deps/juce-src/modules/juce_graphics/juce_graphics_Harfbuzz.cpp')
  
C:\zenith\daw\build_nosk\_deps\juce-src\modules\juce_graphics\fonts\harfbuzz\hb-ot-math-table.hh(995,32): warning C4242: 'argument': conversion from 'unsigned int' to 'int16_t', possible loss of data [C:\zenith\daw\build_nosk\ZenithDAW.vcxproj]
  (compiling source file '_deps/juce-src/modules/juce_graphics/juce_graphics_Harfbuzz.cpp')
  
C:\zenith\daw\build_nosk\_deps\juce-src\modules\juce_graphics\fonts\harfbuzz\hb-ot-shaper-arabic-fallback.hh(75,26): warning C4242: 'argument': conversion from 'hb_codepoint_t' to 'uint16_t', possible loss of data [C:\zenith\daw\build_nosk\ZenithDAW.vcxproj]
  (compiling source file '_deps/juce-src/modules/juce_graphics/juce_graphics_Harfbuzz.cpp')
  
C:\zenith\daw\build_nosk\_deps\juce-src\modules\juce_graphics\fonts\harfbuzz\hb-ot-shaper-arabic-fallback.hh(76,31): warning C4242: 'argument': conversion from 'hb_codepoint_t' to 'uint16_t', possible loss of data [C:\zenith\daw\build_nosk\ZenithDAW.vcxproj]
  (compiling source file '_deps/juce-src/modules/juce_graphics/juce_graphics_Harfbuzz.cpp')
  
C:\zenith\daw\build_nosk\_deps\juce-src\modules\juce_graphics\fonts\harfbuzz\hb-ot-shaper-indic.cc(838,28): warning C4242: '=': conversion from 'unsigned int' to 'uint8_t', possible loss of data [C:\zenith\daw\build_nosk\ZenithDAW.vcxproj]
  (compiling source file '_deps/juce-src/modules/juce_graphics/juce_graphics_Harfbuzz.cpp')
  
C:\zenith\daw\build_nosk\_deps\juce-src\modules\juce_graphics\fonts\harfbuzz\hb-ot-shaper-syllabic.cc(59,46): warning C4242: '=': conversion from 'unsigned int' to 'uint8_t', possible loss of data [C:\zenith\daw\build_nosk\ZenithDAW.vcxproj]
  (compiling source file '_deps/juce-src/modules/juce_graphics/juce_graphics_Harfbuzz.cpp')
  
C:\zenith\daw\build_nosk\_deps\juce-src\modules\juce_graphics\fonts\harfbuzz\hb-ot-shaper-syllabic.cc(61,49): warning C4242: '=': conversion from 'int' to 'uint8_t', possible loss of data [C:\zenith\daw\build_nosk\ZenithDAW.vcxproj]
  (compiling source file '_deps/juce-src/modules/juce_graphics/juce_graphics_Harfbuzz.cpp')
  
C:\zenith\daw\build_nosk\_deps\juce-src\modules\juce_graphics\fonts\harfbuzz\hb-ot-layout-common.hh(430,11): warning C4242: 'argument': conversion from 'const V' to 'uint16_t', possible loss of data [C:\zenith\daw\build_nosk\ZenithDAW.vcxproj]
C:\zenith\daw\build_nosk\_deps\juce-src\modules\juce_graphics\fonts\harfbuzz\hb-ot-layout-common.hh(430,11): warning C4242:         with [C:\zenith\daw\build_nosk\ZenithDAW.vcxproj]
C:\zenith\daw\build_nosk\_deps\juce-src\modules\juce_graphics\fonts\harfbuzz\hb-ot-layout-common.hh(430,11): warning C4242:         [ [C:\zenith\daw\build_nosk\ZenithDAW.vcxproj]
C:\zenith\daw\build_nosk\_deps\juce-src\modules\juce_graphics\fonts\harfbuzz\hb-ot-layout-common.hh(430,11): warning C4242:             V=hb_codepoint_t [C:\zenith\daw\build_nosk\ZenithDAW.vcxproj]
C:\zenith\daw\build_nosk\_deps\juce-src\modules\juce_graphics\fonts\harfbuzz\hb-ot-layout-common.hh(430,11): warning C4242:         ] [C:\zenith\daw\build_nosk\ZenithDAW.vcxproj]
  (compiling source file '_deps/juce-src/modules/juce_graphics/juce_graphics_Harfbuzz.cpp')
      C:\zenith\daw\build_nosk\_deps\juce-src\modules\juce_graphics\fonts\harfbuzz\hb-ot-layout-common.hh(430,11):
      the template instantiation context (the oldest one first) is
          C:\zenith\daw\build_nosk\_deps\juce-src\modules\juce_graphics\fonts\harfbuzz\hb-ot-layout-common.hh(818,22):
          see reference to function template instantiation 'void OT::IndexArray::serialize<hb_map_iter_t<_Ty,Proj,hb_function_sortedness_t::NOT_SORTED,0x0>,0x0>(hb_serialize_context_t *,OT::hb_subset_layout_context_t *,Iterator)' being compiled
          with
          [
              _Ty=hb_filter_iter_t<hb_array_t<const OT::Index>,const hb_map_t *&,const <unnamed-type-hb_identity> &,0x0>,
              Proj=const hb_map_t *&,
              Iterator=hb_map_iter_t<hb_filter_iter_t<hb_array_t<const OT::Index>,const hb_map_t *&,const <unnamed-type-hb_identity> &,0x0>,const hb_map_t *&,hb_function_sortedness_t::NOT_SORTED,0x0>
          ]
  
C:\zenith\daw\build_nosk\_deps\juce-src\modules\juce_graphics\fonts\harfbuzz\hb-sanitize.hh(422,36): warning C4242: 'argument': conversion from 'const ValueType' to 'unsigned short', possible loss of data [C:\zenith\daw\build_nosk\ZenithDAW.vcxproj]
C:\zenith\daw\build_nosk\_deps\juce-src\modules\juce_graphics\fonts\harfbuzz\hb-sanitize.hh(422,36): warning C4242:         with [C:\zenith\daw\build_nosk\ZenithDAW.vcxproj]
C:\zenith\daw\build_nosk\_deps\juce-src\modules\juce_graphics\fonts\harfbuzz\hb-sanitize.hh(422,36): warning C4242:         [ [C:\zenith\daw\build_nosk\ZenithDAW.vcxproj]
C:\zenith\daw\build_nosk\_deps\juce-src\modules\juce_graphics\fonts\harfbuzz\hb-sanitize.hh(422,36): warning C4242:             ValueType=unsigned int [C:\zenith\daw\build_nosk\ZenithDAW.vcxproj]
C:\zenith\daw\build_nosk\_deps\juce-src\modules\juce_graphics\fonts\harfbuzz\hb-sanitize.hh(422,36): warning C4242:         ] [C:\zenith\daw\build_nosk\ZenithDAW.vcxproj]
  (compiling source file '_deps/juce-src/modules/juce_graphics/juce_graphics_Harfbuzz.cpp')
      C:\zenith\daw\build_nosk\_deps\juce-src\modules\juce_graphics\fonts\harfbuzz\hb-sanitize.hh(422,36):
      the template instantiation context (the oldest one first) is
          C:\zenith\daw\build_nosk\_deps\juce-src\modules\juce_graphics\fonts\harfbuzz\hb-ot-layout-common.hh(862,7):
          see reference to function template instantiation 'bool hb_sanitize_context_t::try_set<OT::OffsetTo<OT::FeatureParams,OT::HBUINT16,void,true>,unsigned int>(const Type *,const ValueType &)' being compiled
          with
          [
              Type=OT::OffsetTo<OT::FeatureParams,OT::HBUINT16,void,true>,
              ValueType=unsigned int
          ]
  
C:\zenith\daw\build_nosk\_deps\juce-src\modules\juce_graphics\fonts\harfbuzz\hb-vector.hh(223,25): warning C4242: 'initializing': conversion from '_Ty' to 'uint8_t', possible loss of data [C:\zenith\daw\build_nosk\ZenithDAW.vcxproj]
C:\zenith\daw\build_nosk\_deps\juce-src\modules\juce_graphics\fonts\harfbuzz\hb-vector.hh(223,25): warning C4242:         with [C:\zenith\daw\build_nosk\ZenithDAW.vcxproj]
C:\zenith\daw\build_nosk\_deps\juce-src\modules\juce_graphics\fonts\harfbuzz\hb-vector.hh(223,25): warning C4242:         [ [C:\zenith\daw\build_nosk\ZenithDAW.vcxproj]
C:\zenith\daw\build_nosk\_deps\juce-src\modules\juce_graphics\fonts\harfbuzz\hb-vector.hh(223,25): warning C4242:             _Ty=int [C:\zenith\daw\build_nosk\ZenithDAW.vcxproj]
C:\zenith\daw\build_nosk\_deps\juce-src\modules\juce_graphics\fonts\harfbuzz\hb-vector.hh(223,25): warning C4242:         ] [C:\zenith\daw\build_nosk\ZenithDAW.vcxproj]
  (compiling source file '_deps/juce-src/modules/juce_graphics/juce_graphics_Harfbuzz.cpp')
      C:\zenith\daw\build_nosk\_deps\juce-src\modules\juce_graphics\fonts\harfbuzz\hb-vector.hh(223,25):
      the template instantiation context (the oldest one first) is
          C:\zenith\daw\build_nosk\_deps\juce-src\modules\juce_graphics\fonts\harfbuzz\hb-ot-layout-common.hh(2354,13):
          see reference to function template instantiation 'Type *hb_vector_t<Type,false>::push<int>(int &&)' being compiled
          with
          [
              Type=uint8_t
          ]
              C:\zenith\daw\build_nosk\_deps\juce-src\modules\juce_graphics\fonts\harfbuzz\hb-ot-layout-common.hh(2354,18):
              see the first reference to 'hb_vector_t<uint8_t,false>::push' in 'OT::delta_row_encoding_t::get_row_chars'
  
C:\zenith\daw\build_nosk\_deps\juce-src\modules\juce_graphics\fonts\harfbuzz\hb-serialize.hh(259,30): warning C4242: 'argument': conversion from 'unsigned int' to 'Type', possible loss of data [C:\zenith\daw\build_nosk\ZenithDAW.vcxproj]
C:\zenith\daw\build_nosk\_deps\juce-src\modules\juce_graphics\fonts\harfbuzz\hb-serialize.hh(259,30): warning C4242:         with [C:\zenith\daw\build_nosk\ZenithDAW.vcxproj]
C:\zenith\daw\build_nosk\_deps\juce-src\modules\juce_graphics\fonts\harfbuzz\hb-serialize.hh(259,30): warning C4242:         [ [C:\zenith\daw\build_nosk\ZenithDAW.vcxproj]
C:\zenith\daw\build_nosk\_deps\juce-src\modules\juce_graphics\fonts\harfbuzz\hb-serialize.hh(259,30): warning C4242:             Type=uint16_t [C:\zenith\daw\build_nosk\ZenithDAW.vcxproj]
C:\zenith\daw\build_nosk\_deps\juce-src\modules\juce_graphics\fonts\harfbuzz\hb-serialize.hh(259,30): warning C4242:         ] [C:\zenith\daw\build_nosk\ZenithDAW.vcxproj]
  (compiling source file '_deps/juce-src/modules/juce_graphics/juce_graphics_Harfbuzz.cpp')
      C:\zenith\daw\build_nosk\_deps\juce-src\modules\juce_graphics\fonts\harfbuzz\hb-serialize.hh(259,30):
      the template instantiation context (the oldest one first) is
          C:\zenith\daw\build_nosk\_deps\juce-src\modules\juce_graphics\fonts\harfbuzz\hb-ot-layout-common.hh(3131,9):
          see reference to function template instantiation 'bool hb_serialize_context_t::check_assign<LenType,unsigned int&>(T1 &,T2,hb_serialize_error_t)' being compiled
          with
          [
              LenType=OT::HBUINT16,
              T1=OT::HBUINT16,
              T2=unsigned int &
          ]
  
C:\zenith\daw\build_nosk\_deps\juce-src\modules\juce_graphics\fonts\harfbuzz\hb-serialize.hh(259,30): warning C4242: 'argument': conversion from 'const V' to 'Type', possible loss of data [C:\zenith\daw\build_nosk\ZenithDAW.vcxproj]
C:\zenith\daw\build_nosk\_deps\juce-src\modules\juce_graphics\fonts\harfbuzz\hb-serialize.hh(259,30): warning C4242:         with [C:\zenith\daw\build_nosk\ZenithDAW.vcxproj]
C:\zenith\daw\build_nosk\_deps\juce-src\modules\juce_graphics\fonts\harfbuzz\hb-serialize.hh(259,30): warning C4242:         [ [C:\zenith\daw\build_nosk\ZenithDAW.vcxproj]
C:\zenith\daw\build_nosk\_deps\juce-src\modules\juce_graphics\fonts\harfbuzz\hb-serialize.hh(259,30): warning C4242:             V=hb_codepoint_t [C:\zenith\daw\build_nosk\ZenithDAW.vcxproj]
C:\zenith\daw\build_nosk\_deps\juce-src\modules\juce_graphics\fonts\harfbuzz\hb-serialize.hh(259,30): warning C4242:         ] [C:\zenith\daw\build_nosk\ZenithDAW.vcxproj]
C:\zenith\daw\build_nosk\_deps\juce-src\modules\juce_graphics\fonts\harfbuzz\hb-serialize.hh(259,30): warning C4242:         and [C:\zenith\daw\build_nosk\ZenithDAW.vcxproj]
C:\zenith\daw\build_nosk\_deps\juce-src\modules\juce_graphics\fonts\harfbuzz\hb-serialize.hh(259,30): warning C4242:         [ [C:\zenith\daw\build_nosk\ZenithDAW.vcxproj]
C:\zenith\daw\build_nosk\_deps\juce-src\modules\juce_graphics\fonts\harfbuzz\hb-serialize.hh(259,30): warning C4242:             Type=uint16_t [C:\zenith\daw\build_nosk\ZenithDAW.vcxproj]
C:\zenith\daw\build_nosk\_deps\juce-src\modules\juce_graphics\fonts\harfbuzz\hb-serialize.hh(259,30): warning C4242:         ] [C:\zenith\daw\build_nosk\ZenithDAW.vcxproj]
  (compiling source file '_deps/juce-src/modules/juce_graphics/juce_graphics_Harfbuzz.cpp')
      C:\zenith\daw\build_nosk\_deps\juce-src\modules\juce_graphics\fonts\harfbuzz\hb-serialize.hh(259,30):
      the template instantiation context (the oldest one first) is
          C:\zenith\daw\build_nosk\_deps\juce-src\modules\juce_graphics\fonts\harfbuzz\hb-ot-layout-common.hh(3345,5):
          see reference to function template instantiation 'bool hb_serialize_context_t::check_assign<OT::HBUINT16,const V&>(T1 &,T2,hb_serialize_error_t)' being compiled
          with
          [
              V=hb_codepoint_t,
              T1=OT::HBUINT16,
              T2=const hb_codepoint_t &
          ]
  
C:\zenith\daw\build_nosk\_deps\juce-src\modules\juce_graphics\fonts\harfbuzz\hb-serialize.hh(259,30): warning C4242: 'argument': conversion from 'T2' to 'uint16_t', possible loss of data [C:\zenith\daw\build_nosk\ZenithDAW.vcxproj]
C:\zenith\daw\build_nosk\_deps\juce-src\modules\juce_graphics\fonts\harfbuzz\hb-serialize.hh(259,30): warning C4242:         with [C:\zenith\daw\build_nosk\ZenithDAW.vcxproj]
C:\zenith\daw\build_nosk\_deps\juce-src\modules\juce_graphics\fonts\harfbuzz\hb-serialize.hh(259,30): warning C4242:         [ [C:\zenith\daw\build_nosk\ZenithDAW.vcxproj]
C:\zenith\daw\build_nosk\_deps\juce-src\modules\juce_graphics\fonts\harfbuzz\hb-serialize.hh(259,30): warning C4242:             T2=unsigned int [C:\zenith\daw\build_nosk\ZenithDAW.vcxproj]
C:\zenith\daw\build_nosk\_deps\juce-src\modules\juce_graphics\fonts\harfbuzz\hb-serialize.hh(259,30): warning C4242:         ] [C:\zenith\daw\build_nosk\ZenithDAW.vcxproj]
  (compiling source file '_deps/juce-src/modules/juce_graphics/juce_graphics_Harfbuzz.cpp')
      C:\zenith\daw\build_nosk\_deps\juce-src\modules\juce_graphics\fonts\harfbuzz\hb-serialize.hh(259,30):
      the template instantiation context (the oldest one first) is
          C:\zenith\daw\build_nosk\_deps\juce-src\modules\juce_graphics\fonts\harfbuzz\hb-ot-var-common.hh(1734,13):
          see reference to function template instantiation 'bool hb_serialize_context_t::check_assign<OT::TupleVariationData::TupleVarCount,unsigned int>(T1 &,T2 &&,hb_serialize_error_t)' being compiled
          with
          [
              T1=OT::TupleVariationData::TupleVarCount,
              T2=unsigned int
          ]
  
C:\zenith\daw\build_nosk\_deps\juce-src\modules\juce_graphics\fonts\harfbuzz\hb-serialize.hh(259,30): warning C4242: 'argument': conversion from 'unsigned int' to 'unsigned short', possible loss of data [C:\zenith\daw\build_nosk\ZenithDAW.vcxproj]
  (compiling source file '_deps/juce-src/modules/juce_graphics/juce_graphics_Harfbuzz.cpp')
      C:\zenith\daw\build_nosk\_deps\juce-src\modules\juce_graphics\fonts\harfbuzz\hb-serialize.hh(259,30):
      the template instantiation context (the oldest one first) is
          C:\zenith\daw\build_nosk\_deps\juce-src\modules\juce_graphics\fonts\harfbuzz\hb-ot-var-common.hh(1744,13):
          see reference to function template instantiation 'bool hb_serialize_context_t::check_assign<OT::OffsetTo<OT::HBUINT8,OT::HBUINT16,void,true>,unsigned int&>(T1 &,T2,hb_serialize_error_t)' being compiled
          with
          [
              T1=OT::OffsetTo<OT::HBUINT8,OT::HBUINT16,void,true>,
              T2=unsigned int &
          ]
  
C:\zenith\daw\build_nosk\_deps\juce-src\modules\juce_graphics\fonts\harfbuzz\hb-serialize.hh(259,30): warning C4242: 'argument': conversion from 'T2' to 'Type', possible loss of data [C:\zenith\daw\build_nosk\ZenithDAW.vcxproj]
C:\zenith\daw\build_nosk\_deps\juce-src\modules\juce_graphics\fonts\harfbuzz\hb-serialize.hh(259,30): warning C4242:         with [C:\zenith\daw\build_nosk\ZenithDAW.vcxproj]
C:\zenith\daw\build_nosk\_deps\juce-src\modules\juce_graphics\fonts\harfbuzz\hb-serialize.hh(259,30): warning C4242:         [ [C:\zenith\daw\build_nosk\ZenithDAW.vcxproj]
C:\zenith\daw\build_nosk\_deps\juce-src\modules\juce_graphics\fonts\harfbuzz\hb-serialize.hh(259,30): warning C4242:             T2=int [C:\zenith\daw\build_nosk\ZenithDAW.vcxproj]
C:\zenith\daw\build_nosk\_deps\juce-src\modules\juce_graphics\fonts\harfbuzz\hb-serialize.hh(259,30): warning C4242:         ] [C:\zenith\daw\build_nosk\ZenithDAW.vcxproj]
C:\zenith\daw\build_nosk\_deps\juce-src\modules\juce_graphics\fonts\harfbuzz\hb-serialize.hh(259,30): warning C4242:         and [C:\zenith\daw\build_nosk\ZenithDAW.vcxproj]
C:\zenith\daw\build_nosk\_deps\juce-src\modules\juce_graphics\fonts\harfbuzz\hb-serialize.hh(259,30): warning C4242:         [ [C:\zenith\daw\build_nosk\ZenithDAW.vcxproj]
C:\zenith\daw\build_nosk\_deps\juce-src\modules\juce_graphics\fonts\harfbuzz\hb-serialize.hh(259,30): warning C4242:             Type=int16_t [C:\zenith\daw\build_nosk\ZenithDAW.vcxproj]
C:\zenith\daw\build_nosk\_deps\juce-src\modules\juce_graphics\fonts\harfbuzz\hb-serialize.hh(259,30): warning C4242:         ] [C:\zenith\daw\build_nosk\ZenithDAW.vcxproj]
  (compiling source file '_deps/juce-src/modules/juce_graphics/juce_graphics_Harfbuzz.cpp')
      C:\zenith\daw\build_nosk\_deps\juce-src\modules\juce_graphics\fonts\harfbuzz\hb-serialize.hh(259,30):
      the template instantiation context (the oldest one first) is
          C:\zenith\daw\build_nosk\_deps\juce-src\modules\juce_graphics\fonts\harfbuzz\OT\Layout\GDEF\GDEF.hh(215,27):
          see reference to function template instantiation 'bool hb_serialize_context_t::check_assign<OT::FWORD,int>(T1 &,T2 &&,hb_serialize_error_t)' being compiled
          with
          [
              T1=OT::FWORD,
              T2=int
          ]
  
C:\zenith\daw\build_nosk\_deps\juce-src\modules\juce_graphics\fonts\harfbuzz\hb-serialize.hh(259,30): warning C4242: 'argument': conversion from 'T2' to 'Type', possible loss of data [C:\zenith\daw\build_nosk\ZenithDAW.vcxproj]
C:\zenith\daw\build_nosk\_deps\juce-src\modules\juce_graphics\fonts\harfbuzz\hb-serialize.hh(259,30): warning C4242:         with [C:\zenith\daw\build_nosk\ZenithDAW.vcxproj]
C:\zenith\daw\build_nosk\_deps\juce-src\modules\juce_graphics\fonts\harfbuzz\hb-serialize.hh(259,30): warning C4242:         [ [C:\zenith\daw\build_nosk\ZenithDAW.vcxproj]
C:\zenith\daw\build_nosk\_deps\juce-src\modules\juce_graphics\fonts\harfbuzz\hb-serialize.hh(259,30): warning C4242:             T2=int [C:\zenith\daw\build_nosk\ZenithDAW.vcxproj]
C:\zenith\daw\build_nosk\_deps\juce-src\modules\juce_graphics\fonts\harfbuzz\hb-serialize.hh(259,30): warning C4242:         ] [C:\zenith\daw\build_nosk\ZenithDAW.vcxproj]
C:\zenith\daw\build_nosk\_deps\juce-src\modules\juce_graphics\fonts\harfbuzz\hb-serialize.hh(259,30): warning C4242:         and [C:\zenith\daw\build_nosk\ZenithDAW.vcxproj]
C:\zenith\daw\build_nosk\_deps\juce-src\modules\juce_graphics\fonts\harfbuzz\hb-serialize.hh(259,30): warning C4242:         [ [C:\zenith\daw\build_nosk\ZenithDAW.vcxproj]
C:\zenith\daw\build_nosk\_deps\juce-src\modules\juce_graphics\fonts\harfbuzz\hb-serialize.hh(259,30): warning C4242:             Type=uint16_t [C:\zenith\daw\build_nosk\ZenithDAW.vcxproj]
C:\zenith\daw\build_nosk\_deps\juce-src\modules\juce_graphics\fonts\harfbuzz\hb-serialize.hh(259,30): warning C4242:         ] [C:\zenith\daw\build_nosk\ZenithDAW.vcxproj]
  (compiling source file '_deps/juce-src/modules/juce_graphics/juce_graphics_Harfbuzz.cpp')
      C:\zenith\daw\build_nosk\_deps\juce-src\modules\juce_graphics\fonts\harfbuzz\hb-serialize.hh(259,30):
      the template instantiation context (the oldest one first) is
          C:\zenith\daw\build_nosk\_deps\juce-src\modules\juce_graphics\fonts\harfbuzz\OT\Layout\GDEF\GDEF.hh(220,7):
          see reference to function template instantiation 'bool hb_serialize_context_t::check_assign<OT::HBUINT16,int>(T1 &,T2 &&,hb_serialize_error_t)' being compiled
          with
          [
              T1=OT::HBUINT16,
              T2=int
          ]
  
C:\zenith\daw\build_nosk\_deps\juce-src\modules\juce_graphics\fonts\harfbuzz\OT\Layout\GPOS\CursivePosFormat1.hh(271,40): warning C4242: 'argument': conversion from 'unsigned int' to 'Type', possible loss of data [C:\zenith\daw\build_nosk\ZenithDAW.vcxproj]
C:\zenith\daw\build_nosk\_deps\juce-src\modules\juce_graphics\fonts\harfbuzz\OT\Layout\GPOS\CursivePosFormat1.hh(271,40): warning C4242:         with [C:\zenith\daw\build_nosk\ZenithDAW.vcxproj]
C:\zenith\daw\build_nosk\_deps\juce-src\modules\juce_graphics\fonts\harfbuzz\OT\Layout\GPOS\CursivePosFormat1.hh(271,40): warning C4242:         [ [C:\zenith\daw\build_nosk\ZenithDAW.vcxproj]
C:\zenith\daw\build_nosk\_deps\juce-src\modules\juce_graphics\fonts\harfbuzz\OT\Layout\GPOS\CursivePosFormat1.hh(271,40): warning C4242:             Type=uint16_t [C:\zenith\daw\build_nosk\ZenithDAW.vcxproj]
C:\zenith\daw\build_nosk\_deps\juce-src\modules\juce_graphics\fonts\harfbuzz\OT\Layout\GPOS\CursivePosFormat1.hh(271,40): warning C4242:         ] [C:\zenith\daw\build_nosk\ZenithDAW.vcxproj]
  (compiling source file '_deps/juce-src/modules/juce_graphics/juce_graphics_Harfbuzz.cpp')
      C:\zenith\daw\build_nosk\_deps\juce-src\modules\juce_graphics\fonts\harfbuzz\OT\Layout\GPOS\CursivePosFormat1.hh(271,40):
      the template instantiation context (the oldest one first) is
          C:\zenith\daw\build_nosk\_deps\juce-src\modules\juce_graphics\fonts\harfbuzz\OT\Layout\GPOS\CursivePosFormat1.hh(301,10):
          see reference to function template instantiation 'void OT::Layout::GPOS_impl::CursivePosFormat1::serialize<hb_map_iter_t<_Ty,Proj,hb_function_sortedness_t::RETAINS_SORTING,0x0>,0x0>(hb_subset_context_t *,Iterator,const OT::Layout::GPOS_impl::CursivePosFormat1 *)' being compiled
          with
          [
              _Ty=hb_filter_iter_t<hb_zip_iter_t<OT::Layout::Common::Coverage::iter_t,hb_array_t<const OT::Layout::GPOS_impl::EntryExitRecord>>,const hb_set_t &,const <unnamed-type-hb_first> &,0x0>,
              Proj=OT::Layout::GPOS_impl::CursivePosFormat1::subset::<lambda_1>,
              Iterator=hb_map_iter_t<hb_filter_iter_t<hb_zip_iter_t<OT::Layout::Common::Coverage::iter_t,hb_array_t<const OT::Layout::GPOS_impl::EntryExitRecord>>,const hb_set_t &,const <unnamed-type-hb_first> &,0x0>,OT::Layout::GPOS_impl::CursivePosFormat1::subset::<lambda_1>,hb_function_sortedness_t::RETAINS_SORTING,0x0>
          ]
  
C:\zenith\daw\build_nosk\_deps\juce-src\modules\juce_graphics\fonts\harfbuzz\hb-ot-layout-common.hh(1390,27): warning C4242: 'argument': conversion from 'unsigned int' to 'Type', possible loss of data [C:\zenith\daw\build_nosk\ZenithDAW.vcxproj]
C:\zenith\daw\build_nosk\_deps\juce-src\modules\juce_graphics\fonts\harfbuzz\hb-ot-layout-common.hh(1390,27): warning C4242:         with [C:\zenith\daw\build_nosk\ZenithDAW.vcxproj]
C:\zenith\daw\build_nosk\_deps\juce-src\modules\juce_graphics\fonts\harfbuzz\hb-ot-layout-common.hh(1390,27): warning C4242:         [ [C:\zenith\daw\build_nosk\ZenithDAW.vcxproj]
C:\zenith\daw\build_nosk\_deps\juce-src\modules\juce_graphics\fonts\harfbuzz\hb-ot-layout-common.hh(1390,27): warning C4242:             Type=uint16_t [C:\zenith\daw\build_nosk\ZenithDAW.vcxproj]
C:\zenith\daw\build_nosk\_deps\juce-src\modules\juce_graphics\fonts\harfbuzz\hb-ot-layout-common.hh(1390,27): warning C4242:         ] [C:\zenith\daw\build_nosk\ZenithDAW.vcxproj]
  (compiling source file '_deps/juce-src/modules/juce_graphics/juce_graphics_Harfbuzz.cpp')
      C:\zenith\daw\build_nosk\_deps\juce-src\modules\juce_graphics\fonts\harfbuzz\hb-ot-layout-common.hh(1390,27):
      the template instantiation context (the oldest one first) is
          C:\zenith\daw\build_nosk\_deps\juce-src\modules\juce_graphics\fonts\harfbuzz\OT\Layout\GPOS\PosLookup.hh(69,20):
          see reference to function template instantiation 'bool OT::Lookup::subset<OT::Layout::GPOS_impl::PosLookup::SubTable>(hb_subset_context_t *) const' being compiled
  
C:\zenith\daw\build_nosk\_deps\juce-src\modules\juce_graphics\fonts\harfbuzz\hb-ot-layout-common.hh(1396,31): warning C4242: 'argument': conversion from 'hb_codepoint_t' to 'Type', possible loss of data [C:\zenith\daw\build_nosk\ZenithDAW.vcxproj]
C:\zenith\daw\build_nosk\_deps\juce-src\modules\juce_graphics\fonts\harfbuzz\hb-ot-layout-common.hh(1396,31): warning C4242:         with [C:\zenith\daw\build_nosk\ZenithDAW.vcxproj]
C:\zenith\daw\build_nosk\_deps\juce-src\modules\juce_graphics\fonts\harfbuzz\hb-ot-layout-common.hh(1396,31): warning C4242:         [ [C:\zenith\daw\build_nosk\ZenithDAW.vcxproj]
C:\zenith\daw\build_nosk\_deps\juce-src\modules\juce_graphics\fonts\harfbuzz\hb-ot-layout-common.hh(1396,31): warning C4242:             Type=uint16_t [C:\zenith\daw\build_nosk\ZenithDAW.vcxproj]
C:\zenith\daw\build_nosk\_deps\juce-src\modules\juce_graphics\fonts\harfbuzz\hb-ot-layout-common.hh(1396,31): warning C4242:         ] [C:\zenith\daw\build_nosk\ZenithDAW.vcxproj]
  (compiling source file '_deps/juce-src/modules/juce_graphics/juce_graphics_Harfbuzz.cpp')
  
C:\zenith\daw\build_nosk\_deps\juce-src\modules\juce_graphics\fonts\harfbuzz\hb-serialize.hh(259,30): warning C4242: 'argument': conversion from 'unsigned int' to 'Type', possible loss of data [C:\zenith\daw\build_nosk\ZenithDAW.vcxproj]
C:\zenith\daw\build_nosk\_deps\juce-src\modules\juce_graphics\fonts\harfbuzz\hb-serialize.hh(259,30): warning C4242:         with [C:\zenith\daw\build_nosk\ZenithDAW.vcxproj]
C:\zenith\daw\build_nosk\_deps\juce-src\modules\juce_graphics\fonts\harfbuzz\hb-serialize.hh(259,30): warning C4242:         [ [C:\zenith\daw\build_nosk\ZenithDAW.vcxproj]
C:\zenith\daw\build_nosk\_deps\juce-src\modules\juce_graphics\fonts\harfbuzz\hb-serialize.hh(259,30): warning C4242:             Type=int16_t [C:\zenith\daw\build_nosk\ZenithDAW.vcxproj]
C:\zenith\daw\build_nosk\_deps\juce-src\modules\juce_graphics\fonts\harfbuzz\hb-serialize.hh(259,30): warning C4242:         ] [C:\zenith\daw\build_nosk\ZenithDAW.vcxproj]
  (compiling source file '_deps/juce-src/modules/juce_graphics/juce_graphics_Harfbuzz.cpp')
      C:\zenith\daw\build_nosk\_deps\juce-src\modules\juce_graphics\fonts\harfbuzz\hb-serialize.hh(259,30):
      the template instantiation context (the oldest one first) is
          C:\zenith\daw\build_nosk\_deps\juce-src\modules\juce_graphics\fonts\harfbuzz\hb-ot-os2-table.hh(266,27):
          see reference to function template instantiation 'bool hb_serialize_context_t::check_assign<OT::HBINT16,unsigned int&>(T1 &,T2,hb_serialize_error_t)' being compiled
          with
          [
              T1=OT::HBINT16,
              T2=unsigned int &
          ]
  
C:\zenith\daw\build_nosk\_deps\juce-src\modules\juce_graphics\fonts\harfbuzz\hb-serialize.hh(259,30): warning C4242: 'argument': conversion from 'const V' to 'uint16_t', possible loss of data [C:\zenith\daw\build_nosk\ZenithDAW.vcxproj]
C:\zenith\daw\build_nosk\_deps\juce-src\modules\juce_graphics\fonts\harfbuzz\hb-serialize.hh(259,30): warning C4242:         with [C:\zenith\daw\build_nosk\ZenithDAW.vcxproj]
C:\zenith\daw\build_nosk\_deps\juce-src\modules\juce_graphics\fonts\harfbuzz\hb-serialize.hh(259,30): warning C4242:         [ [C:\zenith\daw\build_nosk\ZenithDAW.vcxproj]
C:\zenith\daw\build_nosk\_deps\juce-src\modules\juce_graphics\fonts\harfbuzz\hb-serialize.hh(259,30): warning C4242:             V=hb_codepoint_t [C:\zenith\daw\build_nosk\ZenithDAW.vcxproj]
C:\zenith\daw\build_nosk\_deps\juce-src\modules\juce_graphics\fonts\harfbuzz\hb-serialize.hh(259,30): warning C4242:         ] [C:\zenith\daw\build_nosk\ZenithDAW.vcxproj]
  (compiling source file '_deps/juce-src/modules/juce_graphics/juce_graphics_Harfbuzz.cpp')
      C:\zenith\daw\build_nosk\_deps\juce-src\modules\juce_graphics\fonts\harfbuzz\hb-serialize.hh(259,30):
      the template instantiation context (the oldest one first) is
          C:\zenith\daw\build_nosk\_deps\juce-src\modules\juce_graphics\fonts\harfbuzz\OT\Color\COLR\COLR.hh(1863,13):
          see reference to function template instantiation 'bool hb_serialize_context_t::check_assign<OT::HBGlyphID16,const V&>(T1 &,T2,hb_serialize_error_t)' being compiled
          with
          [
              V=hb_codepoint_t,
              T1=OT::HBGlyphID16,
              T2=const hb_codepoint_t &
          ]
  
C:\zenith\daw\build_nosk\_deps\juce-src\modules\juce_graphics\fonts\harfbuzz\OT\Color\COLR\COLR.hh(2089,21): warning C4242: 'argument': conversion from 'unsigned int' to 'Type', possible loss of data [C:\zenith\daw\build_nosk\ZenithDAW.vcxproj]
C:\zenith\daw\build_nosk\_deps\juce-src\modules\juce_graphics\fonts\harfbuzz\OT\Color\COLR\COLR.hh(2089,21): warning C4242:         with [C:\zenith\daw\build_nosk\ZenithDAW.vcxproj]
C:\zenith\daw\build_nosk\_deps\juce-src\modules\juce_graphics\fonts\harfbuzz\OT\Color\COLR\COLR.hh(2089,21): warning C4242:         [ [C:\zenith\daw\build_nosk\ZenithDAW.vcxproj]
C:\zenith\daw\build_nosk\_deps\juce-src\modules\juce_graphics\fonts\harfbuzz\OT\Color\COLR\COLR.hh(2089,21): warning C4242:             Type=uint16_t [C:\zenith\daw\build_nosk\ZenithDAW.vcxproj]
C:\zenith\daw\build_nosk\_deps\juce-src\modules\juce_graphics\fonts\harfbuzz\OT\Color\COLR\COLR.hh(2089,21): warning C4242:         ] [C:\zenith\daw\build_nosk\ZenithDAW.vcxproj]
  (compiling source file '_deps/juce-src/modules/juce_graphics/juce_graphics_Harfbuzz.cpp')
      C:\zenith\daw\build_nosk\_deps\juce-src\modules\juce_graphics\fonts\harfbuzz\OT\Color\COLR\COLR.hh(2089,21):
      the template instantiation context (the oldest one first) is
          C:\zenith\daw\build_nosk\_deps\juce-src\modules\juce_graphics\fonts\harfbuzz\OT\Color\COLR\COLR.hh(2204,5):
          see reference to function template instantiation 'bool OT::COLR::serialize_V0<hb_map_iter_t<_Ty,Proj,hb_function_sortedness_t::RETAINS_SORTING,0x0>,hb_map_iter_t<hb_filter_iter_t<hb_map_iter_t<hb_filter_iter_t<hb_map_iter_t<hb_range_iter_t<unsigned int,unsigned int>,const hb_map_t&,hb_function_sortedness_t::NOT_SORTED,0x0>,Pred,const <unnamed-type-hb_identity>&,0x0>,OT::COLR::subset::<lambda_3>,hb_function_sortedness_t::RETAINS_SORTING,0x0>,const <unnamed-type-hb_first>&,const <unnamed-type-hb_identity>&,0x0>,Proj,hb_function_sortedness_t::RETAINS_SORTING,0x0>,0x0,0x0>(hb_serialize_context_t *,unsigned int,BaseIterator,LayerIterator)' being compiled
          with
          [
              _Ty=hb_filter_iter_t<hb_map_iter_t<hb_filter_iter_t<hb_range_iter_t<unsigned int,unsigned int>,OT::COLR::subset::<lambda_1>,const <unnamed-type-hb_identity> &,0x0>,OT::COLR::subset::<lambda_2>,hb_function_sortedness_t::RETAINS_SORTING,0x0>,const <unnamed-type-hb_first> &,const <unnamed-type-hb_identity> &,0x0>,
              Proj=const <unnamed-type-hb_second> &,
              Pred=const hb_set_t &,
              BaseIterator=hb_map_iter_t<hb_filter_iter_t<hb_map_iter_t<hb_filter_iter_t<hb_range_iter_t<unsigned int,unsigned int>,OT::COLR::subset::<lambda_1>,const <unnamed-type-hb_identity> &,0x0>,OT::COLR::subset::<lambda_2>,hb_function_sortedness_t::RETAINS_SORTING,0x0>,const <unnamed-type-hb_first> &,const <unnamed-type-hb_identity> &,0x0>,const <unnamed-type-hb_second> &,hb_function_sortedness_t::RETAINS_SORTING,0x0>,
              LayerIterator=hb_map_iter_t<hb_filter_iter_t<hb_map_iter_t<hb_filter_iter_t<hb_map_iter_t<hb_range_iter_t<unsigned int,unsigned int>,const hb_map_t &,hb_function_sortedness_t::NOT_SORTED,0x0>,const hb_set_t &,const <unnamed-type-hb_identity> &,0x0>,OT::COLR::subset::<lambda_3>,hb_function_sortedness_t::RETAINS_SORTING,0x0>,const <unnamed-type-hb_first> &,const <unnamed-type-hb_identity> &,0x0>,const <unnamed-type-hb_second> &,hb_function_sortedness_t::RETAINS_SORTING,0x0>
          ]
  
C:\zenith\daw\build_nosk\_deps\juce-src\modules\juce_graphics\fonts\harfbuzz\OT\Color\COLR\COLR.hh(2091,33): warning C4242: 'argument': conversion from 'unsigned int' to 'Type', possible loss of data [C:\zenith\daw\build_nosk\ZenithDAW.vcxproj]
C:\zenith\daw\build_nosk\_deps\juce-src\modules\juce_graphics\fonts\harfbuzz\OT\Color\COLR\COLR.hh(2091,33): warning C4242:         with [C:\zenith\daw\build_nosk\ZenithDAW.vcxproj]
C:\zenith\daw\build_nosk\_deps\juce-src\modules\juce_graphics\fonts\harfbuzz\OT\Color\COLR\COLR.hh(2091,33): warning C4242:         [ [C:\zenith\daw\build_nosk\ZenithDAW.vcxproj]
C:\zenith\daw\build_nosk\_deps\juce-src\modules\juce_graphics\fonts\harfbuzz\OT\Color\COLR\COLR.hh(2091,33): warning C4242:             Type=uint16_t [C:\zenith\daw\build_nosk\ZenithDAW.vcxproj]
C:\zenith\daw\build_nosk\_deps\juce-src\modules\juce_graphics\fonts\harfbuzz\OT\Color\COLR\COLR.hh(2091,33): warning C4242:         ] [C:\zenith\daw\build_nosk\ZenithDAW.vcxproj]
  (compiling source file '_deps/juce-src/modules/juce_graphics/juce_graphics_Harfbuzz.cpp')
  
C:\zenith\daw\build_nosk\_deps\juce-src\modules\juce_graphics\fonts\harfbuzz\hb-serialize.hh(259,30): warning C4242: 'argument': conversion from 'int' to 'Type', possible loss of data [C:\zenith\daw\build_nosk\ZenithDAW.vcxproj]
C:\zenith\daw\build_nosk\_deps\juce-src\modules\juce_graphics\fonts\harfbuzz\hb-serialize.hh(259,30): warning C4242:         with [C:\zenith\daw\build_nosk\ZenithDAW.vcxproj]
C:\zenith\daw\build_nosk\_deps\juce-src\modules\juce_graphics\fonts\harfbuzz\hb-serialize.hh(259,30): warning C4242:         [ [C:\zenith\daw\build_nosk\ZenithDAW.vcxproj]
C:\zenith\daw\build_nosk\_deps\juce-src\modules\juce_graphics\fonts\harfbuzz\hb-serialize.hh(259,30): warning C4242:             Type=int16_t [C:\zenith\daw\build_nosk\ZenithDAW.vcxproj]
C:\zenith\daw\build_nosk\_deps\juce-src\modules\juce_graphics\fonts\harfbuzz\hb-serialize.hh(259,30): warning C4242:         ] [C:\zenith\daw\build_nosk\ZenithDAW.vcxproj]
  (compiling source file '_deps/juce-src/modules/juce_graphics/juce_graphics_Harfbuzz.cpp')
      C:\zenith\daw\build_nosk\_deps\juce-src\modules\juce_graphics\fonts\harfbuzz\hb-serialize.hh(259,30):
      the template instantiation context (the oldest one first) is
          C:\zenith\daw\build_nosk\_deps\juce-src\modules\juce_graphics\fonts\harfbuzz\hb-ot-head-table.hh(71,11):
          see reference to function template instantiation 'bool hb_serialize_context_t::check_assign<OT::HBINT16,int&>(T1 &,T2,hb_serialize_error_t)' being compiled
          with
          [
              T1=OT::HBINT16,
              T2=int &
          ]
  
C:\zenith\daw\build_nosk\_deps\juce-src\modules\juce_graphics\fonts\harfbuzz\hb-ot-var-gvar-table.hh(351,22): warning C4242: 'argument': conversion from 'unsigned int' to 'Type', possible loss of data [C:\zenith\daw\build_nosk\ZenithDAW.vcxproj]
C:\zenith\daw\build_nosk\_deps\juce-src\modules\juce_graphics\fonts\harfbuzz\hb-ot-var-gvar-table.hh(351,22): warning C4242:         with [C:\zenith\daw\build_nosk\ZenithDAW.vcxproj]
C:\zenith\daw\build_nosk\_deps\juce-src\modules\juce_graphics\fonts\harfbuzz\hb-ot-var-gvar-table.hh(351,22): warning C4242:         [ [C:\zenith\daw\build_nosk\ZenithDAW.vcxproj]
C:\zenith\daw\build_nosk\_deps\juce-src\modules\juce_graphics\fonts\harfbuzz\hb-ot-var-gvar-table.hh(351,22): warning C4242:             Type=uint16_t [C:\zenith\daw\build_nosk\ZenithDAW.vcxproj]
C:\zenith\daw\build_nosk\_deps\juce-src\modules\juce_graphics\fonts\harfbuzz\hb-ot-var-gvar-table.hh(351,22): warning C4242:         ] [C:\zenith\daw\build_nosk\ZenithDAW.vcxproj]
  (compiling source file '_deps/juce-src/modules/juce_graphics/juce_graphics_Harfbuzz.cpp')
      C:\zenith\daw\build_nosk\_deps\juce-src\modules\juce_graphics\fonts\harfbuzz\hb-ot-var-gvar-table.hh(351,22):
      the template instantiation context (the oldest one first) is
          C:\zenith\daw\build_nosk\_deps\juce-src\modules\juce_graphics\fonts\harfbuzz\hb-ot-var-gvar-table.hh(396,5):
          see reference to function template instantiation 'bool OT::gvar::serialize<hb_sorted_array_t<const Type>,0x0>(hb_serialize_context_t *,const OT::glyph_variations_t &,Iterator,unsigned int,unsigned int) const' being compiled
          with
          [
              Type=hb_codepoint_pair_t,
              Iterator=hb_sorted_array_t<const hb_codepoint_pair_t>
          ]
  
C:\zenith\daw\build_nosk\_deps\juce-src\modules\juce_graphics\fonts\harfbuzz\hb-ot-var-gvar-table.hh(352,31): warning C4242: 'argument': conversion from 'T' to 'Type', possible loss of data [C:\zenith\daw\build_nosk\ZenithDAW.vcxproj]
C:\zenith\daw\build_nosk\_deps\juce-src\modules\juce_graphics\fonts\harfbuzz\hb-ot-var-gvar-table.hh(352,31): warning C4242:         with [C:\zenith\daw\build_nosk\ZenithDAW.vcxproj]
C:\zenith\daw\build_nosk\_deps\juce-src\modules\juce_graphics\fonts\harfbuzz\hb-ot-var-gvar-table.hh(352,31): warning C4242:         [ [C:\zenith\daw\build_nosk\ZenithDAW.vcxproj]
C:\zenith\daw\build_nosk\_deps\juce-src\modules\juce_graphics\fonts\harfbuzz\hb-ot-var-gvar-table.hh(352,31): warning C4242:             T=unsigned int [C:\zenith\daw\build_nosk\ZenithDAW.vcxproj]
C:\zenith\daw\build_nosk\_deps\juce-src\modules\juce_graphics\fonts\harfbuzz\hb-ot-var-gvar-table.hh(352,31): warning C4242:         ] [C:\zenith\daw\build_nosk\ZenithDAW.vcxproj]
C:\zenith\daw\build_nosk\_deps\juce-src\modules\juce_graphics\fonts\harfbuzz\hb-ot-var-gvar-table.hh(352,31): warning C4242:         and [C:\zenith\daw\build_nosk\ZenithDAW.vcxproj]
C:\zenith\daw\build_nosk\_deps\juce-src\modules\juce_graphics\fonts\harfbuzz\hb-ot-var-gvar-table.hh(352,31): warning C4242:         [ [C:\zenith\daw\build_nosk\ZenithDAW.vcxproj]
C:\zenith\daw\build_nosk\_deps\juce-src\modules\juce_graphics\fonts\harfbuzz\hb-ot-var-gvar-table.hh(352,31): warning C4242:             Type=uint16_t [C:\zenith\daw\build_nosk\ZenithDAW.vcxproj]
C:\zenith\daw\build_nosk\_deps\juce-src\modules\juce_graphics\fonts\harfbuzz\hb-ot-var-gvar-table.hh(352,31): warning C4242:         ] [C:\zenith\daw\build_nosk\ZenithDAW.vcxproj]
  (compiling source file '_deps/juce-src/modules/juce_graphics/juce_graphics_Harfbuzz.cpp')
  
C:\zenith\daw\build_nosk\_deps\juce-src\modules\juce_graphics\fonts\harfbuzz\hb-ot-var-gvar-table.hh(363,29): warning C4242: 'argument': conversion from 'unsigned int' to 'Type', possible loss of data [C:\zenith\daw\build_nosk\ZenithDAW.vcxproj]
C:\zenith\daw\build_nosk\_deps\juce-src\modules\juce_graphics\fonts\harfbuzz\hb-ot-var-gvar-table.hh(363,29): warning C4242:         with [C:\zenith\daw\build_nosk\ZenithDAW.vcxproj]
C:\zenith\daw\build_nosk\_deps\juce-src\modules\juce_graphics\fonts\harfbuzz\hb-ot-var-gvar-table.hh(363,29): warning C4242:         [ [C:\zenith\daw\build_nosk\ZenithDAW.vcxproj]
C:\zenith\daw\build_nosk\_deps\juce-src\modules\juce_graphics\fonts\harfbuzz\hb-ot-var-gvar-table.hh(363,29): warning C4242:             Type=uint16_t [C:\zenith\daw\build_nosk\ZenithDAW.vcxproj]
C:\zenith\daw\build_nosk\_deps\juce-src\modules\juce_graphics\fonts\harfbuzz\hb-ot-var-gvar-table.hh(363,29): warning C4242:         ] [C:\zenith\daw\build_nosk\ZenithDAW.vcxproj]
  (compiling source file '_deps/juce-src/modules/juce_graphics/juce_graphics_Harfbuzz.cpp')
  
C:\zenith\daw\build_nosk\_deps\juce-src\modules\juce_graphics\fonts\harfbuzz\hb-serialize.hh(259,30): warning C4242: 'argument': conversion from 'T2' to 'Type', possible loss of data [C:\zenith\daw\build_nosk\ZenithDAW.vcxproj]
C:\zenith\daw\build_nosk\_deps\juce-src\modules\juce_graphics\fonts\harfbuzz\hb-serialize.hh(259,30): warning C4242:         with [C:\zenith\daw\build_nosk\ZenithDAW.vcxproj]
C:\zenith\daw\build_nosk\_deps\juce-src\modules\juce_graphics\fonts\harfbuzz\hb-serialize.hh(259,30): warning C4242:         [ [C:\zenith\daw\build_nosk\ZenithDAW.vcxproj]
C:\zenith\daw\build_nosk\_deps\juce-src\modules\juce_graphics\fonts\harfbuzz\hb-serialize.hh(259,30): warning C4242:             T2=unsigned int [C:\zenith\daw\build_nosk\ZenithDAW.vcxproj]
C:\zenith\daw\build_nosk\_deps\juce-src\modules\juce_graphics\fonts\harfbuzz\hb-serialize.hh(259,30): warning C4242:         ] [C:\zenith\daw\build_nosk\ZenithDAW.vcxproj]
C:\zenith\daw\build_nosk\_deps\juce-src\modules\juce_graphics\fonts\harfbuzz\hb-serialize.hh(259,30): warning C4242:         and [C:\zenith\daw\build_nosk\ZenithDAW.vcxproj]
C:\zenith\daw\build_nosk\_deps\juce-src\modules\juce_graphics\fonts\harfbuzz\hb-serialize.hh(259,30): warning C4242:         [ [C:\zenith\daw\build_nosk\ZenithDAW.vcxproj]
C:\zenith\daw\build_nosk\_deps\juce-src\modules\juce_graphics\fonts\harfbuzz\hb-serialize.hh(259,30): warning C4242:             Type=uint16_t [C:\zenith\daw\build_nosk\ZenithDAW.vcxproj]
C:\zenith\daw\build_nosk\_deps\juce-src\modules\juce_graphics\fonts\harfbuzz\hb-serialize.hh(259,30): warning C4242:         ] [C:\zenith\daw\build_nosk\ZenithDAW.vcxproj]
  (compiling source file '_deps/juce-src/modules/juce_graphics/juce_graphics_Harfbuzz.cpp')
      C:\zenith\daw\build_nosk\_deps\juce-src\modules\juce_graphics\fonts\harfbuzz\hb-serialize.hh(259,30):
      the template instantiation context (the oldest one first) is
          C:\zenith\daw\build_nosk\_deps\juce-src\modules\juce_graphics\fonts\harfbuzz\hb-ot-var-fvar-table.hh(438,25):
          see reference to function template instantiation 'bool hb_serialize_context_t::check_assign<OT::HBUINT16,unsigned int>(T1 &,T2 &&,hb_serialize_error_t)' being compiled
          with
          [
              T1=OT::HBUINT16,
              T2=unsigned int
          ]
  
C:\zenith\daw\build_nosk\_deps\juce-src\modules\juce_graphics\fonts\harfbuzz\hb-serialize.hh(259,30): warning C4242: 'argument': conversion from 'T2' to 'unsigned short', possible loss of data [C:\zenith\daw\build_nosk\ZenithDAW.vcxproj]
C:\zenith\daw\build_nosk\_deps\juce-src\modules\juce_graphics\fonts\harfbuzz\hb-serialize.hh(259,30): warning C4242:         with [C:\zenith\daw\build_nosk\ZenithDAW.vcxproj]
C:\zenith\daw\build_nosk\_deps\juce-src\modules\juce_graphics\fonts\harfbuzz\hb-serialize.hh(259,30): warning C4242:         [ [C:\zenith\daw\build_nosk\ZenithDAW.vcxproj]
C:\zenith\daw\build_nosk\_deps\juce-src\modules\juce_graphics\fonts\harfbuzz\hb-serialize.hh(259,30): warning C4242:             T2=unsigned int [C:\zenith\daw\build_nosk\ZenithDAW.vcxproj]
C:\zenith\daw\build_nosk\_deps\juce-src\modules\juce_graphics\fonts\harfbuzz\hb-serialize.hh(259,30): warning C4242:         ] [C:\zenith\daw\build_nosk\ZenithDAW.vcxproj]
  (compiling source file '_deps/juce-src/modules/juce_graphics/juce_graphics_Harfbuzz.cpp')
      C:\zenith\daw\build_nosk\_deps\juce-src\modules\juce_graphics\fonts\harfbuzz\hb-serialize.hh(259,30):
      the template instantiation context (the oldest one first) is
          C:\zenith\daw\build_nosk\_deps\juce-src\modules\juce_graphics\fonts\harfbuzz\hb-ot-var-fvar-table.hh(450,25):
          see reference to function template instantiation 'bool hb_serialize_context_t::check_assign<OT::OffsetTo<OT::AxisRecord,OT::HBUINT16,void,true>,unsigned int>(T1 &,T2 &&,hb_serialize_error_t)' being compiled
          with
          [
              T1=OT::OffsetTo<OT::AxisRecord,OT::HBUINT16,void,true>,
              T2=unsigned int
          ]
  
C:\zenith\daw\build_nosk\_deps\juce-src\modules\juce_graphics\fonts\harfbuzz\hb-vector.hh(223,25): warning C4242: 'initializing': conversion from '_Ty' to 'char', possible loss of data [C:\zenith\daw\build_nosk\ZenithDAW.vcxproj]
C:\zenith\daw\build_nosk\_deps\juce-src\modules\juce_graphics\fonts\harfbuzz\hb-vector.hh(223,25): warning C4242:         with [C:\zenith\daw\build_nosk\ZenithDAW.vcxproj]
C:\zenith\daw\build_nosk\_deps\juce-src\modules\juce_graphics\fonts\harfbuzz\hb-vector.hh(223,25): warning C4242:         [ [C:\zenith\daw\build_nosk\ZenithDAW.vcxproj]
C:\zenith\daw\build_nosk\_deps\juce-src\modules\juce_graphics\fonts\harfbuzz\hb-vector.hh(223,25): warning C4242:             _Ty=int [C:\zenith\daw\build_nosk\ZenithDAW.vcxproj]
C:\zenith\daw\build_nosk\_deps\juce-src\modules\juce_graphics\fonts\harfbuzz\hb-vector.hh(223,25): warning C4242:         ] [C:\zenith\daw\build_nosk\ZenithDAW.vcxproj]
  (compiling source file '_deps/juce-src/modules/juce_graphics/juce_graphics_Harfbuzz.cpp')
      C:\zenith\daw\build_nosk\_deps\juce-src\modules\juce_graphics\fonts\harfbuzz\hb-vector.hh(223,25):
      the template instantiation context (the oldest one first) is
          C:\zenith\daw\build_nosk\_deps\juce-src\modules\juce_graphics\fonts\harfbuzz\hb-subset-cff-common.hh(157,16):
          see reference to function template instantiation 'Type *hb_vector_t<Type,false>::push<int>(int &&)' being compiled
          with
          [
              Type=char
          ]
              C:\zenith\daw\build_nosk\_deps\juce-src\modules\juce_graphics\fonts\harfbuzz\hb-subset-cff-common.hh(157,21):
              see the first reference to 'hb_vector_t<char,false>::push' in 'CFF::str_encoder_t::encode_num_tp'
  
C:\zenith\daw\build_nosk\_deps\juce-src\modules\juce_graphics\fonts\harfbuzz\OT\name\name.hh(382,36): warning C4242: 'argument': conversion from 'unsigned int' to 'unsigned short', possible loss of data [C:\zenith\daw\build_nosk\ZenithDAW.vcxproj]
  (compiling source file '_deps/juce-src/modules/juce_graphics/juce_graphics_Harfbuzz.cpp')
      C:\zenith\daw\build_nosk\_deps\juce-src\modules\juce_graphics\fonts\harfbuzz\OT\name\name.hh(382,36):
      the template instantiation context (the oldest one first) is
          C:\zenith\daw\build_nosk\_deps\juce-src\modules\juce_graphics\fonts\harfbuzz\OT\name\name.hh(450,24):
          see reference to function template instantiation 'bool OT::name::serialize<hb_filter_iter_t<_Ty,Pred,Proj,0x0>,0x0>(hb_serialize_context_t *,Iterator,const void *)' being compiled
          with
          [
              _Ty=hb_filter_iter_t<hb_filter_iter_t<hb_array_t<const OT::NameRecord>,hb_set_t &,OT::IntType<uint16_t,2> OT::NameRecord::* ,0x0>,hb_set_t &,OT::IntType<uint16_t,2> OT::NameRecord::* ,0x0>,
              Pred=OT::name::subset::<lambda_1>,
              Proj=const <unnamed-type-hb_identity> &,
              Iterator=hb_filter_iter_t<hb_filter_iter_t<hb_filter_iter_t<hb_array_t<const OT::NameRecord>,hb_set_t &,OT::IntType<uint16_t,2> OT::NameRecord::* ,0x0>,hb_set_t &,OT::IntType<uint16_t,2> OT::NameRecord::* ,0x0>,OT::name::subset::<lambda_1>,const <unnamed-type-hb_identity> &,0x0>
          ]
  
C:\zenith\daw\build_nosk\_deps\juce-src\modules\juce_graphics\fonts\harfbuzz\hb-ot-vorg-table.hh(85,37): warning C4242: 'argument': conversion from 'unsigned int' to 'Type', possible loss of data [C:\zenith\daw\build_nosk\ZenithDAW.vcxproj]
C:\zenith\daw\build_nosk\_deps\juce-src\modules\juce_graphics\fonts\harfbuzz\hb-ot-vorg-table.hh(85,37): warning C4242:         with [C:\zenith\daw\build_nosk\ZenithDAW.vcxproj]
C:\zenith\daw\build_nosk\_deps\juce-src\modules\juce_graphics\fonts\harfbuzz\hb-ot-vorg-table.hh(85,37): warning C4242:         [ [C:\zenith\daw\build_nosk\ZenithDAW.vcxproj]
C:\zenith\daw\build_nosk\_deps\juce-src\modules\juce_graphics\fonts\harfbuzz\hb-ot-vorg-table.hh(85,37): warning C4242:             Type=uint16_t [C:\zenith\daw\build_nosk\ZenithDAW.vcxproj]
C:\zenith\daw\build_nosk\_deps\juce-src\modules\juce_graphics\fonts\harfbuzz\hb-ot-vorg-table.hh(85,37): warning C4242:         ] [C:\zenith\daw\build_nosk\ZenithDAW.vcxproj]
  (compiling source file '_deps/juce-src/modules/juce_graphics/juce_graphics_Harfbuzz.cpp')
      C:\zenith\daw\build_nosk\_deps\juce-src\modules\juce_graphics\fonts\harfbuzz\hb-ot-vorg-table.hh(85,37):
      the template instantiation context (the oldest one first) is
          C:\zenith\daw\build_nosk\_deps\juce-src\modules\juce_graphics\fonts\harfbuzz\hb-ot-vorg-table.hh(112,17):
          see reference to function template instantiation 'void OT::VORG::serialize<hb_map_iter_t<_Ty,Proj,hb_function_sortedness_t::NOT_SORTED,0x0>,0x0>(hb_serialize_context_t *,Iterator,OT::FWORD)' being compiled
          with
          [
              _Ty=hb_filter_iter_t<hb_sorted_array_t<const OT::VertOriginMetric>,const hb_set_t *,OT::HBGlyphID16 OT::VertOriginMetric::* ,0x0>,
              Proj=OT::VORG::subset::<lambda_1>,
              Iterator=hb_map_iter_t<hb_filter_iter_t<hb_sorted_array_t<const OT::VertOriginMetric>,const hb_set_t *,OT::HBGlyphID16 OT::VertOriginMetric::* ,0x0>,OT::VORG::subset::<lambda_1>,hb_function_sortedness_t::NOT_SORTED,0x0>
          ]
  
C:\zenith\daw\build_nosk\_deps\juce-src\modules\juce_graphics\fonts\harfbuzz\hb-ot-shaper-arabic-fallback.hh(133,38): warning C4242: 'argument': conversion from 'hb_codepoint_t' to 'uint16_t', possible loss of data [C:\zenith\daw\build_nosk\ZenithDAW.vcxproj]
  (compiling source file '_deps/juce-src/modules/juce_graphics/juce_graphics_Harfbuzz.cpp')
      C:\zenith\daw\build_nosk\_deps\juce-src\modules\juce_graphics\fonts\harfbuzz\hb-ot-shaper-arabic-fallback.hh(133,38):
      the template instantiation context (the oldest one first) is
          C:\zenith\daw\build_nosk\_deps\juce-src\modules\juce_graphics\fonts\harfbuzz\hb-ot-shaper-arabic-fallback.hh(213,22):
          see reference to function template instantiation 'OT::Layout::GSUB_impl::SubstLookup *arabic_fallback_synthesize_lookup_ligature<ligature_3_set_t[1]>(const hb_ot_shape_plan_t *,hb_font_t *,const T (&),unsigned int)' being compiled
          with
          [
              T=ligature_3_set_t [1]
          ]
  
C:\zenith\daw\build_nosk\_deps\juce-src\modules\juce_graphics\fonts\harfbuzz\hb-ot-shaper-arabic-fallback.hh(169,37): warning C4242: 'argument': conversion from 'hb_codepoint_t' to 'uint16_t', possible loss of data [C:\zenith\daw\build_nosk\ZenithDAW.vcxproj]
  (compiling source file '_deps/juce-src/modules/juce_graphics/juce_graphics_Harfbuzz.cpp')
  
C:\zenith\daw\build_nosk\_deps\juce-src\modules\juce_graphics\fonts\harfbuzz\hb-ot-shaper-arabic-fallback.hh(175,38): warning C4242: 'argument': conversion from 'hb_codepoint_t' to 'uint16_t', possible loss of data [C:\zenith\daw\build_nosk\ZenithDAW.vcxproj]
  (compiling source file '_deps/juce-src/modules/juce_graphics/juce_graphics_Harfbuzz.cpp')
  
C:\zenith\daw\build_nosk\_deps\juce-src\modules\juce_graphics\fonts\harfbuzz\hb-kern.hh(94,29): warning C4242: 'argument': conversion from 'hb_position_t' to 'int16_t', possible loss of data [C:\zenith\daw\build_nosk\ZenithDAW.vcxproj]
  (compiling source file '_deps/juce-src/modules/juce_graphics/juce_graphics_Harfbuzz.cpp')
      C:\zenith\daw\build_nosk\_deps\juce-src\modules\juce_graphics\fonts\harfbuzz\hb-kern.hh(94,29):
      the template instantiation context (the oldest one first) is
          C:\zenith\daw\build_nosk\_deps\juce-src\modules\juce_graphics\fonts\harfbuzz\hb-ot-shape-fallback.cc(514,61):
          see reference to class template instantiation 'OT::hb_kern_machine_t<hb_ot_shape_fallback_kern_driver_t>' being compiled
          C:\zenith\daw\build_nosk\_deps\juce-src\modules\juce_graphics\fonts\harfbuzz\hb-kern.hh(47,8):
          while compiling class template member function 'void OT::hb_kern_machine_t<hb_ot_shape_fallback_kern_driver_t>::kern(hb_font_t *,hb_buffer_t *,hb_mask_t,bool) const'
              C:\zenith\daw\build_nosk\_deps\juce-src\modules\juce_graphics\fonts\harfbuzz\hb-ot-shape-fallback.cc(515,16):
              see the first reference to 'OT::hb_kern_machine_t<hb_ot_shape_fallback_kern_driver_t>::kern' in '_hb_ot_shape_fallback_kern'
  
C:\zenith\daw\build_nosk\_deps\juce-src\modules\juce_graphics\fonts\harfbuzz\hb-kern.hh(112,29): warning C4242: 'argument': conversion from 'hb_position_t' to 'int16_t', possible loss of data [C:\zenith\daw\build_nosk\ZenithDAW.vcxproj]
  (compiling source file '_deps/juce-src/modules/juce_graphics/juce_graphics_Harfbuzz.cpp')
  
C:\zenith\daw\build_nosk\_deps\juce-src\modules\juce_graphics\fonts\harfbuzz\OT\Color\CBDT\CBDT.hh(185,23): warning C4242: 'argument': conversion from 'unsigned int' to 'unsigned short', possible loss of data [C:\zenith\daw\build_nosk\ZenithDAW.vcxproj]
  (compiling source file '_deps/juce-src/modules/juce_graphics/juce_graphics_Harfbuzz.cpp')
      C:\zenith\daw\build_nosk\_deps\juce-src\modules\juce_graphics\fonts\harfbuzz\OT\Color\CBDT\CBDT.hh(185,23):
      the template instantiation context (the oldest one first) is
          C:\zenith\daw\build_nosk\_deps\juce-src\modules\juce_graphics\fonts\harfbuzz\OT\Color\CBDT\CBDT.hh(199,31):
          see reference to class template instantiation 'OT::IndexSubtableFormat1Or3<OT::HBUINT16>' being compiled
          C:\zenith\daw\build_nosk\_deps\juce-src\modules\juce_graphics\fonts\harfbuzz\OT\Color\CBDT\CBDT.hh(179,8):
          while compiling class template member function 'bool OT::IndexSubtableFormat1Or3<OT::HBUINT16>::add_offset(hb_serialize_context_t *,unsigned int,unsigned int *)'
              C:\zenith\daw\build_nosk\_deps\juce-src\modules\juce_graphics\fonts\harfbuzz\OT\Color\CBDT\CBDT.hh(229,7):
              see the first reference to 'OT::IndexSubtableFormat1Or3<OT::HBUINT16>::add_offset' in 'OT::IndexSubtable::finish_subtable'
  
C:\zenith\daw\build_nosk\_deps\juce-src\modules\juce_graphics\fonts\harfbuzz\hb-cff-interp-common.hh(534,22): warning C4242: '=': conversion from 'unsigned int' to 'uint8_t', possible loss of data [C:\zenith\daw\build_nosk\ZenithDAW.vcxproj]
  (compiling source file '_deps/juce-src/modules/juce_graphics/juce_graphics_Harfbuzz.cpp')
      C:\zenith\daw\build_nosk\_deps\juce-src\modules\juce_graphics\fonts\harfbuzz\hb-cff-interp-common.hh(534,22):
      the template instantiation context (the oldest one first) is
          C:\zenith\daw\build_nosk\_deps\juce-src\modules\juce_graphics\fonts\harfbuzz\hb-ot-cff1-table.hh(951,2):
          see reference to class template instantiation 'CFF::cff1_private_dict_values_base_t<CFF::num_dict_val_t>' being compiled
          C:\zenith\daw\build_nosk\_deps\juce-src\modules\juce_graphics\fonts\harfbuzz\hb-ot-cff1-table.hh(906,42):
          see reference to class template instantiation 'CFF::dict_values_t<VAL>' being compiled
          with
          [
              VAL=CFF::num_dict_val_t
          ]
          C:\zenith\daw\build_nosk\_deps\juce-src\modules\juce_graphics\fonts\harfbuzz\hb-cff-interp-dict-common.hh(44,48):
          see reference to class template instantiation 'CFF::parsed_values_t<VAL>' being compiled
          with
          [
              VAL=CFF::num_dict_val_t
          ]
          C:\zenith\daw\build_nosk\_deps\juce-src\modules\juce_graphics\fonts\harfbuzz\hb-cff-interp-common.hh(528,8):
          while compiling class template member function 'void CFF::parsed_values_t<VAL>::add_op(CFF::op_code_t,const CFF::byte_str_ref_t &,const VAL &)'
          with
          [
              VAL=CFF::num_dict_val_t
          ]
              C:\zenith\daw\build_nosk\_deps\juce-src\modules\juce_graphics\fonts\harfbuzz\hb-ot-cff1-table.hh(963,20):
              see the first reference to 'CFF::parsed_values_t<VAL>::add_op' in 'CFF::cff1_private_dict_opset_t::process_op'
          with
          [
              VAL=CFF::num_dict_val_t
          ]
  
C:\zenith\daw\build_nosk\_deps\juce-src\modules\juce_graphics\fonts\harfbuzz\hb-cache.hh(90,17): warning C4242: 'argument': conversion from 'unsigned int' to 'short', possible loss of data [C:\zenith\daw\build_nosk\ZenithDAW.vcxproj]
  (compiling source file '_deps/juce-src/modules/juce_graphics/juce_graphics_Harfbuzz.cpp')
      C:\zenith\daw\build_nosk\_deps\juce-src\modules\juce_graphics\fonts\harfbuzz\hb-cache.hh(90,17):
      the template instantiation context (the oldest one first) is
          C:\zenith\daw\build_nosk\_deps\juce-src\modules\juce_graphics\fonts\harfbuzz\OT\Layout\GDEF\GDEF.hh(1000,34):
          see reference to class template instantiation 'hb_cache_t<21,3,8,true>' being compiled
          C:\zenith\daw\build_nosk\_deps\juce-src\modules\juce_graphics\fonts\harfbuzz\hb-cache.hh(84,8):
          while compiling class template member function 'bool hb_cache_t<21,3,8,true>::set(unsigned int,unsigned int)'
              C:\zenith\daw\build_nosk\_deps\juce-src\modules\juce_graphics\fonts\harfbuzz\OT\Layout\GDEF\GDEF.hh(981,24):
              see the first reference to 'hb_cache_t<21,3,8,true>::set' in 'OT::GDEF::accelerator_t::get_glyph_props'
  
C:\zenith\daw\build_nosk\_deps\juce-src\modules\juce_graphics\fonts\harfbuzz\hb-ot-layout-common.hh(2146,16): warning C4242: 'argument': conversion from 'unsigned int' to 'Type', possible loss of data [C:\zenith\daw\build_nosk\ZenithDAW.vcxproj]
C:\zenith\daw\build_nosk\_deps\juce-src\modules\juce_graphics\fonts\harfbuzz\hb-ot-layout-common.hh(2146,16): warning C4242:         with [C:\zenith\daw\build_nosk\ZenithDAW.vcxproj]
C:\zenith\daw\build_nosk\_deps\juce-src\modules\juce_graphics\fonts\harfbuzz\hb-ot-layout-common.hh(2146,16): warning C4242:         [ [C:\zenith\daw\build_nosk\ZenithDAW.vcxproj]
C:\zenith\daw\build_nosk\_deps\juce-src\modules\juce_graphics\fonts\harfbuzz\hb-ot-layout-common.hh(2146,16): warning C4242:             Type=uint16_t [C:\zenith\daw\build_nosk\ZenithDAW.vcxproj]
C:\zenith\daw\build_nosk\_deps\juce-src\modules\juce_graphics\fonts\harfbuzz\hb-ot-layout-common.hh(2146,16): warning C4242:         ] [C:\zenith\daw\build_nosk\ZenithDAW.vcxproj]
  (compiling source file '_deps/juce-src/modules/juce_graphics/juce_graphics_Harfbuzz.cpp')
      C:\zenith\daw\build_nosk\_deps\juce-src\modules\juce_graphics\fonts\harfbuzz\hb-ot-layout-common.hh(2146,16):
      the template instantiation context (the oldest one first) is
          C:\zenith\daw\build_nosk\_deps\juce-src\modules\juce_graphics\fonts\harfbuzz\hb-ot-layout-common.hh(1503,12):
          see reference to function template instantiation 'bool OT::ClassDef_serialize<hb_sorted_array_t<const Type>>(hb_serialize_context_t *,Iterator)' being compiled
          with
          [
              Type=hb_codepoint_pair_t,
              Iterator=hb_sorted_array_t<const hb_codepoint_pair_t>
          ]
          C:\zenith\daw\build_nosk\_deps\juce-src\modules\juce_graphics\fonts\harfbuzz\hb-ot-layout-common.hh(2308,40):
          see reference to function template instantiation 'bool OT::ClassDef::serialize<Iterator,0x0>(hb_serialize_context_t *,Iterator)' being compiled
          with
          [
              Iterator=hb_sorted_array_t<const hb_codepoint_pair_t>
          ]
  
C:\zenith\daw\build_nosk\_deps\juce-src\modules\juce_graphics\fonts\harfbuzz\OT\Layout\GPOS\SinglePos.hh(47,18): warning C4242: 'argument': conversion from 'unsigned int' to 'uint16_t', possible loss of data [C:\zenith\daw\build_nosk\ZenithDAW.vcxproj]
  (compiling source file '_deps/juce-src/modules/juce_graphics/juce_graphics_Harfbuzz.cpp')
      C:\zenith\daw\build_nosk\_deps\juce-src\modules\juce_graphics\fonts\harfbuzz\OT\Layout\GPOS\SinglePos.hh(47,18):
      the template instantiation context (the oldest one first) is
          C:\zenith\daw\build_nosk\_deps\juce-src\modules\juce_graphics\fonts\harfbuzz\OT\Layout\GPOS\SinglePosFormat1.hh(181,5):
          see reference to function template instantiation 'void OT::Layout::GPOS_impl::SinglePos_serialize<hb_zip_iter_t<hb_map_iter_t<_Ty,Proj,hb_function_sortedness_t::RETAINS_SORTING,0x0>,hb_repeat_iter_t<hb_array_t<const Type>>>,OT::Layout::GPOS_impl::SinglePosFormat1>(hb_serialize_context_t *,const SrcLookup *,Iterator,const hb_hashmap_t<unsigned int,hb_pair_t<unsigned int,int>,false> *,unsigned int)' being compiled
          with
          [
              _Ty=hb_bit_set_invertible_t::iter_t,
              Proj=const hb_map_t &,
              Type=OT::HBUINT16,
              SrcLookup=OT::Layout::GPOS_impl::SinglePosFormat1,
              Iterator=hb_zip_iter_t<hb_map_iter_t<hb_bit_set_invertible_t::iter_t,const hb_map_t &,hb_function_sortedness_t::RETAINS_SORTING,0x0>,hb_repeat_iter_t<hb_array_t<const OT::HBUINT16>>>
          ]
          C:\zenith\daw\build_nosk\_deps\juce-src\modules\juce_graphics\fonts\harfbuzz\OT\Layout\GPOS\SinglePos.hh(91,33):
          see reference to function template instantiation 'void OT::Layout::GPOS_impl::SinglePos::serialize<Iterator,SrcLookup,0x0>(hb_serialize_context_t *,const SrcLookup *,Iterator,const hb_hashmap_t<unsigned int,hb_pair_t<unsigned int,int>,false> *,unsigned int)' being compiled
          with
          [
              Iterator=hb_zip_iter_t<hb_map_iter_t<hb_bit_set_invertible_t::iter_t,const hb_map_t &,hb_function_sortedness_t::RETAINS_SORTING,0x0>,hb_repeat_iter_t<hb_array_t<const OT::HBUINT16>>>,
              SrcLookup=OT::Layout::GPOS_impl::SinglePosFormat1
          ]
  
C:\zenith\daw\build_nosk\_deps\juce-src\modules\juce_graphics\fonts\harfbuzz\OT\Layout\GPOS\SinglePos.hh(52,16): warning C4242: 'argument': conversion from 'unsigned int' to 'Type', possible loss of data [C:\zenith\daw\build_nosk\ZenithDAW.vcxproj]
C:\zenith\daw\build_nosk\_deps\juce-src\modules\juce_graphics\fonts\harfbuzz\OT\Layout\GPOS\SinglePos.hh(52,16): warning C4242:         with [C:\zenith\daw\build_nosk\ZenithDAW.vcxproj]
C:\zenith\daw\build_nosk\_deps\juce-src\modules\juce_graphics\fonts\harfbuzz\OT\Layout\GPOS\SinglePos.hh(52,16): warning C4242:         [ [C:\zenith\daw\build_nosk\ZenithDAW.vcxproj]
C:\zenith\daw\build_nosk\_deps\juce-src\modules\juce_graphics\fonts\harfbuzz\OT\Layout\GPOS\SinglePos.hh(52,16): warning C4242:             Type=uint16_t [C:\zenith\daw\build_nosk\ZenithDAW.vcxproj]
C:\zenith\daw\build_nosk\_deps\juce-src\modules\juce_graphics\fonts\harfbuzz\OT\Layout\GPOS\SinglePos.hh(52,16): warning C4242:         ] [C:\zenith\daw\build_nosk\ZenithDAW.vcxproj]
  (compiling source file '_deps/juce-src/modules/juce_graphics/juce_graphics_Harfbuzz.cpp')
  
C:\zenith\daw\build_nosk\_deps\juce-src\modules\juce_graphics\fonts\harfbuzz\hb-ot-var-gvar-table.hh(270,43): warning C4242: '+=': conversion from '__int64' to 'unsigned int', possible loss of data [C:\zenith\daw\build_nosk\ZenithDAW.vcxproj]
  (compiling source file '_deps/juce-src/modules/juce_graphics/juce_graphics_Harfbuzz.cpp')
      C:\zenith\daw\build_nosk\_deps\juce-src\modules\juce_graphics\fonts\harfbuzz\hb-ot-var-gvar-table.hh(270,43):
      the template instantiation context (the oldest one first) is
          C:\zenith\daw\build_nosk\_deps\juce-src\modules\juce_graphics\fonts\harfbuzz\hb-ot-var-gvar-table.hh(396,5):
          see reference to function template instantiation 'bool OT::gvar::serialize<hb_sorted_array_t<const Type>,0x0>(hb_serialize_context_t *,const OT::glyph_variations_t &,Iterator,unsigned int,unsigned int) const' being compiled
          with
          [
              Type=hb_codepoint_pair_t,
              Iterator=hb_sorted_array_t<const hb_codepoint_pair_t>
          ]
          C:\zenith\daw\build_nosk\_deps\juce-src\modules\juce_graphics\fonts\harfbuzz\hb-ot-var-gvar-table.hh(378,5):
          see reference to function template instantiation 'bool OT::glyph_variations_t::serialize_glyph_var_data<Iterator,0x0>(hb_serialize_context_t *,Iterator,bool,unsigned int,char *) const' being compiled
          with
          [
              Iterator=hb_sorted_array_t<const hb_codepoint_pair_t>
          ]
  
C:\zenith\daw\build_nosk\_deps\juce-src\modules\juce_graphics\fonts\harfbuzz\hb-ot-cff-common.hh(334,10): warning C4242: 'argument': conversion from 'CFF::op_code_t' to 'Type', possible loss of data [C:\zenith\daw\build_nosk\ZenithDAW.vcxproj]
C:\zenith\daw\build_nosk\_deps\juce-src\modules\juce_graphics\fonts\harfbuzz\hb-ot-cff-common.hh(334,10): warning C4242:         with [C:\zenith\daw\build_nosk\ZenithDAW.vcxproj]
C:\zenith\daw\build_nosk\_deps\juce-src\modules\juce_graphics\fonts\harfbuzz\hb-ot-cff-common.hh(334,10): warning C4242:         [ [C:\zenith\daw\build_nosk\ZenithDAW.vcxproj]
C:\zenith\daw\build_nosk\_deps\juce-src\modules\juce_graphics\fonts\harfbuzz\hb-ot-cff-common.hh(334,10): warning C4242:             Type=uint8_t [C:\zenith\daw\build_nosk\ZenithDAW.vcxproj]
C:\zenith\daw\build_nosk\_deps\juce-src\modules\juce_graphics\fonts\harfbuzz\hb-ot-cff-common.hh(334,10): warning C4242:         ] [C:\zenith\daw\build_nosk\ZenithDAW.vcxproj]
  (compiling source file '_deps/juce-src/modules/juce_graphics/juce_graphics_Harfbuzz.cpp')
      C:\zenith\daw\build_nosk\_deps\juce-src\modules\juce_graphics\fonts\harfbuzz\hb-ot-cff-common.hh(334,10):
      the template instantiation context (the oldest one first) is
          C:\zenith\daw\build_nosk\_deps\juce-src\modules\juce_graphics\fonts\harfbuzz\hb-ot-cff-common.hh(356,12):
          see reference to function template instantiation 'bool CFF::Dict::serialize_link_op<OT::HBINT32,29>(hb_serialize_context_t *,CFF::op_code_t,CFF::objidx_t,CFF::whence_t)' being compiled
          C:\zenith\daw\build_nosk\_deps\juce-src\modules\juce_graphics\fonts\harfbuzz\hb-ot-cff-common.hh(350,9):
          see reference to function template instantiation 'bool CFF::Dict::serialize_int_op<OT::HBINT32,int>(hb_serialize_context_t *,CFF::op_code_t,V,CFF::op_code_t)' being compiled
          with
          [
              V=int
          ]
  
C:\zenith\daw\build_nosk\_deps\juce-src\modules\juce_graphics\fonts\harfbuzz\hb-cff-interp-common.hh(264,10): warning C4242: 'argument': conversion from 'CFF::op_code_t' to 'Type', possible loss of data [C:\zenith\daw\build_nosk\ZenithDAW.vcxproj]
C:\zenith\daw\build_nosk\_deps\juce-src\modules\juce_graphics\fonts\harfbuzz\hb-cff-interp-common.hh(264,10): warning C4242:         with [C:\zenith\daw\build_nosk\ZenithDAW.vcxproj]
C:\zenith\daw\build_nosk\_deps\juce-src\modules\juce_graphics\fonts\harfbuzz\hb-cff-interp-common.hh(264,10): warning C4242:         [ [C:\zenith\daw\build_nosk\ZenithDAW.vcxproj]
C:\zenith\daw\build_nosk\_deps\juce-src\modules\juce_graphics\fonts\harfbuzz\hb-cff-interp-common.hh(264,10): warning C4242:             Type=uint8_t [C:\zenith\daw\build_nosk\ZenithDAW.vcxproj]
C:\zenith\daw\build_nosk\_deps\juce-src\modules\juce_graphics\fonts\harfbuzz\hb-cff-interp-common.hh(264,10): warning C4242:         ] [C:\zenith\daw\build_nosk\ZenithDAW.vcxproj]
  (compiling source file '_deps/juce-src/modules/juce_graphics/juce_graphics_Harfbuzz.cpp')
      C:\zenith\daw\build_nosk\_deps\juce-src\modules\juce_graphics\fonts\harfbuzz\hb-cff-interp-common.hh(264,10):
      the template instantiation context (the oldest one first) is
          C:\zenith\daw\build_nosk\_deps\juce-src\modules\juce_graphics\fonts\harfbuzz\hb-subset-cff-common.hh(263,7):
          see reference to function template instantiation 'bool CFF::UnsizedByteStr::serialize_int2<unsigned int>(hb_serialize_context_t *,V)' being compiled
          with
          [
              V=unsigned int
          ]
          C:\zenith\daw\build_nosk\_deps\juce-src\modules\juce_graphics\fonts\harfbuzz\hb-cff-interp-common.hh(277,12):
          see reference to function template instantiation 'bool CFF::UnsizedByteStr::serialize_int<OT::HBINT16,V>(hb_serialize_context_t *,CFF::op_code_t,V)' being compiled
          with
          [
              V=unsigned int
          ]
  
C:\zenith\daw\build_nosk\_deps\juce-src\modules\juce_graphics\fonts\harfbuzz\hb-ot-cff-common.hh(125,26): warning C4242: 'argument': conversion from 'unsigned int' to 'Type', possible loss of data [C:\zenith\daw\build_nosk\ZenithDAW.vcxproj]
C:\zenith\daw\build_nosk\_deps\juce-src\modules\juce_graphics\fonts\harfbuzz\hb-ot-cff-common.hh(125,26): warning C4242:         with [C:\zenith\daw\build_nosk\ZenithDAW.vcxproj]
C:\zenith\daw\build_nosk\_deps\juce-src\modules\juce_graphics\fonts\harfbuzz\hb-ot-cff-common.hh(125,26): warning C4242:         [ [C:\zenith\daw\build_nosk\ZenithDAW.vcxproj]
C:\zenith\daw\build_nosk\_deps\juce-src\modules\juce_graphics\fonts\harfbuzz\hb-ot-cff-common.hh(125,26): warning C4242:             Type=uint16_t [C:\zenith\daw\build_nosk\ZenithDAW.vcxproj]
C:\zenith\daw\build_nosk\_deps\juce-src\modules\juce_graphics\fonts\harfbuzz\hb-ot-cff-common.hh(125,26): warning C4242:         ] [C:\zenith\daw\build_nosk\ZenithDAW.vcxproj]
  (compiling source file '_deps/juce-src/modules/juce_graphics/juce_graphics_Harfbuzz.cpp')
      C:\zenith\daw\build_nosk\_deps\juce-src\modules\juce_graphics\fonts\harfbuzz\hb-ot-cff-common.hh(125,26):
      the template instantiation context (the oldest one first) is
          C:\zenith\daw\build_nosk\_deps\juce-src\modules\juce_graphics\fonts\harfbuzz\hb-ot-cff1-table.hh(662,30):
          see reference to function template instantiation 'bool CFF::CFFIndex<OT::HBUINT16>::serialize<hb_vector_t<hb_ubytes_t,false>,0x0>(hb_serialize_context_t *,const Iterable &,const unsigned int *,unsigned int)' being compiled
          with
          [
              Iterable=hb_vector_t<hb_ubytes_t,false>
          ]
              C:\zenith\daw\build_nosk\_deps\juce-src\modules\juce_graphics\fonts\harfbuzz\hb-ot-cff1-table.hh(662,17):
              see the first reference to 'CFF::CFFIndex<OT::HBUINT16>::serialize' in 'CFF::CFF1StringIndex::serialize'
          C:\zenith\daw\build_nosk\_deps\juce-src\modules\juce_graphics\fonts\harfbuzz\hb-ot-cff-common.hh(92,9):
          see reference to function template instantiation 'bool CFF::CFFIndex<OT::HBUINT16>::serialize_header<iter_t,0x0>(hb_serialize_context_t *,Iterator,unsigned int,unsigned int)' being compiled
          with
          [
              iter_t=hb_array_t<const hb_ubytes_t>,
              Iterator=hb_array_t<const hb_ubytes_t>
          ]
  
C:\zenith\daw\build_nosk\_deps\juce-src\modules\juce_graphics\fonts\harfbuzz\hb-ot-cff-common.hh(128,21): warning C4242: 'argument': conversion from 'unsigned int' to 'Type', possible loss of data [C:\zenith\daw\build_nosk\ZenithDAW.vcxproj]
C:\zenith\daw\build_nosk\_deps\juce-src\modules\juce_graphics\fonts\harfbuzz\hb-ot-cff-common.hh(128,21): warning C4242:         with [C:\zenith\daw\build_nosk\ZenithDAW.vcxproj]
C:\zenith\daw\build_nosk\_deps\juce-src\modules\juce_graphics\fonts\harfbuzz\hb-ot-cff-common.hh(128,21): warning C4242:         [ [C:\zenith\daw\build_nosk\ZenithDAW.vcxproj]
C:\zenith\daw\build_nosk\_deps\juce-src\modules\juce_graphics\fonts\harfbuzz\hb-ot-cff-common.hh(128,21): warning C4242:             Type=uint8_t [C:\zenith\daw\build_nosk\ZenithDAW.vcxproj]
C:\zenith\daw\build_nosk\_deps\juce-src\modules\juce_graphics\fonts\harfbuzz\hb-ot-cff-common.hh(128,21): warning C4242:         ] [C:\zenith\daw\build_nosk\ZenithDAW.vcxproj]
  (compiling source file '_deps/juce-src/modules/juce_graphics/juce_graphics_Harfbuzz.cpp')
  
C:\zenith\daw\build_nosk\_deps\juce-src\modules\juce_graphics\fonts\harfbuzz\hb-ot-cff-common.hh(152,13): warning C4242: 'argument': conversion from 'unsigned int' to 'Type', possible loss of data [C:\zenith\daw\build_nosk\ZenithDAW.vcxproj]
C:\zenith\daw\build_nosk\_deps\juce-src\modules\juce_graphics\fonts\harfbuzz\hb-ot-cff-common.hh(152,13): warning C4242:         with [C:\zenith\daw\build_nosk\ZenithDAW.vcxproj]
C:\zenith\daw\build_nosk\_deps\juce-src\modules\juce_graphics\fonts\harfbuzz\hb-ot-cff-common.hh(152,13): warning C4242:         [ [C:\zenith\daw\build_nosk\ZenithDAW.vcxproj]
C:\zenith\daw\build_nosk\_deps\juce-src\modules\juce_graphics\fonts\harfbuzz\hb-ot-cff-common.hh(152,13): warning C4242:             Type=uint8_t [C:\zenith\daw\build_nosk\ZenithDAW.vcxproj]
C:\zenith\daw\build_nosk\_deps\juce-src\modules\juce_graphics\fonts\harfbuzz\hb-ot-cff-common.hh(152,13): warning C4242:         ] [C:\zenith\daw\build_nosk\ZenithDAW.vcxproj]
  (compiling source file '_deps/juce-src/modules/juce_graphics/juce_graphics_Harfbuzz.cpp')
  
C:\zenith\daw\build_nosk\_deps\juce-src\modules\juce_graphics\fonts\harfbuzz\hb-ot-cff-common.hh(155,9): warning C4242: 'argument': conversion from 'unsigned int' to 'Type', possible loss of data [C:\zenith\daw\build_nosk\ZenithDAW.vcxproj]
C:\zenith\daw\build_nosk\_deps\juce-src\modules\juce_graphics\fonts\harfbuzz\hb-ot-cff-common.hh(155,9): warning C4242:         with [C:\zenith\daw\build_nosk\ZenithDAW.vcxproj]
C:\zenith\daw\build_nosk\_deps\juce-src\modules\juce_graphics\fonts\harfbuzz\hb-ot-cff-common.hh(155,9): warning C4242:         [ [C:\zenith\daw\build_nosk\ZenithDAW.vcxproj]
C:\zenith\daw\build_nosk\_deps\juce-src\modules\juce_graphics\fonts\harfbuzz\hb-ot-cff-common.hh(155,9): warning C4242:             Type=uint8_t [C:\zenith\daw\build_nosk\ZenithDAW.vcxproj]
C:\zenith\daw\build_nosk\_deps\juce-src\modules\juce_graphics\fonts\harfbuzz\hb-ot-cff-common.hh(155,9): warning C4242:         ] [C:\zenith\daw\build_nosk\ZenithDAW.vcxproj]
  (compiling source file '_deps/juce-src/modules/juce_graphics/juce_graphics_Harfbuzz.cpp')
  
C:\zenith\daw\build_nosk\_deps\juce-src\modules\juce_graphics\fonts\harfbuzz\hb-ot-cff-common.hh(163,13): warning C4242: 'argument': conversion from 'unsigned int' to 'Type', possible loss of data [C:\zenith\daw\build_nosk\ZenithDAW.vcxproj]
C:\zenith\daw\build_nosk\_deps\juce-src\modules\juce_graphics\fonts\harfbuzz\hb-ot-cff-common.hh(163,13): warning C4242:         with [C:\zenith\daw\build_nosk\ZenithDAW.vcxproj]
C:\zenith\daw\build_nosk\_deps\juce-src\modules\juce_graphics\fonts\harfbuzz\hb-ot-cff-common.hh(163,13): warning C4242:         [ [C:\zenith\daw\build_nosk\ZenithDAW.vcxproj]
C:\zenith\daw\build_nosk\_deps\juce-src\modules\juce_graphics\fonts\harfbuzz\hb-ot-cff-common.hh(163,13): warning C4242:             Type=uint16_t [C:\zenith\daw\build_nosk\ZenithDAW.vcxproj]
C:\zenith\daw\build_nosk\_deps\juce-src\modules\juce_graphics\fonts\harfbuzz\hb-ot-cff-common.hh(163,13): warning C4242:         ] [C:\zenith\daw\build_nosk\ZenithDAW.vcxproj]
  (compiling source file '_deps/juce-src/modules/juce_graphics/juce_graphics_Harfbuzz.cpp')
  
C:\zenith\daw\build_nosk\_deps\juce-src\modules\juce_graphics\fonts\harfbuzz\hb-ot-cff-common.hh(166,9): warning C4242: 'argument': conversion from 'unsigned int' to 'Type', possible loss of data [C:\zenith\daw\build_nosk\ZenithDAW.vcxproj]
C:\zenith\daw\build_nosk\_deps\juce-src\modules\juce_graphics\fonts\harfbuzz\hb-ot-cff-common.hh(166,9): warning C4242:         with [C:\zenith\daw\build_nosk\ZenithDAW.vcxproj]
C:\zenith\daw\build_nosk\_deps\juce-src\modules\juce_graphics\fonts\harfbuzz\hb-ot-cff-common.hh(166,9): warning C4242:         [ [C:\zenith\daw\build_nosk\ZenithDAW.vcxproj]
C:\zenith\daw\build_nosk\_deps\juce-src\modules\juce_graphics\fonts\harfbuzz\hb-ot-cff-common.hh(166,9): warning C4242:             Type=uint16_t [C:\zenith\daw\build_nosk\ZenithDAW.vcxproj]
C:\zenith\daw\build_nosk\_deps\juce-src\modules\juce_graphics\fonts\harfbuzz\hb-ot-cff-common.hh(166,9): warning C4242:         ] [C:\zenith\daw\build_nosk\ZenithDAW.vcxproj]
  (compiling source file '_deps/juce-src/modules/juce_graphics/juce_graphics_Harfbuzz.cpp')
  
C:\zenith\daw\build_nosk\_deps\juce-src\modules\juce_graphics\fonts\harfbuzz\hb-open-type.hh(698,19): warning C4242: 'argument': conversion from 'unsigned int' to 'uint16_t', possible loss of data [C:\zenith\daw\build_nosk\ZenithDAW.vcxproj]
  (compiling source file '_deps/juce-src/modules/juce_graphics/juce_graphics_Harfbuzz.cpp')
      C:\zenith\daw\build_nosk\_deps\juce-src\modules\juce_graphics\fonts\harfbuzz\hb-open-type.hh(698,19):
      the template instantiation context (the oldest one first) is
          C:\zenith\daw\build_nosk\_deps\juce-src\modules\juce_graphics\fonts\harfbuzz\OT\Layout\GSUB\ReverseChainSingleSubstFormat1.hh(237,5):
          see reference to function template instantiation 'bool OT::Layout::GSUB_impl::ReverseChainSingleSubstFormat1::serialize<hb_map_iter_t<_Ty,Proj,hb_function_sortedness_t::RETAINS_SORTING,0x0>,hb_array_t<const Type>,hb_array_t<const Type>,0x0,0x0,0x0>(hb_subset_context_t *,Iterator,BacktrackIterator,LookaheadIterator) const' being compiled
          with
          [
              _Ty=hb_filter_iter_t<hb_filter_iter_t<hb_zip_iter_t<OT::Layout::Common::Coverage::iter_t,hb_array_t<const OT::Layout::SmallTypes::HBGlyphID>>,const hb_set_t &,const <unnamed-type-hb_first> &,0x0>,const hb_set_t &,const <unnamed-type-hb_second> &,0x0>,
              Proj=OT::Layout::GSUB_impl::ReverseChainSingleSubstFormat1::subset::<lambda_1>,
              Type=OT::OffsetTo<OT::Layout::Common::Coverage,OT::HBUINT16,void,true>,
              Iterator=hb_map_iter_t<hb_filter_iter_t<hb_filter_iter_t<hb_zip_iter_t<OT::Layout::Common::Coverage::iter_t,hb_array_t<const OT::Layout::SmallTypes::HBGlyphID>>,const hb_set_t &,const <unnamed-type-hb_first> &,0x0>,const hb_set_t &,const <unnamed-type-hb_second> &,0x0>,OT::Layout::GSUB_impl::ReverseChainSingleSubstFormat1::subset::<lambda_1>,hb_function_sortedness_t::RETAINS_SORTING,0x0>,
              BacktrackIterator=hb_array_t<const OT::OffsetTo<OT::Layout::Common::Coverage,OT::HBUINT16,void,true>>,
              LookaheadIterator=hb_array_t<const OT::OffsetTo<OT::Layout::Common::Coverage,OT::HBUINT16,void,true>>
          ]
          C:\zenith\daw\build_nosk\_deps\juce-src\modules\juce_graphics\fonts\harfbuzz\OT\Layout\GSUB\ReverseChainSingleSubstFormat1.hh(212,9):
          see reference to function template instantiation 'bool OT::ArrayOf<Type,LenType>::serialize<hb_map_iter_t<_Ty,Proj,hb_function_sortedness_t::NOT_SORTED,0x0>,0x0>(hb_serialize_context_t *,Iterator)' being compiled
          with
          [
              Type=OT::Layout::SmallTypes::HBGlyphID,
              LenType=OT::HBUINT16,
              _Ty=hb_map_iter_t<hb_filter_iter_t<hb_filter_iter_t<hb_zip_iter_t<OT::Layout::Common::Coverage::iter_t,hb_array_t<const OT::Layout::SmallTypes::HBGlyphID>>,const hb_set_t &,const <unnamed-type-hb_first> &,0x0>,const hb_set_t &,const <unnamed-type-hb_second> &,0x0>,OT::Layout::GSUB_impl::ReverseChainSingleSubstFormat1::subset::<lambda_1>,hb_function_sortedness_t::RETAINS_SORTING,0x0>,
              Proj=const <unnamed-type-hb_second> &,
              Iterator=hb_map_iter_t<hb_map_iter_t<hb_filter_iter_t<hb_filter_iter_t<hb_zip_iter_t<OT::Layout::Common::Coverage::iter_t,hb_array_t<const OT::Layout::SmallTypes::HBGlyphID>>,const hb_set_t &,const <unnamed-type-hb_first> &,0x0>,const hb_set_t &,const <unnamed-type-hb_second> &,0x0>,OT::Layout::GSUB_impl::ReverseChainSingleSubstFormat1::subset::<lambda_1>,hb_function_sortedness_t::RETAINS_SORTING,0x0>,const <unnamed-type-hb_second> &,hb_function_sortedness_t::NOT_SORTED,0x0>
          ]
  
C:\zenith\daw\build_nosk\_deps\juce-src\modules\juce_graphics\fonts\harfbuzz\OT\Layout\GSUB\SingleSubst.hh(74,16): warning C4242: 'argument': conversion from 'unsigned int' to 'Type', possible loss of data [C:\zenith\daw\build_nosk\ZenithDAW.vcxproj]
C:\zenith\daw\build_nosk\_deps\juce-src\modules\juce_graphics\fonts\harfbuzz\OT\Layout\GSUB\SingleSubst.hh(74,16): warning C4242:         with [C:\zenith\daw\build_nosk\ZenithDAW.vcxproj]
C:\zenith\daw\build_nosk\_deps\juce-src\modules\juce_graphics\fonts\harfbuzz\OT\Layout\GSUB\SingleSubst.hh(74,16): warning C4242:         [ [C:\zenith\daw\build_nosk\ZenithDAW.vcxproj]
C:\zenith\daw\build_nosk\_deps\juce-src\modules\juce_graphics\fonts\harfbuzz\OT\Layout\GSUB\SingleSubst.hh(74,16): warning C4242:             Type=uint16_t [C:\zenith\daw\build_nosk\ZenithDAW.vcxproj]
C:\zenith\daw\build_nosk\_deps\juce-src\modules\juce_graphics\fonts\harfbuzz\OT\Layout\GSUB\SingleSubst.hh(74,16): warning C4242:         ] [C:\zenith\daw\build_nosk\ZenithDAW.vcxproj]
  (compiling source file '_deps/juce-src/modules/juce_graphics/juce_graphics_Harfbuzz.cpp')
      C:\zenith\daw\build_nosk\_deps\juce-src\modules\juce_graphics\fonts\harfbuzz\OT\Layout\GSUB\SingleSubst.hh(74,16):
      the template instantiation context (the oldest one first) is
          C:\zenith\daw\build_nosk\_deps\juce-src\modules\juce_graphics\fonts\harfbuzz\hb-ot-shaper-arabic-fallback.hh(95,22):
          see reference to function template instantiation 'bool OT::Layout::GSUB_impl::SubstLookup::serialize_single<hb_sorted_array_t<Type>,hb_array_t<Type>,0x0>(hb_serialize_context_t *,uint32_t,Glyphs,Substitutes)' being compiled
          with
          [
              Type=OT::Layout::SmallTypes::HBGlyphID,
              Glyphs=hb_sorted_array_t<OT::Layout::SmallTypes::HBGlyphID>,
              Substitutes=hb_array_t<OT::Layout::SmallTypes::HBGlyphID>
          ]
          C:\zenith\daw\build_nosk\_deps\juce-src\modules\juce_graphics\fonts\harfbuzz\OT\Layout\GSUB\SubstLookup.hh(113,40):
          see reference to function template instantiation 'bool OT::Layout::GSUB_impl::SingleSubst::serialize<hb_zip_iter_t<hb_sorted_array_t<Type>,hb_array_t<Type>>,0x0>(hb_serialize_context_t *,Iterator)' being compiled
          with
          [
              Type=OT::Layout::SmallTypes::HBGlyphID,
              Iterator=hb_zip_iter_t<hb_sorted_array_t<OT::Layout::SmallTypes::HBGlyphID>,hb_array_t<OT::Layout::SmallTypes::HBGlyphID>>
          ]
  
C:\zenith\daw\build_nosk\_deps\juce-src\modules\juce_graphics\fonts\harfbuzz\OT\Layout\Common\CoverageFormat2.hh(107,43): warning C4242: 'argument': conversion from 'const Type' to 'uint16_t', possible loss of data [C:\zenith\daw\build_nosk\ZenithDAW.vcxproj]
C:\zenith\daw\build_nosk\_deps\juce-src\modules\juce_graphics\fonts\harfbuzz\OT\Layout\Common\CoverageFormat2.hh(107,43): warning C4242:         with [C:\zenith\daw\build_nosk\ZenithDAW.vcxproj]
C:\zenith\daw\build_nosk\_deps\juce-src\modules\juce_graphics\fonts\harfbuzz\OT\Layout\Common\CoverageFormat2.hh(107,43): warning C4242:         [ [C:\zenith\daw\build_nosk\ZenithDAW.vcxproj]
C:\zenith\daw\build_nosk\_deps\juce-src\modules\juce_graphics\fonts\harfbuzz\OT\Layout\Common\CoverageFormat2.hh(107,43): warning C4242:             Type=unsigned int [C:\zenith\daw\build_nosk\ZenithDAW.vcxproj]
C:\zenith\daw\build_nosk\_deps\juce-src\modules\juce_graphics\fonts\harfbuzz\OT\Layout\Common\CoverageFormat2.hh(107,43): warning C4242:         ] [C:\zenith\daw\build_nosk\ZenithDAW.vcxproj]
  (compiling source file '_deps/juce-src/modules/juce_graphics/juce_graphics_Harfbuzz.cpp')
      C:\zenith\daw\build_nosk\_deps\juce-src\modules\juce_graphics\fonts\harfbuzz\OT\Layout\Common\CoverageFormat2.hh(107,43):
      the template instantiation context (the oldest one first) is
          C:\zenith\daw\build_nosk\_deps\juce-src\modules\juce_graphics\fonts\harfbuzz\OT\Layout\Common\Coverage.hh(173,5):
          see reference to function template instantiation 'void OT::Layout::Common::Coverage_serialize<hb_sorted_array_t<const Type>>(hb_serialize_context_t *,Iterator)' being compiled
          with
          [
              Type=unsigned int,
              Iterator=hb_sorted_array_t<const unsigned int>
          ]
          C:\zenith\daw\build_nosk\_deps\juce-src\modules\juce_graphics\fonts\harfbuzz\OT\Layout\Common\Coverage.hh(346,32):
          see reference to function template instantiation 'bool OT::Layout::Common::Coverage::serialize<Iterator,0x0>(hb_serialize_context_t *,Iterator)' being compiled
          with
          [
              Iterator=hb_sorted_array_t<const unsigned int>
          ]
          C:\zenith\daw\build_nosk\_deps\juce-src\modules\juce_graphics\fonts\harfbuzz\OT\Layout\Common\Coverage.hh(151,13):
          see reference to function template instantiation 'bool OT::Layout::Common::CoverageFormat2_4<OT::Layout::SmallTypes>::serialize<Iterator,0x0>(hb_serialize_context_t *,Iterator)' being compiled
          with
          [
              Iterator=hb_sorted_array_t<const unsigned int>
          ]
  
C:\zenith\daw\build_nosk\_deps\juce-src\modules\juce_graphics\fonts\harfbuzz\OT\Layout\Common\CoverageFormat2.hh(108,43): warning C4242: 'argument': conversion from 'unsigned int' to 'Type', possible loss of data [C:\zenith\daw\build_nosk\ZenithDAW.vcxproj]
C:\zenith\daw\build_nosk\_deps\juce-src\modules\juce_graphics\fonts\harfbuzz\OT\Layout\Common\CoverageFormat2.hh(108,43): warning C4242:         with [C:\zenith\daw\build_nosk\ZenithDAW.vcxproj]
C:\zenith\daw\build_nosk\_deps\juce-src\modules\juce_graphics\fonts\harfbuzz\OT\Layout\Common\CoverageFormat2.hh(108,43): warning C4242:         [ [C:\zenith\daw\build_nosk\ZenithDAW.vcxproj]
C:\zenith\daw\build_nosk\_deps\juce-src\modules\juce_graphics\fonts\harfbuzz\OT\Layout\Common\CoverageFormat2.hh(108,43): warning C4242:             Type=uint16_t [C:\zenith\daw\build_nosk\ZenithDAW.vcxproj]
C:\zenith\daw\build_nosk\_deps\juce-src\modules\juce_graphics\fonts\harfbuzz\OT\Layout\Common\CoverageFormat2.hh(108,43): warning C4242:         ] [C:\zenith\daw\build_nosk\ZenithDAW.vcxproj]
  (compiling source file '_deps/juce-src/modules/juce_graphics/juce_graphics_Harfbuzz.cpp')
  
C:\zenith\daw\build_nosk\_deps\juce-src\modules\juce_graphics\fonts\harfbuzz\OT\Layout\Common\CoverageFormat2.hh(110,40): warning C4242: 'argument': conversion from 'const Type' to 'uint16_t', possible loss of data [C:\zenith\daw\build_nosk\ZenithDAW.vcxproj]
C:\zenith\daw\build_nosk\_deps\juce-src\modules\juce_graphics\fonts\harfbuzz\OT\Layout\Common\CoverageFormat2.hh(110,40): warning C4242:         with [C:\zenith\daw\build_nosk\ZenithDAW.vcxproj]
C:\zenith\daw\build_nosk\_deps\juce-src\modules\juce_graphics\fonts\harfbuzz\OT\Layout\Common\CoverageFormat2.hh(110,40): warning C4242:         [ [C:\zenith\daw\build_nosk\ZenithDAW.vcxproj]
C:\zenith\daw\build_nosk\_deps\juce-src\modules\juce_graphics\fonts\harfbuzz\OT\Layout\Common\CoverageFormat2.hh(110,40): warning C4242:             Type=unsigned int [C:\zenith\daw\build_nosk\ZenithDAW.vcxproj]
C:\zenith\daw\build_nosk\_deps\juce-src\modules\juce_graphics\fonts\harfbuzz\OT\Layout\Common\CoverageFormat2.hh(110,40): warning C4242:         ] [C:\zenith\daw\build_nosk\ZenithDAW.vcxproj]
  (compiling source file '_deps/juce-src/modules/juce_graphics/juce_graphics_Harfbuzz.cpp')
  
C:\zenith\daw\build_nosk\_deps\juce-src\modules\juce_graphics\fonts\harfbuzz\hb-ot-layout-common.hh(1571,18): warning C4242: 'argument': conversion from 'hb_codepoint_t' to 'uint16_t', possible loss of data [C:\zenith\daw\build_nosk\ZenithDAW.vcxproj]
  (compiling source file '_deps/juce-src/modules/juce_graphics/juce_graphics_Harfbuzz.cpp')
      C:\zenith\daw\build_nosk\_deps\juce-src\modules\juce_graphics\fonts\harfbuzz\hb-ot-layout-common.hh(1571,18):
      the template instantiation context (the oldest one first) is
          C:\zenith\daw\build_nosk\_deps\juce-src\modules\juce_graphics\fonts\harfbuzz\hb-ot-layout-common.hh(2308,40):
          see reference to function template instantiation 'bool OT::ClassDef::serialize<Iterator,0x0>(hb_serialize_context_t *,Iterator)' being compiled
          with
          [
              Iterator=hb_sorted_array_t<const hb_codepoint_pair_t>
          ]
          C:\zenith\daw\build_nosk\_deps\juce-src\modules\juce_graphics\fonts\harfbuzz\hb-ot-layout-common.hh(2150,13):
          see reference to function template instantiation 'bool OT::ClassDefFormat1_3<OT::Layout::SmallTypes>::serialize<hb_filter_iter_t<_Ty,Pred,Proj,0x0>,0x0>(hb_serialize_context_t *,Iterator)' being compiled
          with
          [
              _Ty=hb_sorted_array_t<const hb_codepoint_pair_t>,
              Pred=const <unnamed-type-hb_second> &,
              Proj=const <unnamed-type-hb_identity> &,
              Iterator=hb_filter_iter_t<hb_sorted_array_t<const hb_codepoint_pair_t>,const <unnamed-type-hb_second> &,const <unnamed-type-hb_identity> &,0x0>
          ]
  
C:\zenith\daw\build_nosk\_deps\juce-src\modules\juce_graphics\fonts\harfbuzz\hb-ot-layout-common.hh(1576,39): warning C4242: 'argument': conversion from 'const T2' to 'Type', possible loss of data [C:\zenith\daw\build_nosk\ZenithDAW.vcxproj]
C:\zenith\daw\build_nosk\_deps\juce-src\modules\juce_graphics\fonts\harfbuzz\hb-ot-layout-common.hh(1576,39): warning C4242:         with [C:\zenith\daw\build_nosk\ZenithDAW.vcxproj]
C:\zenith\daw\build_nosk\_deps\juce-src\modules\juce_graphics\fonts\harfbuzz\hb-ot-layout-common.hh(1576,39): warning C4242:         [ [C:\zenith\daw\build_nosk\ZenithDAW.vcxproj]
C:\zenith\daw\build_nosk\_deps\juce-src\modules\juce_graphics\fonts\harfbuzz\hb-ot-layout-common.hh(1576,39): warning C4242:             T2=hb_codepoint_t [C:\zenith\daw\build_nosk\ZenithDAW.vcxproj]
C:\zenith\daw\build_nosk\_deps\juce-src\modules\juce_graphics\fonts\harfbuzz\hb-ot-layout-common.hh(1576,39): warning C4242:         ] [C:\zenith\daw\build_nosk\ZenithDAW.vcxproj]
C:\zenith\daw\build_nosk\_deps\juce-src\modules\juce_graphics\fonts\harfbuzz\hb-ot-layout-common.hh(1576,39): warning C4242:         and [C:\zenith\daw\build_nosk\ZenithDAW.vcxproj]
C:\zenith\daw\build_nosk\_deps\juce-src\modules\juce_graphics\fonts\harfbuzz\hb-ot-layout-common.hh(1576,39): warning C4242:         [ [C:\zenith\daw\build_nosk\ZenithDAW.vcxproj]
C:\zenith\daw\build_nosk\_deps\juce-src\modules\juce_graphics\fonts\harfbuzz\hb-ot-layout-common.hh(1576,39): warning C4242:             Type=uint16_t [C:\zenith\daw\build_nosk\ZenithDAW.vcxproj]
C:\zenith\daw\build_nosk\_deps\juce-src\modules\juce_graphics\fonts\harfbuzz\hb-ot-layout-common.hh(1576,39): warning C4242:         ] [C:\zenith\daw\build_nosk\ZenithDAW.vcxproj]
  (compiling source file '_deps/juce-src/modules/juce_graphics/juce_graphics_Harfbuzz.cpp')
  
C:\zenith\daw\build_nosk\_deps\juce-src\modules\juce_graphics\fonts\harfbuzz\hb-ot-layout-common.hh(1795,23): warning C4242: 'argument': conversion from 'hb_codepoint_t' to 'uint16_t', possible loss of data [C:\zenith\daw\build_nosk\ZenithDAW.vcxproj]
  (compiling source file '_deps/juce-src/modules/juce_graphics/juce_graphics_Harfbuzz.cpp')
      C:\zenith\daw\build_nosk\_deps\juce-src\modules\juce_graphics\fonts\harfbuzz\hb-ot-layout-common.hh(1795,23):
      the template instantiation context (the oldest one first) is
          C:\zenith\daw\build_nosk\_deps\juce-src\modules\juce_graphics\fonts\harfbuzz\hb-ot-layout-common.hh(2151,13):
          see reference to function template instantiation 'bool OT::ClassDefFormat2_4<OT::Layout::SmallTypes>::serialize<hb_filter_iter_t<_Ty,Pred,Proj,0x0>,0x0>(hb_serialize_context_t *,Iterator)' being compiled
          with
          [
              _Ty=hb_sorted_array_t<const hb_codepoint_pair_t>,
              Pred=const <unnamed-type-hb_second> &,
              Proj=const <unnamed-type-hb_identity> &,
              Iterator=hb_filter_iter_t<hb_sorted_array_t<const hb_codepoint_pair_t>,const <unnamed-type-hb_second> &,const <unnamed-type-hb_identity> &,0x0>
          ]
  
C:\zenith\daw\build_nosk\_deps\juce-src\modules\juce_graphics\fonts\harfbuzz\hb-ot-layout-common.hh(1796,22): warning C4242: 'argument': conversion from 'hb_codepoint_t' to 'uint16_t', possible loss of data [C:\zenith\daw\build_nosk\ZenithDAW.vcxproj]
  (compiling source file '_deps/juce-src/modules/juce_graphics/juce_graphics_Harfbuzz.cpp')
  
C:\zenith\daw\build_nosk\_deps\juce-src\modules\juce_graphics\fonts\harfbuzz\hb-ot-layout-common.hh(1797,23): warning C4242: 'argument': conversion from 'unsigned int' to 'Type', possible loss of data [C:\zenith\daw\build_nosk\ZenithDAW.vcxproj]
C:\zenith\daw\build_nosk\_deps\juce-src\modules\juce_graphics\fonts\harfbuzz\hb-ot-layout-common.hh(1797,23): warning C4242:         with [C:\zenith\daw\build_nosk\ZenithDAW.vcxproj]
C:\zenith\daw\build_nosk\_deps\juce-src\modules\juce_graphics\fonts\harfbuzz\hb-ot-layout-common.hh(1797,23): warning C4242:         [ [C:\zenith\daw\build_nosk\ZenithDAW.vcxproj]
C:\zenith\daw\build_nosk\_deps\juce-src\modules\juce_graphics\fonts\harfbuzz\hb-ot-layout-common.hh(1797,23): warning C4242:             Type=uint16_t [C:\zenith\daw\build_nosk\ZenithDAW.vcxproj]
C:\zenith\daw\build_nosk\_deps\juce-src\modules\juce_graphics\fonts\harfbuzz\hb-ot-layout-common.hh(1797,23): warning C4242:         ] [C:\zenith\daw\build_nosk\ZenithDAW.vcxproj]
  (compiling source file '_deps/juce-src/modules/juce_graphics/juce_graphics_Harfbuzz.cpp')
  
C:\zenith\daw\build_nosk\_deps\juce-src\modules\juce_graphics\fonts\harfbuzz\hb-ot-layout-common.hh(1815,17): warning C4242: 'argument': conversion from 'hb_codepoint_t' to 'uint16_t', possible loss of data [C:\zenith\daw\build_nosk\ZenithDAW.vcxproj]
  (compiling source file '_deps/juce-src/modules/juce_graphics/juce_graphics_Harfbuzz.cpp')
  
C:\zenith\daw\build_nosk\_deps\juce-src\modules\juce_graphics\fonts\harfbuzz\hb-ot-layout-common.hh(1818,20): warning C4242: 'argument': conversion from 'hb_codepoint_t' to 'uint16_t', possible loss of data [C:\zenith\daw\build_nosk\ZenithDAW.vcxproj]
  (compiling source file '_deps/juce-src/modules/juce_graphics/juce_graphics_Harfbuzz.cpp')
  
C:\zenith\daw\build_nosk\_deps\juce-src\modules\juce_graphics\fonts\harfbuzz\hb-ot-layout-common.hh(1819,19): warning C4242: 'argument': conversion from 'hb_codepoint_t' to 'uint16_t', possible loss of data [C:\zenith\daw\build_nosk\ZenithDAW.vcxproj]
  (compiling source file '_deps/juce-src/modules/juce_graphics/juce_graphics_Harfbuzz.cpp')
  
C:\zenith\daw\build_nosk\_deps\juce-src\modules\juce_graphics\fonts\harfbuzz\hb-ot-layout-common.hh(1820,20): warning C4242: 'argument': conversion from 'unsigned int' to 'Type', possible loss of data [C:\zenith\daw\build_nosk\ZenithDAW.vcxproj]
C:\zenith\daw\build_nosk\_deps\juce-src\modules\juce_graphics\fonts\harfbuzz\hb-ot-layout-common.hh(1820,20): warning C4242:         with [C:\zenith\daw\build_nosk\ZenithDAW.vcxproj]
C:\zenith\daw\build_nosk\_deps\juce-src\modules\juce_graphics\fonts\harfbuzz\hb-ot-layout-common.hh(1820,20): warning C4242:         [ [C:\zenith\daw\build_nosk\ZenithDAW.vcxproj]
C:\zenith\daw\build_nosk\_deps\juce-src\modules\juce_graphics\fonts\harfbuzz\hb-ot-layout-common.hh(1820,20): warning C4242:             Type=uint16_t [C:\zenith\daw\build_nosk\ZenithDAW.vcxproj]
C:\zenith\daw\build_nosk\_deps\juce-src\modules\juce_graphics\fonts\harfbuzz\hb-ot-layout-common.hh(1820,20): warning C4242:         ] [C:\zenith\daw\build_nosk\ZenithDAW.vcxproj]
  (compiling source file '_deps/juce-src/modules/juce_graphics/juce_graphics_Harfbuzz.cpp')
  
C:\zenith\daw\build_nosk\_deps\juce-src\modules\juce_graphics\fonts\harfbuzz\hb-ot-layout-common.hh(1831,41): warning C4242: 'argument': conversion from 'hb_codepoint_t' to 'uint16_t', possible loss of data [C:\zenith\daw\build_nosk\ZenithDAW.vcxproj]
  (compiling source file '_deps/juce-src/modules/juce_graphics/juce_graphics_Harfbuzz.cpp')
  
C:\zenith\daw\build_nosk\_deps\juce-src\modules\juce_graphics\fonts\harfbuzz\hb-ot-layout-common.hh(1832,23): warning C4242: 'argument': conversion from 'unsigned int' to 'Type', possible loss of data [C:\zenith\daw\build_nosk\ZenithDAW.vcxproj]
C:\zenith\daw\build_nosk\_deps\juce-src\modules\juce_graphics\fonts\harfbuzz\hb-ot-layout-common.hh(1832,23): warning C4242:         with [C:\zenith\daw\build_nosk\ZenithDAW.vcxproj]
C:\zenith\daw\build_nosk\_deps\juce-src\modules\juce_graphics\fonts\harfbuzz\hb-ot-layout-common.hh(1832,23): warning C4242:         [ [C:\zenith\daw\build_nosk\ZenithDAW.vcxproj]
C:\zenith\daw\build_nosk\_deps\juce-src\modules\juce_graphics\fonts\harfbuzz\hb-ot-layout-common.hh(1832,23): warning C4242:             Type=uint16_t [C:\zenith\daw\build_nosk\ZenithDAW.vcxproj]
C:\zenith\daw\build_nosk\_deps\juce-src\modules\juce_graphics\fonts\harfbuzz\hb-ot-layout-common.hh(1832,23): warning C4242:         ] [C:\zenith\daw\build_nosk\ZenithDAW.vcxproj]
  (compiling source file '_deps/juce-src/modules/juce_graphics/juce_graphics_Harfbuzz.cpp')
  
C:\zenith\daw\build_nosk\_deps\juce-src\modules\juce_graphics\fonts\harfbuzz\hb-ot-var-common.hh(63,26): warning C4242: 'argument': conversion from 'const unsigned int' to 'Type', possible loss of data [C:\zenith\daw\build_nosk\ZenithDAW.vcxproj]
C:\zenith\daw\build_nosk\_deps\juce-src\modules\juce_graphics\fonts\harfbuzz\hb-ot-var-common.hh(63,26): warning C4242:         with [C:\zenith\daw\build_nosk\ZenithDAW.vcxproj]
C:\zenith\daw\build_nosk\_deps\juce-src\modules\juce_graphics\fonts\harfbuzz\hb-ot-var-common.hh(63,26): warning C4242:         [ [C:\zenith\daw\build_nosk\ZenithDAW.vcxproj]
C:\zenith\daw\build_nosk\_deps\juce-src\modules\juce_graphics\fonts\harfbuzz\hb-ot-var-common.hh(63,26): warning C4242:             Type=uint16_t [C:\zenith\daw\build_nosk\ZenithDAW.vcxproj]
C:\zenith\daw\build_nosk\_deps\juce-src\modules\juce_graphics\fonts\harfbuzz\hb-ot-var-common.hh(63,26): warning C4242:         ] [C:\zenith\daw\build_nosk\ZenithDAW.vcxproj]
  (compiling source file '_deps/juce-src/modules/juce_graphics/juce_graphics_Harfbuzz.cpp')
      C:\zenith\daw\build_nosk\_deps\juce-src\modules\juce_graphics\fonts\harfbuzz\hb-ot-var-common.hh(63,26):
      the template instantiation context (the oldest one first) is
          C:\zenith\daw\build_nosk\_deps\juce-src\modules\juce_graphics\fonts\harfbuzz\hb-ot-var-hvar-table.hh(315,14):
          see reference to function template instantiation 'bool OT::OffsetTo<OT::DeltaSetIndexMap,OT::HBUINT32,void,true>::serialize_serialize<Type&>(hb_serialize_context_t *,Type &)' being compiled
          with
          [
              Type=OT::index_map_subset_plan_t
          ]
              C:\zenith\daw\build_nosk\_deps\juce-src\modules\juce_graphics\fonts\harfbuzz\hb-ot-var-hvar-table.hh(315,10):
              see the first reference to 'OT::OffsetTo<OT::DeltaSetIndexMap,OT::HBUINT32,void,true>::serialize_serialize' in 'OT::HVARVVAR::serialize_index_maps'
          C:\zenith\daw\build_nosk\_deps\juce-src\modules\juce_graphics\fonts\harfbuzz\hb-open-type.hh(380,21):
          see reference to function template instantiation 'bool OT::DeltaSetIndexMap::serialize<Type>(hb_serialize_context_t *,const T &)' being compiled
          with
          [
              Type=OT::index_map_subset_plan_t,
              T=OT::index_map_subset_plan_t
          ]
          C:\zenith\daw\build_nosk\_deps\juce-src\modules\juce_graphics\fonts\harfbuzz\hb-ot-var-common.hh(149,13):
          see reference to function template instantiation 'bool OT::DeltaSetIndexMapFormat01<OT::HBUINT16>::serialize<T>(hb_serialize_context_t *,const T &)' being compiled
          with
          [
              T=OT::index_map_subset_plan_t
          ]
  
C:\zenith\daw\build_nosk\_deps\juce-src\modules\juce_graphics\fonts\harfbuzz\hb-ot-var-common.hh(76,13): warning C4242: 'argument': conversion from 'unsigned int' to 'Type', possible loss of data [C:\zenith\daw\build_nosk\ZenithDAW.vcxproj]
C:\zenith\daw\build_nosk\_deps\juce-src\modules\juce_graphics\fonts\harfbuzz\hb-ot-var-common.hh(76,13): warning C4242:         with [C:\zenith\daw\build_nosk\ZenithDAW.vcxproj]
C:\zenith\daw\build_nosk\_deps\juce-src\modules\juce_graphics\fonts\harfbuzz\hb-ot-var-common.hh(76,13): warning C4242:         [ [C:\zenith\daw\build_nosk\ZenithDAW.vcxproj]
C:\zenith\daw\build_nosk\_deps\juce-src\modules\juce_graphics\fonts\harfbuzz\hb-ot-var-common.hh(76,13): warning C4242:             Type=uint8_t [C:\zenith\daw\build_nosk\ZenithDAW.vcxproj]
C:\zenith\daw\build_nosk\_deps\juce-src\modules\juce_graphics\fonts\harfbuzz\hb-ot-var-common.hh(76,13): warning C4242:         ] [C:\zenith\daw\build_nosk\ZenithDAW.vcxproj]
  (compiling source file '_deps/juce-src/modules/juce_graphics/juce_graphics_Harfbuzz.cpp')
  
C:\zenith\daw\build_nosk\_deps\juce-src\modules\juce_graphics\fonts\harfbuzz\OT\Layout\Common\CoverageFormat2.hh(107,43): warning C4242: 'argument': conversion from 'V' to 'uint16_t', possible loss of data [C:\zenith\daw\build_nosk\ZenithDAW.vcxproj]
C:\zenith\daw\build_nosk\_deps\juce-src\modules\juce_graphics\fonts\harfbuzz\OT\Layout\Common\CoverageFormat2.hh(107,43): warning C4242:         with [C:\zenith\daw\build_nosk\ZenithDAW.vcxproj]
C:\zenith\daw\build_nosk\_deps\juce-src\modules\juce_graphics\fonts\harfbuzz\OT\Layout\Common\CoverageFormat2.hh(107,43): warning C4242:         [ [C:\zenith\daw\build_nosk\ZenithDAW.vcxproj]
C:\zenith\daw\build_nosk\_deps\juce-src\modules\juce_graphics\fonts\harfbuzz\OT\Layout\Common\CoverageFormat2.hh(107,43): warning C4242:             V=hb_codepoint_t [C:\zenith\daw\build_nosk\ZenithDAW.vcxproj]
C:\zenith\daw\build_nosk\_deps\juce-src\modules\juce_graphics\fonts\harfbuzz\OT\Layout\Common\CoverageFormat2.hh(107,43): warning C4242:         ] [C:\zenith\daw\build_nosk\ZenithDAW.vcxproj]
  (compiling source file '_deps/juce-src/modules/juce_graphics/juce_graphics_Harfbuzz.cpp')
      C:\zenith\daw\build_nosk\_deps\juce-src\modules\juce_graphics\fonts\harfbuzz\OT\Layout\Common\CoverageFormat2.hh(107,43):
      the template instantiation context (the oldest one first) is
          C:\zenith\daw\build_nosk\_deps\juce-src\modules\juce_graphics\fonts\harfbuzz\hb-ot-math-table.hh(579,40):
          see reference to function template instantiation 'bool OT::OffsetTo<OT::Layout::Common::Coverage,OT::HBUINT16,void,true>::serialize_serialize<hb_map_iter_t<_Ty,Proj,hb_function_sortedness_t::RETAINS_SORTING,0x0>&>(hb_serialize_context_t *,hb_map_iter_t<_Ty,Proj,hb_function_sortedness_t::RETAINS_SORTING,0x0> &)' being compiled
          with
          [
              _Ty=hb_filter_iter_t<hb_map_iter_t<hb_zip_iter_t<hb_range_iter_t<unsigned int,unsigned int>,OT::Layout::Common::Coverage::iter_t>,const <unnamed-type-hb_second> &,hb_function_sortedness_t::RETAINS_SORTING,0x0>,const hb_set_t &,const <unnamed-type-hb_identity> &,0x0>,
              Proj=const hb_map_t &
          ]
              C:\zenith\daw\build_nosk\_deps\juce-src\modules\juce_graphics\fonts\harfbuzz\hb-ot-math-table.hh(579,60):
              see the first reference to 'OT::OffsetTo<OT::Layout::Common::Coverage,OT::HBUINT16,void,true>::serialize_serialize' in 'OT::MathGlyphInfo::subset'
          C:\zenith\daw\build_nosk\_deps\juce-src\modules\juce_graphics\fonts\harfbuzz\hb-open-type.hh(380,21):
          see reference to function template instantiation 'bool OT::Layout::Common::Coverage::serialize<hb_map_iter_t<_Ty,Proj,hb_function_sortedness_t::RETAINS_SORTING,0x0>,0x0>(hb_serialize_context_t *,Iterator)' being compiled
          with
          [
              _Ty=hb_filter_iter_t<hb_map_iter_t<hb_zip_iter_t<hb_range_iter_t<unsigned int,unsigned int>,OT::Layout::Common::Coverage::iter_t>,const <unnamed-type-hb_second> &,hb_function_sortedness_t::RETAINS_SORTING,0x0>,const hb_set_t &,const <unnamed-type-hb_identity> &,0x0>,
              Proj=const hb_map_t &,
              Iterator=hb_map_iter_t<hb_filter_iter_t<hb_map_iter_t<hb_zip_iter_t<hb_range_iter_t<unsigned int,unsigned int>,OT::Layout::Common::Coverage::iter_t>,const <unnamed-type-hb_second> &,hb_function_sortedness_t::RETAINS_SORTING,0x0>,const hb_set_t &,const <unnamed-type-hb_identity> &,0x0>,const hb_map_t &,hb_function_sortedness_t::RETAINS_SORTING,0x0>
          ]
          C:\zenith\daw\build_nosk\_deps\juce-src\modules\juce_graphics\fonts\harfbuzz\OT\Layout\Common\Coverage.hh(151,13):
          see reference to function template instantiation 'bool OT::Layout::Common::CoverageFormat2_4<OT::Layout::SmallTypes>::serialize<Iterator,0x0>(hb_serialize_context_t *,Iterator)' being compiled
          with
          [
              Iterator=hb_map_iter_t<hb_filter_iter_t<hb_map_iter_t<hb_zip_iter_t<hb_range_iter_t<unsigned int,unsigned int>,OT::Layout::Common::Coverage::iter_t>,const <unnamed-type-hb_second> &,hb_function_sortedness_t::RETAINS_SORTING,0x0>,const hb_set_t &,const <unnamed-type-hb_identity> &,0x0>,const hb_map_t &,hb_function_sortedness_t::RETAINS_SORTING,0x0>
          ]
  
C:\zenith\daw\build_nosk\_deps\juce-src\modules\juce_graphics\fonts\harfbuzz\OT\Layout\Common\CoverageFormat2.hh(110,40): warning C4242: 'argument': conversion from 'V' to 'uint16_t', possible loss of data [C:\zenith\daw\build_nosk\ZenithDAW.vcxproj]
C:\zenith\daw\build_nosk\_deps\juce-src\modules\juce_graphics\fonts\harfbuzz\OT\Layout\Common\CoverageFormat2.hh(110,40): warning C4242:         with [C:\zenith\daw\build_nosk\ZenithDAW.vcxproj]
C:\zenith\daw\build_nosk\_deps\juce-src\modules\juce_graphics\fonts\harfbuzz\OT\Layout\Common\CoverageFormat2.hh(110,40): warning C4242:         [ [C:\zenith\daw\build_nosk\ZenithDAW.vcxproj]
C:\zenith\daw\build_nosk\_deps\juce-src\modules\juce_graphics\fonts\harfbuzz\OT\Layout\Common\CoverageFormat2.hh(110,40): warning C4242:             V=hb_codepoint_t [C:\zenith\daw\build_nosk\ZenithDAW.vcxproj]
C:\zenith\daw\build_nosk\_deps\juce-src\modules\juce_graphics\fonts\harfbuzz\OT\Layout\Common\CoverageFormat2.hh(110,40): warning C4242:         ] [C:\zenith\daw\build_nosk\ZenithDAW.vcxproj]
  (compiling source file '_deps/juce-src/modules/juce_graphics/juce_graphics_Harfbuzz.cpp')
  
C:\zenith\daw\build_nosk\_deps\juce-src\modules\juce_graphics\fonts\harfbuzz\hb-sanitize.hh(422,36): warning C4242: 'argument': conversion from 'const ValueType' to 'unsigned short', possible loss of data [C:\zenith\daw\build_nosk\ZenithDAW.vcxproj]
C:\zenith\daw\build_nosk\_deps\juce-src\modules\juce_graphics\fonts\harfbuzz\hb-sanitize.hh(422,36): warning C4242:         with [C:\zenith\daw\build_nosk\ZenithDAW.vcxproj]
C:\zenith\daw\build_nosk\_deps\juce-src\modules\juce_graphics\fonts\harfbuzz\hb-sanitize.hh(422,36): warning C4242:         [ [C:\zenith\daw\build_nosk\ZenithDAW.vcxproj]
C:\zenith\daw\build_nosk\_deps\juce-src\modules\juce_graphics\fonts\harfbuzz\hb-sanitize.hh(422,36): warning C4242:             ValueType=int [C:\zenith\daw\build_nosk\ZenithDAW.vcxproj]
C:\zenith\daw\build_nosk\_deps\juce-src\modules\juce_graphics\fonts\harfbuzz\hb-sanitize.hh(422,36): warning C4242:         ] [C:\zenith\daw\build_nosk\ZenithDAW.vcxproj]
  (compiling source file '_deps/juce-src/modules/juce_graphics/juce_graphics_Harfbuzz.cpp')
      C:\zenith\daw\build_nosk\_deps\juce-src\modules\juce_graphics\fonts\harfbuzz\hb-sanitize.hh(422,36):
      the template instantiation context (the oldest one first) is
          C:\zenith\daw\build_nosk\_deps\juce-src\modules\juce_graphics\fonts\harfbuzz\hb-ot-math-table.hh(1130,3):
          see reference to class template instantiation 'OT::OffsetTo<OT::MathVariants,OT::HBUINT16,void,true>' being compiled
          C:\zenith\daw\build_nosk\_deps\juce-src\modules\juce_graphics\fonts\harfbuzz\hb-open-type.hh(442,8):
          while compiling class template member function 'bool OT::OffsetTo<OT::MathVariants,OT::HBUINT16,void,true>::neuter(hb_sanitize_context_t *) const'
              C:\zenith\daw\build_nosk\_deps\juce-src\modules\juce_graphics\fonts\harfbuzz\hb-open-type.hh(434,5):
              see the first reference to 'OT::OffsetTo<OT::MathVariants,OT::HBUINT16,void,true>::neuter' in 'OT::OffsetTo<OT::MathVariants,OT::HBUINT16,void,true>::sanitize'
              C:\zenith\daw\build_nosk\_deps\juce-src\modules\juce_graphics\fonts\harfbuzz\hb-ot-math-table.hh(1106,5):
              see the first reference to 'OT::OffsetTo<OT::MathVariants,OT::HBUINT16,void,true>::sanitize' in 'OT::MATH::sanitize'
          C:\zenith\daw\build_nosk\_deps\juce-src\modules\juce_graphics\fonts\harfbuzz\hb-open-type.hh(445,15):
          see reference to function template instantiation 'bool hb_sanitize_context_t::try_set<OT::OffsetTo<OT::MathVariants,OT::HBUINT16,void,true>,int>(const Type *,const ValueType &)' being compiled
          with
          [
              Type=OT::OffsetTo<OT::MathVariants,OT::HBUINT16,void,true>,
              ValueType=int
          ]
  
C:\zenith\daw\build_nosk\_deps\juce-src\modules\juce_graphics\fonts\harfbuzz\hb-ot-cff-common.hh(230,41): warning C4242: 'argument': conversion from 'unsigned int' to 'Type', possible loss of data [C:\zenith\daw\build_nosk\ZenithDAW.vcxproj]
C:\zenith\daw\build_nosk\_deps\juce-src\modules\juce_graphics\fonts\harfbuzz\hb-ot-cff-common.hh(230,41): warning C4242:         with [C:\zenith\daw\build_nosk\ZenithDAW.vcxproj]
C:\zenith\daw\build_nosk\_deps\juce-src\modules\juce_graphics\fonts\harfbuzz\hb-ot-cff-common.hh(230,41): warning C4242:         [ [C:\zenith\daw\build_nosk\ZenithDAW.vcxproj]
C:\zenith\daw\build_nosk\_deps\juce-src\modules\juce_graphics\fonts\harfbuzz\hb-ot-cff-common.hh(230,41): warning C4242:             Type=uint8_t [C:\zenith\daw\build_nosk\ZenithDAW.vcxproj]
C:\zenith\daw\build_nosk\_deps\juce-src\modules\juce_graphics\fonts\harfbuzz\hb-ot-cff-common.hh(230,41): warning C4242:         ] [C:\zenith\daw\build_nosk\ZenithDAW.vcxproj]
  (compiling source file '_deps/juce-src/modules/juce_graphics/juce_graphics_Harfbuzz.cpp')
      C:\zenith\daw\build_nosk\_deps\juce-src\modules\juce_graphics\fonts\harfbuzz\hb-ot-cff-common.hh(230,41):
      the template instantiation context (the oldest one first) is
          C:\zenith\daw\build_nosk\_deps\juce-src\modules\juce_graphics\fonts\harfbuzz\hb-ot-cff1-table.hh(640,26):
          see reference to class template instantiation 'CFF::CFFIndex<OT::HBUINT16>' being compiled
          C:\zenith\daw\build_nosk\_deps\juce-src\modules\juce_graphics\fonts\harfbuzz\hb-ot-cff-common.hh(222,8):
          while compiling class template member function 'void CFF::CFFIndex<OT::HBUINT16>::set_offset_at(unsigned int,unsigned int)'
              C:\zenith\daw\build_nosk\_deps\juce-src\modules\juce_graphics\fonts\harfbuzz\hb-ot-cff-common.hh(139,16):
              see the first reference to 'CFF::CFFIndex<OT::HBUINT16>::set_offset_at' in 'CFF::CFFIndex<OT::HBUINT16>::serialize_header'
              C:\zenith\daw\build_nosk\_deps\juce-src\modules\juce_graphics\fonts\harfbuzz\hb-ot-cff-common.hh(92,5):
              see the first reference to 'CFF::CFFIndex<OT::HBUINT16>::serialize_header' in 'CFF::CFFIndex<OT::HBUINT16>::serialize'
              C:\zenith\daw\build_nosk\_deps\juce-src\modules\juce_graphics\fonts\harfbuzz\hb-ot-cff1-table.hh(662,17):
              see the first reference to 'CFF::CFFIndex<OT::HBUINT16>::serialize' in 'CFF::CFF1StringIndex::serialize'
  
C:\zenith\daw\build_nosk\_deps\juce-src\modules\juce_graphics\fonts\harfbuzz\hb-ot-cff-common.hh(231,41): warning C4242: 'argument': conversion from 'unsigned int' to 'Type', possible loss of data [C:\zenith\daw\build_nosk\ZenithDAW.vcxproj]
C:\zenith\daw\build_nosk\_deps\juce-src\modules\juce_graphics\fonts\harfbuzz\hb-ot-cff-common.hh(231,41): warning C4242:         with [C:\zenith\daw\build_nosk\ZenithDAW.vcxproj]
C:\zenith\daw\build_nosk\_deps\juce-src\modules\juce_graphics\fonts\harfbuzz\hb-ot-cff-common.hh(231,41): warning C4242:         [ [C:\zenith\daw\build_nosk\ZenithDAW.vcxproj]
C:\zenith\daw\build_nosk\_deps\juce-src\modules\juce_graphics\fonts\harfbuzz\hb-ot-cff-common.hh(231,41): warning C4242:             Type=uint16_t [C:\zenith\daw\build_nosk\ZenithDAW.vcxproj]
C:\zenith\daw\build_nosk\_deps\juce-src\modules\juce_graphics\fonts\harfbuzz\hb-ot-cff-common.hh(231,41): warning C4242:         ] [C:\zenith\daw\build_nosk\ZenithDAW.vcxproj]
  (compiling source file '_deps/juce-src/modules/juce_graphics/juce_graphics_Harfbuzz.cpp')
  
C:\zenith\daw\build_nosk\_deps\juce-src\modules\juce_graphics\fonts\harfbuzz\hb-utf.hh(275,16): warning C4242: '=': conversion from 'hb_codepoint_t' to 'unsigned short', possible loss of data [C:\zenith\daw\build_nosk\ZenithDAW.vcxproj]
  (compiling source file '_deps/juce-src/modules/juce_graphics/juce_graphics_Harfbuzz.cpp')
      C:\zenith\daw\build_nosk\_deps\juce-src\modules\juce_graphics\fonts\harfbuzz\hb-utf.hh(275,16):
      the template instantiation context (the oldest one first) is
          C:\zenith\daw\build_nosk\_deps\juce-src\modules\juce_graphics\fonts\harfbuzz\hb-buffer.cc(1682,1):
          see reference to class template instantiation 'hb_utf16_xe_t<uint16_t>' being compiled
          C:\zenith\daw\build_nosk\_deps\juce-src\modules\juce_graphics\fonts\harfbuzz\hb-utf.hh(268,3):
          while compiling class template member function 'unsigned short *hb_utf16_xe_t<uint16_t>::encode(unsigned short *,const unsigned short *,hb_codepoint_t)'
              C:\zenith\daw\build_nosk\_deps\juce-src\modules\juce_graphics\fonts\harfbuzz\OT\name\name.hh(61,49):
              see the first reference to 'hb_utf16_xe_t<uint16_t>::encode' in 'OT::hb_ot_name_convert_utf'
              C:\zenith\daw\build_nosk\_deps\juce-src\modules\juce_graphics\fonts\harfbuzz\hb-ot-name.cc(87,18):
              see the first reference to 'OT::hb_ot_name_convert_utf' in 'hb_ot_name_get_utf'
  
C:\zenith\daw\build_nosk\_deps\juce-src\modules\juce_graphics\fonts\harfbuzz\OT\Layout\Common\CoverageFormat2.hh(107,43): warning C4242: 'argument': conversion from 'unsigned int' to 'uint16_t', possible loss of data [C:\zenith\daw\build_nosk\ZenithDAW.vcxproj]
  (compiling source file '_deps/juce-src/modules/juce_graphics/juce_graphics_Harfbuzz.cpp')
      C:\zenith\daw\build_nosk\_deps\juce-src\modules\juce_graphics\fonts\harfbuzz\OT\Layout\Common\CoverageFormat2.hh(107,43):
      the template instantiation context (the oldest one first) is
          C:\zenith\daw\build_nosk\_deps\juce-src\modules\juce_graphics\fonts\harfbuzz\OT\Layout\GPOS\CursivePosFormat1.hh(301,10):
          see reference to function template instantiation 'void OT::Layout::GPOS_impl::CursivePosFormat1::serialize<hb_map_iter_t<_Ty,Proj,hb_function_sortedness_t::RETAINS_SORTING,0x0>,0x0>(hb_subset_context_t *,Iterator,const OT::Layout::GPOS_impl::CursivePosFormat1 *)' being compiled
          with
          [
              _Ty=hb_filter_iter_t<hb_zip_iter_t<OT::Layout::Common::Coverage::iter_t,hb_array_t<const OT::Layout::GPOS_impl::EntryExitRecord>>,const hb_set_t &,const <unnamed-type-hb_first> &,0x0>,
              Proj=OT::Layout::GPOS_impl::CursivePosFormat1::subset::<lambda_1>,
              Iterator=hb_map_iter_t<hb_filter_iter_t<hb_zip_iter_t<OT::Layout::Common::Coverage::iter_t,hb_array_t<const OT::Layout::GPOS_impl::EntryExitRecord>>,const hb_set_t &,const <unnamed-type-hb_first> &,0x0>,OT::Layout::GPOS_impl::CursivePosFormat1::subset::<lambda_1>,hb_function_sortedness_t::RETAINS_SORTING,0x0>
          ]
          C:\zenith\daw\build_nosk\_deps\juce-src\modules\juce_graphics\fonts\harfbuzz\OT\Layout\GPOS\CursivePosFormat1.hh(282,14):
          see reference to function template instantiation 'bool OT::OffsetTo<OT::Layout::Common::Coverage,OT::HBUINT16,void,true>::serialize_serialize<hb_map_iter_t<_Ty,Proj,hb_function_sortedness_t::RETAINS_SORTING,0x0>&>(hb_serialize_context_t *,hb_map_iter_t<_Ty,Proj,hb_function_sortedness_t::RETAINS_SORTING,0x0> &)' being compiled
          with
          [
              _Ty=hb_map_iter_t<hb_filter_iter_t<hb_zip_iter_t<OT::Layout::Common::Coverage::iter_t,hb_array_t<const OT::Layout::GPOS_impl::EntryExitRecord>>,const hb_set_t &,const <unnamed-type-hb_first> &,0x0>,OT::Layout::GPOS_impl::CursivePosFormat1::subset::<lambda_1>,hb_function_sortedness_t::RETAINS_SORTING,0x0>,
              Proj=const <unnamed-type-hb_first> &
          ]
          C:\zenith\daw\build_nosk\_deps\juce-src\modules\juce_graphics\fonts\harfbuzz\hb-open-type.hh(380,21):
          see reference to function template instantiation 'bool OT::Layout::Common::Coverage::serialize<hb_map_iter_t<_Ty,Proj,hb_function_sortedness_t::RETAINS_SORTING,0x0>,0x0>(hb_serialize_context_t *,Iterator)' being compiled
          with
          [
              _Ty=hb_map_iter_t<hb_filter_iter_t<hb_zip_iter_t<OT::Layout::Common::Coverage::iter_t,hb_array_t<const OT::Layout::GPOS_impl::EntryExitRecord>>,const hb_set_t &,const <unnamed-type-hb_first> &,0x0>,OT::Layout::GPOS_impl::CursivePosFormat1::subset::<lambda_1>,hb_function_sortedness_t::RETAINS_SORTING,0x0>,
              Proj=const <unnamed-type-hb_first> &,
              Iterator=hb_map_iter_t<hb_map_iter_t<hb_filter_iter_t<hb_zip_iter_t<OT::Layout::Common::Coverage::iter_t,hb_array_t<const OT::Layout::GPOS_impl::EntryExitRecord>>,const hb_set_t &,const <unnamed-type-hb_first> &,0x0>,OT::Layout::GPOS_impl::CursivePosFormat1::subset::<lambda_1>,hb_function_sortedness_t::RETAINS_SORTING,0x0>,const <unnamed-type-hb_first> &,hb_function_sortedness_t::RETAINS_SORTING,0x0>
          ]
          C:\zenith\daw\build_nosk\_deps\juce-src\modules\juce_graphics\fonts\harfbuzz\OT\Layout\Common\Coverage.hh(151,13):
          see reference to function template instantiation 'bool OT::Layout::Common::CoverageFormat2_4<OT::Layout::SmallTypes>::serialize<Iterator,0x0>(hb_serialize_context_t *,Iterator)' being compiled
          with
          [
              Iterator=hb_map_iter_t<hb_map_iter_t<hb_filter_iter_t<hb_zip_iter_t<OT::Layout::Common::Coverage::iter_t,hb_array_t<const OT::Layout::GPOS_impl::EntryExitRecord>>,const hb_set_t &,const <unnamed-type-hb_first> &,0x0>,OT::Layout::GPOS_impl::CursivePosFormat1::subset::<lambda_1>,hb_function_sortedness_t::RETAINS_SORTING,0x0>,const <unnamed-type-hb_first> &,hb_function_sortedness_t::RETAINS_SORTING,0x0>
          ]
  
C:\zenith\daw\build_nosk\_deps\juce-src\modules\juce_graphics\fonts\harfbuzz\OT\Layout\Common\CoverageFormat2.hh(110,40): warning C4242: 'argument': conversion from 'unsigned int' to 'uint16_t', possible loss of data [C:\zenith\daw\build_nosk\ZenithDAW.vcxproj]
  (compiling source file '_deps/juce-src/modules/juce_graphics/juce_graphics_Harfbuzz.cpp')
  
C:\zenith\daw\build_nosk\_deps\juce-src\modules\juce_graphics\fonts\harfbuzz\hb-algs.hh(1053,19): warning C4242: 'argument': conversion from 'const T' to 'uint16_t', possible loss of data [C:\zenith\daw\build_nosk\ZenithDAW.vcxproj]
C:\zenith\daw\build_nosk\_deps\juce-src\modules\juce_graphics\fonts\harfbuzz\hb-algs.hh(1053,19): warning C4242:         with [C:\zenith\daw\build_nosk\ZenithDAW.vcxproj]
C:\zenith\daw\build_nosk\_deps\juce-src\modules\juce_graphics\fonts\harfbuzz\hb-algs.hh(1053,19): warning C4242:         [ [C:\zenith\daw\build_nosk\ZenithDAW.vcxproj]
C:\zenith\daw\build_nosk\_deps\juce-src\modules\juce_graphics\fonts\harfbuzz\hb-algs.hh(1053,19): warning C4242:             T=hb_codepoint_t [C:\zenith\daw\build_nosk\ZenithDAW.vcxproj]
C:\zenith\daw\build_nosk\_deps\juce-src\modules\juce_graphics\fonts\harfbuzz\hb-algs.hh(1053,19): warning C4242:         ] [C:\zenith\daw\build_nosk\ZenithDAW.vcxproj]
  (compiling source file '_deps/juce-src/modules/juce_graphics/juce_graphics_Harfbuzz.cpp')
      C:\zenith\daw\build_nosk\_deps\juce-src\modules\juce_graphics\fonts\harfbuzz\hb-algs.hh(1053,19):
      the template instantiation context (the oldest one first) is
          C:\zenith\daw\build_nosk\_deps\juce-src\modules\juce_graphics\fonts\harfbuzz\hb-ot-cff1-table.cc(250,66):
          see reference to function template instantiation 'Type *hb_sorted_array_t<Type>::bsearch<hb_codepoint_t>(const T &,Type *)' being compiled
          with
          [
              Type=const sid_to_gid_t,
              T=hb_codepoint_t
          ]
              C:\zenith\daw\build_nosk\_deps\juce-src\modules\juce_graphics\fonts\harfbuzz\hb-ot-cff1-table.cc(250,20):
              see the first reference to 'hb_sorted_array_t<const sid_to_gid_t>::bsearch' in 'OT::cff1::lookup_expert_charset_for_glyph'
          C:\zenith\daw\build_nosk\_deps\juce-src\modules\juce_graphics\fonts\harfbuzz\hb-array.hh(398,12):
          see reference to function template instantiation 'bool hb_sorted_array_t<const sid_to_gid_t>::bfind<T>(const T &,unsigned int *,hb_not_found_t,unsigned int) const' being compiled
          with
          [
              T=hb_codepoint_t
          ]
          C:\zenith\daw\build_nosk\_deps\juce-src\modules\juce_graphics\fonts\harfbuzz\hb-array.hh(413,9):
          see reference to function template instantiation 'bool hb_sorted_array_t<const sid_to_gid_t>::bsearch_impl<T,>(const T &,unsigned int *) const' being compiled
          with
          [
              T=hb_codepoint_t
          ]
          C:\zenith\daw\build_nosk\_deps\juce-src\modules\juce_graphics\fonts\harfbuzz\hb-array.hh(446,8):
          see reference to function template instantiation 'int _hb_cmp_method<T,const sid_to_gid_t,>(const void *,const void *)' being compiled
          with
          [
              T=hb_codepoint_t
          ]
  
C:\zenith\daw\build_nosk\_deps\juce-src\modules\juce_graphics\fonts\harfbuzz\hb-open-type.hh(698,19): warning C4242: 'argument': conversion from 'Type' to 'uint16_t', possible loss of data [C:\zenith\daw\build_nosk\ZenithDAW.vcxproj]
C:\zenith\daw\build_nosk\_deps\juce-src\modules\juce_graphics\fonts\harfbuzz\hb-open-type.hh(698,19): warning C4242:         with [C:\zenith\daw\build_nosk\ZenithDAW.vcxproj]
C:\zenith\daw\build_nosk\_deps\juce-src\modules\juce_graphics\fonts\harfbuzz\hb-open-type.hh(698,19): warning C4242:         [ [C:\zenith\daw\build_nosk\ZenithDAW.vcxproj]
C:\zenith\daw\build_nosk\_deps\juce-src\modules\juce_graphics\fonts\harfbuzz\hb-open-type.hh(698,19): warning C4242:             Type=unsigned int [C:\zenith\daw\build_nosk\ZenithDAW.vcxproj]
C:\zenith\daw\build_nosk\_deps\juce-src\modules\juce_graphics\fonts\harfbuzz\hb-open-type.hh(698,19): warning C4242:         ] [C:\zenith\daw\build_nosk\ZenithDAW.vcxproj]
  (compiling source file '_deps/juce-src/modules/juce_graphics/juce_graphics_Harfbuzz.cpp')
      C:\zenith\daw\build_nosk\_deps\juce-src\modules\juce_graphics\fonts\harfbuzz\hb-open-type.hh(698,19):
      the template instantiation context (the oldest one first) is
          C:\zenith\daw\build_nosk\_deps\juce-src\modules\juce_graphics\fonts\harfbuzz\OT\Layout\Common\Coverage.hh(150,13):
          see reference to function template instantiation 'bool OT::Layout::Common::CoverageFormat1_3<OT::Layout::SmallTypes>::serialize<Iterator,0x0>(hb_serialize_context_t *,Iterator)' being compiled
          with
          [
              Iterator=hb_sorted_array_t<const unsigned int>
          ]
          C:\zenith\daw\build_nosk\_deps\juce-src\modules\juce_graphics\fonts\harfbuzz\OT\Layout\Common\CoverageFormat1.hh(75,5):
          see reference to function template instantiation 'bool OT::SortedArrayOf<OT::Layout::SmallTypes::HBGlyphID,OT::HBUINT16>::serialize<Iterator,0x0>(hb_serialize_context_t *,Iterator)' being compiled
          with
          [
              Iterator=hb_sorted_array_t<const unsigned int>
          ]
          C:\zenith\daw\build_nosk\_deps\juce-src\modules\juce_graphics\fonts\harfbuzz\hb-open-type.hh(984,40):
          see reference to function template instantiation 'bool OT::ArrayOf<Type,LenType>::serialize<Iterator,0x0>(hb_serialize_context_t *,Iterator)' being compiled
          with
          [
              Type=OT::Layout::SmallTypes::HBGlyphID,
              LenType=OT::HBUINT16,
              Iterator=hb_sorted_array_t<const unsigned int>
          ]
  
C:\zenith\daw\build_nosk\_deps\juce-src\modules\juce_graphics\fonts\harfbuzz\hb-open-type.hh(698,19): warning C4242: 'argument': conversion from 'const V' to 'uint16_t', possible loss of data [C:\zenith\daw\build_nosk\ZenithDAW.vcxproj]
C:\zenith\daw\build_nosk\_deps\juce-src\modules\juce_graphics\fonts\harfbuzz\hb-open-type.hh(698,19): warning C4242:         with [C:\zenith\daw\build_nosk\ZenithDAW.vcxproj]
C:\zenith\daw\build_nosk\_deps\juce-src\modules\juce_graphics\fonts\harfbuzz\hb-open-type.hh(698,19): warning C4242:         [ [C:\zenith\daw\build_nosk\ZenithDAW.vcxproj]
C:\zenith\daw\build_nosk\_deps\juce-src\modules\juce_graphics\fonts\harfbuzz\hb-open-type.hh(698,19): warning C4242:             V=hb_codepoint_t [C:\zenith\daw\build_nosk\ZenithDAW.vcxproj]
C:\zenith\daw\build_nosk\_deps\juce-src\modules\juce_graphics\fonts\harfbuzz\hb-open-type.hh(698,19): warning C4242:         ] [C:\zenith\daw\build_nosk\ZenithDAW.vcxproj]
  (compiling source file '_deps/juce-src/modules/juce_graphics/juce_graphics_Harfbuzz.cpp')
      C:\zenith\daw\build_nosk\_deps\juce-src\modules\juce_graphics\fonts\harfbuzz\hb-open-type.hh(698,19):
      the template instantiation context (the oldest one first) is
          C:\zenith\daw\build_nosk\_deps\juce-src\modules\juce_graphics\fonts\harfbuzz\OT\Layout\Common\Coverage.hh(150,13):
          see reference to function template instantiation 'bool OT::Layout::Common::CoverageFormat1_3<OT::Layout::SmallTypes>::serialize<Iterator,0x0>(hb_serialize_context_t *,Iterator)' being compiled
          with
          [
              Iterator=hb_map_iter_t<hb_filter_iter_t<hb_map_iter_t<hb_zip_iter_t<hb_range_iter_t<unsigned int,unsigned int>,OT::Layout::Common::Coverage::iter_t>,const <unnamed-type-hb_second> &,hb_function_sortedness_t::RETAINS_SORTING,0x0>,const hb_set_t &,const <unnamed-type-hb_identity> &,0x0>,const hb_map_t &,hb_function_sortedness_t::RETAINS_SORTING,0x0>
          ]
          C:\zenith\daw\build_nosk\_deps\juce-src\modules\juce_graphics\fonts\harfbuzz\OT\Layout\Common\CoverageFormat1.hh(75,5):
          see reference to function template instantiation 'bool OT::SortedArrayOf<OT::Layout::SmallTypes::HBGlyphID,OT::HBUINT16>::serialize<Iterator,0x0>(hb_serialize_context_t *,Iterator)' being compiled
          with
          [
              Iterator=hb_map_iter_t<hb_filter_iter_t<hb_map_iter_t<hb_zip_iter_t<hb_range_iter_t<unsigned int,unsigned int>,OT::Layout::Common::Coverage::iter_t>,const <unnamed-type-hb_second> &,hb_function_sortedness_t::RETAINS_SORTING,0x0>,const hb_set_t &,const <unnamed-type-hb_identity> &,0x0>,const hb_map_t &,hb_function_sortedness_t::RETAINS_SORTING,0x0>
          ]
          C:\zenith\daw\build_nosk\_deps\juce-src\modules\juce_graphics\fonts\harfbuzz\hb-open-type.hh(984,40):
          see reference to function template instantiation 'bool OT::ArrayOf<Type,LenType>::serialize<Iterator,0x0>(hb_serialize_context_t *,Iterator)' being compiled
          with
          [
              Type=OT::Layout::SmallTypes::HBGlyphID,
              LenType=OT::HBUINT16,
              Iterator=hb_map_iter_t<hb_filter_iter_t<hb_map_iter_t<hb_zip_iter_t<hb_range_iter_t<unsigned int,unsigned int>,OT::Layout::Common::Coverage::iter_t>,const <unnamed-type-hb_second> &,hb_function_sortedness_t::RETAINS_SORTING,0x0>,const hb_set_t &,const <unnamed-type-hb_identity> &,0x0>,const hb_map_t &,hb_function_sortedness_t::RETAINS_SORTING,0x0>
          ]
  
C:\zenith\daw\build_nosk\_deps\juce-src\modules\juce_graphics\fonts\harfbuzz\OT\Layout\GSUB\Ligature.hh(159,16): warning C4242: 'argument': conversion from 'hb_codepoint_t' to 'uint16_t', possible loss of data [C:\zenith\daw\build_nosk\ZenithDAW.vcxproj]
  (compiling source file '_deps/juce-src/modules/juce_graphics/juce_graphics_Harfbuzz.cpp')
      C:\zenith\daw\build_nosk\_deps\juce-src\modules\juce_graphics\fonts\harfbuzz\OT\Layout\GSUB\Ligature.hh(159,16):
      the template instantiation context (the oldest one first) is
          C:\zenith\daw\build_nosk\_deps\juce-src\modules\juce_graphics\fonts\harfbuzz\OT\Layout\GSUB\LigatureSubstFormat1.hh(20,17):
          see reference to class template instantiation 'OT::ArrayOf<OT::OffsetTo<OT::Layout::GSUB_impl::LigatureSet<Types>,OT::HBUINT16,void,true>,OT::HBUINT16>' being compiled
          with
          [
              Types=OT::Layout::SmallTypes
          ]
          C:\zenith\daw\build_nosk\_deps\juce-src\modules\juce_graphics\fonts\harfbuzz\hb-null.hh(88,50):
          see reference to class template instantiation 'OT::OffsetTo<OT::Layout::GSUB_impl::LigatureSet<Types>,OT::HBUINT16,void,true>' being compiled
          with
          [
              Types=OT::Layout::SmallTypes
          ]
          C:\zenith\daw\build_nosk\_deps\juce-src\modules\juce_graphics\fonts\harfbuzz\hb-null.hh(54,52):
          see reference to class template instantiation 'OT::Layout::GSUB_impl::LigatureSet<Types>' being compiled
          with
          [
              Types=OT::Layout::SmallTypes
          ]
          C:\zenith\daw\build_nosk\_deps\juce-src\modules\juce_graphics\fonts\harfbuzz\OT\Layout\GSUB\LigatureSet.hh(145,8):
          while compiling class template member function 'bool OT::Layout::GSUB_impl::LigatureSet<Types>::serialize(hb_serialize_context_t *,hb_array_t<const Type>,hb_array_t<const unsigned int>,hb_array_t<const Type> &)'
          with
          [
              Types=OT::Layout::SmallTypes,
              Type=OT::Layout::SmallTypes::HBGlyphID
          ]
              C:\zenith\daw\build_nosk\_deps\juce-src\modules\juce_graphics\fonts\harfbuzz\hb-open-type.hh(380,14):
              see the first reference to 'OT::Layout::GSUB_impl::LigatureSet<Types>::serialize' in 'OT::OffsetTo<OT::Layout::GSUB_impl::LigatureSet<Types>,OT::HBUINT16,void,true>::serialize_serialize'
          with
          [
              Types=OT::Layout::SmallTypes
          ]
              C:\zenith\daw\build_nosk\_deps\juce-src\modules\juce_graphics\fonts\harfbuzz\OT\Layout\GSUB\LigatureSubstFormat1.hh(105,7):
              see the first reference to 'OT::OffsetTo<OT::Layout::GSUB_impl::LigatureSet<Types>,OT::HBUINT16,void,true>::serialize_serialize' in 'OT::Layout::GSUB_impl::LigatureSubstFormat1_2<OT::Layout::SmallTypes>::serialize'
          with
          [
              Types=OT::Layout::SmallTypes
          ]
              C:\zenith\daw\build_nosk\_deps\juce-src\modules\juce_graphics\fonts\harfbuzz\OT\Layout\GSUB\LigatureSubst.hh(52,13):
              see the first reference to 'OT::Layout::GSUB_impl::LigatureSubstFormat1_2<OT::Layout::SmallTypes>::serialize' in 'OT::Layout::GSUB_impl::LigatureSubst::serialize'
          C:\zenith\daw\build_nosk\_deps\juce-src\modules\juce_graphics\fonts\harfbuzz\OT\Layout\GSUB\LigatureSet.hh(156,11):
          see reference to function template instantiation 'bool OT::OffsetTo<OT::Layout::GSUB_impl::Ligature<Types>,OT::HBUINT16,void,true>::serialize_serialize<Type&,hb_array_t<const Type>>(hb_serialize_context_t *,Type &,hb_array_t<const Type> &&)' being compiled
          with
          [
              Types=OT::Layout::SmallTypes,
              Type=OT::Layout::SmallTypes::HBGlyphID
          ]
          C:\zenith\daw\build_nosk\_deps\juce-src\modules\juce_graphics\fonts\harfbuzz\hb-open-type.hh(380,21):
          see reference to function template instantiation 'bool OT::Layout::GSUB_impl::Ligature<Types>::serialize<_Ty,0x0>(hb_serialize_context_t *,hb_codepoint_t,Iterator)' being compiled
          with
          [
              Types=OT::Layout::SmallTypes,
              _Ty=hb_array_t<const OT::Layout::SmallTypes::HBGlyphID>,
              Iterator=hb_array_t<const OT::Layout::SmallTypes::HBGlyphID>
          ]
  
C:\zenith\daw\build_nosk\_deps\juce-src\modules\juce_graphics\fonts\harfbuzz\hb-open-type.hh(1022,11): warning C4242: 'argument': conversion from 'unsigned int' to 'Type', possible loss of data [C:\zenith\daw\build_nosk\ZenithDAW.vcxproj]
C:\zenith\daw\build_nosk\_deps\juce-src\modules\juce_graphics\fonts\harfbuzz\hb-open-type.hh(1022,11): warning C4242:         with [C:\zenith\daw\build_nosk\ZenithDAW.vcxproj]
C:\zenith\daw\build_nosk\_deps\juce-src\modules\juce_graphics\fonts\harfbuzz\hb-open-type.hh(1022,11): warning C4242:         [ [C:\zenith\daw\build_nosk\ZenithDAW.vcxproj]
C:\zenith\daw\build_nosk\_deps\juce-src\modules\juce_graphics\fonts\harfbuzz\hb-open-type.hh(1022,11): warning C4242:             Type=uint16_t [C:\zenith\daw\build_nosk\ZenithDAW.vcxproj]
C:\zenith\daw\build_nosk\_deps\juce-src\modules\juce_graphics\fonts\harfbuzz\hb-open-type.hh(1022,11): warning C4242:         ] [C:\zenith\daw\build_nosk\ZenithDAW.vcxproj]
  (compiling source file '_deps/juce-src/modules/juce_graphics/juce_graphics_Harfbuzz.cpp')
      C:\zenith\daw\build_nosk\_deps\juce-src\modules\juce_graphics\fonts\harfbuzz\hb-open-type.hh(1022,11):
      the template instantiation context (the oldest one first) is
          C:\zenith\daw\build_nosk\_deps\juce-src\modules\juce_graphics\fonts\harfbuzz\hb-open-file.hh(209,3):
          see reference to class template instantiation 'OT::SortedArrayOf<OT::TableRecord,OT::BinSearchHeader<OT::HBUINT16>>' being compiled
          C:\zenith\daw\build_nosk\_deps\juce-src\modules\juce_graphics\fonts\harfbuzz\hb-open-type.hh(956,24):
          see reference to class template instantiation 'OT::ArrayOf<Type,LenType>' being compiled
          with
          [
              Type=OT::TableRecord,
              LenType=OT::BinSearchHeader<OT::HBUINT16>
          ]
          C:\zenith\daw\build_nosk\_deps\juce-src\modules\juce_graphics\fonts\harfbuzz\hb-open-type.hh(748,11):
          see reference to class template instantiation 'OT::BinSearchHeader<OT::HBUINT16>' being compiled
          C:\zenith\daw\build_nosk\_deps\juce-src\modules\juce_graphics\fonts\harfbuzz\hb-open-type.hh(1020,20):
          while compiling class template member function 'OT::BinSearchHeader<OT::HBUINT16> &OT::BinSearchHeader<OT::HBUINT16>::operator =(unsigned int)'
              C:\zenith\daw\build_nosk\_deps\juce-src\modules\juce_graphics\fonts\harfbuzz\hb-serialize.hh(259,5):
              see the first reference to 'OT::BinSearchHeader<OT::HBUINT16>::operator =' in 'hb_serialize_context_t::check_assign'
              C:\zenith\daw\build_nosk\_deps\juce-src\modules\juce_graphics\fonts\harfbuzz\hb-open-type.hh(684,8):
              see the first reference to 'hb_serialize_context_t::check_assign' in 'OT::ArrayOf<Type,LenType>::serialize'
          with
          [
              Type=OT::TableRecord,
              LenType=OT::BinSearchHeader<OT::HBUINT16>
          ]
              C:\zenith\daw\build_nosk\_deps\juce-src\modules\juce_graphics\fonts\harfbuzz\hb-open-type.hh(976,14):
              see the first reference to 'OT::ArrayOf<Type,LenType>::serialize' in 'OT::SortedArrayOf<OT::TableRecord,OT::BinSearchHeader<OT::HBUINT16>>::serialize'
          with
          [
              Type=OT::TableRecord,
              LenType=OT::BinSearchHeader<OT::HBUINT16>
          ]
              C:\zenith\daw\build_nosk\_deps\juce-src\modules\juce_graphics\fonts\harfbuzz\hb-open-file.hh(135,5):
              see the first reference to 'OT::SortedArrayOf<OT::TableRecord,OT::BinSearchHeader<OT::HBUINT16>>::serialize' in 'OT::OpenTypeOffsetTable::serialize'
              C:\zenith\daw\build_nosk\_deps\juce-src\modules\juce_graphics\fonts\harfbuzz\hb-open-file.hh(509,5):
              see the first reference to 'OT::OpenTypeOffsetTable::serialize' in 'OT::OpenTypeFontFile::serialize_single'
  
C:\zenith\daw\build_nosk\_deps\juce-src\modules\juce_graphics\fonts\harfbuzz\hb-aat-layout-kerx-table.hh(555,50): warning C4242: 'argument': conversion from 'int' to 'int16_t', possible loss of data [C:\zenith\daw\build_nosk\ZenithDAW.vcxproj]
  (compiling source file '_deps/juce-src/modules/juce_graphics/juce_graphics_Harfbuzz.cpp')
      C:\zenith\daw\build_nosk\_deps\juce-src\modules\juce_graphics\fonts\harfbuzz\hb-aat-layout-kerx-table.hh(555,50):
      the template instantiation context (the oldest one first) is
          C:\zenith\daw\build_nosk\_deps\juce-src\modules\juce_graphics\fonts\harfbuzz\hb-aat-layout-kerx-table.hh(815,43):
          see reference to class template instantiation 'AAT::KerxSubTableFormat4<AAT::KerxSubTableHeader>' being compiled
          C:\zenith\daw\build_nosk\_deps\juce-src\modules\juce_graphics\fonts\harfbuzz\hb-aat-layout-kerx-table.hh(597,8):
          while compiling class template member function 'bool AAT::KerxSubTableFormat4<AAT::KerxSubTableHeader>::apply(AAT::hb_aat_apply_context_t *) const'
              C:\zenith\daw\build_nosk\_deps\juce-src\modules\juce_graphics\fonts\harfbuzz\hb-aat-layout-common.hh(50,38):
              see the first reference to 'AAT::KerxSubTableFormat4<AAT::KerxSubTableHeader>::apply' in 'AAT::hb_aat_apply_context_t::dispatch'
              C:\zenith\daw\build_nosk\_deps\juce-src\modules\juce_graphics\fonts\harfbuzz\hb-aat-layout-kerx-table.hh(791,13):
              see the first reference to 'AAT::hb_aat_apply_context_t::dispatch' in 'AAT::KerxSubTable::dispatch'
              C:\zenith\daw\build_nosk\_deps\juce-src\modules\juce_graphics\fonts\harfbuzz\hb-aat-layout-kerx-table.hh(931,13):
              see the first reference to 'AAT::KerxSubTable::dispatch' in 'AAT::KerxTable<AAT::kerx>::apply'
              C:\zenith\daw\build_nosk\_deps\juce-src\modules\juce_graphics\fonts\harfbuzz\hb-aat-layout.cc(339,14):
              see the first reference to 'AAT::KerxTable<AAT::kerx>::apply' in 'hb_aat_layout_position'
          C:\zenith\daw\build_nosk\_deps\juce-src\modules\juce_graphics\fonts\harfbuzz\hb-aat-layout-kerx-table.hh(468,10):
          while compiling class 'AAT::KerxSubTableFormat4<AAT::KerxSubTableHeader>::driver_context_t'
          C:\zenith\daw\build_nosk\_deps\juce-src\modules\juce_graphics\fonts\harfbuzz\hb-aat-layout-kerx-table.hh(499,10):
          while compiling class template member function 'void AAT::KerxSubTableFormat4<AAT::KerxSubTableHeader>::driver_context_t::transition(AAT::StateTableDriver<AAT::KerxSubTableFormat4<AAT::KerxSubTableHeader>::Types,AAT::KerxSubTableFormat4<AAT::KerxSubTableHeader>::EntryData> *,const AAT::Entry<Extra> &)'
          with
          [
              Extra=AAT::KerxSubTableFormat4<AAT::KerxSubTableHeader>::EntryData
          ]
              C:\zenith\daw\build_nosk\_deps\juce-src\modules\juce_graphics\fonts\harfbuzz\hb-aat-layout-common.hh(897,21):
              see the first reference to 'AAT::KerxSubTableFormat4<AAT::KerxSubTableHeader>::driver_context_t::transition' in 'AAT::StateTableDriver<AAT::KerxSubTableFormat4<AAT::KerxSubTableHeader>::Types,AAT::KerxSubTableFormat4<AAT::KerxSubTableHeader>::EntryData>::drive'
              C:\zenith\daw\build_nosk\_deps\juce-src\modules\juce_graphics\fonts\harfbuzz\hb-aat-layout-kerx-table.hh(604,18):
              see the first reference to 'AAT::StateTableDriver<AAT::KerxSubTableFormat4<AAT::KerxSubTableHeader>::Types,AAT::KerxSubTableFormat4<AAT::KerxSubTableHeader>::EntryData>::drive' in 'AAT::KerxSubTableFormat4<AAT::KerxSubTableHeader>::apply'
              C:\zenith\daw\build_nosk\_deps\juce-src\modules\juce_graphics\fonts\harfbuzz\hb-aat-layout-common.hh(50,38):
              see the first reference to 'AAT::KerxSubTableFormat4<AAT::KerxSubTableHeader>::apply' in 'AAT::hb_aat_apply_context_t::dispatch'
              C:\zenith\daw\build_nosk\_deps\juce-src\modules\juce_graphics\fonts\harfbuzz\hb-aat-layout-kerx-table.hh(791,13):
              see the first reference to 'AAT::hb_aat_apply_context_t::dispatch' in 'AAT::KerxSubTable::dispatch'
              C:\zenith\daw\build_nosk\_deps\juce-src\modules\juce_graphics\fonts\harfbuzz\hb-aat-layout-kerx-table.hh(931,13):
              see the first reference to 'AAT::KerxSubTable::dispatch' in 'AAT::KerxTable<AAT::kerx>::apply'
              C:\zenith\daw\build_nosk\_deps\juce-src\modules\juce_graphics\fonts\harfbuzz\hb-aat-layout.cc(339,14):
              see the first reference to 'AAT::KerxTable<AAT::kerx>::apply' in 'hb_aat_layout_position'
  
C:\zenith\daw\build_nosk\_deps\juce-src\modules\juce_graphics\fonts\harfbuzz\hb-aat-layout-kerx-table.hh(555,97): warning C4242: 'argument': conversion from 'int' to 'int16_t', possible loss of data [C:\zenith\daw\build_nosk\ZenithDAW.vcxproj]
  (compiling source file '_deps/juce-src/modules/juce_graphics/juce_graphics_Harfbuzz.cpp')
  
C:\zenith\daw\build_nosk\_deps\juce-src\modules\juce_graphics\fonts\harfbuzz\hb-aat-layout-kerx-table.hh(556,50): warning C4242: 'argument': conversion from 'int' to 'int16_t', possible loss of data [C:\zenith\daw\build_nosk\ZenithDAW.vcxproj]
  (compiling source file '_deps/juce-src/modules/juce_graphics/juce_graphics_Harfbuzz.cpp')
  
C:\zenith\daw\build_nosk\_deps\juce-src\modules\juce_graphics\fonts\harfbuzz\hb-aat-layout-kerx-table.hh(556,97): warning C4242: 'argument': conversion from 'int' to 'int16_t', possible loss of data [C:\zenith\daw\build_nosk\ZenithDAW.vcxproj]
  (compiling source file '_deps/juce-src/modules/juce_graphics/juce_graphics_Harfbuzz.cpp')
  
C:\zenith\daw\build_nosk\_deps\juce-src\modules\juce_graphics\fonts\harfbuzz\hb-aat-layout-kerx-table.hh(572,40): warning C4242: 'argument': conversion from 'int' to 'int16_t', possible loss of data [C:\zenith\daw\build_nosk\ZenithDAW.vcxproj]
  (compiling source file '_deps/juce-src/modules/juce_graphics/juce_graphics_Harfbuzz.cpp')
  
C:\zenith\daw\build_nosk\_deps\juce-src\modules\juce_graphics\fonts\harfbuzz\hb-aat-layout-kerx-table.hh(572,70): warning C4242: 'argument': conversion from 'int' to 'int16_t', possible loss of data [C:\zenith\daw\build_nosk\ZenithDAW.vcxproj]
  (compiling source file '_deps/juce-src/modules/juce_graphics/juce_graphics_Harfbuzz.cpp')
  
C:\zenith\daw\build_nosk\_deps\juce-src\modules\juce_graphics\fonts\harfbuzz\hb-aat-layout-kerx-table.hh(573,40): warning C4242: 'argument': conversion from 'int' to 'int16_t', possible loss of data [C:\zenith\daw\build_nosk\ZenithDAW.vcxproj]
  (compiling source file '_deps/juce-src/modules/juce_graphics/juce_graphics_Harfbuzz.cpp')
  
C:\zenith\daw\build_nosk\_deps\juce-src\modules\juce_graphics\fonts\harfbuzz\hb-aat-layout-kerx-table.hh(573,70): warning C4242: 'argument': conversion from 'int' to 'int16_t', possible loss of data [C:\zenith\daw\build_nosk\ZenithDAW.vcxproj]
  (compiling source file '_deps/juce-src/modules/juce_graphics/juce_graphics_Harfbuzz.cpp')
  
C:\zenith\daw\build_nosk\_deps\juce-src\modules\juce_graphics\fonts\harfbuzz\hb-aat-layout-kerx-table.hh(298,38): warning C4242: 'argument': conversion from 'int' to 'int16_t', possible loss of data [C:\zenith\daw\build_nosk\ZenithDAW.vcxproj]
  (compiling source file '_deps/juce-src/modules/juce_graphics/juce_graphics_Harfbuzz.cpp')
      C:\zenith\daw\build_nosk\_deps\juce-src\modules\juce_graphics\fonts\harfbuzz\hb-aat-layout-kerx-table.hh(298,38):
      the template instantiation context (the oldest one first) is
          C:\zenith\daw\build_nosk\_deps\juce-src\modules\juce_graphics\fonts\harfbuzz\hb-aat-layout-kerx-table.hh(813,43):
          see reference to class template instantiation 'AAT::KerxSubTableFormat1<AAT::KerxSubTableHeader>' being compiled
          C:\zenith\daw\build_nosk\_deps\juce-src\modules\juce_graphics\fonts\harfbuzz\hb-aat-layout-kerx-table.hh(344,8):
          while compiling class template member function 'bool AAT::KerxSubTableFormat1<AAT::KerxSubTableHeader>::apply(AAT::hb_aat_apply_context_t *) const'
              C:\zenith\daw\build_nosk\_deps\juce-src\modules\juce_graphics\fonts\harfbuzz\hb-aat-layout-common.hh(50,38):
              see the first reference to 'AAT::KerxSubTableFormat1<AAT::KerxSubTableHeader>::apply' in 'AAT::hb_aat_apply_context_t::dispatch'
              C:\zenith\daw\build_nosk\_deps\juce-src\modules\juce_graphics\fonts\harfbuzz\hb-aat-layout-kerx-table.hh(789,13):
              see the first reference to 'AAT::hb_aat_apply_context_t::dispatch' in 'AAT::KerxSubTable::dispatch'
              C:\zenith\daw\build_nosk\_deps\juce-src\modules\juce_graphics\fonts\harfbuzz\hb-aat-layout-kerx-table.hh(931,13):
              see the first reference to 'AAT::KerxSubTable::dispatch' in 'AAT::KerxTable<AAT::kerx>::apply'
              C:\zenith\daw\build_nosk\_deps\juce-src\modules\juce_graphics\fonts\harfbuzz\hb-aat-layout.cc(339,14):
              see the first reference to 'AAT::KerxTable<AAT::kerx>::apply' in 'hb_aat_layout_position'
          C:\zenith\daw\build_nosk\_deps\juce-src\modules\juce_graphics\fonts\harfbuzz\hb-aat-layout-kerx-table.hh(212,10):
          while compiling class 'AAT::KerxSubTableFormat1<AAT::KerxSubTableHeader>::driver_context_t'
          C:\zenith\daw\build_nosk\_deps\juce-src\modules\juce_graphics\fonts\harfbuzz\hb-aat-layout-kerx-table.hh(234,10):
          while compiling class template member function 'void AAT::KerxSubTableFormat1<AAT::KerxSubTableHeader>::driver_context_t::transition(AAT::StateTableDriver<AAT::ExtendedTypes,AAT::Format1Entry<true>::EntryData> *,const AAT::Entry<AAT::Format1Entry<true>::EntryData> &)'
              C:\zenith\daw\build_nosk\_deps\juce-src\modules\juce_graphics\fonts\harfbuzz\hb-aat-layout-common.hh(897,21):
              see the first reference to 'AAT::KerxSubTableFormat1<AAT::KerxSubTableHeader>::driver_context_t::transition' in 'AAT::StateTableDriver<AAT::ExtendedTypes,AAT::Format1Entry<true>::EntryData>::drive'
              C:\zenith\daw\build_nosk\_deps\juce-src\modules\juce_graphics\fonts\harfbuzz\hb-aat-layout-kerx-table.hh(355,18):
              see the first reference to 'AAT::StateTableDriver<AAT::ExtendedTypes,AAT::Format1Entry<true>::EntryData>::drive' in 'AAT::KerxSubTableFormat1<AAT::KerxSubTableHeader>::apply'
              C:\zenith\daw\build_nosk\_deps\juce-src\modules\juce_graphics\fonts\harfbuzz\hb-aat-layout-common.hh(50,38):
              see the first reference to 'AAT::KerxSubTableFormat1<AAT::KerxSubTableHeader>::apply' in 'AAT::hb_aat_apply_context_t::dispatch'
              C:\zenith\daw\build_nosk\_deps\juce-src\modules\juce_graphics\fonts\harfbuzz\hb-aat-layout-kerx-table.hh(789,13):
              see the first reference to 'AAT::hb_aat_apply_context_t::dispatch' in 'AAT::KerxSubTable::dispatch'
              C:\zenith\daw\build_nosk\_deps\juce-src\modules\juce_graphics\fonts\harfbuzz\hb-aat-layout-kerx-table.hh(931,13):
              see the first reference to 'AAT::KerxSubTable::dispatch' in 'AAT::KerxTable<AAT::kerx>::apply'
              C:\zenith\daw\build_nosk\_deps\juce-src\modules\juce_graphics\fonts\harfbuzz\hb-aat-layout.cc(339,14):
              see the first reference to 'AAT::KerxTable<AAT::kerx>::apply' in 'hb_aat_layout_position'
  
C:\zenith\daw\build_nosk\_deps\juce-src\modules\juce_graphics\fonts\harfbuzz\hb-aat-layout-kerx-table.hh(304,44): warning C4242: 'argument': conversion from 'int' to 'int16_t', possible loss of data [C:\zenith\daw\build_nosk\ZenithDAW.vcxproj]
  (compiling source file '_deps/juce-src/modules/juce_graphics/juce_graphics_Harfbuzz.cpp')
  
C:\zenith\daw\build_nosk\_deps\juce-src\modules\juce_graphics\fonts\harfbuzz\hb-aat-layout-kerx-table.hh(305,43): warning C4242: 'argument': conversion from 'int' to 'int16_t', possible loss of data [C:\zenith\daw\build_nosk\ZenithDAW.vcxproj]
  (compiling source file '_deps/juce-src/modules/juce_graphics/juce_graphics_Harfbuzz.cpp')
  
C:\zenith\daw\build_nosk\_deps\juce-src\modules\juce_graphics\fonts\harfbuzz\hb-aat-layout-kerx-table.hh(321,38): warning C4242: 'argument': conversion from 'int' to 'int16_t', possible loss of data [C:\zenith\daw\build_nosk\ZenithDAW.vcxproj]
  (compiling source file '_deps/juce-src/modules/juce_graphics/juce_graphics_Harfbuzz.cpp')
  
C:\zenith\daw\build_nosk\_deps\juce-src\modules\juce_graphics\fonts\harfbuzz\hb-aat-layout-kerx-table.hh(327,44): warning C4242: 'argument': conversion from 'int' to 'int16_t', possible loss of data [C:\zenith\daw\build_nosk\ZenithDAW.vcxproj]
  (compiling source file '_deps/juce-src/modules/juce_graphics/juce_graphics_Harfbuzz.cpp')
  
C:\zenith\daw\build_nosk\_deps\juce-src\modules\juce_graphics\fonts\harfbuzz\hb-aat-layout-kerx-table.hh(328,43): warning C4242: 'argument': conversion from 'int' to 'int16_t', possible loss of data [C:\zenith\daw\build_nosk\ZenithDAW.vcxproj]
  (compiling source file '_deps/juce-src/modules/juce_graphics/juce_graphics_Harfbuzz.cpp')
  
C:\zenith\daw\build_nosk\_deps\juce-src\modules\juce_graphics\fonts\harfbuzz\hb-ot-cmap-table.hh(273,31): warning C4242: 'argument': conversion from 'hb_codepoint_t' to 'Type', possible loss of data [C:\zenith\daw\build_nosk\ZenithDAW.vcxproj]
C:\zenith\daw\build_nosk\_deps\juce-src\modules\juce_graphics\fonts\harfbuzz\hb-ot-cmap-table.hh(273,31): warning C4242:         with [C:\zenith\daw\build_nosk\ZenithDAW.vcxproj]
C:\zenith\daw\build_nosk\_deps\juce-src\modules\juce_graphics\fonts\harfbuzz\hb-ot-cmap-table.hh(273,31): warning C4242:         [ [C:\zenith\daw\build_nosk\ZenithDAW.vcxproj]
C:\zenith\daw\build_nosk\_deps\juce-src\modules\juce_graphics\fonts\harfbuzz\hb-ot-cmap-table.hh(273,31): warning C4242:             Type=uint16_t [C:\zenith\daw\build_nosk\ZenithDAW.vcxproj]
C:\zenith\daw\build_nosk\_deps\juce-src\modules\juce_graphics\fonts\harfbuzz\hb-ot-cmap-table.hh(273,31): warning C4242:         ] [C:\zenith\daw\build_nosk\ZenithDAW.vcxproj]
  (compiling source file '_deps/juce-src/modules/juce_graphics/juce_graphics_Harfbuzz.cpp')
      C:\zenith\daw\build_nosk\_deps\juce-src\modules\juce_graphics\fonts\harfbuzz\hb-ot-cmap-table.hh(273,31):
      the template instantiation context (the oldest one first) is
          C:\zenith\daw\build_nosk\_deps\juce-src\modules\juce_graphics\fonts\harfbuzz\hb-ot-cmap-table.hh(1810,5):
          see reference to function template instantiation 'bool OT::cmap::serialize<hb_filter_iter_t<_Ty,Pred,Proj,0x0>,hb_filter_iter_t<hb_sorted_array_t<const Type>,OT::cmap::subset::<lambda_1>,Proj,0x0>,0x0>(hb_serialize_context_t *,Iterator,EncodingRecIter,const void *,hb_subset_plan_t *,bool)' being compiled
          with
          [
              _Ty=hb_sorted_array_t<const hb_codepoint_pair_t>,
              Pred=OT::cmap::subset::<lambda_2>,
              Proj=const <unnamed-type-hb_identity> &,
              Type=OT::EncodingRecord,
              Iterator=hb_filter_iter_t<hb_sorted_array_t<const hb_codepoint_pair_t>,OT::cmap::subset::<lambda_2>,const <unnamed-type-hb_identity> &,0x0>,
              EncodingRecIter=hb_filter_iter_t<hb_sorted_array_t<const OT::EncodingRecord>,OT::cmap::subset::<lambda_1>,const <unnamed-type-hb_identity> &,0x0>
          ]
          C:\zenith\daw\build_nosk\_deps\juce-src\modules\juce_graphics\fonts\harfbuzz\hb-ot-cmap-table.hh(1671,12):
          see reference to function template instantiation 'Type *hb_serialize_context_t::copy<OT::EncodingRecord,hb_filter_iter_t<_Ty,Pred,Proj,0x0>,unsigned int,const void*&,hb_subset_plan_t*&,unsigned int*>(const Type &,hb_filter_iter_t<_Ty,Pred,Proj,0x0> &&,unsigned int &&,const void *&,hb_subset_plan_t *&,unsigned int *&&)' being compiled
          with
          [
              Type=OT::EncodingRecord,
              _Ty=hb_filter_iter_t<hb_sorted_array_t<const hb_codepoint_pair_t>,OT::cmap::subset::<lambda_2>,const <unnamed-type-hb_identity> &,0x0>,
              Pred=const hb_set_t &,
              Proj=const <unnamed-type-hb_first> &
          ]
          C:\zenith\daw\build_nosk\_deps\juce-src\modules\juce_graphics\fonts\harfbuzz\hb-serialize.hh(677,12):
          see reference to function template instantiation 'Type *hb_serialize_context_t::_copy<Type,_Ty,unsigned int,const void*&,hb_subset_plan_t*&,unsigned int*>(const Type &,hb_priority<1>,_Ty &&,unsigned int &&,const void *&,hb_subset_plan_t *&,unsigned int *&&)' being compiled
          with
          [
              Type=OT::EncodingRecord,
              _Ty=hb_filter_iter_t<hb_filter_iter_t<hb_sorted_array_t<const hb_codepoint_pair_t>,OT::cmap::subset::<lambda_2>,const <unnamed-type-hb_identity> &,0x0>,const hb_set_t &,const <unnamed-type-hb_first> &,0x0>
          ]
          C:\zenith\daw\build_nosk\_deps\juce-src\modules\juce_graphics\fonts\harfbuzz\hb-serialize.hh(661,55):
          see reference to function template instantiation 'OT::EncodingRecord *OT::EncodingRecord::copy<_Ty,0x0>(hb_serialize_context_t *,Iterator,unsigned int,const void *,const hb_subset_plan_t *,unsigned int *) const' being compiled
          with
          [
              _Ty=hb_filter_iter_t<hb_filter_iter_t<hb_sorted_array_t<const hb_codepoint_pair_t>,OT::cmap::subset::<lambda_2>,const <unnamed-type-hb_identity> &,0x0>,const hb_set_t &,const <unnamed-type-hb_first> &,0x0>,
              Iterator=hb_filter_iter_t<hb_filter_iter_t<hb_sorted_array_t<const hb_codepoint_pair_t>,OT::cmap::subset::<lambda_2>,const <unnamed-type-hb_identity> &,0x0>,const hb_set_t &,const <unnamed-type-hb_first> &,0x0>
          ]
          C:\zenith\daw\build_nosk\_deps\juce-src\modules\juce_graphics\fonts\harfbuzz\hb-ot-cmap-table.hh(1499,21):
          see reference to function template instantiation 'void OT::CmapSubtable::serialize<Iterator,0x0>(hb_serialize_context_t *,Iterator,unsigned int,const hb_subset_plan_t *,const void *)' being compiled
          with
          [
              Iterator=hb_filter_iter_t<hb_filter_iter_t<hb_sorted_array_t<const hb_codepoint_pair_t>,OT::cmap::subset::<lambda_2>,const <unnamed-type-hb_identity> &,0x0>,const hb_set_t &,const <unnamed-type-hb_first> &,0x0>
          ]
          C:\zenith\daw\build_nosk\_deps\juce-src\modules\juce_graphics\fonts\harfbuzz\hb-ot-cmap-table.hh(1421,31):
          see reference to function template instantiation 'void OT::CmapSubtableFormat4::serialize<Iterator,0x0>(hb_serialize_context_t *,Iterator)' being compiled
          with
          [
              Iterator=hb_filter_iter_t<hb_filter_iter_t<hb_sorted_array_t<const hb_codepoint_pair_t>,OT::cmap::subset::<lambda_2>,const <unnamed-type-hb_identity> &,0x0>,const hb_set_t &,const <unnamed-type-hb_first> &,0x0>
          ]
          C:\zenith\daw\build_nosk\_deps\juce-src\modules\juce_graphics\fonts\harfbuzz\hb-ot-cmap-table.hh(345,9):
          see reference to function template instantiation 'bool OT::CmapSubtableFormat4::serialize_start_end_delta_arrays<hb_array_t<const Type>,0x0>(hb_serialize_context_t *,Iterator,int)' being compiled
          with
          [
              Type=hb_codepoint_pair_t,
              Iterator=hb_array_t<const hb_codepoint_pair_t>
          ]
  
C:\zenith\daw\build_nosk\_deps\juce-src\modules\juce_graphics\fonts\harfbuzz\hb-ot-cmap-table.hh(274,29): warning C4242: 'argument': conversion from 'hb_codepoint_t' to 'Type', possible loss of data [C:\zenith\daw\build_nosk\ZenithDAW.vcxproj]
C:\zenith\daw\build_nosk\_deps\juce-src\modules\juce_graphics\fonts\harfbuzz\hb-ot-cmap-table.hh(274,29): warning C4242:         with [C:\zenith\daw\build_nosk\ZenithDAW.vcxproj]
C:\zenith\daw\build_nosk\_deps\juce-src\modules\juce_graphics\fonts\harfbuzz\hb-ot-cmap-table.hh(274,29): warning C4242:         [ [C:\zenith\daw\build_nosk\ZenithDAW.vcxproj]
C:\zenith\daw\build_nosk\_deps\juce-src\modules\juce_graphics\fonts\harfbuzz\hb-ot-cmap-table.hh(274,29): warning C4242:             Type=uint16_t [C:\zenith\daw\build_nosk\ZenithDAW.vcxproj]
C:\zenith\daw\build_nosk\_deps\juce-src\modules\juce_graphics\fonts\harfbuzz\hb-ot-cmap-table.hh(274,29): warning C4242:         ] [C:\zenith\daw\build_nosk\ZenithDAW.vcxproj]
  (compiling source file '_deps/juce-src/modules/juce_graphics/juce_graphics_Harfbuzz.cpp')
  
C:\zenith\daw\build_nosk\_deps\juce-src\modules\juce_graphics\fonts\harfbuzz\hb-ot-cmap-table.hh(275,29): warning C4242: 'argument': conversion from 'int' to 'Type', possible loss of data [C:\zenith\daw\build_nosk\ZenithDAW.vcxproj]
C:\zenith\daw\build_nosk\_deps\juce-src\modules\juce_graphics\fonts\harfbuzz\hb-ot-cmap-table.hh(275,29): warning C4242:         with [C:\zenith\daw\build_nosk\ZenithDAW.vcxproj]
C:\zenith\daw\build_nosk\_deps\juce-src\modules\juce_graphics\fonts\harfbuzz\hb-ot-cmap-table.hh(275,29): warning C4242:         [ [C:\zenith\daw\build_nosk\ZenithDAW.vcxproj]
C:\zenith\daw\build_nosk\_deps\juce-src\modules\juce_graphics\fonts\harfbuzz\hb-ot-cmap-table.hh(275,29): warning C4242:             Type=int16_t [C:\zenith\daw\build_nosk\ZenithDAW.vcxproj]
C:\zenith\daw\build_nosk\_deps\juce-src\modules\juce_graphics\fonts\harfbuzz\hb-ot-cmap-table.hh(275,29): warning C4242:         ] [C:\zenith\daw\build_nosk\ZenithDAW.vcxproj]
  (compiling source file '_deps/juce-src/modules/juce_graphics/juce_graphics_Harfbuzz.cpp')
  
C:\zenith\daw\build_nosk\_deps\juce-src\modules\juce_graphics\fonts\harfbuzz\hb-ot-cmap-table.hh(313,27): warning C4242: 'argument': conversion from 'const V' to 'Type', possible loss of data [C:\zenith\daw\build_nosk\ZenithDAW.vcxproj]
C:\zenith\daw\build_nosk\_deps\juce-src\modules\juce_graphics\fonts\harfbuzz\hb-ot-cmap-table.hh(313,27): warning C4242:         with [C:\zenith\daw\build_nosk\ZenithDAW.vcxproj]
C:\zenith\daw\build_nosk\_deps\juce-src\modules\juce_graphics\fonts\harfbuzz\hb-ot-cmap-table.hh(313,27): warning C4242:         [ [C:\zenith\daw\build_nosk\ZenithDAW.vcxproj]
C:\zenith\daw\build_nosk\_deps\juce-src\modules\juce_graphics\fonts\harfbuzz\hb-ot-cmap-table.hh(313,27): warning C4242:             V=hb_codepoint_t [C:\zenith\daw\build_nosk\ZenithDAW.vcxproj]
C:\zenith\daw\build_nosk\_deps\juce-src\modules\juce_graphics\fonts\harfbuzz\hb-ot-cmap-table.hh(313,27): warning C4242:         ] [C:\zenith\daw\build_nosk\ZenithDAW.vcxproj]
C:\zenith\daw\build_nosk\_deps\juce-src\modules\juce_graphics\fonts\harfbuzz\hb-ot-cmap-table.hh(313,27): warning C4242:         and [C:\zenith\daw\build_nosk\ZenithDAW.vcxproj]
C:\zenith\daw\build_nosk\_deps\juce-src\modules\juce_graphics\fonts\harfbuzz\hb-ot-cmap-table.hh(313,27): warning C4242:         [ [C:\zenith\daw\build_nosk\ZenithDAW.vcxproj]
C:\zenith\daw\build_nosk\_deps\juce-src\modules\juce_graphics\fonts\harfbuzz\hb-ot-cmap-table.hh(313,27): warning C4242:             Type=uint16_t [C:\zenith\daw\build_nosk\ZenithDAW.vcxproj]
C:\zenith\daw\build_nosk\_deps\juce-src\modules\juce_graphics\fonts\harfbuzz\hb-ot-cmap-table.hh(313,27): warning C4242:         ] [C:\zenith\daw\build_nosk\ZenithDAW.vcxproj]
  (compiling source file '_deps/juce-src/modules/juce_graphics/juce_graphics_Harfbuzz.cpp')
      C:\zenith\daw\build_nosk\_deps\juce-src\modules\juce_graphics\fonts\harfbuzz\hb-ot-cmap-table.hh(313,27):
      the template instantiation context (the oldest one first) is
          C:\zenith\daw\build_nosk\_deps\juce-src\modules\juce_graphics\fonts\harfbuzz\hb-ot-cmap-table.hh(351,31):
          see reference to function template instantiation 'OT::HBUINT16 *OT::CmapSubtableFormat4::serialize_rangeoffset_glyid<hb_array_t<const Type>,0x0>(hb_serialize_context_t *,Iterator,OT::HBUINT16 *,OT::HBUINT16 *,OT::HBINT16 *,unsigned int)' being compiled
          with
          [
              Type=hb_codepoint_pair_t,
              Iterator=hb_array_t<const hb_codepoint_pair_t>
          ]
  
C:\zenith\daw\build_nosk\_deps\juce-src\modules\juce_graphics\fonts\harfbuzz\hb-aat-layout-common.hh(405,16): warning C4242: 'return': conversion from 'unsigned int' to 'const unsigned short', possible loss of data [C:\zenith\daw\build_nosk\ZenithDAW.vcxproj]
  (compiling source file '_deps/juce-src/modules/juce_graphics/juce_graphics_Harfbuzz.cpp')
      C:\zenith\daw\build_nosk\_deps\juce-src\modules\juce_graphics\fonts\harfbuzz\hb-aat-layout-common.hh(405,16):
      the template instantiation context (the oldest one first) is
          C:\zenith\daw\build_nosk\_deps\juce-src\modules\juce_graphics\fonts\harfbuzz\hb-aat-layout-common.hh(398,26):
          while compiling class template member function 'const unsigned short AAT::Lookup<OT::HBUINT16>::get_value_or_null(hb_codepoint_t,unsigned int) const'
              C:\zenith\daw\build_nosk\_deps\juce-src\modules\juce_graphics\fonts\harfbuzz\hb-aat-layout-kerx-table.hh(655,22):
              see the first reference to 'AAT::Lookup<OT::HBUINT16>::get_value_or_null' in 'AAT::KerxSubTableFormat6<AAT::KerxSubTableHeader>::get_kerning'
              C:\zenith\daw\build_nosk\_deps\juce-src\modules\juce_graphics\fonts\harfbuzz\hb-aat-layout-kerx-table.hh(711,7):
              see the first reference to 'AAT::KerxSubTableFormat6<AAT::KerxSubTableHeader>::get_kerning' in 'AAT::KerxSubTableFormat6<AAT::KerxSubTableHeader>::accelerator_t::get_kerning'
              C:\zenith\daw\build_nosk\_deps\juce-src\modules\juce_graphics\fonts\harfbuzz\hb-kern.hh(84,26):
              see the first reference to 'AAT::KerxSubTableFormat6<AAT::KerxSubTableHeader>::accelerator_t::get_kerning' in 'OT::hb_kern_machine_t<AAT::KerxSubTableFormat6<AAT::KerxSubTableHeader>::accelerator_t>::kern'
              C:\zenith\daw\build_nosk\_deps\juce-src\modules\juce_graphics\fonts\harfbuzz\hb-aat-layout-kerx-table.hh(677,18):
              see the first reference to 'OT::hb_kern_machine_t<AAT::KerxSubTableFormat6<AAT::KerxSubTableHeader>::accelerator_t>::kern' in 'AAT::KerxSubTableFormat6<AAT::KerxSubTableHeader>::apply'
              C:\zenith\daw\build_nosk\_deps\juce-src\modules\juce_graphics\fonts\harfbuzz\hb-aat-layout-common.hh(50,38):
              see the first reference to 'AAT::KerxSubTableFormat6<AAT::KerxSubTableHeader>::apply' in 'AAT::hb_aat_apply_context_t::dispatch'
              C:\zenith\daw\build_nosk\_deps\juce-src\modules\juce_graphics\fonts\harfbuzz\hb-aat-layout-kerx-table.hh(792,13):
              see the first reference to 'AAT::hb_aat_apply_context_t::dispatch' in 'AAT::KerxSubTable::dispatch'
              C:\zenith\daw\build_nosk\_deps\juce-src\modules\juce_graphics\fonts\harfbuzz\hb-aat-layout-kerx-table.hh(931,13):
              see the first reference to 'AAT::KerxSubTable::dispatch' in 'AAT::KerxTable<AAT::kerx>::apply'
              C:\zenith\daw\build_nosk\_deps\juce-src\modules\juce_graphics\fonts\harfbuzz\hb-aat-layout.cc(339,14):
              see the first reference to 'AAT::KerxTable<AAT::kerx>::apply' in 'hb_aat_layout_position'
  
C:\zenith\daw\build_nosk\_deps\juce-src\modules\juce_graphics\fonts\harfbuzz\hb-aat-layout-common.hh(349,14): warning C4242: 'return': conversion from 'unsigned int' to 'const unsigned short', possible loss of data [C:\zenith\daw\build_nosk\ZenithDAW.vcxproj]
  (compiling source file '_deps/juce-src/modules/juce_graphics/juce_graphics_Harfbuzz.cpp')
      C:\zenith\daw\build_nosk\_deps\juce-src\modules\juce_graphics\fonts\harfbuzz\hb-aat-layout-common.hh(349,14):
      the template instantiation context (the oldest one first) is
          C:\zenith\daw\build_nosk\_deps\juce-src\modules\juce_graphics\fonts\harfbuzz\hb-aat-layout-common.hh(456,21):
          see reference to class template instantiation 'AAT::LookupFormat10<T>' being compiled
          with
          [
              T=OT::HBUINT16
          ]
          C:\zenith\daw\build_nosk\_deps\juce-src\modules\juce_graphics\fonts\harfbuzz\hb-aat-layout-common.hh(346,26):
          while compiling class template member function 'const unsigned short AAT::LookupFormat10<T>::get_value_or_null(hb_codepoint_t) const'
          with
          [
              T=OT::HBUINT16
          ]
              C:\zenith\daw\build_nosk\_deps\juce-src\modules\juce_graphics\fonts\harfbuzz\hb-aat-layout-common.hh(402,16):
              see the first reference to 'AAT::LookupFormat10<T>::get_value_or_null' in 'AAT::Lookup<OT::HBUINT16>::get_value_or_null'
          with
          [
              T=OT::HBUINT16
          ]
              C:\zenith\daw\build_nosk\_deps\juce-src\modules\juce_graphics\fonts\harfbuzz\hb-aat-layout-kerx-table.hh(655,22):
              see the first reference to 'AAT::Lookup<OT::HBUINT16>::get_value_or_null' in 'AAT::KerxSubTableFormat6<AAT::KerxSubTableHeader>::get_kerning'
              C:\zenith\daw\build_nosk\_deps\juce-src\modules\juce_graphics\fonts\harfbuzz\hb-aat-layout-kerx-table.hh(711,7):
              see the first reference to 'AAT::KerxSubTableFormat6<AAT::KerxSubTableHeader>::get_kerning' in 'AAT::KerxSubTableFormat6<AAT::KerxSubTableHeader>::accelerator_t::get_kerning'
              C:\zenith\daw\build_nosk\_deps\juce-src\modules\juce_graphics\fonts\harfbuzz\hb-kern.hh(84,26):
              see the first reference to 'AAT::KerxSubTableFormat6<AAT::KerxSubTableHeader>::accelerator_t::get_kerning' in 'OT::hb_kern_machine_t<AAT::KerxSubTableFormat6<AAT::KerxSubTableHeader>::accelerator_t>::kern'
              C:\zenith\daw\build_nosk\_deps\juce-src\modules\juce_graphics\fonts\harfbuzz\hb-aat-layout-kerx-table.hh(677,18):
              see the first reference to 'OT::hb_kern_machine_t<AAT::KerxSubTableFormat6<AAT::KerxSubTableHeader>::accelerator_t>::kern' in 'AAT::KerxSubTableFormat6<AAT::KerxSubTableHeader>::apply'
              C:\zenith\daw\build_nosk\_deps\juce-src\modules\juce_graphics\fonts\harfbuzz\hb-aat-layout-common.hh(50,38):
              see the first reference to 'AAT::KerxSubTableFormat6<AAT::KerxSubTableHeader>::apply' in 'AAT::hb_aat_apply_context_t::dispatch'
              C:\zenith\daw\build_nosk\_deps\juce-src\modules\juce_graphics\fonts\harfbuzz\hb-aat-layout-kerx-table.hh(792,13):
              see the first reference to 'AAT::hb_aat_apply_context_t::dispatch' in 'AAT::KerxSubTable::dispatch'
              C:\zenith\daw\build_nosk\_deps\juce-src\modules\juce_graphics\fonts\harfbuzz\hb-aat-layout-kerx-table.hh(931,13):
              see the first reference to 'AAT::KerxSubTable::dispatch' in 'AAT::KerxTable<AAT::kerx>::apply'
              C:\zenith\daw\build_nosk\_deps\juce-src\modules\juce_graphics\fonts\harfbuzz\hb-aat-layout.cc(339,14):
              see the first reference to 'AAT::KerxTable<AAT::kerx>::apply' in 'hb_aat_layout_position'
  
C:\zenith\daw\build_nosk\_deps\juce-src\modules\juce_graphics\fonts\harfbuzz\hb-aat-layout-common.hh(358,12): warning C4242: 'return': conversion from 'unsigned int' to 'const unsigned short', possible loss of data [C:\zenith\daw\build_nosk\ZenithDAW.vcxproj]
  (compiling source file '_deps/juce-src/modules/juce_graphics/juce_graphics_Harfbuzz.cpp')
  
C:\zenith\daw\build_nosk\_deps\juce-src\modules\juce_graphics\fonts\harfbuzz\OT\Layout\GPOS\MarkMarkPosFormat1.hh(170,52): warning C4242: 'argument': conversion from 'unsigned int' to 'Type', possible loss of data [C:\zenith\daw\build_nosk\ZenithDAW.vcxproj]
C:\zenith\daw\build_nosk\_deps\juce-src\modules\juce_graphics\fonts\harfbuzz\OT\Layout\GPOS\MarkMarkPosFormat1.hh(170,52): warning C4242:         with [C:\zenith\daw\build_nosk\ZenithDAW.vcxproj]
C:\zenith\daw\build_nosk\_deps\juce-src\modules\juce_graphics\fonts\harfbuzz\OT\Layout\GPOS\MarkMarkPosFormat1.hh(170,52): warning C4242:         [ [C:\zenith\daw\build_nosk\ZenithDAW.vcxproj]
C:\zenith\daw\build_nosk\_deps\juce-src\modules\juce_graphics\fonts\harfbuzz\OT\Layout\GPOS\MarkMarkPosFormat1.hh(170,52): warning C4242:             Type=uint16_t [C:\zenith\daw\build_nosk\ZenithDAW.vcxproj]
C:\zenith\daw\build_nosk\_deps\juce-src\modules\juce_graphics\fonts\harfbuzz\OT\Layout\GPOS\MarkMarkPosFormat1.hh(170,52): warning C4242:         ] [C:\zenith\daw\build_nosk\ZenithDAW.vcxproj]
  (compiling source file '_deps/juce-src/modules/juce_graphics/juce_graphics_Harfbuzz.cpp')
      C:\zenith\daw\build_nosk\_deps\juce-src\modules\juce_graphics\fonts\harfbuzz\OT\Layout\GPOS\MarkMarkPosFormat1.hh(170,52):
      the template instantiation context (the oldest one first) is
          C:\zenith\daw\build_nosk\_deps\juce-src\modules\juce_graphics\fonts\harfbuzz\OT\Layout\GPOS\MarkMarkPos.hh(15,36):
          see reference to class template instantiation 'OT::Layout::GPOS_impl::MarkMarkPosFormat1_2<OT::Layout::SmallTypes>' being compiled
          C:\zenith\daw\build_nosk\_deps\juce-src\modules\juce_graphics\fonts\harfbuzz\OT\Layout\GPOS\MarkMarkPosFormat1.hh(156,8):
          while compiling class template member function 'bool OT::Layout::GPOS_impl::MarkMarkPosFormat1_2<OT::Layout::SmallTypes>::subset(hb_subset_context_t *) const'
              C:\zenith\daw\build_nosk\_deps\juce-src\modules\juce_graphics\fonts\harfbuzz\hb-subset.hh(48,56):
              see the first reference to 'OT::Layout::GPOS_impl::MarkMarkPosFormat1_2<OT::Layout::SmallTypes>::subset' in 'hb_subset_context_t::_dispatch'
              C:\zenith\daw\build_nosk\_deps\juce-src\modules\juce_graphics\fonts\harfbuzz\hb-subset.hh(55,39):
              see the first reference to 'hb_subset_context_t::_dispatch' in 'hb_subset_context_t::dispatch'
              C:\zenith\daw\build_nosk\_deps\juce-src\modules\juce_graphics\fonts\harfbuzz\OT\Layout\GPOS\MarkMarkPos.hh(28,13):
              see the first reference to 'hb_subset_context_t::dispatch' in 'OT::Layout::GPOS_impl::MarkMarkPos::dispatch'
              C:\zenith\daw\build_nosk\_deps\juce-src\modules\juce_graphics\fonts\harfbuzz\OT\Layout\GPOS\PosLookupSubTable.hh(45,33):
              see the first reference to 'OT::Layout::GPOS_impl::MarkMarkPos::dispatch' in 'OT::Layout::GPOS_impl::PosLookupSubTable::dispatch'
              C:\zenith\daw\build_nosk\_deps\juce-src\modules\juce_graphics\fonts\harfbuzz\hb-subset.hh(51,56):
              see the first reference to 'OT::Layout::GPOS_impl::PosLookupSubTable::dispatch' in 'hb_subset_context_t::_dispatch'
              C:\zenith\daw\build_nosk\_deps\juce-src\modules\juce_graphics\fonts\harfbuzz\hb-subset.hh(55,39):
              see the first reference to 'hb_subset_context_t::_dispatch' in 'hb_subset_context_t::dispatch'
              C:\zenith\daw\build_nosk\_deps\juce-src\modules\juce_graphics\fonts\harfbuzz\hb-open-type.hh(363,19):
              see the first reference to 'hb_subset_context_t::dispatch' in 'OT::OffsetTo<OT::Layout::GPOS_impl::PosLookup::SubTable,OT::HBUINT16,void,true>::serialize_subset'
              C:\zenith\daw\build_nosk\_deps\juce-src\modules\juce_graphics\fonts\harfbuzz\hb-ot-layout-common.hh(256,14):
              see the first reference to 'OT::OffsetTo<OT::Layout::GPOS_impl::PosLookup::SubTable,OT::HBUINT16,void,true>::serialize_subset' in 'OT::subset_offset_array_arg_t<OT::ArrayOf<OT::OffsetTo<OT::Layout::GPOS_impl::PosLookup::SubTable,OT::HBUINT16,void,true>,OT::HBUINT16>,unsigned int &>::operator ()'
              C:\zenith\daw\build_nosk\_deps\juce-src\modules\juce_graphics\fonts\harfbuzz\hb-algs.hh(401,53):
              see the first reference to 'OT::subset_offset_array_arg_t<OT::ArrayOf<OT::OffsetTo<OT::Layout::GPOS_impl::PosLookup::SubTable,OT::HBUINT16,void,true>,OT::HBUINT16>,unsigned int &>::operator ()' in '<unnamed-type-hb_invoke>::impl'
              C:\zenith\daw\build_nosk\_deps\juce-src\modules\juce_graphics\fonts\harfbuzz\hb-algs.hh(407,44):
              see the first reference to '<unnamed-type-hb_invoke>::impl' in '<unnamed-type-hb_invoke>::operator ()'
              C:\zenith\daw\build_nosk\_deps\juce-src\modules\juce_graphics\fonts\harfbuzz\hb-iter.hh(684,14):
              see the first reference to '<unnamed-type-hb_invoke>::operator ()' in 'hb_apply_t<OT::subset_offset_array_arg_t<OT::ArrayOf<OT::OffsetTo<OT::Layout::GPOS_impl::PosLookup::SubTable,OT::HBUINT16,void,true>,OT::HBUINT16>,unsigned int &>>::operator ()'
              C:\zenith\daw\build_nosk\_deps\juce-src\modules\juce_graphics\fonts\harfbuzz\hb-iter.hh(359,35):
              see the first reference to 'hb_apply_t<OT::subset_offset_array_arg_t<OT::ArrayOf<OT::OffsetTo<OT::Layout::GPOS_impl::PosLookup::SubTable,OT::HBUINT16,void,true>,OT::HBUINT16>,unsigned int &>>::operator ()' in 'operator |'
              C:\zenith\daw\build_nosk\_deps\juce-src\modules\juce_graphics\fonts\harfbuzz\hb-ot-layout-common.hh(1379,5):
              see the first reference to 'operator |' in 'OT::Lookup::subset'
  
C:\zenith\daw\build_nosk\_deps\juce-src\modules\juce_graphics\fonts\harfbuzz\OT\Layout\GPOS\MarkLigPosFormat1.hh(182,52): warning C4242: 'argument': conversion from 'unsigned int' to 'Type', possible loss of data [C:\zenith\daw\build_nosk\ZenithDAW.vcxproj]
C:\zenith\daw\build_nosk\_deps\juce-src\modules\juce_graphics\fonts\harfbuzz\OT\Layout\GPOS\MarkLigPosFormat1.hh(182,52): warning C4242:         with [C:\zenith\daw\build_nosk\ZenithDAW.vcxproj]
C:\zenith\daw\build_nosk\_deps\juce-src\modules\juce_graphics\fonts\harfbuzz\OT\Layout\GPOS\MarkLigPosFormat1.hh(182,52): warning C4242:         [ [C:\zenith\daw\build_nosk\ZenithDAW.vcxproj]
C:\zenith\daw\build_nosk\_deps\juce-src\modules\juce_graphics\fonts\harfbuzz\OT\Layout\GPOS\MarkLigPosFormat1.hh(182,52): warning C4242:             Type=uint16_t [C:\zenith\daw\build_nosk\ZenithDAW.vcxproj]
C:\zenith\daw\build_nosk\_deps\juce-src\modules\juce_graphics\fonts\harfbuzz\OT\Layout\GPOS\MarkLigPosFormat1.hh(182,52): warning C4242:         ] [C:\zenith\daw\build_nosk\ZenithDAW.vcxproj]
  (compiling source file '_deps/juce-src/modules/juce_graphics/juce_graphics_Harfbuzz.cpp')
      C:\zenith\daw\build_nosk\_deps\juce-src\modules\juce_graphics\fonts\harfbuzz\OT\Layout\GPOS\MarkLigPosFormat1.hh(182,52):
      the template instantiation context (the oldest one first) is
          C:\zenith\daw\build_nosk\_deps\juce-src\modules\juce_graphics\fonts\harfbuzz\OT\Layout\GPOS\MarkLigPos.hh(15,35):
          see reference to class template instantiation 'OT::Layout::GPOS_impl::MarkLigPosFormat1_2<OT::Layout::SmallTypes>' being compiled
          C:\zenith\daw\build_nosk\_deps\juce-src\modules\juce_graphics\fonts\harfbuzz\OT\Layout\GPOS\MarkLigPosFormat1.hh(168,8):
          while compiling class template member function 'bool OT::Layout::GPOS_impl::MarkLigPosFormat1_2<OT::Layout::SmallTypes>::subset(hb_subset_context_t *) const'
              C:\zenith\daw\build_nosk\_deps\juce-src\modules\juce_graphics\fonts\harfbuzz\hb-subset.hh(48,56):
              see the first reference to 'OT::Layout::GPOS_impl::MarkLigPosFormat1_2<OT::Layout::SmallTypes>::subset' in 'hb_subset_context_t::_dispatch'
              C:\zenith\daw\build_nosk\_deps\juce-src\modules\juce_graphics\fonts\harfbuzz\hb-subset.hh(55,39):
              see the first reference to 'hb_subset_context_t::_dispatch' in 'hb_subset_context_t::dispatch'
              C:\zenith\daw\build_nosk\_deps\juce-src\modules\juce_graphics\fonts\harfbuzz\OT\Layout\GPOS\MarkLigPos.hh(28,13):
              see the first reference to 'hb_subset_context_t::dispatch' in 'OT::Layout::GPOS_impl::MarkLigPos::dispatch'
              C:\zenith\daw\build_nosk\_deps\juce-src\modules\juce_graphics\fonts\harfbuzz\OT\Layout\GPOS\PosLookupSubTable.hh(44,33):
              see the first reference to 'OT::Layout::GPOS_impl::MarkLigPos::dispatch' in 'OT::Layout::GPOS_impl::PosLookupSubTable::dispatch'
              C:\zenith\daw\build_nosk\_deps\juce-src\modules\juce_graphics\fonts\harfbuzz\hb-subset.hh(51,56):
              see the first reference to 'OT::Layout::GPOS_impl::PosLookupSubTable::dispatch' in 'hb_subset_context_t::_dispatch'
              C:\zenith\daw\build_nosk\_deps\juce-src\modules\juce_graphics\fonts\harfbuzz\hb-subset.hh(55,39):
              see the first reference to 'hb_subset_context_t::_dispatch' in 'hb_subset_context_t::dispatch'
              C:\zenith\daw\build_nosk\_deps\juce-src\modules\juce_graphics\fonts\harfbuzz\hb-open-type.hh(363,19):
              see the first reference to 'hb_subset_context_t::dispatch' in 'OT::OffsetTo<OT::Layout::GPOS_impl::PosLookup::SubTable,OT::HBUINT16,void,true>::serialize_subset'
              C:\zenith\daw\build_nosk\_deps\juce-src\modules\juce_graphics\fonts\harfbuzz\hb-ot-layout-common.hh(256,14):
              see the first reference to 'OT::OffsetTo<OT::Layout::GPOS_impl::PosLookup::SubTable,OT::HBUINT16,void,true>::serialize_subset' in 'OT::subset_offset_array_arg_t<OT::ArrayOf<OT::OffsetTo<OT::Layout::GPOS_impl::PosLookup::SubTable,OT::HBUINT16,void,true>,OT::HBUINT16>,unsigned int &>::operator ()'
              C:\zenith\daw\build_nosk\_deps\juce-src\modules\juce_graphics\fonts\harfbuzz\hb-algs.hh(401,53):
              see the first reference to 'OT::subset_offset_array_arg_t<OT::ArrayOf<OT::OffsetTo<OT::Layout::GPOS_impl::PosLookup::SubTable,OT::HBUINT16,void,true>,OT::HBUINT16>,unsigned int &>::operator ()' in '<unnamed-type-hb_invoke>::impl'
              C:\zenith\daw\build_nosk\_deps\juce-src\modules\juce_graphics\fonts\harfbuzz\hb-algs.hh(407,44):
              see the first reference to '<unnamed-type-hb_invoke>::impl' in '<unnamed-type-hb_invoke>::operator ()'
              C:\zenith\daw\build_nosk\_deps\juce-src\modules\juce_graphics\fonts\harfbuzz\hb-iter.hh(684,14):
              see the first reference to '<unnamed-type-hb_invoke>::operator ()' in 'hb_apply_t<OT::subset_offset_array_arg_t<OT::ArrayOf<OT::OffsetTo<OT::Layout::GPOS_impl::PosLookup::SubTable,OT::HBUINT16,void,true>,OT::HBUINT16>,unsigned int &>>::operator ()'
              C:\zenith\daw\build_nosk\_deps\juce-src\modules\juce_graphics\fonts\harfbuzz\hb-iter.hh(359,35):
              see the first reference to 'hb_apply_t<OT::subset_offset_array_arg_t<OT::ArrayOf<OT::OffsetTo<OT::Layout::GPOS_impl::PosLookup::SubTable,OT::HBUINT16,void,true>,OT::HBUINT16>,unsigned int &>>::operator ()' in 'operator |'
              C:\zenith\daw\build_nosk\_deps\juce-src\modules\juce_graphics\fonts\harfbuzz\hb-ot-layout-common.hh(1379,5):
              see the first reference to 'operator |' in 'OT::Lookup::subset'
  
C:\zenith\daw\build_nosk\_deps\juce-src\modules\juce_graphics\fonts\harfbuzz\OT\Layout\GPOS\MarkBasePosFormat1.hh(183,52): warning C4242: 'argument': conversion from 'unsigned int' to 'Type', possible loss of data [C:\zenith\daw\build_nosk\ZenithDAW.vcxproj]
C:\zenith\daw\build_nosk\_deps\juce-src\modules\juce_graphics\fonts\harfbuzz\OT\Layout\GPOS\MarkBasePosFormat1.hh(183,52): warning C4242:         with [C:\zenith\daw\build_nosk\ZenithDAW.vcxproj]
C:\zenith\daw\build_nosk\_deps\juce-src\modules\juce_graphics\fonts\harfbuzz\OT\Layout\GPOS\MarkBasePosFormat1.hh(183,52): warning C4242:         [ [C:\zenith\daw\build_nosk\ZenithDAW.vcxproj]
C:\zenith\daw\build_nosk\_deps\juce-src\modules\juce_graphics\fonts\harfbuzz\OT\Layout\GPOS\MarkBasePosFormat1.hh(183,52): warning C4242:             Type=uint16_t [C:\zenith\daw\build_nosk\ZenithDAW.vcxproj]
C:\zenith\daw\build_nosk\_deps\juce-src\modules\juce_graphics\fonts\harfbuzz\OT\Layout\GPOS\MarkBasePosFormat1.hh(183,52): warning C4242:         ] [C:\zenith\daw\build_nosk\ZenithDAW.vcxproj]
  (compiling source file '_deps/juce-src/modules/juce_graphics/juce_graphics_Harfbuzz.cpp')
      C:\zenith\daw\build_nosk\_deps\juce-src\modules\juce_graphics\fonts\harfbuzz\OT\Layout\GPOS\MarkBasePosFormat1.hh(183,52):
      the template instantiation context (the oldest one first) is
          C:\zenith\daw\build_nosk\_deps\juce-src\modules\juce_graphics\fonts\harfbuzz\OT\Layout\GPOS\MarkBasePos.hh(15,36):
          see reference to class template instantiation 'OT::Layout::GPOS_impl::MarkBasePosFormat1_2<OT::Layout::SmallTypes>' being compiled
          C:\zenith\daw\build_nosk\_deps\juce-src\modules\juce_graphics\fonts\harfbuzz\OT\Layout\GPOS\MarkBasePosFormat1.hh(169,8):
          while compiling class template member function 'bool OT::Layout::GPOS_impl::MarkBasePosFormat1_2<OT::Layout::SmallTypes>::subset(hb_subset_context_t *) const'
              C:\zenith\daw\build_nosk\_deps\juce-src\modules\juce_graphics\fonts\harfbuzz\hb-subset.hh(48,56):
              see the first reference to 'OT::Layout::GPOS_impl::MarkBasePosFormat1_2<OT::Layout::SmallTypes>::subset' in 'hb_subset_context_t::_dispatch'
              C:\zenith\daw\build_nosk\_deps\juce-src\modules\juce_graphics\fonts\harfbuzz\hb-subset.hh(55,39):
              see the first reference to 'hb_subset_context_t::_dispatch' in 'hb_subset_context_t::dispatch'
              C:\zenith\daw\build_nosk\_deps\juce-src\modules\juce_graphics\fonts\harfbuzz\OT\Layout\GPOS\MarkBasePos.hh(28,13):
              see the first reference to 'hb_subset_context_t::dispatch' in 'OT::Layout::GPOS_impl::MarkBasePos::dispatch'
              C:\zenith\daw\build_nosk\_deps\juce-src\modules\juce_graphics\fonts\harfbuzz\OT\Layout\GPOS\PosLookupSubTable.hh(43,33):
              see the first reference to 'OT::Layout::GPOS_impl::MarkBasePos::dispatch' in 'OT::Layout::GPOS_impl::PosLookupSubTable::dispatch'
              C:\zenith\daw\build_nosk\_deps\juce-src\modules\juce_graphics\fonts\harfbuzz\hb-subset.hh(51,56):
              see the first reference to 'OT::Layout::GPOS_impl::PosLookupSubTable::dispatch' in 'hb_subset_context_t::_dispatch'
              C:\zenith\daw\build_nosk\_deps\juce-src\modules\juce_graphics\fonts\harfbuzz\hb-subset.hh(55,39):
              see the first reference to 'hb_subset_context_t::_dispatch' in 'hb_subset_context_t::dispatch'
              C:\zenith\daw\build_nosk\_deps\juce-src\modules\juce_graphics\fonts\harfbuzz\hb-open-type.hh(363,19):
              see the first reference to 'hb_subset_context_t::dispatch' in 'OT::OffsetTo<OT::Layout::GPOS_impl::PosLookup::SubTable,OT::HBUINT16,void,true>::serialize_subset'
              C:\zenith\daw\build_nosk\_deps\juce-src\modules\juce_graphics\fonts\harfbuzz\hb-ot-layout-common.hh(256,14):
              see the first reference to 'OT::OffsetTo<OT::Layout::GPOS_impl::PosLookup::SubTable,OT::HBUINT16,void,true>::serialize_subset' in 'OT::subset_offset_array_arg_t<OT::ArrayOf<OT::OffsetTo<OT::Layout::GPOS_impl::PosLookup::SubTable,OT::HBUINT16,void,true>,OT::HBUINT16>,unsigned int &>::operator ()'
              C:\zenith\daw\build_nosk\_deps\juce-src\modules\juce_graphics\fonts\harfbuzz\hb-algs.hh(401,53):
              see the first reference to 'OT::subset_offset_array_arg_t<OT::ArrayOf<OT::OffsetTo<OT::Layout::GPOS_impl::PosLookup::SubTable,OT::HBUINT16,void,true>,OT::HBUINT16>,unsigned int &>::operator ()' in '<unnamed-type-hb_invoke>::impl'
              C:\zenith\daw\build_nosk\_deps\juce-src\modules\juce_graphics\fonts\harfbuzz\hb-algs.hh(407,44):
              see the first reference to '<unnamed-type-hb_invoke>::impl' in '<unnamed-type-hb_invoke>::operator ()'
              C:\zenith\daw\build_nosk\_deps\juce-src\modules\juce_graphics\fonts\harfbuzz\hb-iter.hh(684,14):
              see the first reference to '<unnamed-type-hb_invoke>::operator ()' in 'hb_apply_t<OT::subset_offset_array_arg_t<OT::ArrayOf<OT::OffsetTo<OT::Layout::GPOS_impl::PosLookup::SubTable,OT::HBUINT16,void,true>,OT::HBUINT16>,unsigned int &>>::operator ()'
              C:\zenith\daw\build_nosk\_deps\juce-src\modules\juce_graphics\fonts\harfbuzz\hb-iter.hh(359,35):
              see the first reference to 'hb_apply_t<OT::subset_offset_array_arg_t<OT::ArrayOf<OT::OffsetTo<OT::Layout::GPOS_impl::PosLookup::SubTable,OT::HBUINT16,void,true>,OT::HBUINT16>,unsigned int &>>::operator ()' in 'operator |'
              C:\zenith\daw\build_nosk\_deps\juce-src\modules\juce_graphics\fonts\harfbuzz\hb-ot-layout-common.hh(1379,5):
              see the first reference to 'operator |' in 'OT::Lookup::subset'
  
C:\zenith\daw\build_nosk\_deps\juce-src\modules\juce_graphics\fonts\harfbuzz\OT\Layout\GPOS\PairPosFormat2.hh(280,50): warning C4242: 'argument': conversion from 'unsigned int' to 'Type', possible loss of data [C:\zenith\daw\build_nosk\ZenithDAW.vcxproj]
C:\zenith\daw\build_nosk\_deps\juce-src\modules\juce_graphics\fonts\harfbuzz\OT\Layout\GPOS\PairPosFormat2.hh(280,50): warning C4242:         with [C:\zenith\daw\build_nosk\ZenithDAW.vcxproj]
C:\zenith\daw\build_nosk\_deps\juce-src\modules\juce_graphics\fonts\harfbuzz\OT\Layout\GPOS\PairPosFormat2.hh(280,50): warning C4242:         [ [C:\zenith\daw\build_nosk\ZenithDAW.vcxproj]
C:\zenith\daw\build_nosk\_deps\juce-src\modules\juce_graphics\fonts\harfbuzz\OT\Layout\GPOS\PairPosFormat2.hh(280,50): warning C4242:             Type=uint16_t [C:\zenith\daw\build_nosk\ZenithDAW.vcxproj]
C:\zenith\daw\build_nosk\_deps\juce-src\modules\juce_graphics\fonts\harfbuzz\OT\Layout\GPOS\PairPosFormat2.hh(280,50): warning C4242:         ] [C:\zenith\daw\build_nosk\ZenithDAW.vcxproj]
  (compiling source file '_deps/juce-src/modules/juce_graphics/juce_graphics_Harfbuzz.cpp')
      C:\zenith\daw\build_nosk\_deps\juce-src\modules\juce_graphics\fonts\harfbuzz\OT\Layout\GPOS\PairPosFormat2.hh(280,50):
      the template instantiation context (the oldest one first) is
          C:\zenith\daw\build_nosk\_deps\juce-src\modules\juce_graphics\fonts\harfbuzz\OT\Layout\GPOS\PairPos.hh(17,32):
          see reference to class template instantiation 'OT::Layout::GPOS_impl::PairPosFormat2_4<OT::Layout::SmallTypes>' being compiled
          C:\zenith\daw\build_nosk\_deps\juce-src\modules\juce_graphics\fonts\harfbuzz\OT\Layout\GPOS\PairPosFormat2.hh(271,8):
          while compiling class template member function 'bool OT::Layout::GPOS_impl::PairPosFormat2_4<OT::Layout::SmallTypes>::subset(hb_subset_context_t *) const'
              C:\zenith\daw\build_nosk\_deps\juce-src\modules\juce_graphics\fonts\harfbuzz\hb-subset.hh(48,56):
              see the first reference to 'OT::Layout::GPOS_impl::PairPosFormat2_4<OT::Layout::SmallTypes>::subset' in 'hb_subset_context_t::_dispatch'
              C:\zenith\daw\build_nosk\_deps\juce-src\modules\juce_graphics\fonts\harfbuzz\hb-subset.hh(55,39):
              see the first reference to 'hb_subset_context_t::_dispatch' in 'hb_subset_context_t::dispatch'
              C:\zenith\daw\build_nosk\_deps\juce-src\modules\juce_graphics\fonts\harfbuzz\OT\Layout\GPOS\PairPos.hh(32,13):
              see the first reference to 'hb_subset_context_t::dispatch' in 'OT::Layout::GPOS_impl::PairPos::dispatch'
              C:\zenith\daw\build_nosk\_deps\juce-src\modules\juce_graphics\fonts\harfbuzz\OT\Layout\GPOS\PosLookupSubTable.hh(41,33):
              see the first reference to 'OT::Layout::GPOS_impl::PairPos::dispatch' in 'OT::Layout::GPOS_impl::PosLookupSubTable::dispatch'
              C:\zenith\daw\build_nosk\_deps\juce-src\modules\juce_graphics\fonts\harfbuzz\hb-subset.hh(51,56):
              see the first reference to 'OT::Layout::GPOS_impl::PosLookupSubTable::dispatch' in 'hb_subset_context_t::_dispatch'
              C:\zenith\daw\build_nosk\_deps\juce-src\modules\juce_graphics\fonts\harfbuzz\hb-subset.hh(55,39):
              see the first reference to 'hb_subset_context_t::_dispatch' in 'hb_subset_context_t::dispatch'
              C:\zenith\daw\build_nosk\_deps\juce-src\modules\juce_graphics\fonts\harfbuzz\hb-open-type.hh(363,19):
              see the first reference to 'hb_subset_context_t::dispatch' in 'OT::OffsetTo<OT::Layout::GPOS_impl::PosLookup::SubTable,OT::HBUINT16,void,true>::serialize_subset'
              C:\zenith\daw\build_nosk\_deps\juce-src\modules\juce_graphics\fonts\harfbuzz\hb-ot-layout-common.hh(256,14):
              see the first reference to 'OT::OffsetTo<OT::Layout::GPOS_impl::PosLookup::SubTable,OT::HBUINT16,void,true>::serialize_subset' in 'OT::subset_offset_array_arg_t<OT::ArrayOf<OT::OffsetTo<OT::Layout::GPOS_impl::PosLookup::SubTable,OT::HBUINT16,void,true>,OT::HBUINT16>,unsigned int &>::operator ()'
              C:\zenith\daw\build_nosk\_deps\juce-src\modules\juce_graphics\fonts\harfbuzz\hb-algs.hh(401,53):
              see the first reference to 'OT::subset_offset_array_arg_t<OT::ArrayOf<OT::OffsetTo<OT::Layout::GPOS_impl::PosLookup::SubTable,OT::HBUINT16,void,true>,OT::HBUINT16>,unsigned int &>::operator ()' in '<unnamed-type-hb_invoke>::impl'
              C:\zenith\daw\build_nosk\_deps\juce-src\modules\juce_graphics\fonts\harfbuzz\hb-algs.hh(407,44):
              see the first reference to '<unnamed-type-hb_invoke>::impl' in '<unnamed-type-hb_invoke>::operator ()'
              C:\zenith\daw\build_nosk\_deps\juce-src\modules\juce_graphics\fonts\harfbuzz\hb-iter.hh(684,14):
              see the first reference to '<unnamed-type-hb_invoke>::operator ()' in 'hb_apply_t<OT::subset_offset_array_arg_t<OT::ArrayOf<OT::OffsetTo<OT::Layout::GPOS_impl::PosLookup::SubTable,OT::HBUINT16,void,true>,OT::HBUINT16>,unsigned int &>>::operator ()'
              C:\zenith\daw\build_nosk\_deps\juce-src\modules\juce_graphics\fonts\harfbuzz\hb-iter.hh(359,35):
              see the first reference to 'hb_apply_t<OT::subset_offset_array_arg_t<OT::ArrayOf<OT::OffsetTo<OT::Layout::GPOS_impl::PosLookup::SubTable,OT::HBUINT16,void,true>,OT::HBUINT16>,unsigned int &>>::operator ()' in 'operator |'
              C:\zenith\daw\build_nosk\_deps\juce-src\modules\juce_graphics\fonts\harfbuzz\hb-ot-layout-common.hh(1379,5):
              see the first reference to 'operator |' in 'OT::Lookup::subset'
  
C:\zenith\daw\build_nosk\_deps\juce-src\modules\juce_graphics\fonts\harfbuzz\OT\Layout\GPOS\PairPosFormat2.hh(284,50): warning C4242: 'argument': conversion from 'unsigned int' to 'Type', possible loss of data [C:\zenith\daw\build_nosk\ZenithDAW.vcxproj]
C:\zenith\daw\build_nosk\_deps\juce-src\modules\juce_graphics\fonts\harfbuzz\OT\Layout\GPOS\PairPosFormat2.hh(284,50): warning C4242:         with [C:\zenith\daw\build_nosk\ZenithDAW.vcxproj]
C:\zenith\daw\build_nosk\_deps\juce-src\modules\juce_graphics\fonts\harfbuzz\OT\Layout\GPOS\PairPosFormat2.hh(284,50): warning C4242:         [ [C:\zenith\daw\build_nosk\ZenithDAW.vcxproj]
C:\zenith\daw\build_nosk\_deps\juce-src\modules\juce_graphics\fonts\harfbuzz\OT\Layout\GPOS\PairPosFormat2.hh(284,50): warning C4242:             Type=uint16_t [C:\zenith\daw\build_nosk\ZenithDAW.vcxproj]
C:\zenith\daw\build_nosk\_deps\juce-src\modules\juce_graphics\fonts\harfbuzz\OT\Layout\GPOS\PairPosFormat2.hh(284,50): warning C4242:         ] [C:\zenith\daw\build_nosk\ZenithDAW.vcxproj]
  (compiling source file '_deps/juce-src/modules/juce_graphics/juce_graphics_Harfbuzz.cpp')
  
C:\zenith\daw\build_nosk\_deps\juce-src\modules\juce_graphics\fonts\harfbuzz\OT\Layout\GPOS\PairPosFormat2.hh(312,35): warning C4242: 'argument': conversion from 'T1' to 'uint16_t', possible loss of data [C:\zenith\daw\build_nosk\ZenithDAW.vcxproj]
C:\zenith\daw\build_nosk\_deps\juce-src\modules\juce_graphics\fonts\harfbuzz\OT\Layout\GPOS\PairPosFormat2.hh(312,35): warning C4242:         with [C:\zenith\daw\build_nosk\ZenithDAW.vcxproj]
C:\zenith\daw\build_nosk\_deps\juce-src\modules\juce_graphics\fonts\harfbuzz\OT\Layout\GPOS\PairPosFormat2.hh(312,35): warning C4242:         [ [C:\zenith\daw\build_nosk\ZenithDAW.vcxproj]
C:\zenith\daw\build_nosk\_deps\juce-src\modules\juce_graphics\fonts\harfbuzz\OT\Layout\GPOS\PairPosFormat2.hh(312,35): warning C4242:             T1=hb_codepoint_t [C:\zenith\daw\build_nosk\ZenithDAW.vcxproj]
C:\zenith\daw\build_nosk\_deps\juce-src\modules\juce_graphics\fonts\harfbuzz\OT\Layout\GPOS\PairPosFormat2.hh(312,35): warning C4242:         ] [C:\zenith\daw\build_nosk\ZenithDAW.vcxproj]
  (compiling source file '_deps/juce-src/modules/juce_graphics/juce_graphics_Harfbuzz.cpp')
  
C:\zenith\daw\build_nosk\_deps\juce-src\modules\juce_graphics\fonts\harfbuzz\OT\Layout\GPOS\PairPosFormat2.hh(313,35): warning C4242: 'argument': conversion from 'T2' to 'uint16_t', possible loss of data [C:\zenith\daw\build_nosk\ZenithDAW.vcxproj]
C:\zenith\daw\build_nosk\_deps\juce-src\modules\juce_graphics\fonts\harfbuzz\OT\Layout\GPOS\PairPosFormat2.hh(313,35): warning C4242:         with [C:\zenith\daw\build_nosk\ZenithDAW.vcxproj]
C:\zenith\daw\build_nosk\_deps\juce-src\modules\juce_graphics\fonts\harfbuzz\OT\Layout\GPOS\PairPosFormat2.hh(313,35): warning C4242:         [ [C:\zenith\daw\build_nosk\ZenithDAW.vcxproj]
C:\zenith\daw\build_nosk\_deps\juce-src\modules\juce_graphics\fonts\harfbuzz\OT\Layout\GPOS\PairPosFormat2.hh(313,35): warning C4242:             T2=hb_codepoint_t [C:\zenith\daw\build_nosk\ZenithDAW.vcxproj]
C:\zenith\daw\build_nosk\_deps\juce-src\modules\juce_graphics\fonts\harfbuzz\OT\Layout\GPOS\PairPosFormat2.hh(313,35): warning C4242:         ] [C:\zenith\daw\build_nosk\ZenithDAW.vcxproj]
  (compiling source file '_deps/juce-src/modules/juce_graphics/juce_graphics_Harfbuzz.cpp')
  
C:\zenith\daw\build_nosk\_deps\juce-src\modules\juce_graphics\fonts\harfbuzz\OT\Layout\GPOS\PairPosFormat1.hh(160,37): warning C4242: 'argument': conversion from 'T1' to 'uint16_t', possible loss of data [C:\zenith\daw\build_nosk\ZenithDAW.vcxproj]
C:\zenith\daw\build_nosk\_deps\juce-src\modules\juce_graphics\fonts\harfbuzz\OT\Layout\GPOS\PairPosFormat1.hh(160,37): warning C4242:         with [C:\zenith\daw\build_nosk\ZenithDAW.vcxproj]
C:\zenith\daw\build_nosk\_deps\juce-src\modules\juce_graphics\fonts\harfbuzz\OT\Layout\GPOS\PairPosFormat1.hh(160,37): warning C4242:         [ [C:\zenith\daw\build_nosk\ZenithDAW.vcxproj]
C:\zenith\daw\build_nosk\_deps\juce-src\modules\juce_graphics\fonts\harfbuzz\OT\Layout\GPOS\PairPosFormat1.hh(160,37): warning C4242:             T1=hb_codepoint_t [C:\zenith\daw\build_nosk\ZenithDAW.vcxproj]
C:\zenith\daw\build_nosk\_deps\juce-src\modules\juce_graphics\fonts\harfbuzz\OT\Layout\GPOS\PairPosFormat1.hh(160,37): warning C4242:         ] [C:\zenith\daw\build_nosk\ZenithDAW.vcxproj]
  (compiling source file '_deps/juce-src/modules/juce_graphics/juce_graphics_Harfbuzz.cpp')
      C:\zenith\daw\build_nosk\_deps\juce-src\modules\juce_graphics\fonts\harfbuzz\OT\Layout\GPOS\PairPosFormat1.hh(160,37):
      the template instantiation context (the oldest one first) is
          C:\zenith\daw\build_nosk\_deps\juce-src\modules\juce_graphics\fonts\harfbuzz\OT\Layout\GPOS\PairPos.hh(16,32):
          see reference to class template instantiation 'OT::Layout::GPOS_impl::PairPosFormat1_3<OT::Layout::SmallTypes>' being compiled
          C:\zenith\daw\build_nosk\_deps\juce-src\modules\juce_graphics\fonts\harfbuzz\OT\Layout\GPOS\PairPosFormat1.hh(125,8):
          while compiling class template member function 'bool OT::Layout::GPOS_impl::PairPosFormat1_3<OT::Layout::SmallTypes>::subset(hb_subset_context_t *) const'
              C:\zenith\daw\build_nosk\_deps\juce-src\modules\juce_graphics\fonts\harfbuzz\hb-subset.hh(48,56):
              see the first reference to 'OT::Layout::GPOS_impl::PairPosFormat1_3<OT::Layout::SmallTypes>::subset' in 'hb_subset_context_t::_dispatch'
              C:\zenith\daw\build_nosk\_deps\juce-src\modules\juce_graphics\fonts\harfbuzz\hb-subset.hh(55,39):
              see the first reference to 'hb_subset_context_t::_dispatch' in 'hb_subset_context_t::dispatch'
              C:\zenith\daw\build_nosk\_deps\juce-src\modules\juce_graphics\fonts\harfbuzz\OT\Layout\GPOS\PairPos.hh(31,13):
              see the first reference to 'hb_subset_context_t::dispatch' in 'OT::Layout::GPOS_impl::PairPos::dispatch'
              C:\zenith\daw\build_nosk\_deps\juce-src\modules\juce_graphics\fonts\harfbuzz\OT\Layout\GPOS\PosLookupSubTable.hh(41,33):
              see the first reference to 'OT::Layout::GPOS_impl::PairPos::dispatch' in 'OT::Layout::GPOS_impl::PosLookupSubTable::dispatch'
              C:\zenith\daw\build_nosk\_deps\juce-src\modules\juce_graphics\fonts\harfbuzz\hb-subset.hh(51,56):
              see the first reference to 'OT::Layout::GPOS_impl::PosLookupSubTable::dispatch' in 'hb_subset_context_t::_dispatch'
              C:\zenith\daw\build_nosk\_deps\juce-src\modules\juce_graphics\fonts\harfbuzz\hb-subset.hh(55,39):
              see the first reference to 'hb_subset_context_t::_dispatch' in 'hb_subset_context_t::dispatch'
              C:\zenith\daw\build_nosk\_deps\juce-src\modules\juce_graphics\fonts\harfbuzz\hb-open-type.hh(363,19):
              see the first reference to 'hb_subset_context_t::dispatch' in 'OT::OffsetTo<OT::Layout::GPOS_impl::PosLookup::SubTable,OT::HBUINT16,void,true>::serialize_subset'
              C:\zenith\daw\build_nosk\_deps\juce-src\modules\juce_graphics\fonts\harfbuzz\hb-ot-layout-common.hh(256,14):
              see the first reference to 'OT::OffsetTo<OT::Layout::GPOS_impl::PosLookup::SubTable,OT::HBUINT16,void,true>::serialize_subset' in 'OT::subset_offset_array_arg_t<OT::ArrayOf<OT::OffsetTo<OT::Layout::GPOS_impl::PosLookup::SubTable,OT::HBUINT16,void,true>,OT::HBUINT16>,unsigned int &>::operator ()'
              C:\zenith\daw\build_nosk\_deps\juce-src\modules\juce_graphics\fonts\harfbuzz\hb-algs.hh(401,53):
              see the first reference to 'OT::subset_offset_array_arg_t<OT::ArrayOf<OT::OffsetTo<OT::Layout::GPOS_impl::PosLookup::SubTable,OT::HBUINT16,void,true>,OT::HBUINT16>,unsigned int &>::operator ()' in '<unnamed-type-hb_invoke>::impl'
              C:\zenith\daw\build_nosk\_deps\juce-src\modules\juce_graphics\fonts\harfbuzz\hb-algs.hh(407,44):
              see the first reference to '<unnamed-type-hb_invoke>::impl' in '<unnamed-type-hb_invoke>::operator ()'
              C:\zenith\daw\build_nosk\_deps\juce-src\modules\juce_graphics\fonts\harfbuzz\hb-iter.hh(684,14):
              see the first reference to '<unnamed-type-hb_invoke>::operator ()' in 'hb_apply_t<OT::subset_offset_array_arg_t<OT::ArrayOf<OT::OffsetTo<OT::Layout::GPOS_impl::PosLookup::SubTable,OT::HBUINT16,void,true>,OT::HBUINT16>,unsigned int &>>::operator ()'
              C:\zenith\daw\build_nosk\_deps\juce-src\modules\juce_graphics\fonts\harfbuzz\hb-iter.hh(359,35):
              see the first reference to 'hb_apply_t<OT::subset_offset_array_arg_t<OT::ArrayOf<OT::OffsetTo<OT::Layout::GPOS_impl::PosLookup::SubTable,OT::HBUINT16,void,true>,OT::HBUINT16>,unsigned int &>>::operator ()' in 'operator |'
              C:\zenith\daw\build_nosk\_deps\juce-src\modules\juce_graphics\fonts\harfbuzz\hb-ot-layout-common.hh(1379,5):
              see the first reference to 'operator |' in 'OT::Lookup::subset'
  
C:\zenith\daw\build_nosk\_deps\juce-src\modules\juce_graphics\fonts\harfbuzz\OT\Layout\GPOS\PairPosFormat1.hh(161,37): warning C4242: 'argument': conversion from 'T2' to 'uint16_t', possible loss of data [C:\zenith\daw\build_nosk\ZenithDAW.vcxproj]
C:\zenith\daw\build_nosk\_deps\juce-src\modules\juce_graphics\fonts\harfbuzz\OT\Layout\GPOS\PairPosFormat1.hh(161,37): warning C4242:         with [C:\zenith\daw\build_nosk\ZenithDAW.vcxproj]
C:\zenith\daw\build_nosk\_deps\juce-src\modules\juce_graphics\fonts\harfbuzz\OT\Layout\GPOS\PairPosFormat1.hh(161,37): warning C4242:         [ [C:\zenith\daw\build_nosk\ZenithDAW.vcxproj]
C:\zenith\daw\build_nosk\_deps\juce-src\modules\juce_graphics\fonts\harfbuzz\OT\Layout\GPOS\PairPosFormat1.hh(161,37): warning C4242:             T2=hb_codepoint_t [C:\zenith\daw\build_nosk\ZenithDAW.vcxproj]
C:\zenith\daw\build_nosk\_deps\juce-src\modules\juce_graphics\fonts\harfbuzz\OT\Layout\GPOS\PairPosFormat1.hh(161,37): warning C4242:         ] [C:\zenith\daw\build_nosk\ZenithDAW.vcxproj]
  (compiling source file '_deps/juce-src/modules/juce_graphics/juce_graphics_Harfbuzz.cpp')
  
C:\zenith\daw\build_nosk\_deps\juce-src\modules\juce_graphics\fonts\harfbuzz\OT\Layout\GPOS\AnchorMatrix.hh(70,17): warning C4242: 'argument': conversion from 'unsigned int' to 'Type', possible loss of data [C:\zenith\daw\build_nosk\ZenithDAW.vcxproj]
C:\zenith\daw\build_nosk\_deps\juce-src\modules\juce_graphics\fonts\harfbuzz\OT\Layout\GPOS\AnchorMatrix.hh(70,17): warning C4242:         with [C:\zenith\daw\build_nosk\ZenithDAW.vcxproj]
C:\zenith\daw\build_nosk\_deps\juce-src\modules\juce_graphics\fonts\harfbuzz\OT\Layout\GPOS\AnchorMatrix.hh(70,17): warning C4242:         [ [C:\zenith\daw\build_nosk\ZenithDAW.vcxproj]
C:\zenith\daw\build_nosk\_deps\juce-src\modules\juce_graphics\fonts\harfbuzz\OT\Layout\GPOS\AnchorMatrix.hh(70,17): warning C4242:             Type=uint16_t [C:\zenith\daw\build_nosk\ZenithDAW.vcxproj]
C:\zenith\daw\build_nosk\_deps\juce-src\modules\juce_graphics\fonts\harfbuzz\OT\Layout\GPOS\AnchorMatrix.hh(70,17): warning C4242:         ] [C:\zenith\daw\build_nosk\ZenithDAW.vcxproj]
  (compiling source file '_deps/juce-src/modules/juce_graphics/juce_graphics_Harfbuzz.cpp')
      C:\zenith\daw\build_nosk\_deps\juce-src\modules\juce_graphics\fonts\harfbuzz\OT\Layout\GPOS\AnchorMatrix.hh(70,17):
      the template instantiation context (the oldest one first) is
          C:\zenith\daw\build_nosk\_deps\juce-src\modules\juce_graphics\fonts\harfbuzz\OT\Layout\GPOS\MarkMarkPosFormat1.hh(156,8):
          while compiling class template member function 'bool OT::Layout::GPOS_impl::MarkMarkPosFormat1_2<OT::Layout::SmallTypes>::subset(hb_subset_context_t *) const'
              C:\zenith\daw\build_nosk\_deps\juce-src\modules\juce_graphics\fonts\harfbuzz\hb-subset.hh(48,56):
              see the first reference to 'OT::Layout::GPOS_impl::MarkMarkPosFormat1_2<OT::Layout::SmallTypes>::subset' in 'hb_subset_context_t::_dispatch'
              C:\zenith\daw\build_nosk\_deps\juce-src\modules\juce_graphics\fonts\harfbuzz\hb-subset.hh(55,39):
              see the first reference to 'hb_subset_context_t::_dispatch' in 'hb_subset_context_t::dispatch'
              C:\zenith\daw\build_nosk\_deps\juce-src\modules\juce_graphics\fonts\harfbuzz\OT\Layout\GPOS\MarkMarkPos.hh(28,13):
              see the first reference to 'hb_subset_context_t::dispatch' in 'OT::Layout::GPOS_impl::MarkMarkPos::dispatch'
              C:\zenith\daw\build_nosk\_deps\juce-src\modules\juce_graphics\fonts\harfbuzz\OT\Layout\GPOS\PosLookupSubTable.hh(45,33):
              see the first reference to 'OT::Layout::GPOS_impl::MarkMarkPos::dispatch' in 'OT::Layout::GPOS_impl::PosLookupSubTable::dispatch'
              C:\zenith\daw\build_nosk\_deps\juce-src\modules\juce_graphics\fonts\harfbuzz\hb-subset.hh(51,56):
              see the first reference to 'OT::Layout::GPOS_impl::PosLookupSubTable::dispatch' in 'hb_subset_context_t::_dispatch'
              C:\zenith\daw\build_nosk\_deps\juce-src\modules\juce_graphics\fonts\harfbuzz\hb-subset.hh(55,39):
              see the first reference to 'hb_subset_context_t::_dispatch' in 'hb_subset_context_t::dispatch'
              C:\zenith\daw\build_nosk\_deps\juce-src\modules\juce_graphics\fonts\harfbuzz\hb-open-type.hh(363,19):
              see the first reference to 'hb_subset_context_t::dispatch' in 'OT::OffsetTo<OT::Layout::GPOS_impl::PosLookup::SubTable,OT::HBUINT16,void,true>::serialize_subset'
              C:\zenith\daw\build_nosk\_deps\juce-src\modules\juce_graphics\fonts\harfbuzz\hb-ot-layout-common.hh(256,14):
              see the first reference to 'OT::OffsetTo<OT::Layout::GPOS_impl::PosLookup::SubTable,OT::HBUINT16,void,true>::serialize_subset' in 'OT::subset_offset_array_arg_t<OT::ArrayOf<OT::OffsetTo<OT::Layout::GPOS_impl::PosLookup::SubTable,OT::HBUINT16,void,true>,OT::HBUINT16>,unsigned int &>::operator ()'
              C:\zenith\daw\build_nosk\_deps\juce-src\modules\juce_graphics\fonts\harfbuzz\hb-algs.hh(401,53):
              see the first reference to 'OT::subset_offset_array_arg_t<OT::ArrayOf<OT::OffsetTo<OT::Layout::GPOS_impl::PosLookup::SubTable,OT::HBUINT16,void,true>,OT::HBUINT16>,unsigned int &>::operator ()' in '<unnamed-type-hb_invoke>::impl'
              C:\zenith\daw\build_nosk\_deps\juce-src\modules\juce_graphics\fonts\harfbuzz\hb-algs.hh(407,44):
              see the first reference to '<unnamed-type-hb_invoke>::impl' in '<unnamed-type-hb_invoke>::operator ()'
              C:\zenith\daw\build_nosk\_deps\juce-src\modules\juce_graphics\fonts\harfbuzz\hb-iter.hh(684,14):
              see the first reference to '<unnamed-type-hb_invoke>::operator ()' in 'hb_apply_t<OT::subset_offset_array_arg_t<OT::ArrayOf<OT::OffsetTo<OT::Layout::GPOS_impl::PosLookup::SubTable,OT::HBUINT16,void,true>,OT::HBUINT16>,unsigned int &>>::operator ()'
              C:\zenith\daw\build_nosk\_deps\juce-src\modules\juce_graphics\fonts\harfbuzz\hb-iter.hh(359,35):
              see the first reference to 'hb_apply_t<OT::subset_offset_array_arg_t<OT::ArrayOf<OT::OffsetTo<OT::Layout::GPOS_impl::PosLookup::SubTable,OT::HBUINT16,void,true>,OT::HBUINT16>,unsigned int &>>::operator ()' in 'operator |'
              C:\zenith\daw\build_nosk\_deps\juce-src\modules\juce_graphics\fonts\harfbuzz\hb-ot-layout-common.hh(1379,5):
              see the first reference to 'operator |' in 'OT::Lookup::subset'
          C:\zenith\daw\build_nosk\_deps\juce-src\modules\juce_graphics\fonts\harfbuzz\OT\Layout\GPOS\MarkMarkPosFormat1.hh(219,5):
          see reference to function template instantiation 'bool OT::OffsetTo<OT::Layout::GPOS_impl::BaseArray,OT::HBUINT16,void,true>::serialize_subset<OT::Layout::GPOS_impl::MarkMarkPosFormat1_2<OT::Layout::SmallTypes>,unsigned int,hb_sorted_array_t<const Type>>(hb_subset_context_t *,const OT::OffsetTo<OT::Layout::GPOS_impl::BaseArray,OT::HBUINT16,void,true> &,const Base *,unsigned int &&,hb_sorted_array_t<const Type> &&)' being compiled
          with
          [
              Type=unsigned int,
              Base=OT::Layout::GPOS_impl::MarkMarkPosFormat1_2<OT::Layout::SmallTypes>
          ]
          C:\zenith\daw\build_nosk\_deps\juce-src\modules\juce_graphics\fonts\harfbuzz\hb-open-type.hh(363,19):
          see reference to function template instantiation 'bool hb_subset_context_t::dispatch<Type,_Ty,hb_sorted_array_t<const unsigned int>>(const T &,_Ty &&,hb_sorted_array_t<const unsigned int> &&)' being compiled
          with
          [
              Type=OT::Layout::GPOS_impl::BaseArray,
              _Ty=unsigned int,
              T=OT::Layout::GPOS_impl::BaseArray
          ]
          C:\zenith\daw\build_nosk\_deps\juce-src\modules\juce_graphics\fonts\harfbuzz\hb-subset.hh(55,39):
          see reference to function template instantiation 'bool hb_subset_context_t::_dispatch<T,_Ty,hb_sorted_array_t<const Type>>(const T &,hb_priority<1>,_Ty &&,hb_sorted_array_t<const Type> &&)' being compiled
          with
          [
              T=OT::Layout::GPOS_impl::BaseArray,
              _Ty=unsigned int,
              Type=unsigned int
          ]
          C:\zenith\daw\build_nosk\_deps\juce-src\modules\juce_graphics\fonts\harfbuzz\hb-subset.hh(48,56):
          see reference to function template instantiation 'bool OT::Layout::GPOS_impl::AnchorMatrix::subset<_Ty,0x0>(hb_subset_context_t *,unsigned int,Iterator) const' being compiled
          with
          [
              _Ty=hb_sorted_array_t<const unsigned int>,
              Iterator=hb_sorted_array_t<const unsigned int>
          ]
  
C:\zenith\daw\build_nosk\_deps\juce-src\modules\juce_graphics\fonts\harfbuzz\OT\Layout\GPOS\PairSet.hh(199,16): warning C4242: 'argument': conversion from 'unsigned int' to 'Type', possible loss of data [C:\zenith\daw\build_nosk\ZenithDAW.vcxproj]
C:\zenith\daw\build_nosk\_deps\juce-src\modules\juce_graphics\fonts\harfbuzz\OT\Layout\GPOS\PairSet.hh(199,16): warning C4242:         with [C:\zenith\daw\build_nosk\ZenithDAW.vcxproj]
C:\zenith\daw\build_nosk\_deps\juce-src\modules\juce_graphics\fonts\harfbuzz\OT\Layout\GPOS\PairSet.hh(199,16): warning C4242:         [ [C:\zenith\daw\build_nosk\ZenithDAW.vcxproj]
C:\zenith\daw\build_nosk\_deps\juce-src\modules\juce_graphics\fonts\harfbuzz\OT\Layout\GPOS\PairSet.hh(199,16): warning C4242:             Type=uint16_t [C:\zenith\daw\build_nosk\ZenithDAW.vcxproj]
C:\zenith\daw\build_nosk\_deps\juce-src\modules\juce_graphics\fonts\harfbuzz\OT\Layout\GPOS\PairSet.hh(199,16): warning C4242:         ] [C:\zenith\daw\build_nosk\ZenithDAW.vcxproj]
  (compiling source file '_deps/juce-src/modules/juce_graphics/juce_graphics_Harfbuzz.cpp')
      C:\zenith\daw\build_nosk\_deps\juce-src\modules\juce_graphics\fonts\harfbuzz\OT\Layout\GPOS\PairSet.hh(199,16):
      the template instantiation context (the oldest one first) is
          C:\zenith\daw\build_nosk\_deps\juce-src\modules\juce_graphics\fonts\harfbuzz\hb-null.hh(54,52):
          see reference to class template instantiation 'OT::Layout::GPOS_impl::PairSet<Types>' being compiled
          with
          [
              Types=OT::Layout::SmallTypes
          ]
          C:\zenith\daw\build_nosk\_deps\juce-src\modules\juce_graphics\fonts\harfbuzz\OT\Layout\GPOS\PairSet.hh(162,8):
          while compiling class template member function 'bool OT::Layout::GPOS_impl::PairSet<Types>::subset(hb_subset_context_t *,const OT::Layout::GPOS_impl::ValueFormat [],const OT::Layout::GPOS_impl::ValueFormat []) const'
          with
          [
              Types=OT::Layout::SmallTypes
          ]
              C:\zenith\daw\build_nosk\_deps\juce-src\modules\juce_graphics\fonts\harfbuzz\hb-subset.hh(48,56):
              see the first reference to 'OT::Layout::GPOS_impl::PairSet<Types>::subset' in 'hb_subset_context_t::_dispatch'
          with
          [
              Types=OT::Layout::SmallTypes
          ]
              C:\zenith\daw\build_nosk\_deps\juce-src\modules\juce_graphics\fonts\harfbuzz\hb-subset.hh(55,39):
              see the first reference to 'hb_subset_context_t::_dispatch' in 'hb_subset_context_t::dispatch'
              C:\zenith\daw\build_nosk\_deps\juce-src\modules\juce_graphics\fonts\harfbuzz\hb-open-type.hh(363,19):
              see the first reference to 'hb_subset_context_t::dispatch' in 'OT::OffsetTo<OT::Layout::GPOS_impl::PairSet<Types>,OT::HBUINT16,void,true>::serialize_subset'
          with
          [
              Types=OT::Layout::SmallTypes
          ]
              C:\zenith\daw\build_nosk\_deps\juce-src\modules\juce_graphics\fonts\harfbuzz\OT\Layout\GPOS\PairPosFormat1.hh(172,29):
              see the first reference to 'OT::OffsetTo<OT::Layout::GPOS_impl::PairSet<Types>,OT::HBUINT16,void,true>::serialize_subset' in 'OT::Layout::GPOS_impl::PairPosFormat1_3<OT::Layout::SmallTypes>::subset::<lambda_1>::operator ()'
          with
          [
              Types=OT::Layout::SmallTypes
          ]
  
C:\zenith\daw\build_nosk\_deps\juce-src\modules\juce_graphics\fonts\harfbuzz\OT\Layout\GPOS\PairValueRecord.hh(48,57): warning C4242: 'argument': conversion from 'const V' to 'uint16_t', possible loss of data [C:\zenith\daw\build_nosk\ZenithDAW.vcxproj]
C:\zenith\daw\build_nosk\_deps\juce-src\modules\juce_graphics\fonts\harfbuzz\OT\Layout\GPOS\PairValueRecord.hh(48,57): warning C4242:         with [C:\zenith\daw\build_nosk\ZenithDAW.vcxproj]
C:\zenith\daw\build_nosk\_deps\juce-src\modules\juce_graphics\fonts\harfbuzz\OT\Layout\GPOS\PairValueRecord.hh(48,57): warning C4242:         [ [C:\zenith\daw\build_nosk\ZenithDAW.vcxproj]
C:\zenith\daw\build_nosk\_deps\juce-src\modules\juce_graphics\fonts\harfbuzz\OT\Layout\GPOS\PairValueRecord.hh(48,57): warning C4242:             V=hb_codepoint_t [C:\zenith\daw\build_nosk\ZenithDAW.vcxproj]
C:\zenith\daw\build_nosk\_deps\juce-src\modules\juce_graphics\fonts\harfbuzz\OT\Layout\GPOS\PairValueRecord.hh(48,57): warning C4242:         ] [C:\zenith\daw\build_nosk\ZenithDAW.vcxproj]
  (compiling source file '_deps/juce-src/modules/juce_graphics/juce_graphics_Harfbuzz.cpp')
      C:\zenith\daw\build_nosk\_deps\juce-src\modules\juce_graphics\fonts\harfbuzz\OT\Layout\GPOS\PairValueRecord.hh(48,57):
      the template instantiation context (the oldest one first) is
          C:\zenith\daw\build_nosk\_deps\juce-src\modules\juce_graphics\fonts\harfbuzz\OT\Layout\GPOS\PairSet.hh(21,25):
          see reference to class template instantiation 'OT::Layout::GPOS_impl::PairValueRecord<Types>' being compiled
          with
          [
              Types=OT::Layout::SmallTypes
          ]
          C:\zenith\daw\build_nosk\_deps\juce-src\modules\juce_graphics\fonts\harfbuzz\OT\Layout\GPOS\PairValueRecord.hh(40,8):
          while compiling class template member function 'bool OT::Layout::GPOS_impl::PairValueRecord<Types>::subset(hb_subset_context_t *,OT::Layout::GPOS_impl::PairValueRecord<Types>::context_t *) const'
          with
          [
              Types=OT::Layout::SmallTypes
          ]
              C:\zenith\daw\build_nosk\_deps\juce-src\modules\juce_graphics\fonts\harfbuzz\OT\Layout\GPOS\PairSet.hh(194,7):
              see the first reference to 'OT::Layout::GPOS_impl::PairValueRecord<Types>::subset' in 'OT::Layout::GPOS_impl::PairSet<Types>::subset'
          with
          [
              Types=OT::Layout::SmallTypes
          ]
              C:\zenith\daw\build_nosk\_deps\juce-src\modules\juce_graphics\fonts\harfbuzz\hb-subset.hh(48,56):
              see the first reference to 'OT::Layout::GPOS_impl::PairSet<Types>::subset' in 'hb_subset_context_t::_dispatch'
          with
          [
              Types=OT::Layout::SmallTypes
          ]
              C:\zenith\daw\build_nosk\_deps\juce-src\modules\juce_graphics\fonts\harfbuzz\hb-subset.hh(55,39):
              see the first reference to 'hb_subset_context_t::_dispatch' in 'hb_subset_context_t::dispatch'
              C:\zenith\daw\build_nosk\_deps\juce-src\modules\juce_graphics\fonts\harfbuzz\hb-open-type.hh(363,19):
              see the first reference to 'hb_subset_context_t::dispatch' in 'OT::OffsetTo<OT::Layout::GPOS_impl::PairSet<Types>,OT::HBUINT16,void,true>::serialize_subset'
          with
          [
              Types=OT::Layout::SmallTypes
          ]
              C:\zenith\daw\build_nosk\_deps\juce-src\modules\juce_graphics\fonts\harfbuzz\OT\Layout\GPOS\PairPosFormat1.hh(172,29):
              see the first reference to 'OT::OffsetTo<OT::Layout::GPOS_impl::PairSet<Types>,OT::HBUINT16,void,true>::serialize_subset' in 'OT::Layout::GPOS_impl::PairPosFormat1_3<OT::Layout::SmallTypes>::subset::<lambda_1>::operator ()'
          with
          [
              Types=OT::Layout::SmallTypes
          ]
  
C:\zenith\daw\build_nosk\_deps\juce-src\modules\juce_graphics\fonts\harfbuzz\hb-ot-layout-gsubgpos.hh(2025,30): warning C4242: 'argument': conversion from 'const V' to 'Type', possible loss of data [C:\zenith\daw\build_nosk\ZenithDAW.vcxproj]
C:\zenith\daw\build_nosk\_deps\juce-src\modules\juce_graphics\fonts\harfbuzz\hb-ot-layout-gsubgpos.hh(2025,30): warning C4242:         with [C:\zenith\daw\build_nosk\ZenithDAW.vcxproj]
C:\zenith\daw\build_nosk\_deps\juce-src\modules\juce_graphics\fonts\harfbuzz\hb-ot-layout-gsubgpos.hh(2025,30): warning C4242:         [ [C:\zenith\daw\build_nosk\ZenithDAW.vcxproj]
C:\zenith\daw\build_nosk\_deps\juce-src\modules\juce_graphics\fonts\harfbuzz\hb-ot-layout-gsubgpos.hh(2025,30): warning C4242:             V=hb_codepoint_t [C:\zenith\daw\build_nosk\ZenithDAW.vcxproj]
C:\zenith\daw\build_nosk\_deps\juce-src\modules\juce_graphics\fonts\harfbuzz\hb-ot-layout-gsubgpos.hh(2025,30): warning C4242:         ] [C:\zenith\daw\build_nosk\ZenithDAW.vcxproj]
C:\zenith\daw\build_nosk\_deps\juce-src\modules\juce_graphics\fonts\harfbuzz\hb-ot-layout-gsubgpos.hh(2025,30): warning C4242:         and [C:\zenith\daw\build_nosk\ZenithDAW.vcxproj]
C:\zenith\daw\build_nosk\_deps\juce-src\modules\juce_graphics\fonts\harfbuzz\hb-ot-layout-gsubgpos.hh(2025,30): warning C4242:         [ [C:\zenith\daw\build_nosk\ZenithDAW.vcxproj]
C:\zenith\daw\build_nosk\_deps\juce-src\modules\juce_graphics\fonts\harfbuzz\hb-ot-layout-gsubgpos.hh(2025,30): warning C4242:             Type=uint16_t [C:\zenith\daw\build_nosk\ZenithDAW.vcxproj]
C:\zenith\daw\build_nosk\_deps\juce-src\modules\juce_graphics\fonts\harfbuzz\hb-ot-layout-gsubgpos.hh(2025,30): warning C4242:         ] [C:\zenith\daw\build_nosk\ZenithDAW.vcxproj]
  (compiling source file '_deps/juce-src/modules/juce_graphics/juce_graphics_Harfbuzz.cpp')
      C:\zenith\daw\build_nosk\_deps\juce-src\modules\juce_graphics\fonts\harfbuzz\hb-ot-layout-gsubgpos.hh(2025,30):
      the template instantiation context (the oldest one first) is
          C:\zenith\daw\build_nosk\_deps\juce-src\modules\juce_graphics\fonts\harfbuzz\hb-ot-layout-gsubgpos.hh(2437,8):
          while compiling class template 'OT::ContextFormat2_5'
          C:\zenith\daw\build_nosk\_deps\juce-src\modules\juce_graphics\fonts\harfbuzz\hb-ot-layout-gsubgpos.hh(2470,19):
          see reference to class template instantiation 'OT::RuleSet<OT::Layout::SmallTypes>' being compiled
          C:\zenith\daw\build_nosk\_deps\juce-src\modules\juce_graphics\fonts\harfbuzz\hb-ot-layout-gsubgpos.hh(2277,3):
          see reference to class template instantiation 'OT::ArrayOf<OT::OffsetTo<OT::Rule<Types>,OT::HBUINT16,void,true>,OT::HBUINT16>' being compiled
          with
          [
              Types=OT::Layout::SmallTypes
          ]
          C:\zenith\daw\build_nosk\_deps\juce-src\modules\juce_graphics\fonts\harfbuzz\hb-null.hh(88,50):
          see reference to class template instantiation 'OT::OffsetTo<OT::Rule<Types>,OT::HBUINT16,void,true>' being compiled
          with
          [
              Types=OT::Layout::SmallTypes
          ]
          C:\zenith\daw\build_nosk\_deps\juce-src\modules\juce_graphics\fonts\harfbuzz\hb-null.hh(54,52):
          see reference to class template instantiation 'OT::Rule<Types>' being compiled
          with
          [
              Types=OT::Layout::SmallTypes
          ]
          C:\zenith\daw\build_nosk\_deps\juce-src\modules\juce_graphics\fonts\harfbuzz\hb-ot-layout-gsubgpos.hh(2012,8):
          while compiling class template member function 'bool OT::Rule<Types>::serialize(hb_serialize_context_t *,const hb_map_t *,const hb_map_t *) const'
          with
          [
              Types=OT::Layout::SmallTypes
          ]
              C:\zenith\daw\build_nosk\_deps\juce-src\modules\juce_graphics\fonts\harfbuzz\hb-ot-layout-gsubgpos.hh(2046,5):
              see the first reference to 'OT::Rule<Types>::serialize' in 'OT::Rule<Types>::subset'
          with
          [
              Types=OT::Layout::SmallTypes
          ]
              C:\zenith\daw\build_nosk\_deps\juce-src\modules\juce_graphics\fonts\harfbuzz\hb-subset.hh(48,56):
              see the first reference to 'OT::Rule<Types>::subset' in 'hb_subset_context_t::_dispatch'
          with
          [
              Types=OT::Layout::SmallTypes
          ]
              C:\zenith\daw\build_nosk\_deps\juce-src\modules\juce_graphics\fonts\harfbuzz\hb-subset.hh(55,39):
              see the first reference to 'hb_subset_context_t::_dispatch' in 'hb_subset_context_t::dispatch'
              C:\zenith\daw\build_nosk\_deps\juce-src\modules\juce_graphics\fonts\harfbuzz\hb-open-type.hh(363,19):
              see the first reference to 'hb_subset_context_t::dispatch' in 'OT::OffsetTo<OT::Rule<Types>,OT::HBUINT16,void,true>::serialize_subset'
          with
          [
              Types=OT::Layout::SmallTypes
          ]
              C:\zenith\daw\build_nosk\_deps\juce-src\modules\juce_graphics\fonts\harfbuzz\hb-ot-layout-gsubgpos.hh(2256,7):
              see the first reference to 'OT::OffsetTo<OT::Rule<Types>,OT::HBUINT16,void,true>::serialize_subset' in 'OT::RuleSet<OT::Layout::SmallTypes>::subset'
          with
          [
              Types=OT::Layout::SmallTypes
          ]
              C:\zenith\daw\build_nosk\_deps\juce-src\modules\juce_graphics\fonts\harfbuzz\hb-subset.hh(48,56):
              see the first reference to 'OT::RuleSet<OT::Layout::SmallTypes>::subset' in 'hb_subset_context_t::_dispatch'
              C:\zenith\daw\build_nosk\_deps\juce-src\modules\juce_graphics\fonts\harfbuzz\hb-subset.hh(55,39):
              see the first reference to 'hb_subset_context_t::_dispatch' in 'hb_subset_context_t::dispatch'
              C:\zenith\daw\build_nosk\_deps\juce-src\modules\juce_graphics\fonts\harfbuzz\hb-open-type.hh(363,19):
              see the first reference to 'hb_subset_context_t::dispatch' in 'OT::OffsetTo<OT::RuleSet<OT::Layout::SmallTypes>,OT::HBUINT16,void,true>::serialize_subset'
              C:\zenith\daw\build_nosk\_deps\juce-src\modules\juce_graphics\fonts\harfbuzz\hb-ot-layout-gsubgpos.hh(2653,7):
              see the first reference to 'OT::OffsetTo<OT::RuleSet<OT::Layout::SmallTypes>,OT::HBUINT16,void,true>::serialize_subset' in 'OT::ContextFormat2_5<OT::Layout::SmallTypes>::subset'
              C:\zenith\daw\build_nosk\_deps\juce-src\modules\juce_graphics\fonts\harfbuzz\hb-subset.hh(48,56):
              see the first reference to 'OT::ContextFormat2_5<OT::Layout::SmallTypes>::subset' in 'hb_subset_context_t::_dispatch'
              C:\zenith\daw\build_nosk\_deps\juce-src\modules\juce_graphics\fonts\harfbuzz\hb-subset.hh(55,39):
              see the first reference to 'hb_subset_context_t::_dispatch' in 'hb_subset_context_t::dispatch'
              C:\zenith\daw\build_nosk\_deps\juce-src\modules\juce_graphics\fonts\harfbuzz\hb-ot-layout-gsubgpos.hh(2864,13):
              see the first reference to 'hb_subset_context_t::dispatch' in 'OT::Context::dispatch'
              C:\zenith\daw\build_nosk\_deps\juce-src\modules\juce_graphics\fonts\harfbuzz\OT\Layout\GPOS\PosLookupSubTable.hh(46,33):
              see the first reference to 'OT::Context::dispatch' in 'OT::Layout::GPOS_impl::PosLookupSubTable::dispatch'
              C:\zenith\daw\build_nosk\_deps\juce-src\modules\juce_graphics\fonts\harfbuzz\hb-subset.hh(51,56):
              see the first reference to 'OT::Layout::GPOS_impl::PosLookupSubTable::dispatch' in 'hb_subset_context_t::_dispatch'
              C:\zenith\daw\build_nosk\_deps\juce-src\modules\juce_graphics\fonts\harfbuzz\hb-subset.hh(55,39):
              see the first reference to 'hb_subset_context_t::_dispatch' in 'hb_subset_context_t::dispatch'
              C:\zenith\daw\build_nosk\_deps\juce-src\modules\juce_graphics\fonts\harfbuzz\hb-open-type.hh(363,19):
              see the first reference to 'hb_subset_context_t::dispatch' in 'OT::OffsetTo<OT::Layout::GPOS_impl::PosLookup::SubTable,OT::HBUINT16,void,true>::serialize_subset'
              C:\zenith\daw\build_nosk\_deps\juce-src\modules\juce_graphics\fonts\harfbuzz\hb-ot-layout-common.hh(256,14):
              see the first reference to 'OT::OffsetTo<OT::Layout::GPOS_impl::PosLookup::SubTable,OT::HBUINT16,void,true>::serialize_subset' in 'OT::subset_offset_array_arg_t<OT::ArrayOf<OT::OffsetTo<OT::Layout::GPOS_impl::PosLookup::SubTable,OT::HBUINT16,void,true>,OT::HBUINT16>,unsigned int &>::operator ()'
              C:\zenith\daw\build_nosk\_deps\juce-src\modules\juce_graphics\fonts\harfbuzz\hb-algs.hh(401,53):
              see the first reference to 'OT::subset_offset_array_arg_t<OT::ArrayOf<OT::OffsetTo<OT::Layout::GPOS_impl::PosLookup::SubTable,OT::HBUINT16,void,true>,OT::HBUINT16>,unsigned int &>::operator ()' in '<unnamed-type-hb_invoke>::impl'
              C:\zenith\daw\build_nosk\_deps\juce-src\modules\juce_graphics\fonts\harfbuzz\hb-algs.hh(407,44):
              see the first reference to '<unnamed-type-hb_invoke>::impl' in '<unnamed-type-hb_invoke>::operator ()'
              C:\zenith\daw\build_nosk\_deps\juce-src\modules\juce_graphics\fonts\harfbuzz\hb-iter.hh(684,14):
              see the first reference to '<unnamed-type-hb_invoke>::operator ()' in 'hb_apply_t<OT::subset_offset_array_arg_t<OT::ArrayOf<OT::OffsetTo<OT::Layout::GPOS_impl::PosLookup::SubTable,OT::HBUINT16,void,true>,OT::HBUINT16>,unsigned int &>>::operator ()'
              C:\zenith\daw\build_nosk\_deps\juce-src\modules\juce_graphics\fonts\harfbuzz\hb-iter.hh(359,35):
              see the first reference to 'hb_apply_t<OT::subset_offset_array_arg_t<OT::ArrayOf<OT::OffsetTo<OT::Layout::GPOS_impl::PosLookup::SubTable,OT::HBUINT16,void,true>,OT::HBUINT16>,unsigned int &>>::operator ()' in 'operator |'
              C:\zenith\daw\build_nosk\_deps\juce-src\modules\juce_graphics\fonts\harfbuzz\hb-ot-layout-common.hh(1379,5):
              see the first reference to 'operator |' in 'OT::Lookup::subset'
  
C:\zenith\daw\build_nosk\_deps\juce-src\modules\juce_graphics\fonts\harfbuzz\hb-ot-layout-gsubgpos.hh(3151,27): warning C4242: 'argument': conversion from 'const V' to 'Type', possible loss of data [C:\zenith\daw\build_nosk\ZenithDAW.vcxproj]
C:\zenith\daw\build_nosk\_deps\juce-src\modules\juce_graphics\fonts\harfbuzz\hb-ot-layout-gsubgpos.hh(3151,27): warning C4242:         with [C:\zenith\daw\build_nosk\ZenithDAW.vcxproj]
C:\zenith\daw\build_nosk\_deps\juce-src\modules\juce_graphics\fonts\harfbuzz\hb-ot-layout-gsubgpos.hh(3151,27): warning C4242:         [ [C:\zenith\daw\build_nosk\ZenithDAW.vcxproj]
C:\zenith\daw\build_nosk\_deps\juce-src\modules\juce_graphics\fonts\harfbuzz\hb-ot-layout-gsubgpos.hh(3151,27): warning C4242:             V=hb_codepoint_t [C:\zenith\daw\build_nosk\ZenithDAW.vcxproj]
C:\zenith\daw\build_nosk\_deps\juce-src\modules\juce_graphics\fonts\harfbuzz\hb-ot-layout-gsubgpos.hh(3151,27): warning C4242:         ] [C:\zenith\daw\build_nosk\ZenithDAW.vcxproj]
C:\zenith\daw\build_nosk\_deps\juce-src\modules\juce_graphics\fonts\harfbuzz\hb-ot-layout-gsubgpos.hh(3151,27): warning C4242:         and [C:\zenith\daw\build_nosk\ZenithDAW.vcxproj]
C:\zenith\daw\build_nosk\_deps\juce-src\modules\juce_graphics\fonts\harfbuzz\hb-ot-layout-gsubgpos.hh(3151,27): warning C4242:         [ [C:\zenith\daw\build_nosk\ZenithDAW.vcxproj]
C:\zenith\daw\build_nosk\_deps\juce-src\modules\juce_graphics\fonts\harfbuzz\hb-ot-layout-gsubgpos.hh(3151,27): warning C4242:             Type=uint16_t [C:\zenith\daw\build_nosk\ZenithDAW.vcxproj]
C:\zenith\daw\build_nosk\_deps\juce-src\modules\juce_graphics\fonts\harfbuzz\hb-ot-layout-gsubgpos.hh(3151,27): warning C4242:         ] [C:\zenith\daw\build_nosk\ZenithDAW.vcxproj]
  (compiling source file '_deps/juce-src/modules/juce_graphics/juce_graphics_Harfbuzz.cpp')
      C:\zenith\daw\build_nosk\_deps\juce-src\modules\juce_graphics\fonts\harfbuzz\hb-ot-layout-gsubgpos.hh(3151,27):
      the template instantiation context (the oldest one first) is
          C:\zenith\daw\build_nosk\_deps\juce-src\modules\juce_graphics\fonts\harfbuzz\hb-ot-layout-gsubgpos.hh(3630,8):
          while compiling class template 'OT::ChainContextFormat2_5'
          C:\zenith\daw\build_nosk\_deps\juce-src\modules\juce_graphics\fonts\harfbuzz\hb-ot-layout-gsubgpos.hh(3666,19):
          see reference to class template instantiation 'OT::ChainRuleSet<OT::Layout::SmallTypes>' being compiled
          C:\zenith\daw\build_nosk\_deps\juce-src\modules\juce_graphics\fonts\harfbuzz\hb-ot-layout-gsubgpos.hh(3472,3):
          see reference to class template instantiation 'OT::ArrayOf<OT::OffsetTo<OT::ChainRule<Types>,OT::HBUINT16,void,true>,OT::HBUINT16>' being compiled
          with
          [
              Types=OT::Layout::SmallTypes
          ]
          C:\zenith\daw\build_nosk\_deps\juce-src\modules\juce_graphics\fonts\harfbuzz\hb-null.hh(88,50):
          see reference to class template instantiation 'OT::OffsetTo<OT::ChainRule<Types>,OT::HBUINT16,void,true>' being compiled
          with
          [
              Types=OT::Layout::SmallTypes
          ]
          C:\zenith\daw\build_nosk\_deps\juce-src\modules\juce_graphics\fonts\harfbuzz\hb-null.hh(54,52):
          see reference to class template instantiation 'OT::ChainRule<Types>' being compiled
          with
          [
              Types=OT::Layout::SmallTypes
          ]
          C:\zenith\daw\build_nosk\_deps\juce-src\modules\juce_graphics\fonts\harfbuzz\hb-ot-layout-gsubgpos.hh(3154,8):
          while compiling class template member function 'bool OT::ChainRule<Types>::serialize(hb_serialize_context_t *,const hb_map_t *,const hb_map_t *,const hb_map_t *,const hb_map_t *) const'
          with
          [
              Types=OT::Layout::SmallTypes
          ]
              C:\zenith\daw\build_nosk\_deps\juce-src\modules\juce_graphics\fonts\harfbuzz\hb-ot-layout-gsubgpos.hh(3204,17):
              see the first reference to 'OT::ChainRule<Types>::serialize' in 'OT::ChainRule<Types>::subset'
          with
          [
              Types=OT::Layout::SmallTypes
          ]
              C:\zenith\daw\build_nosk\_deps\juce-src\modules\juce_graphics\fonts\harfbuzz\hb-subset.hh(48,56):
              see the first reference to 'OT::ChainRule<Types>::subset' in 'hb_subset_context_t::_dispatch'
          with
          [
              Types=OT::Layout::SmallTypes
          ]
              C:\zenith\daw\build_nosk\_deps\juce-src\modules\juce_graphics\fonts\harfbuzz\hb-subset.hh(55,39):
              see the first reference to 'hb_subset_context_t::_dispatch' in 'hb_subset_context_t::dispatch'
              C:\zenith\daw\build_nosk\_deps\juce-src\modules\juce_graphics\fonts\harfbuzz\hb-open-type.hh(363,19):
              see the first reference to 'hb_subset_context_t::dispatch' in 'OT::OffsetTo<OT::ChainRule<Types>,OT::HBUINT16,void,true>::serialize_subset'
          with
          [
              Types=OT::Layout::SmallTypes
          ]
              C:\zenith\daw\build_nosk\_deps\juce-src\modules\juce_graphics\fonts\harfbuzz\hb-ot-layout-gsubgpos.hh(3447,7):
              see the first reference to 'OT::OffsetTo<OT::ChainRule<Types>,OT::HBUINT16,void,true>::serialize_subset' in 'OT::ChainRuleSet<OT::Layout::SmallTypes>::subset'
          with
          [
              Types=OT::Layout::SmallTypes
          ]
              C:\zenith\daw\build_nosk\_deps\juce-src\modules\juce_graphics\fonts\harfbuzz\hb-subset.hh(48,56):
              see the first reference to 'OT::ChainRuleSet<OT::Layout::SmallTypes>::subset' in 'hb_subset_context_t::_dispatch'
              C:\zenith\daw\build_nosk\_deps\juce-src\modules\juce_graphics\fonts\harfbuzz\hb-subset.hh(55,39):
              see the first reference to 'hb_subset_context_t::_dispatch' in 'hb_subset_context_t::dispatch'
              C:\zenith\daw\build_nosk\_deps\juce-src\modules\juce_graphics\fonts\harfbuzz\hb-open-type.hh(363,19):
              see the first reference to 'hb_subset_context_t::dispatch' in 'OT::OffsetTo<OT::ChainRuleSet<OT::Layout::SmallTypes>,OT::HBUINT16,void,true>::serialize_subset'
              C:\zenith\daw\build_nosk\_deps\juce-src\modules\juce_graphics\fonts\harfbuzz\hb-ot-layout-gsubgpos.hh(3886,7):
              see the first reference to 'OT::OffsetTo<OT::ChainRuleSet<OT::Layout::SmallTypes>,OT::HBUINT16,void,true>::serialize_subset' in 'OT::ChainContextFormat2_5<OT::Layout::SmallTypes>::subset'
              C:\zenith\daw\build_nosk\_deps\juce-src\modules\juce_graphics\fonts\harfbuzz\hb-subset.hh(48,56):
              see the first reference to 'OT::ChainContextFormat2_5<OT::Layout::SmallTypes>::subset' in 'hb_subset_context_t::_dispatch'
              C:\zenith\daw\build_nosk\_deps\juce-src\modules\juce_graphics\fonts\harfbuzz\hb-subset.hh(55,39):
              see the first reference to 'hb_subset_context_t::_dispatch' in 'hb_subset_context_t::dispatch'
              C:\zenith\daw\build_nosk\_deps\juce-src\modules\juce_graphics\fonts\harfbuzz\hb-ot-layout-gsubgpos.hh(4171,13):
              see the first reference to 'hb_subset_context_t::dispatch' in 'OT::ChainContext::dispatch'
              C:\zenith\daw\build_nosk\_deps\juce-src\modules\juce_graphics\fonts\harfbuzz\OT\Layout\GPOS\PosLookupSubTable.hh(47,33):
              see the first reference to 'OT::ChainContext::dispatch' in 'OT::Layout::GPOS_impl::PosLookupSubTable::dispatch'
              C:\zenith\daw\build_nosk\_deps\juce-src\modules\juce_graphics\fonts\harfbuzz\hb-subset.hh(51,56):
              see the first reference to 'OT::Layout::GPOS_impl::PosLookupSubTable::dispatch' in 'hb_subset_context_t::_dispatch'
              C:\zenith\daw\build_nosk\_deps\juce-src\modules\juce_graphics\fonts\harfbuzz\hb-subset.hh(55,39):
              see the first reference to 'hb_subset_context_t::_dispatch' in 'hb_subset_context_t::dispatch'
              C:\zenith\daw\build_nosk\_deps\juce-src\modules\juce_graphics\fonts\harfbuzz\hb-open-type.hh(363,19):
              see the first reference to 'hb_subset_context_t::dispatch' in 'OT::OffsetTo<OT::Layout::GPOS_impl::PosLookup::SubTable,OT::HBUINT16,void,true>::serialize_subset'
              C:\zenith\daw\build_nosk\_deps\juce-src\modules\juce_graphics\fonts\harfbuzz\hb-ot-layout-common.hh(256,14):
              see the first reference to 'OT::OffsetTo<OT::Layout::GPOS_impl::PosLookup::SubTable,OT::HBUINT16,void,true>::serialize_subset' in 'OT::subset_offset_array_arg_t<OT::ArrayOf<OT::OffsetTo<OT::Layout::GPOS_impl::PosLookup::SubTable,OT::HBUINT16,void,true>,OT::HBUINT16>,unsigned int &>::operator ()'
              C:\zenith\daw\build_nosk\_deps\juce-src\modules\juce_graphics\fonts\harfbuzz\hb-algs.hh(401,53):
              see the first reference to 'OT::subset_offset_array_arg_t<OT::ArrayOf<OT::OffsetTo<OT::Layout::GPOS_impl::PosLookup::SubTable,OT::HBUINT16,void,true>,OT::HBUINT16>,unsigned int &>::operator ()' in '<unnamed-type-hb_invoke>::impl'
              C:\zenith\daw\build_nosk\_deps\juce-src\modules\juce_graphics\fonts\harfbuzz\hb-algs.hh(407,44):
              see the first reference to '<unnamed-type-hb_invoke>::impl' in '<unnamed-type-hb_invoke>::operator ()'
              C:\zenith\daw\build_nosk\_deps\juce-src\modules\juce_graphics\fonts\harfbuzz\hb-iter.hh(684,14):
              see the first reference to '<unnamed-type-hb_invoke>::operator ()' in 'hb_apply_t<OT::subset_offset_array_arg_t<OT::ArrayOf<OT::OffsetTo<OT::Layout::GPOS_impl::PosLookup::SubTable,OT::HBUINT16,void,true>,OT::HBUINT16>,unsigned int &>>::operator ()'
              C:\zenith\daw\build_nosk\_deps\juce-src\modules\juce_graphics\fonts\harfbuzz\hb-iter.hh(359,35):
              see the first reference to 'hb_apply_t<OT::subset_offset_array_arg_t<OT::ArrayOf<OT::OffsetTo<OT::Layout::GPOS_impl::PosLookup::SubTable,OT::HBUINT16,void,true>,OT::HBUINT16>,unsigned int &>>::operator ()' in 'operator |'
              C:\zenith\daw\build_nosk\_deps\juce-src\modules\juce_graphics\fonts\harfbuzz\hb-ot-layout-common.hh(1379,5):
              see the first reference to 'operator |' in 'OT::Lookup::subset'
          C:\zenith\daw\build_nosk\_deps\juce-src\modules\juce_graphics\fonts\harfbuzz\hb-ot-layout-gsubgpos.hh(3163,5):
          see reference to function template instantiation 'void OT::ChainRule<Types>::serialize_array<hb_map_iter_t<_Ty,Proj,hb_function_sortedness_t::NOT_SORTED,0x0>,0x0>(hb_serialize_context_t *,OT::HBUINT16,Iterator) const' being compiled
          with
          [
              Types=OT::Layout::SmallTypes,
              _Ty=hb_array_t<const OT::HBUINT16>,
              Proj=const hb_map_t *&,
              Iterator=hb_map_iter_t<hb_array_t<const OT::HBUINT16>,const hb_map_t *&,hb_function_sortedness_t::NOT_SORTED,0x0>
          ]
  
C:\zenith\daw\build_nosk\_deps\juce-src\modules\juce_graphics\fonts\harfbuzz\hb-open-type.hh(864,19): warning C4242: 'argument': conversion from 'const V' to 'uint16_t', possible loss of data [C:\zenith\daw\build_nosk\ZenithDAW.vcxproj]
C:\zenith\daw\build_nosk\_deps\juce-src\modules\juce_graphics\fonts\harfbuzz\hb-open-type.hh(864,19): warning C4242:         with [C:\zenith\daw\build_nosk\ZenithDAW.vcxproj]
C:\zenith\daw\build_nosk\_deps\juce-src\modules\juce_graphics\fonts\harfbuzz\hb-open-type.hh(864,19): warning C4242:         [ [C:\zenith\daw\build_nosk\ZenithDAW.vcxproj]
C:\zenith\daw\build_nosk\_deps\juce-src\modules\juce_graphics\fonts\harfbuzz\hb-open-type.hh(864,19): warning C4242:             V=hb_codepoint_t [C:\zenith\daw\build_nosk\ZenithDAW.vcxproj]
C:\zenith\daw\build_nosk\_deps\juce-src\modules\juce_graphics\fonts\harfbuzz\hb-open-type.hh(864,19): warning C4242:         ] [C:\zenith\daw\build_nosk\ZenithDAW.vcxproj]
  (compiling source file '_deps/juce-src/modules/juce_graphics/juce_graphics_Harfbuzz.cpp')
      C:\zenith\daw\build_nosk\_deps\juce-src\modules\juce_graphics\fonts\harfbuzz\hb-open-type.hh(864,19):
      the template instantiation context (the oldest one first) is
          C:\zenith\daw\build_nosk\_deps\juce-src\modules\juce_graphics\fonts\harfbuzz\OT\Layout\GSUB\Ligature.hh(180,5):
          see reference to function template instantiation 'bool OT::Layout::GSUB_impl::Ligature<Types>::serialize<hb_map_iter_t<_Ty,Proj,hb_function_sortedness_t::NOT_SORTED,0x0>,0x0>(hb_serialize_context_t *,hb_codepoint_t,Iterator)' being compiled
          with
          [
              Types=OT::Layout::SmallTypes,
              _Ty=hb_array_t<const OT::Layout::SmallTypes::HBGlyphID>,
              Proj=const hb_map_t &,
              Iterator=hb_map_iter_t<hb_array_t<const OT::Layout::SmallTypes::HBGlyphID>,const hb_map_t &,hb_function_sortedness_t::NOT_SORTED,0x0>
          ]
          C:\zenith\daw\build_nosk\_deps\juce-src\modules\juce_graphics\fonts\harfbuzz\OT\Layout\GSUB\Ligature.hh(160,9):
          see reference to function template instantiation 'bool OT::HeadlessArrayOf<OT::Layout::SmallTypes::HBGlyphID,OT::HBUINT16>::serialize<Iterator,0x0>(hb_serialize_context_t *,Iterator)' being compiled
          with
          [
              Iterator=hb_map_iter_t<hb_array_t<const OT::Layout::SmallTypes::HBGlyphID>,const hb_map_t &,hb_function_sortedness_t::NOT_SORTED,0x0>
          ]
  
  juce_gui_basics.cpp
C:\zenith\daw\build_nosk\_deps\juce-src\modules\juce_gui_basics\juce_gui_basics.cpp(61): warning : This version of JUCE does not use the splash screen, the flag JUCE_DISPLAY_SPLASH_SCREEN is ignored [C:\zenith\daw\build_nosk\ZenithDAW.vcxproj]
  juce_gui_extra.cpp
  juce_opengl.cpp
